Archive member included because of file (symbol)

c:/altera/12.1sp1/nios2eds/bin/gnu/h-i686-mingw32/bin/../lib/gcc/nios2-elf/4.1.2\libgcc.a(lib2-divmod.o)
                              obj/default/i2c_opencores.o (__udivsi3)
c:/altera/12.1sp1/nios2eds/bin/gnu/h-i686-mingw32/bin/../lib/gcc/nios2-elf/4.1.2/../../../../nios2-elf/lib\libc.a(lib_a-printf.o)
                              obj/default/i2c_opencores.o (printf)
c:/altera/12.1sp1/nios2eds/bin/gnu/h-i686-mingw32/bin/../lib/gcc/nios2-elf/4.1.2/../../../../nios2-elf/lib\libc.a(lib_a-puts.o)
                              obj/default/i2c_opencores.o (puts)
c:/altera/12.1sp1/nios2eds/bin/gnu/h-i686-mingw32/bin/../lib/gcc/nios2-elf/4.1.2/../../../../nios2-elf/lib\libc.a(lib_a-strlen.o)
                              c:/altera/12.1sp1/nios2eds/bin/gnu/h-i686-mingw32/bin/../lib/gcc/nios2-elf/4.1.2/../../../../nios2-elf/lib\libc.a(lib_a-puts.o) (strlen)
c:/altera/12.1sp1/nios2eds/bin/gnu/h-i686-mingw32/bin/../lib/gcc/nios2-elf/4.1.2/../../../../nios2-elf/lib\libc.a(lib_a-vfprintf.o)
                              c:/altera/12.1sp1/nios2eds/bin/gnu/h-i686-mingw32/bin/../lib/gcc/nios2-elf/4.1.2/../../../../nios2-elf/lib\libc.a(lib_a-printf.o) (___vfprintf_internal_r)
c:/altera/12.1sp1/nios2eds/bin/gnu/h-i686-mingw32/bin/../lib/gcc/nios2-elf/4.1.2/../../../../nios2-elf/lib\libc.a(lib_a-wsetup.o)
                              c:/altera/12.1sp1/nios2eds/bin/gnu/h-i686-mingw32/bin/../lib/gcc/nios2-elf/4.1.2/../../../../nios2-elf/lib\libc.a(lib_a-vfprintf.o) (__swsetup_r)
c:/altera/12.1sp1/nios2eds/bin/gnu/h-i686-mingw32/bin/../lib/gcc/nios2-elf/4.1.2/../../../../nios2-elf/lib\libc.a(lib_a-dtoa.o)
                              c:/altera/12.1sp1/nios2eds/bin/gnu/h-i686-mingw32/bin/../lib/gcc/nios2-elf/4.1.2/../../../../nios2-elf/lib\libc.a(lib_a-vfprintf.o) (_dtoa_r)
c:/altera/12.1sp1/nios2eds/bin/gnu/h-i686-mingw32/bin/../lib/gcc/nios2-elf/4.1.2/../../../../nios2-elf/lib\libc.a(lib_a-fflush.o)
                              c:/altera/12.1sp1/nios2eds/bin/gnu/h-i686-mingw32/bin/../lib/gcc/nios2-elf/4.1.2/../../../../nios2-elf/lib\libc.a(lib_a-vfprintf.o) (_fflush_r)
c:/altera/12.1sp1/nios2eds/bin/gnu/h-i686-mingw32/bin/../lib/gcc/nios2-elf/4.1.2/../../../../nios2-elf/lib\libc.a(lib_a-findfp.o)
                              c:/altera/12.1sp1/nios2eds/bin/gnu/h-i686-mingw32/bin/../lib/gcc/nios2-elf/4.1.2/../../../../nios2-elf/lib\libc.a(lib_a-vfprintf.o) (__sinit)
c:/altera/12.1sp1/nios2eds/bin/gnu/h-i686-mingw32/bin/../lib/gcc/nios2-elf/4.1.2/../../../../nios2-elf/lib\libc.a(lib_a-freer.o)
                              c:/altera/12.1sp1/nios2eds/bin/gnu/h-i686-mingw32/bin/../lib/gcc/nios2-elf/4.1.2/../../../../nios2-elf/lib\libc.a(lib_a-wsetup.o) (_free_r)
c:/altera/12.1sp1/nios2eds/bin/gnu/h-i686-mingw32/bin/../lib/gcc/nios2-elf/4.1.2/../../../../nios2-elf/lib\libc.a(lib_a-fvwrite.o)
                              c:/altera/12.1sp1/nios2eds/bin/gnu/h-i686-mingw32/bin/../lib/gcc/nios2-elf/4.1.2/../../../../nios2-elf/lib\libc.a(lib_a-puts.o) (__sfvwrite_r)
c:/altera/12.1sp1/nios2eds/bin/gnu/h-i686-mingw32/bin/../lib/gcc/nios2-elf/4.1.2/../../../../nios2-elf/lib\libc.a(lib_a-fwalk.o)
                              c:/altera/12.1sp1/nios2eds/bin/gnu/h-i686-mingw32/bin/../lib/gcc/nios2-elf/4.1.2/../../../../nios2-elf/lib\libc.a(lib_a-fflush.o) (_fwalk_reent)
c:/altera/12.1sp1/nios2eds/bin/gnu/h-i686-mingw32/bin/../lib/gcc/nios2-elf/4.1.2/../../../../nios2-elf/lib\libc.a(lib_a-impure.o)
                              c:/altera/12.1sp1/nios2eds/bin/gnu/h-i686-mingw32/bin/../lib/gcc/nios2-elf/4.1.2/../../../../nios2-elf/lib\libc.a(lib_a-printf.o) (_impure_ptr)
c:/altera/12.1sp1/nios2eds/bin/gnu/h-i686-mingw32/bin/../lib/gcc/nios2-elf/4.1.2/../../../../nios2-elf/lib\libc.a(lib_a-locale.o)
                              c:/altera/12.1sp1/nios2eds/bin/gnu/h-i686-mingw32/bin/../lib/gcc/nios2-elf/4.1.2/../../../../nios2-elf/lib\libc.a(lib_a-vfprintf.o) (_localeconv_r)
c:/altera/12.1sp1/nios2eds/bin/gnu/h-i686-mingw32/bin/../lib/gcc/nios2-elf/4.1.2/../../../../nios2-elf/lib\libc.a(lib_a-makebuf.o)
                              c:/altera/12.1sp1/nios2eds/bin/gnu/h-i686-mingw32/bin/../lib/gcc/nios2-elf/4.1.2/../../../../nios2-elf/lib\libc.a(lib_a-wsetup.o) (__smakebuf_r)
c:/altera/12.1sp1/nios2eds/bin/gnu/h-i686-mingw32/bin/../lib/gcc/nios2-elf/4.1.2/../../../../nios2-elf/lib\libc.a(lib_a-mallocr.o)
                              c:/altera/12.1sp1/nios2eds/bin/gnu/h-i686-mingw32/bin/../lib/gcc/nios2-elf/4.1.2/../../../../nios2-elf/lib\libc.a(lib_a-findfp.o) (_malloc_r)
c:/altera/12.1sp1/nios2eds/bin/gnu/h-i686-mingw32/bin/../lib/gcc/nios2-elf/4.1.2/../../../../nios2-elf/lib\libc.a(lib_a-memchr.o)
                              c:/altera/12.1sp1/nios2eds/bin/gnu/h-i686-mingw32/bin/../lib/gcc/nios2-elf/4.1.2/../../../../nios2-elf/lib\libc.a(lib_a-vfprintf.o) (memchr)
c:/altera/12.1sp1/nios2eds/bin/gnu/h-i686-mingw32/bin/../lib/gcc/nios2-elf/4.1.2/../../../../nios2-elf/lib\libc.a(lib_a-memcpy.o)
[...]
Memory Configuration

Name             Origin             Length             Attributes
reset            0x02000000         0x00000020
sdram            0x02000020         0x01ffffe0
epcs_flash_controller 0x04000800         0x00000800
*default*        0x00000000         0xffffffff

Linker script and memory map

LOAD ../i2c_test_bsp//obj/HAL/src/crt0.o
LOAD obj/default/i2c_opencores.o
LOAD obj/default/i2c_test.o
LOAD c:/altera/12.1sp1/nios2eds/bin/gnu/h-i686-mingw32/bin/../lib/gcc/nios2-elf/4.1.2/../../../../nios2-elf/lib\libstdc++.a
LOAD c:/altera/12.1sp1/nios2eds/bin/gnu/h-i686-mingw32/bin/../lib/gcc/nios2-elf/4.1.2/../../../../nios2-elf/lib\libm.a
LOAD c:/altera/12.1sp1/nios2eds/bin/gnu/h-i686-mingw32/bin/../lib/gcc/nios2-elf/4.1.2\libgcc.a
START GROUP
LOAD c:/altera/12.1sp1/nios2eds/bin/gnu/h-i686-mingw32/bin/../lib/gcc/nios2-elf/4.1.2/../../../../nios2-elf/lib\libc.a
LOAD c:/altera/12.1sp1/nios2eds/bin/gnu/h-i686-mingw32/bin/../lib/gcc/nios2-elf/4.1.2\libgcc.a
LOAD ../i2c_test_bsp/\libucosii_bsp.a
END GROUP
LOAD c:/altera/12.1sp1/nios2eds/bin/gnu/h-i686-mingw32/bin/../lib/gcc/nios2-elf/4.1.2\libgcc.a
                0x02000000                __alt_mem_sdram = 0x2000000
                0x04000800                __alt_mem_epcs_flash_controller = 0x4000800

.entry          0x02000000       0x20
 *(.entry)
 .entry         0x02000000       0x20 ../i2c_test_bsp//obj/HAL/src/crt0.o
                0x02000000                __reset

.exceptions     0x02000020      0x19c
                0x02000020                PROVIDE (__ram_exceptions_start, ABSOLUTE (.))
                0x02000020                . = ALIGN (0x20)
 *(.irq)
 *(.exceptions.entry.label)
 .exceptions.entry.label
                0x02000020        0x0 ../i2c_test_bsp/\libucosii_bsp.a(alt_irq_entry.o)
                0x02000020                alt_irq_entry
 .exceptions.entry.label
                0x02000020        0x0 ../i2c_test_bsp/\libucosii_bsp.a(alt_exception_entry.o)
                0x02000020                alt_exception
 *(.exceptions.entry.user)
 *(.exceptions.entry)
 .exceptions.entry
                0x02000020       0x54 ../i2c_test_bsp/\libucosii_bsp.a(alt_exception_entry.o)
 *(.exceptions.irqtest.user)
 *(.exceptions.irqtest)
 .exceptions.irqtest
                0x02000074       0x10 ../i2c_test_bsp/\libucosii_bsp.a(alt_irq_entry.o)
 *(.exceptions.irqhandler.user)
 *(.exceptions.irqhandler)
 .exceptions.irqhandler
                0x02000084        0x4 ../i2c_test_bsp/\libucosii_bsp.a(alt_irq_entry.o)
 *(.exceptions.irqreturn.user)
 *(.exceptions.irqreturn)
 .exceptions.irqreturn
                0x02000088        0x4 ../i2c_test_bsp/\libucosii_bsp.a(alt_irq_entry.o)
 *(.exceptions.notirq.label)
 .exceptions.notirq.label
                0x0200008c        0x0 ../i2c_test_bsp/\libucosii_bsp.a(alt_irq_entry.o)
 *(.exceptions.notirq.user)
 *(.exceptions.notirq)
 .exceptions.notirq
                0x0200008c        0x8 ../i2c_test_bsp/\libucosii_bsp.a(alt_exception_entry.o)
 *(.exceptions.soft.user)
 *(.exceptions.soft)
 *(.exceptions.unknown.user)
 *(.exceptions.unknown)
 .exceptions.unknown
                0x02000094        0x4 ../i2c_test_bsp/\libucosii_bsp.a(alt_exception_entry.o)
 *(.exceptions.exit.label)
 .exceptions.exit.label
                0x02000098        0x0 ../i2c_test_bsp/\libucosii_bsp.a(alt_irq_entry.o)
 .exceptions.exit.label
                0x02000098        0x0 ../i2c_test_bsp/\libucosii_bsp.a(alt_exception_entry.o)
 *(.exceptions.exit.user)
 *(.exceptions.exit)
 .exceptions.exit
                0x02000098       0x54 ../i2c_test_bsp/\libucosii_bsp.a(alt_exception_entry.o)
 *(.exceptions)
 .exceptions    0x020000ec       0xd0 ../i2c_test_bsp/\libucosii_bsp.a(alt_irq_handler.o)
                0x020000ec                alt_irq_handler
                0x020001bc                PROVIDE (__ram_exceptions_end, ABSOLUTE (.))
                0x02000020                PROVIDE (__flash_exceptions_start, LOADADDR (.exceptions))

.text           0x020001bc    0x16850
                0x020001bc                PROVIDE (stext, ABSOLUTE (.))
 *(.interp)
 *(.hash)
 *(.dynsym)
 *(.dynstr)
 *(.gnu.version)
 *(.gnu.version_d)
 *(.gnu.version_r)
 *(.rel.init)
 *(.rela.init)
 *(.rel.text .rel.text.* .rel.gnu.linkonce.t.*)
 *(.rela.text .rela.text.* .rela.gnu.linkonce.t.*)
 *(.rel.fini)
 *(.rela.fini)
 *(.rel.rodata .rel.rodata.* .rel.gnu.linkonce.r.*)
 *(.rela.rodata .rela.rodata.* .rela.gnu.linkonce.r.*)
 *(.rel.data .rel.data.* .rel.gnu.linkonce.d.*)
 *(.rela.data .rela.data.* .rela.gnu.linkonce.d.*)
 *(.rel.tdata .rel.tdata.* .rel.gnu.linkonce.td.*)
 *(.rela.tdata .rela.tdata.* .rela.gnu.linkonce.td.*)
 *(.rel.tbss .rel.tbss.* .rel.gnu.linkonce.tb.*)
 *(.rela.tbss .rela.tbss.* .rela.gnu.linkonce.tb.*)
 *(.rel.ctors)
 *(.rela.ctors)
 *(.rel.dtors)
 *(.rela.dtors)
 *(.rel.got)
 *(.rela.got)
 *(.rel.sdata .rel.sdata.* .rel.gnu.linkonce.s.*)
 *(.rela.sdata .rela.sdata.* .rela.gnu.linkonce.s.*)
 *(.rel.sbss .rel.sbss.* .rel.gnu.linkonce.sb.*)
 *(.rela.sbss .rela.sbss.* .rela.gnu.linkonce.sb.*)
 *(.rel.sdata2 .rel.sdata2.* .rel.gnu.linkonce.s2.*)
 *(.rela.sdata2 .rela.sdata2.* .rela.gnu.linkonce.s2.*)
 *(.rel.sbss2 .rel.sbss2.* .rel.gnu.linkonce.sb2.*)
 *(.rela.sbss2 .rela.sbss2.* .rela.gnu.linkonce.sb2.*)
 *(.rel.bss .rel.bss.* .rel.gnu.linkonce.b.*)
 *(.rela.bss .rela.bss.* .rela.gnu.linkonce.b.*)
 *(.rel.plt)
 *(.rela.plt)
 *(.rel.dyn)
 *(.init)
 *(.plt)
 *(.text .stub .text.* .gnu.linkonce.t.*)
 .text          0x020001bc       0x4c ../i2c_test_bsp//obj/HAL/src/crt0.o
                0x020001bc                _start
 .text          0x02000208      0x338 obj/default/i2c_opencores.o
                0x02000208                I2C_init
                0x020002d4                I2C_start
                0x020003b8                I2C_read
                0x02000454                I2C_write
 .text          0x02000540      0x174 obj/default/i2c_test.o
                0x02000540                main
                0x020005ac                task1(void*)
 .text          0x020006b4      0x14c c:/altera/12.1sp1/nios2eds/bin/gnu/h-i686-mingw32/bin/../lib/gcc/nios2-elf/4.1.2\libgcc.a(lib2-divmod.o)
                0x02000730                __divsi3
                0x02000790                __modsi3
                0x020007f0                __udivsi3
                0x020007f8                __umodsi3
 .text          0x02000800       0x78 c:/altera/12.1sp1/nios2eds/bin/gnu/h-i686-mingw32/bin/../lib/gcc/nios2-elf/4.1.2/../../../../nios2-elf/lib\libc.a(lib_a-printf.o)
                0x02000800                printf
                0x02000844                _printf_r
 .text          0x02000878       0xb4 c:/altera/12.1sp1/nios2eds/bin/gnu/h-i686-mingw32/bin/../lib/gcc/nios2-elf/4.1.2/../../../../nios2-elf/lib\libc.a(lib_a-puts.o)
                0x02000878                _puts_r
                0x02000918                puts
 .text          0x0200092c       0x74 c:/altera/12.1sp1/nios2eds/bin/gnu/h-i686-mingw32/bin/../lib/gcc/nios2-elf/4.1.2/../../../../nios2-elf/lib\libc.a(lib_a-strlen.o)
                0x0200092c                strlen
 .text          0x020009a0     0x1f28 c:/altera/12.1sp1/nios2eds/bin/gnu/h-i686-mingw32/bin/../lib/gcc/nios2-elf/4.1.2/../../../../nios2-elf/lib\libc.a(lib_a-vfprintf.o)
                0x020009f8                ___vfprintf_internal_r
                0x020028a4                __vfprintf_internal
 .text          0x020028c8      0x13c c:/altera/12.1sp1/nios2eds/bin/gnu/h-i686-mingw32/bin/../lib/gcc/nios2-elf/4.1.2/../../../../nios2-elf/lib\libc.a(lib_a-wsetup.o)
                0x020028c8                __swsetup_r
 .text          0x02002a04     0x17cc c:/altera/12.1sp1/nios2eds/bin/gnu/h-i686-mingw32/bin/../lib/gcc/nios2-elf/4.1.2/../../../../nios2-elf/lib\libc.a(lib_a-dtoa.o)
                0x02002c1c                _dtoa_r
 .text          0x020041d0      0x230 c:/altera/12.1sp1/nios2eds/bin/gnu/h-i686-mingw32/bin/../lib/gcc/nios2-elf/4.1.2/../../../../nios2-elf/lib\libc.a(lib_a-fflush.o)
                0x020041d0                _fflush_r
                0x020043cc                fflush
 .text          0x02004400      0x2c0 c:/altera/12.1sp1/nios2eds/bin/gnu/h-i686-mingw32/bin/../lib/gcc/nios2-elf/4.1.2/../../../../nios2-elf/lib\libc.a(lib_a-findfp.o)
                0x02004458                __sfp_lock_acquire
                0x0200445c                __sfp_lock_release
                0x02004460                __sinit_lock_acquire
                0x02004464                __sinit_lock_release
                0x02004468                __sinit
                0x0200451c                __fp_unlock_all
                0x02004534                __fp_lock_all
                0x0200454c                _cleanup_r
                0x02004558                _cleanup
                0x02004568                __sfmoreglue
                0x020045d0                __sfp
 .text          0x020046c0      0x440 c:/altera/12.1sp1/nios2eds/bin/gnu/h-i686-mingw32/bin/../lib/gcc/nios2-elf/4.1.2/../../../../nios2-elf/lib\libc.a(lib_a-freer.o)
                0x020046c0                _malloc_trim_r
                0x020047ec                _free_r
 .text          0x02004b00      0x49c c:/altera/12.1sp1/nios2eds/bin/gnu/h-i686-mingw32/bin/../lib/gcc/nios2-elf/4.1.2/../../../../nios2-elf/lib\libc.a(lib_a-fvwrite.o)
                0x02004b00                __sfvwrite_r
 .text          0x02004f9c      0x180 c:/altera/12.1sp1/nios2eds/bin/gnu/h-i686-mingw32/bin/../lib/gcc/nios2-elf/4.1.2/../../../../nios2-elf/lib\libc.a(lib_a-fwalk.o)
                0x02004f9c                _fwalk_reent
                0x02005064                _fwalk
 .text          0x0200511c        0x0 c:/altera/12.1sp1/nios2eds/bin/gnu/h-i686-mingw32/bin/../lib/gcc/nios2-elf/4.1.2/../../../../nios2-elf/lib\libc.a(lib_a-impure.o)
 .text          0x0200511c       0xc4 c:/altera/12.1sp1/nios2eds/bin/gnu/h-i686-mingw32/bin/../lib/gcc/nios2-elf/4.1.2/../../../../nios2-elf/lib\libc.a(lib_a-locale.o)
                0x0200511c                __locale_charset
                0x02005124                _localeconv_r
                0x02005130                localeconv
                0x02005140                _setlocale_r
                0x020051c4                setlocale
 .text          0x020051e0      0x194 c:/altera/12.1sp1/nios2eds/bin/gnu/h-i686-mingw32/bin/../lib/gcc/nios2-elf/4.1.2/../../../../nios2-elf/lib\libc.a(lib_a-makebuf.o)
                0x020051e0                __smakebuf_r
 .text          0x02005374      0x740 c:/altera/12.1sp1/nios2eds/bin/gnu/h-i686-mingw32/bin/../lib/gcc/nios2-elf/4.1.2/../../../../nios2-elf/lib\libc.a(lib_a-mallocr.o)
                0x02005374                _malloc_r
 .text          0x02005ab4       0xe4 c:/altera/12.1sp1/nios2eds/bin/gnu/h-i686-mingw32/bin/../lib/gcc/nios2-elf/4.1.2/../../../../nios2-elf/lib\libc.a(lib_a-memchr.o)
                0x02005ab4                memchr
 .text          0x02005b98       0xa0 c:/altera/12.1sp1/nios2eds/bin/gnu/h-i686-mingw32/bin/../lib/gcc/nios2-elf/4.1.2/../../../../nios2-elf/lib\libc.a(lib_a-memcpy.o)
                0x02005b98                memcpy
 .text          0x02005c38       0xe0 c:/altera/12.1sp1/nios2eds/bin/gnu/h-i686-mingw32/bin/../lib/gcc/nios2-elf/4.1.2/../../../../nios2-elf/lib\libc.a(lib_a-memmove.o)
                0x02005c38                memmove
 .text          0x02005d18       0x98 c:/altera/12.1sp1/nios2eds/bin/gnu/h-i686-mingw32/bin/../lib/gcc/nios2-elf/4.1.2/../../../../nios2-elf/lib\libc.a(lib_a-memset.o)
                0x02005d18                memset
 .text          0x02005db0      0xff4 c:/altera/12.1sp1/nios2eds/bin/gnu/h-i686-mingw32/bin/../lib/gcc/nios2-elf/4.1.2/../../../../nios2-elf/lib\libc.a(lib_a-mprec.o)
                0x02005db0                _Bfree
                0x02005dd8                __hi0bits
                0x02005e48                __lo0bits
                0x02005f0c                __mcmp
                0x02005f6c                __ulp
                0x02005fec                __b2d
                0x0200610c                __ratio
                0x020061bc                _mprec_log10
                0x02006250                __copybits
                0x020062a8                __any_on
                0x02006330                _Balloc
                0x020063ec                __d2b
                0x02006568                __mdiff
                0x020066f4                __lshift
                0x02006840                __multiply
                0x02006a28                __i2b
                0x02006a64                __multadd
                0x02006b64                __pow5mult
                0x02006c84                __s2b
 .text          0x02006da4      0x5f4 c:/altera/12.1sp1/nios2eds/bin/gnu/h-i686-mingw32/bin/../lib/gcc/nios2-elf/4.1.2/../../../../nios2-elf/lib\libc.a(lib_a-reallocr.o)
                0x02006da4                _realloc_r
 .text          0x02007398       0x40 c:/altera/12.1sp1/nios2eds/bin/gnu/h-i686-mingw32/bin/../lib/gcc/nios2-elf/4.1.2/../../../../nios2-elf/lib\libc.a(lib_a-s_isinfd.o)
                0x02007398                __isinfd
 .text          0x020073d8       0x30 c:/altera/12.1sp1/nios2eds/bin/gnu/h-i686-mingw32/bin/../lib/gcc/nios2-elf/4.1.2/../../../../nios2-elf/lib\libc.a(lib_a-s_isnand.o)
                0x020073d8                __isnand
 .text          0x02007408       0x70 c:/altera/12.1sp1/nios2eds/bin/gnu/h-i686-mingw32/bin/../lib/gcc/nios2-elf/4.1.2/../../../../nios2-elf/lib\libc.a(lib_a-sbrkr.o)
                0x02007408                _sbrk_r
 .text          0x02007478      0x14c c:/altera/12.1sp1/nios2eds/bin/gnu/h-i686-mingw32/bin/../lib/gcc/nios2-elf/4.1.2/../../../../nios2-elf/lib\libc.a(lib_a-stdio.o)
                0x02007478                __sclose
                0x02007480                __sseek
                0x020074e8                __swrite
                0x02007564                __sread
 .text          0x020075c4       0xbc c:/altera/12.1sp1/nios2eds/bin/gnu/h-i686-mingw32/bin/../lib/gcc/nios2-elf/4.1.2/../../../../nios2-elf/lib\libc.a(lib_a-strcmp.o)
                0x020075c4                strcmp
 .text          0x02007680       0x78 c:/altera/12.1sp1/nios2eds/bin/gnu/h-i686-mingw32/bin/../lib/gcc/nios2-elf/4.1.2/../../../../nios2-elf/lib\libc.a(lib_a-writer.o)
                0x02007680                _write_r
 .text          0x020076f8       0xb4 c:/altera/12.1sp1/nios2eds/bin/gnu/h-i686-mingw32/bin/../lib/gcc/nios2-elf/4.1.2/../../../../nios2-elf/lib\libc.a(lib_a-callocr.o)
                0x020076f8                _calloc_r
 .text          0x020077ac       0x70 c:/altera/12.1sp1/nios2eds/bin/gnu/h-i686-mingw32/bin/../lib/gcc/nios2-elf/4.1.2/../../../../nios2-elf/lib\libc.a(lib_a-closer.o)
                0x020077ac                _close_r
 .text          0x0200781c      0x124 c:/altera/12.1sp1/nios2eds/bin/gnu/h-i686-mingw32/bin/../lib/gcc/nios2-elf/4.1.2/../../../../nios2-elf/lib\libc.a(lib_a-fclose.o)
                0x0200781c                _fclose_r
                0x0200792c                fclose
 .text          0x02007940       0x74 c:/altera/12.1sp1/nios2eds/bin/gnu/h-i686-mingw32/bin/../lib/gcc/nios2-elf/4.1.2/../../../../nios2-elf/lib\libc.a(lib_a-fstatr.o)
                0x02007940                _fstat_r
 .text          0x020079b4        0x0 c:/altera/12.1sp1/nios2eds/bin/gnu/h-i686-mingw32/bin/../lib/gcc/nios2-elf/4.1.2/../../../../nios2-elf/lib\libc.a(lib_a-int_errno.o)
 .text          0x020079b4       0x70 c:/altera/12.1sp1/nios2eds/bin/gnu/h-i686-mingw32/bin/../lib/gcc/nios2-elf/4.1.2/../../../../nios2-elf/lib\libc.a(lib_a-isattyr.o)
                0x020079b4                _isatty_r
 .text          0x02007a24       0x78 c:/altera/12.1sp1/nios2eds/bin/gnu/h-i686-mingw32/bin/../lib/gcc/nios2-elf/4.1.2/../../../../nios2-elf/lib\libc.a(lib_a-lseekr.o)
                0x02007a24                _lseek_r
 .text          0x02007a9c       0x78 c:/altera/12.1sp1/nios2eds/bin/gnu/h-i686-mingw32/bin/../lib/gcc/nios2-elf/4.1.2/../../../../nios2-elf/lib\libc.a(lib_a-readr.o)
                0x02007a9c                _read_r
 .text          0x02007b14      0x5dc c:/altera/12.1sp1/nios2eds/bin/gnu/h-i686-mingw32/bin/../lib/gcc/nios2-elf/4.1.2\libgcc.a(_udivdi3.o)
                0x02007b14                __udivdi3
 .text          0x020080f0      0x5b0 c:/altera/12.1sp1/nios2eds/bin/gnu/h-i686-mingw32/bin/../lib/gcc/nios2-elf/4.1.2\libgcc.a(_umoddi3.o)
                0x020080f0                __umoddi3
 .text          0x020086a0      0x504 c:/altera/12.1sp1/nios2eds/bin/gnu/h-i686-mingw32/bin/../lib/gcc/nios2-elf/4.1.2\libgcc.a(_addsub_df.o)
                0x02008ab0                __subdf3
                0x02008b30                __adddf3
 .text          0x02008ba4      0x3c4 c:/altera/12.1sp1/nios2eds/bin/gnu/h-i686-mingw32/bin/../lib/gcc/nios2-elf/4.1.2\libgcc.a(_mul_df.o)
                0x02008ba4                __muldf3
 .text          0x02008f68      0x258 c:/altera/12.1sp1/nios2eds/bin/gnu/h-i686-mingw32/bin/../lib/gcc/nios2-elf/4.1.2\libgcc.a(_div_df.o)
                0x02008f68                __divdf3
 .text          0x020091c0       0x88 c:/altera/12.1sp1/nios2eds/bin/gnu/h-i686-mingw32/bin/../lib/gcc/nios2-elf/4.1.2\libgcc.a(_eq_df.o)
                0x020091c0                __eqdf2
 .text          0x02009248       0x88 c:/altera/12.1sp1/nios2eds/bin/gnu/h-i686-mingw32/bin/../lib/gcc/nios2-elf/4.1.2\libgcc.a(_ne_df.o)
                0x02009248                __nedf2
 .text          0x020092d0       0x88 c:/altera/12.1sp1/nios2eds/bin/gnu/h-i686-mingw32/bin/../lib/gcc/nios2-elf/4.1.2\libgcc.a(_gt_df.o)
                0x020092d0                __gtdf2
 .text          0x02009358       0x88 c:/altera/12.1sp1/nios2eds/bin/gnu/h-i686-mingw32/bin/../lib/gcc/nios2-elf/4.1.2\libgcc.a(_ge_df.o)
                0x02009358                __gedf2
 .text          0x020093e0       0x88 c:/altera/12.1sp1/nios2eds/bin/gnu/h-i686-mingw32/bin/../lib/gcc/nios2-elf/4.1.2\libgcc.a(_lt_df.o)
                0x020093e0                __ltdf2
 .text          0x02009468       0xf8 c:/altera/12.1sp1/nios2eds/bin/gnu/h-i686-mingw32/bin/../lib/gcc/nios2-elf/4.1.2\libgcc.a(_si_to_df.o)
                0x02009468                __floatsidf
 .text          0x02009560       0xd8 c:/altera/12.1sp1/nios2eds/bin/gnu/h-i686-mingw32/bin/../lib/gcc/nios2-elf/4.1.2\libgcc.a(_df_to_si.o)
                0x02009560                __fixdfsi
 .text          0x02009638        0x0 c:/altera/12.1sp1/nios2eds/bin/gnu/h-i686-mingw32/bin/../lib/gcc/nios2-elf/4.1.2\libgcc.a(_thenan_df.o)
 .text          0x02009638      0x194 c:/altera/12.1sp1/nios2eds/bin/gnu/h-i686-mingw32/bin/../lib/gcc/nios2-elf/4.1.2\libgcc.a(_usi_to_df.o)
                0x02009638                __floatunsidf
 .text          0x020097cc       0x98 c:/altera/12.1sp1/nios2eds/bin/gnu/h-i686-mingw32/bin/../lib/gcc/nios2-elf/4.1.2\libgcc.a(_muldi3.o)
                0x020097cc                __muldi3
 .text          0x02009864        0x0 c:/altera/12.1sp1/nios2eds/bin/gnu/h-i686-mingw32/bin/../lib/gcc/nios2-elf/4.1.2\libgcc.a(_clz.o)
 .text          0x02009864       0x80 c:/altera/12.1sp1/nios2eds/bin/gnu/h-i686-mingw32/bin/../lib/gcc/nios2-elf/4.1.2\libgcc.a(_clzsi2.o)
                0x02009864                __clzsi2
 .text          0x020098e4      0x314 c:/altera/12.1sp1/nios2eds/bin/gnu/h-i686-mingw32/bin/../lib/gcc/nios2-elf/4.1.2\libgcc.a(_pack_df.o)
                0x020098e4                __pack_d
 .text          0x02009bf8      0x138 c:/altera/12.1sp1/nios2eds/bin/gnu/h-i686-mingw32/bin/../lib/gcc/nios2-elf/4.1.2\libgcc.a(_unpack_df.o)
                0x02009bf8                __unpack_d
 .text          0x02009d30       0xc8 c:/altera/12.1sp1/nios2eds/bin/gnu/h-i686-mingw32/bin/../lib/gcc/nios2-elf/4.1.2\libgcc.a(_fpcmp_parts_df.o)
                0x02009d30                __fpcmp_parts_d
 .text          0x02009df8      0x15c ../i2c_test_bsp/\libucosii_bsp.a(alt_close.o)
                0x02009df8                close
 .text          0x02009f54       0x2c ../i2c_test_bsp/\libucosii_bsp.a(alt_dev.o)
 .text          0x02009f80        0x0 ../i2c_test_bsp/\libucosii_bsp.a(alt_errno.o)
 .text          0x02009f80      0x134 ../i2c_test_bsp/\libucosii_bsp.a(alt_fstat.o)
                0x02009f80                fstat
 .text          0x0200a0b4      0x120 ../i2c_test_bsp/\libucosii_bsp.a(alt_isatty.o)
                0x0200a0b4                isatty
 .text          0x0200a1d4       0xec ../i2c_test_bsp/\libucosii_bsp.a(alt_load.o)
                0x0200a1d4                alt_load
 .text          0x0200a2c0      0x150 ../i2c_test_bsp/\libucosii_bsp.a(alt_lseek.o)
                0x0200a2c0                lseek
 .text          0x0200a410       0xc8 ../i2c_test_bsp/\libucosii_bsp.a(alt_main.o)
                0x0200a410                alt_main
 .text          0x0200a4d8      0x180 ../i2c_test_bsp/\libucosii_bsp.a(alt_read.o)
                0x0200a4d8                read
 .text          0x0200a658       0x60 ../i2c_test_bsp/\libucosii_bsp.a(alt_release_fd.o)
                0x0200a658                alt_release_fd
 .text          0x0200a6b8       0xbc ../i2c_test_bsp/\libucosii_bsp.a(alt_sbrk.o)
                0x0200a6b8                sbrk
 .text          0x0200a774      0x180 ../i2c_test_bsp/\libucosii_bsp.a(alt_write.o)
                0x0200a774                write
 .text          0x0200a8f4      0x108 ../i2c_test_bsp/\libucosii_bsp.a(alt_env_lock.o)
                0x0200a8f4                __env_lock
                0x0200a9a0                __env_unlock
 .text          0x0200a9fc      0x1d8 ../i2c_test_bsp/\libucosii_bsp.a(alt_malloc_lock.o)
                0x0200a9fc                __malloc_lock
                0x0200ab04                __malloc_unlock
 .text          0x0200abd4     0x2128 ../i2c_test_bsp/\libucosii_bsp.a(os_core.o)
                0x0200abd4                OSEventNameGet
                0x0200ad04                OSEventNameSet
                0x0200ae48                OSEventPendMulti
                0x0200b4fc                OSInit
                0x0200b550                OSIntEnter
                0x0200b5cc                OSIntExit
                0x0200b6cc                OSSchedLock
                0x0200b758                OSSchedUnlock
                0x0200b83c                OSStart
                0x0200b8ac                OSStatInit
                0x0200b958                OSTimeTick
                0x0200bb98                OSVersion
                0x0200bbb8                OS_Dummy
                0x0200bbd4                OS_EventTaskRdy
                0x0200bd68                OS_EventTaskWait
                0x0200be78                OS_EventTaskWaitMulti
                0x0200bfcc                OS_EventTaskRemove
                0x0200c084                OS_EventTaskRemoveMulti
                0x0200c188                OS_EventWaitListInit
                0x0200c554                OS_MemClr
                0x0200c5a8                OS_MemCopy
                0x0200c614                OS_Sched
                0x0200c758                OS_StrCopy
                0x0200c7d8                OS_StrLen
                0x0200c830                OS_TaskIdle
                0x0200c88c                OS_TaskStat
                0x0200c954                OS_TaskStatStkChk
                0x0200ca1c                OS_TCBInit
 .text          0x0200ccfc      0x18c ../i2c_test_bsp/\libucosii_bsp.a(os_dbg.o)
                0x0200ccfc                OSDebugInit
 .text          0x0200ce88     0x193c ../i2c_test_bsp/\libucosii_bsp.a(os_flag.o)
                0x0200ce88                OSFlagAccept
                0x0200d1bc                OSFlagCreate
                0x0200d2f8                OSFlagDel
                0x0200d5a0                OSFlagNameGet
                0x0200d6e4                OSFlagNameSet
                0x0200d838                OSFlagPend
                0x0200de7c                OSFlagPendGetFlagsRdy
                0x0200dee4                OSFlagPost
                0x0200e28c                OSFlagQuery
                0x0200e524                OS_FlagInit
                0x0200e718                OS_FlagUnlink
 .text          0x0200e7c4      0x808 ../i2c_test_bsp/\libucosii_bsp.a(os_mem.o)
                0x0200e7c4                OSMemCreate
                0x0200e9e0                OSMemGet
                0x0200eae4                OSMemNameGet
                0x0200ebf0                OSMemNameSet
                0x0200ed10                OSMemPut
                0x0200ee00                OSMemQuery
                0x0200eefc                OS_MemInit
 .text          0x0200efcc     0x1334 ../i2c_test_bsp/\libucosii_bsp.a(os_q.o)
                0x0200efcc                OSQAccept
                0x0200f120                OSQCreate
                0x0200f334                OSQDel
                0x0200f634                OSQFlush
                0x0200f6fc                OSQPend
                0x0200fa1c                OSQPendAbort
                0x0200fb98                OSQPost
                0x0200fd18                OSQPostFront
                0x0200fea0                OSQPostOpt
                0x020100d4                OSQQuery
                0x02010254                OS_QInit
 .text          0x02010300      0xbc8 ../i2c_test_bsp/\libucosii_bsp.a(os_sem.o)
                0x02010300                OSSemAccept
                0x020103c0                OSSemCreate
                0x020104d4                OSSemDel
                0x02010774                OSSemPend
                0x020109f0                OSSemPendAbort
                0x02010b6c                OSSemPost
                0x02010c94                OSSemQuery
                0x02010dc4                OSSemSet
 .text          0x02010ec8     0x1a40 ../i2c_test_bsp/\libucosii_bsp.a(os_task.o)
                0x02010ec8                OSTaskChangePrio
                0x0201143c                OSTaskCreate
                0x02011610                OSTaskCreateExt
                0x02011810                OSTaskDel
                0x02011c1c                OSTaskDelReq
                0x02011d8c                OSTaskNameGet
                0x02011f44                OSTaskNameSet
                0x02012108                OSTaskResume
                0x02012320                OSTaskStkChk
                0x0201251c                OSTaskSuspend
                0x02012748                OSTaskQuery
                0x0201288c                OS_TaskStkClr
 .text          0x02012908      0x598 ../i2c_test_bsp/\libucosii_bsp.a(os_time.o)
                0x02012908                OSTimeDly
                0x02012a54                OSTimeDlyHMSM
                0x02012bc8                OSTimeDlyResume
                0x02012dd8                OSTimeGet
                0x02012e3c                OSTimeSet
 .text          0x02012ea0       0xe0 ../i2c_test_bsp/\libucosii_bsp.a(alt_sys_init.o)
                0x02012ea0                alt_irq_init
                0x02012ed4                alt_sys_init
 .text          0x02012f80      0x9e4 ../i2c_test_bsp/\libucosii_bsp.a(altera_avalon_epcs_flash_controller.o)
                0x02012f80                alt_epcs_flash_init
                0x0201339c                alt_epcs_flash_write
                0x0201361c                alt_epcs_flash_get_info
                0x020136ac                alt_epcs_flash_erase_block
                0x020137b0                alt_epcs_flash_write_block
                0x020138cc                alt_epcs_flash_read
 .text          0x02013964      0x148 ../i2c_test_bsp/\libucosii_bsp.a(altera_avalon_jtag_uart_fd.o)
                0x02013964                altera_avalon_jtag_uart_read_fd
                0x020139bc                altera_avalon_jtag_uart_write_fd
                0x02013a14                altera_avalon_jtag_uart_close_fd
                0x02013a5c                altera_avalon_jtag_uart_ioctl_fd
 .text          0x02013aac      0x584 ../i2c_test_bsp/\libucosii_bsp.a(altera_avalon_jtag_uart_init.o)
                0x02013aac                altera_avalon_jtag_uart_init
                0x02013fbc                altera_avalon_jtag_uart_close
 .text          0x02014030       0xf4 ../i2c_test_bsp/\libucosii_bsp.a(altera_avalon_jtag_uart_ioctl.o)
                0x02014030                altera_avalon_jtag_uart_ioctl
 .text          0x02014124      0x2c0 ../i2c_test_bsp/\libucosii_bsp.a(altera_avalon_jtag_uart_read.o)
                0x02014124                altera_avalon_jtag_uart_read
 .text          0x020143e4      0x2dc ../i2c_test_bsp/\libucosii_bsp.a(altera_avalon_jtag_uart_write.o)
                0x020143e4                altera_avalon_jtag_uart_write
 .text          0x020146c0      0x100 ../i2c_test_bsp/\libucosii_bsp.a(altera_avalon_timer_sc.o)
                0x02014730                alt_avalon_timer_sc_init
 .text          0x020147c0      0x6d4 ../i2c_test_bsp/\libucosii_bsp.a(epcs_commands.o)
                0x020147c0                epcs_read_status_register
                0x02014820                epcs_sector_erase
                0x02014988                epcs_read_buffer
                0x02014ad4                epcs_write_enable
                0x02014b24                epcs_write_status_register
                0x02014b88                epcs_write_buffer
                0x02014cf8                epcs_read_electronic_signature
                0x02014d64                epcs_read_device_id
                0x02014de4                epcs_enter_4_bytes_mode
                0x02014e3c                epcs_exit_4_bytes_mode
 .text          0x02014e94      0x154 ../i2c_test_bsp/\libucosii_bsp.a(alt_alarm_start.o)
                0x02014e94                alt_alarm_start
 .text          0x02014fe8       0x44 ../i2c_test_bsp/\libucosii_bsp.a(alt_dcache_flush_all.o)
                0x02014fe8                alt_dcache_flush_all
 .text          0x0201502c      0x114 ../i2c_test_bsp/\libucosii_bsp.a(alt_dev_llist_insert.o)
                0x0201502c                alt_dev_llist_insert
 .text          0x02015140       0x64 ../i2c_test_bsp/\libucosii_bsp.a(alt_do_ctors.o)
                0x02015140                _do_ctors
 .text          0x020151a4       0x64 ../i2c_test_bsp/\libucosii_bsp.a(alt_do_dtors.o)
                0x020151a4                _do_dtors
 .text          0x02015208       0xd0 ../i2c_test_bsp/\libucosii_bsp.a(alt_flash_dev.o)
                0x02015208                alt_flash_open_dev
                0x02015284                alt_flash_close_dev
 .text          0x020152d8       0x30 ../i2c_test_bsp/\libucosii_bsp.a(alt_icache_flush_all.o)
                0x020152d8                alt_icache_flush_all
 .text          0x02015308      0x1d4 ../i2c_test_bsp/\libucosii_bsp.a(alt_iic.o)
                0x02015308                alt_ic_isr_register
                0x02015358                alt_ic_irq_enable
                0x020153f4                alt_ic_irq_disable
                0x02015494                alt_ic_irq_enabled
 .text          0x020154dc       0xf8 ../i2c_test_bsp/\libucosii_bsp.a(alt_iic_isr_register.o)
                0x020154dc                alt_iic_isr_register
 .text          0x020155d4      0x13c ../i2c_test_bsp/\libucosii_bsp.a(alt_io_redirect.o)
                0x02015698                alt_io_redirect
 .text          0x02015710        0x0 ../i2c_test_bsp/\libucosii_bsp.a(alt_irq_entry.o)
 .text          0x02015710        0x0 ../i2c_test_bsp/\libucosii_bsp.a(alt_irq_handler.o)
 .text          0x02015710        0x0 ../i2c_test_bsp/\libucosii_bsp.a(alt_irq_vars.o)
 .text          0x02015710      0x2c4 ../i2c_test_bsp/\libucosii_bsp.a(alt_open.o)
                0x020157ec                open
 .text          0x020159d4      0x1a8 ../i2c_test_bsp/\libucosii_bsp.a(alt_tick.o)
                0x020159d4                alt_alarm_stop
                0x02015a6c                alt_tick
 .text          0x02015b7c       0x20 ../i2c_test_bsp/\libucosii_bsp.a(altera_nios2_qsys_irq.o)
                0x02015b7c                altera_nios2_qsys_irq_init
 .text          0x02015b9c       0xd0 ../i2c_test_bsp/\libucosii_bsp.a(os_cpu_a.o)
                0x02015b9c                OSCtxSw
                0x02015b9c                OSIntCtxSw
                0x02015c28                OSStartHighRdy
                0x02015c48                OSStartTsk
 .text          0x02015c6c      0x418 ../i2c_test_bsp/\libucosii_bsp.a(os_cpu_c.o)
                0x02015c6c                OSTaskStkInit
                0x02015f7c                OSTaskCreateHook
                0x02015f9c                OSTaskDelHook
                0x02015fbc                OSTaskSwHook
                0x02015fd8                OSTaskStatHook
                0x02015ff4                OSTimeTickHook
                0x02016010                OSInitHookBegin
                0x0201602c                OSInitHookEnd
                0x02016048                OSTaskIdleHook
                0x02016064                OSTCBInitHook
 .text          0x02016084      0x238 ../i2c_test_bsp/\libucosii_bsp.a(altera_avalon_spi.o)
                0x02016084                alt_avalon_spi_command
 .text          0x020162bc        0x0 ../i2c_test_bsp/\libucosii_bsp.a(alt_exception_entry.o)
 .text          0x020162bc       0x94 ../i2c_test_bsp/\libucosii_bsp.a(alt_find_dev.o)
                0x020162bc                alt_find_dev
 .text          0x02016350      0x120 ../i2c_test_bsp/\libucosii_bsp.a(alt_find_file.o)
                0x02016350                alt_find_file
 .text          0x02016470       0xf4 ../i2c_test_bsp/\libucosii_bsp.a(alt_get_fd.o)
                0x02016470                alt_get_fd
 .text          0x02016564       0x90 ../i2c_test_bsp/\libucosii_bsp.a(alt_icache_flush.o)
                0x02016564                alt_icache_flush
 .text          0x020165f4       0x14 c:/altera/12.1sp1/nios2eds/bin/gnu/h-i686-mingw32/bin/../lib/gcc/nios2-elf/4.1.2/../../../../nios2-elf/lib\libc.a(lib_a-atexit.o)
                0x020165f4                atexit
 .text          0x02016608       0x38 c:/altera/12.1sp1/nios2eds/bin/gnu/h-i686-mingw32/bin/../lib/gcc/nios2-elf/4.1.2/../../../../nios2-elf/lib\libc.a(lib_a-exit.o)
                0x02016608                exit
 .text          0x02016640       0x74 c:/altera/12.1sp1/nios2eds/bin/gnu/h-i686-mingw32/bin/../lib/gcc/nios2-elf/4.1.2/../../../../nios2-elf/lib\libc.a(lib_a-memcmp.o)
                0x02016640                memcmp
 .text          0x020166b4      0x134 c:/altera/12.1sp1/nios2eds/bin/gnu/h-i686-mingw32/bin/../lib/gcc/nios2-elf/4.1.2/../../../../nios2-elf/lib\libc.a(lib_a-__atexit.o)
                0x020166b4                __register_exitproc
 .text          0x020167e8      0x1b4 c:/altera/12.1sp1/nios2eds/bin/gnu/h-i686-mingw32/bin/../lib/gcc/nios2-elf/4.1.2/../../../../nios2-elf/lib\libc.a(lib_a-__call_atexit.o)
                0x020167ec                __call_exitprocs
 .text          0x0201699c       0x6c ../i2c_test_bsp/\libucosii_bsp.a(alt_exit.o)
                0x020169dc                _exit
 *(.gnu.warning.*)
 *(.fini)
                0x02016a08                PROVIDE (__etext, ABSOLUTE (.))
                0x02016a08                PROVIDE (_etext, ABSOLUTE (.))
                0x02016a08                PROVIDE (etext, ABSOLUTE (.))
 *(.eh_frame_hdr)
                0x02016a08                . = ALIGN (0x4)
                0x02016a08                PROVIDE (__preinit_array_start, ABSOLUTE (.))
 *(.preinit_array)
                0x02016a08                PROVIDE (__preinit_array_end, ABSOLUTE (.))
                0x02016a08                PROVIDE (__init_array_start, ABSOLUTE (.))
 *(.init_array)
                0x02016a08                PROVIDE (__init_array_end, ABSOLUTE (.))
                0x02016a08                PROVIDE (__fini_array_start, ABSOLUTE (.))
 *(.fini_array)
                0x02016a08                PROVIDE (__fini_array_end, ABSOLUTE (.))
 *(.eh_frame)
 *(.gcc_except_table)
 *(.dynamic)
                0x02016a08                PROVIDE (__CTOR_LIST__, ABSOLUTE (.))
 *(.ctors)
 *(SORT(.ctors.*))
 .ctors.65535   0x02016a08        0x4 c:/altera/12.1sp1/nios2eds/bin/gnu/h-i686-mingw32/bin/../lib/gcc/nios2-elf/4.1.2/../../../../nios2-elf/lib\libc.a(lib_a-__call_atexit.o)
                0x02016a0c                PROVIDE (__CTOR_END__, ABSOLUTE (.))
                0x02016a0c                PROVIDE (__DTOR_LIST__, ABSOLUTE (.))
 *(.dtors)
 *(SORT(.dtors.*))
                0x02016a0c                PROVIDE (__DTOR_END__, ABSOLUTE (.))
 *(.jcr)
                0x02016a0c                . = ALIGN (0x4)

.rodata         0x02016a0c      0x5bc
                0x02016a0c                PROVIDE (__ram_rodata_start, ABSOLUTE (.))
                0x02016a0c                . = ALIGN (0x4)
 *(.rodata .rodata.* .gnu.linkonce.r.*)
 .rodata        0x02016a0c      0x11c obj/default/i2c_opencores.o
 .rodata        0x02016b28       0x10 obj/default/i2c_test.o
 .rodata.str1.4
                0x02016b38        0x2 c:/altera/12.1sp1/nios2eds/bin/gnu/h-i686-mingw32/bin/../lib/gcc/nios2-elf/4.1.2/../../../../nios2-elf/lib\libc.a(lib_a-puts.o)
                                  0x4 (size before relaxing)
 *fill*         0x02016b3a        0x2 00
 .rodata.str1.4
                0x02016b3c       0x5e c:/altera/12.1sp1/nios2eds/bin/gnu/h-i686-mingw32/bin/../lib/gcc/nios2-elf/4.1.2/../../../../nios2-elf/lib\libc.a(lib_a-vfprintf.o)
                                 0x60 (size before relaxing)
 .rodata        0x02016b9a       0x20 c:/altera/12.1sp1/nios2eds/bin/gnu/h-i686-mingw32/bin/../lib/gcc/nios2-elf/4.1.2/../../../../nios2-elf/lib\libc.a(lib_a-vfprintf.o)
 *fill*         0x02016bba        0x2 00
 .rodata.str1.4
                0x02016bbc       0x10 c:/altera/12.1sp1/nios2eds/bin/gnu/h-i686-mingw32/bin/../lib/gcc/nios2-elf/4.1.2/../../../../nios2-elf/lib\libc.a(lib_a-dtoa.o)
                                 0x14 (size before relaxing)
 .rodata.str1.4
                0x02016bcc        0x2 c:/altera/12.1sp1/nios2eds/bin/gnu/h-i686-mingw32/bin/../lib/gcc/nios2-elf/4.1.2/../../../../nios2-elf/lib\libc.a(lib_a-impure.o)
                                  0x4 (size before relaxing)
 *fill*         0x02016bce        0x2 00
 .rodata.str1.4
                0x02016bd0       0x10 c:/altera/12.1sp1/nios2eds/bin/gnu/h-i686-mingw32/bin/../lib/gcc/nios2-elf/4.1.2/../../../../nios2-elf/lib\libc.a(lib_a-locale.o)
                                 0x18 (size before relaxing)
 .rodata        0x02016be0       0x30 c:/altera/12.1sp1/nios2eds/bin/gnu/h-i686-mingw32/bin/../lib/gcc/nios2-elf/4.1.2/../../../../nios2-elf/lib\libc.a(lib_a-locale.o)
 .rodata        0x02016c10      0x124 c:/altera/12.1sp1/nios2eds/bin/gnu/h-i686-mingw32/bin/../lib/gcc/nios2-elf/4.1.2/../../../../nios2-elf/lib\libc.a(lib_a-mprec.o)
                0x02016c10                __mprec_tens
                0x02016cd8                __mprec_bigtens
                0x02016d00                __mprec_tinytens
 .rodata        0x02016d34       0x14 c:/altera/12.1sp1/nios2eds/bin/gnu/h-i686-mingw32/bin/../lib/gcc/nios2-elf/4.1.2\libgcc.a(_thenan_df.o)
                0x02016d34                __thenan_df
 .rodata        0x02016d48      0x100 c:/altera/12.1sp1/nios2eds/bin/gnu/h-i686-mingw32/bin/../lib/gcc/nios2-elf/4.1.2\libgcc.a(_clz.o)
                0x02016d48                __clz_tab
 .rodata        0x02016e48        0xc ../i2c_test_bsp/\libucosii_bsp.a(alt_dev.o)
 .rodata        0x02016e54       0x10 ../i2c_test_bsp/\libucosii_bsp.a(alt_main.o)
 .rodata        0x02016e64      0x120 ../i2c_test_bsp/\libucosii_bsp.a(os_core.o)
                0x02016e64                OSUnMapTbl
 .rodata        0x02016f84       0x40 ../i2c_test_bsp/\libucosii_bsp.a(alt_sys_init.o)
 .rodata        0x02016fc4        0x4 ../i2c_test_bsp/\libucosii_bsp.a(os_cpu_c.o)
 *(.rodata1)
                0x02016fc8                . = ALIGN (0x4)
                0x02016fc8                PROVIDE (__ram_rodata_end, ABSOLUTE (.))
                0x02016a0c                PROVIDE (__flash_rodata_start, LOADADDR (.rodata))

.rwdata         0x02016fc8     0x1be0 load address 0x02018ba8
                0x02016fc8                PROVIDE (__ram_rwdata_start, ABSOLUTE (.))
                0x02016fc8                . = ALIGN (0x4)
 *(.got.plt)
 *(.got)
 *(.data1)
 *(.data .data.* .gnu.linkonce.d.*)
 .data          0x02016fc8        0x0 ../i2c_test_bsp//obj/HAL/src/crt0.o
 .data          0x02016fc8        0x0 obj/default/i2c_opencores.o
 .data          0x02016fc8        0x0 obj/default/i2c_test.o
 .data          0x02016fc8        0x0 c:/altera/12.1sp1/nios2eds/bin/gnu/h-i686-mingw32/bin/../lib/gcc/nios2-elf/4.1.2\libgcc.a(lib2-divmod.o)
 .data          0x02016fc8        0x0 c:/altera/12.1sp1/nios2eds/bin/gnu/h-i686-mingw32/bin/../lib/gcc/nios2-elf/4.1.2/../../../../nios2-elf/lib\libc.a(lib_a-printf.o)
 .data          0x02016fc8        0x0 c:/altera/12.1sp1/nios2eds/bin/gnu/h-i686-mingw32/bin/../lib/gcc/nios2-elf/4.1.2/../../../../nios2-elf/lib\libc.a(lib_a-puts.o)
 .data          0x02016fc8        0x0 c:/altera/12.1sp1/nios2eds/bin/gnu/h-i686-mingw32/bin/../lib/gcc/nios2-elf/4.1.2/../../../../nios2-elf/lib\libc.a(lib_a-strlen.o)
 .data          0x02016fc8        0x0 c:/altera/12.1sp1/nios2eds/bin/gnu/h-i686-mingw32/bin/../lib/gcc/nios2-elf/4.1.2/../../../../nios2-elf/lib\libc.a(lib_a-vfprintf.o)
 .data          0x02016fc8        0x0 c:/altera/12.1sp1/nios2eds/bin/gnu/h-i686-mingw32/bin/../lib/gcc/nios2-elf/4.1.2/../../../../nios2-elf/lib\libc.a(lib_a-wsetup.o)
 .data          0x02016fc8        0x0 c:/altera/12.1sp1/nios2eds/bin/gnu/h-i686-mingw32/bin/../lib/gcc/nios2-elf/4.1.2/../../../../nios2-elf/lib\libc.a(lib_a-dtoa.o)
 .data          0x02016fc8        0x0 c:/altera/12.1sp1/nios2eds/bin/gnu/h-i686-mingw32/bin/../lib/gcc/nios2-elf/4.1.2/../../../../nios2-elf/lib\libc.a(lib_a-fflush.o)
 .data          0x02016fc8        0x0 c:/altera/12.1sp1/nios2eds/bin/gnu/h-i686-mingw32/bin/../lib/gcc/nios2-elf/4.1.2/../../../../nios2-elf/lib\libc.a(lib_a-findfp.o)
 .data          0x02016fc8        0x0 c:/altera/12.1sp1/nios2eds/bin/gnu/h-i686-mingw32/bin/../lib/gcc/nios2-elf/4.1.2/../../../../nios2-elf/lib\libc.a(lib_a-freer.o)
 .data          0x02016fc8        0x0 c:/altera/12.1sp1/nios2eds/bin/gnu/h-i686-mingw32/bin/../lib/gcc/nios2-elf/4.1.2/../../../../nios2-elf/lib\libc.a(lib_a-fvwrite.o)
 .data          0x02016fc8        0x0 c:/altera/12.1sp1/nios2eds/bin/gnu/h-i686-mingw32/bin/../lib/gcc/nios2-elf/4.1.2/../../../../nios2-elf/lib\libc.a(lib_a-fwalk.o)
 .data          0x02016fc8      0x400 c:/altera/12.1sp1/nios2eds/bin/gnu/h-i686-mingw32/bin/../lib/gcc/nios2-elf/4.1.2/../../../../nios2-elf/lib\libc.a(lib_a-impure.o)
 .data          0x020173c8        0xc c:/altera/12.1sp1/nios2eds/bin/gnu/h-i686-mingw32/bin/../lib/gcc/nios2-elf/4.1.2/../../../../nios2-elf/lib\libc.a(lib_a-locale.o)
                0x020173c8                __lc_ctype
 .data          0x020173d4        0x0 c:/altera/12.1sp1/nios2eds/bin/gnu/h-i686-mingw32/bin/../lib/gcc/nios2-elf/4.1.2/../../../../nios2-elf/lib\libc.a(lib_a-makebuf.o)
 .data          0x020173d4      0x408 c:/altera/12.1sp1/nios2eds/bin/gnu/h-i686-mingw32/bin/../lib/gcc/nios2-elf/4.1.2/../../../../nios2-elf/lib\libc.a(lib_a-mallocr.o)
                0x020173d4                __malloc_av_
 .data          0x020177dc        0x0 c:/altera/12.1sp1/nios2eds/bin/gnu/h-i686-mingw32/bin/../lib/gcc/nios2-elf/4.1.2/../../../../nios2-elf/lib\libc.a(lib_a-memchr.o)
 .data          0x020177dc        0x0 c:/altera/12.1sp1/nios2eds/bin/gnu/h-i686-mingw32/bin/../lib/gcc/nios2-elf/4.1.2/../../../../nios2-elf/lib\libc.a(lib_a-memcpy.o)
 .data          0x020177dc        0x0 c:/altera/12.1sp1/nios2eds/bin/gnu/h-i686-mingw32/bin/../lib/gcc/nios2-elf/4.1.2/../../../../nios2-elf/lib\libc.a(lib_a-memmove.o)
 .data          0x020177dc        0x0 c:/altera/12.1sp1/nios2eds/bin/gnu/h-i686-mingw32/bin/../lib/gcc/nios2-elf/4.1.2/../../../../nios2-elf/lib\libc.a(lib_a-memset.o)
 .data          0x020177dc        0x0 c:/altera/12.1sp1/nios2eds/bin/gnu/h-i686-mingw32/bin/../lib/gcc/nios2-elf/4.1.2/../../../../nios2-elf/lib\libc.a(lib_a-mprec.o)
 .data          0x020177dc        0x0 c:/altera/12.1sp1/nios2eds/bin/gnu/h-i686-mingw32/bin/../lib/gcc/nios2-elf/4.1.2/../../../../nios2-elf/lib\libc.a(lib_a-reallocr.o)
 .data          0x020177dc        0x0 c:/altera/12.1sp1/nios2eds/bin/gnu/h-i686-mingw32/bin/../lib/gcc/nios2-elf/4.1.2/../../../../nios2-elf/lib\libc.a(lib_a-s_isinfd.o)
 .data          0x020177dc        0x0 c:/altera/12.1sp1/nios2eds/bin/gnu/h-i686-mingw32/bin/../lib/gcc/nios2-elf/4.1.2/../../../../nios2-elf/lib\libc.a(lib_a-s_isnand.o)
 .data          0x020177dc        0x0 c:/altera/12.1sp1/nios2eds/bin/gnu/h-i686-mingw32/bin/../lib/gcc/nios2-elf/4.1.2/../../../../nios2-elf/lib\libc.a(lib_a-sbrkr.o)
 .data          0x020177dc        0x0 c:/altera/12.1sp1/nios2eds/bin/gnu/h-i686-mingw32/bin/../lib/gcc/nios2-elf/4.1.2/../../../../nios2-elf/lib\libc.a(lib_a-stdio.o)
 .data          0x020177dc        0x0 c:/altera/12.1sp1/nios2eds/bin/gnu/h-i686-mingw32/bin/../lib/gcc/nios2-elf/4.1.2/../../../../nios2-elf/lib\libc.a(lib_a-strcmp.o)
 .data          0x020177dc        0x0 c:/altera/12.1sp1/nios2eds/bin/gnu/h-i686-mingw32/bin/../lib/gcc/nios2-elf/4.1.2/../../../../nios2-elf/lib\libc.a(lib_a-writer.o)
 .data          0x020177dc        0x0 c:/altera/12.1sp1/nios2eds/bin/gnu/h-i686-mingw32/bin/../lib/gcc/nios2-elf/4.1.2/../../../../nios2-elf/lib\libc.a(lib_a-callocr.o)
 .data          0x020177dc        0x0 c:/altera/12.1sp1/nios2eds/bin/gnu/h-i686-mingw32/bin/../lib/gcc/nios2-elf/4.1.2/../../../../nios2-elf/lib\libc.a(lib_a-closer.o)
 .data          0x020177dc        0x0 c:/altera/12.1sp1/nios2eds/bin/gnu/h-i686-mingw32/bin/../lib/gcc/nios2-elf/4.1.2/../../../../nios2-elf/lib\libc.a(lib_a-fclose.o)
 .data          0x020177dc        0x0 c:/altera/12.1sp1/nios2eds/bin/gnu/h-i686-mingw32/bin/../lib/gcc/nios2-elf/4.1.2/../../../../nios2-elf/lib\libc.a(lib_a-fstatr.o)
 .data          0x020177dc        0x0 c:/altera/12.1sp1/nios2eds/bin/gnu/h-i686-mingw32/bin/../lib/gcc/nios2-elf/4.1.2/../../../../nios2-elf/lib\libc.a(lib_a-int_errno.o)
 .data          0x020177dc        0x0 c:/altera/12.1sp1/nios2eds/bin/gnu/h-i686-mingw32/bin/../lib/gcc/nios2-elf/4.1.2/../../../../nios2-elf/lib\libc.a(lib_a-isattyr.o)
 .data          0x020177dc        0x0 c:/altera/12.1sp1/nios2eds/bin/gnu/h-i686-mingw32/bin/../lib/gcc/nios2-elf/4.1.2/../../../../nios2-elf/lib\libc.a(lib_a-lseekr.o)
 .data          0x020177dc        0x0 c:/altera/12.1sp1/nios2eds/bin/gnu/h-i686-mingw32/bin/../lib/gcc/nios2-elf/4.1.2/../../../../nios2-elf/lib\libc.a(lib_a-readr.o)
 .data          0x020177dc        0x0 c:/altera/12.1sp1/nios2eds/bin/gnu/h-i686-mingw32/bin/../lib/gcc/nios2-elf/4.1.2\libgcc.a(_udivdi3.o)
 .data          0x020177dc        0x0 c:/altera/12.1sp1/nios2eds/bin/gnu/h-i686-mingw32/bin/../lib/gcc/nios2-elf/4.1.2\libgcc.a(_umoddi3.o)
 .data          0x020177dc        0x0 c:/altera/12.1sp1/nios2eds/bin/gnu/h-i686-mingw32/bin/../lib/gcc/nios2-elf/4.1.2\libgcc.a(_addsub_df.o)
 .data          0x020177dc        0x0 c:/altera/12.1sp1/nios2eds/bin/gnu/h-i686-mingw32/bin/../lib/gcc/nios2-elf/4.1.2\libgcc.a(_mul_df.o)
 .data          0x020177dc        0x0 c:/altera/12.1sp1/nios2eds/bin/gnu/h-i686-mingw32/bin/../lib/gcc/nios2-elf/4.1.2\libgcc.a(_div_df.o)
 .data          0x020177dc        0x0 c:/altera/12.1sp1/nios2eds/bin/gnu/h-i686-mingw32/bin/../lib/gcc/nios2-elf/4.1.2\libgcc.a(_eq_df.o)
 .data          0x020177dc        0x0 c:/altera/12.1sp1/nios2eds/bin/gnu/h-i686-mingw32/bin/../lib/gcc/nios2-elf/4.1.2\libgcc.a(_ne_df.o)
 .data          0x020177dc        0x0 c:/altera/12.1sp1/nios2eds/bin/gnu/h-i686-mingw32/bin/../lib/gcc/nios2-elf/4.1.2\libgcc.a(_gt_df.o)
 .data          0x020177dc        0x0 c:/altera/12.1sp1/nios2eds/bin/gnu/h-i686-mingw32/bin/../lib/gcc/nios2-elf/4.1.2\libgcc.a(_ge_df.o)
 .data          0x020177dc        0x0 c:/altera/12.1sp1/nios2eds/bin/gnu/h-i686-mingw32/bin/../lib/gcc/nios2-elf/4.1.2\libgcc.a(_lt_df.o)
 .data          0x020177dc        0x0 c:/altera/12.1sp1/nios2eds/bin/gnu/h-i686-mingw32/bin/../lib/gcc/nios2-elf/4.1.2\libgcc.a(_si_to_df.o)
 .data          0x020177dc        0x0 c:/altera/12.1sp1/nios2eds/bin/gnu/h-i686-mingw32/bin/../lib/gcc/nios2-elf/4.1.2\libgcc.a(_df_to_si.o)
 .data          0x020177dc        0x0 c:/altera/12.1sp1/nios2eds/bin/gnu/h-i686-mingw32/bin/../lib/gcc/nios2-elf/4.1.2\libgcc.a(_thenan_df.o)
 .data          0x020177dc        0x0 c:/altera/12.1sp1/nios2eds/bin/gnu/h-i686-mingw32/bin/../lib/gcc/nios2-elf/4.1.2\libgcc.a(_usi_to_df.o)
 .data          0x020177dc        0x0 c:/altera/12.1sp1/nios2eds/bin/gnu/h-i686-mingw32/bin/../lib/gcc/nios2-elf/4.1.2\libgcc.a(_muldi3.o)
 .data          0x020177dc        0x0 c:/altera/12.1sp1/nios2eds/bin/gnu/h-i686-mingw32/bin/../lib/gcc/nios2-elf/4.1.2\libgcc.a(_clz.o)
 .data          0x020177dc        0x0 c:/altera/12.1sp1/nios2eds/bin/gnu/h-i686-mingw32/bin/../lib/gcc/nios2-elf/4.1.2\libgcc.a(_clzsi2.o)
 .data          0x020177dc        0x0 c:/altera/12.1sp1/nios2eds/bin/gnu/h-i686-mingw32/bin/../lib/gcc/nios2-elf/4.1.2\libgcc.a(_pack_df.o)
 .data          0x020177dc        0x0 c:/altera/12.1sp1/nios2eds/bin/gnu/h-i686-mingw32/bin/../lib/gcc/nios2-elf/4.1.2\libgcc.a(_unpack_df.o)
 .data          0x020177dc        0x0 c:/altera/12.1sp1/nios2eds/bin/gnu/h-i686-mingw32/bin/../lib/gcc/nios2-elf/4.1.2\libgcc.a(_fpcmp_parts_df.o)
 .data          0x020177dc        0x0 ../i2c_test_bsp/\libucosii_bsp.a(alt_close.o)
 .data          0x020177dc      0x1a8 ../i2c_test_bsp/\libucosii_bsp.a(alt_dev.o)
                0x020177dc                alt_dev_null
                0x02017804                alt_fd_list
 .data          0x02017984        0x0 ../i2c_test_bsp/\libucosii_bsp.a(alt_errno.o)
 .data          0x02017984        0x0 ../i2c_test_bsp/\libucosii_bsp.a(alt_fstat.o)
 .data          0x02017984        0x0 ../i2c_test_bsp/\libucosii_bsp.a(alt_isatty.o)
 .data          0x02017984        0x0 ../i2c_test_bsp/\libucosii_bsp.a(alt_load.o)
 .data          0x02017984        0x0 ../i2c_test_bsp/\libucosii_bsp.a(alt_lseek.o)
 .data          0x02017984        0x0 ../i2c_test_bsp/\libucosii_bsp.a(alt_main.o)
 .data          0x02017984        0x0 ../i2c_test_bsp/\libucosii_bsp.a(alt_read.o)
 .data          0x02017984        0x0 ../i2c_test_bsp/\libucosii_bsp.a(alt_release_fd.o)
 .data          0x02017984        0x0 ../i2c_test_bsp/\libucosii_bsp.a(alt_sbrk.o)
 .data          0x02017984        0x0 ../i2c_test_bsp/\libucosii_bsp.a(alt_write.o)
 .data          0x02017984        0x0 ../i2c_test_bsp/\libucosii_bsp.a(alt_env_lock.o)
 .data          0x02017984        0x0 ../i2c_test_bsp/\libucosii_bsp.a(alt_malloc_lock.o)
 .data          0x02017984        0x0 ../i2c_test_bsp/\libucosii_bsp.a(os_core.o)
 .data          0x02017984        0x0 ../i2c_test_bsp/\libucosii_bsp.a(os_dbg.o)
 .data          0x02017984        0x0 ../i2c_test_bsp/\libucosii_bsp.a(os_flag.o)
 .data          0x02017984        0x0 ../i2c_test_bsp/\libucosii_bsp.a(os_mem.o)
 .data          0x02017984        0x0 ../i2c_test_bsp/\libucosii_bsp.a(os_q.o)
 .data          0x02017984        0x0 ../i2c_test_bsp/\libucosii_bsp.a(os_sem.o)
 .data          0x02017984        0x0 ../i2c_test_bsp/\libucosii_bsp.a(os_task.o)
 .data          0x02017984        0x0 ../i2c_test_bsp/\libucosii_bsp.a(os_time.o)
 .data          0x02017984     0x1160 ../i2c_test_bsp/\libucosii_bsp.a(alt_sys_init.o)
 .data          0x02018ae4        0x0 ../i2c_test_bsp/\libucosii_bsp.a(altera_avalon_epcs_flash_controller.o)
 .data          0x02018ae4        0x0 ../i2c_test_bsp/\libucosii_bsp.a(altera_avalon_jtag_uart_fd.o)
 .data          0x02018ae4        0x0 ../i2c_test_bsp/\libucosii_bsp.a(altera_avalon_jtag_uart_init.o)
 .data          0x02018ae4        0x0 ../i2c_test_bsp/\libucosii_bsp.a(altera_avalon_jtag_uart_ioctl.o)
 .data          0x02018ae4        0x0 ../i2c_test_bsp/\libucosii_bsp.a(altera_avalon_jtag_uart_read.o)
 .data          0x02018ae4        0x0 ../i2c_test_bsp/\libucosii_bsp.a(altera_avalon_jtag_uart_write.o)
 .data          0x02018ae4        0x0 ../i2c_test_bsp/\libucosii_bsp.a(altera_avalon_timer_sc.o)
 .data          0x02018ae4        0x0 ../i2c_test_bsp/\libucosii_bsp.a(epcs_commands.o)
 .data          0x02018ae4        0x0 ../i2c_test_bsp/\libucosii_bsp.a(alt_alarm_start.o)
 .data          0x02018ae4        0x0 ../i2c_test_bsp/\libucosii_bsp.a(alt_dcache_flush_all.o)
 .data          0x02018ae4        0x0 ../i2c_test_bsp/\libucosii_bsp.a(alt_dev_llist_insert.o)
 .data          0x02018ae4        0x0 ../i2c_test_bsp/\libucosii_bsp.a(alt_do_ctors.o)
 .data          0x02018ae4        0x0 ../i2c_test_bsp/\libucosii_bsp.a(alt_do_dtors.o)
 .data          0x02018ae4        0x0 ../i2c_test_bsp/\libucosii_bsp.a(alt_flash_dev.o)
 .data          0x02018ae4        0x0 ../i2c_test_bsp/\libucosii_bsp.a(alt_icache_flush_all.o)
 .data          0x02018ae4        0x0 ../i2c_test_bsp/\libucosii_bsp.a(alt_iic.o)
 .data          0x02018ae4        0x0 ../i2c_test_bsp/\libucosii_bsp.a(alt_iic_isr_register.o)
 .data          0x02018ae4        0x0 ../i2c_test_bsp/\libucosii_bsp.a(alt_io_redirect.o)
 .data          0x02018ae4        0x0 ../i2c_test_bsp/\libucosii_bsp.a(alt_irq_entry.o)
 .data          0x02018ae4        0x0 ../i2c_test_bsp/\libucosii_bsp.a(alt_irq_handler.o)
 .data          0x02018ae4        0x0 ../i2c_test_bsp/\libucosii_bsp.a(alt_irq_vars.o)
 .data          0x02018ae4        0x0 ../i2c_test_bsp/\libucosii_bsp.a(alt_open.o)
 .data          0x02018ae4        0x0 ../i2c_test_bsp/\libucosii_bsp.a(alt_tick.o)
 .data          0x02018ae4        0x0 ../i2c_test_bsp/\libucosii_bsp.a(altera_nios2_qsys_irq.o)
 .data          0x02018ae4        0x0 ../i2c_test_bsp/\libucosii_bsp.a(os_cpu_a.o)
 .data          0x02018ae4        0x0 ../i2c_test_bsp/\libucosii_bsp.a(os_cpu_c.o)
 .data          0x02018ae4        0x0 ../i2c_test_bsp/\libucosii_bsp.a(altera_avalon_spi.o)
 .data          0x02018ae4        0x0 ../i2c_test_bsp/\libucosii_bsp.a(alt_exception_entry.o)
 .data          0x02018ae4        0x0 ../i2c_test_bsp/\libucosii_bsp.a(alt_find_dev.o)
 .data          0x02018ae4        0x0 ../i2c_test_bsp/\libucosii_bsp.a(alt_find_file.o)
 .data          0x02018ae4        0x0 ../i2c_test_bsp/\libucosii_bsp.a(alt_get_fd.o)
 .data          0x02018ae4        0x0 ../i2c_test_bsp/\libucosii_bsp.a(alt_icache_flush.o)
 .data          0x02018ae4        0x0 c:/altera/12.1sp1/nios2eds/bin/gnu/h-i686-mingw32/bin/../lib/gcc/nios2-elf/4.1.2/../../../../nios2-elf/lib\libc.a(lib_a-atexit.o)
 .data          0x02018ae4        0x0 c:/altera/12.1sp1/nios2eds/bin/gnu/h-i686-mingw32/bin/../lib/gcc/nios2-elf/4.1.2/../../../../nios2-elf/lib\libc.a(lib_a-exit.o)
 .data          0x02018ae4        0x0 c:/altera/12.1sp1/nios2eds/bin/gnu/h-i686-mingw32/bin/../lib/gcc/nios2-elf/4.1.2/../../../../nios2-elf/lib\libc.a(lib_a-memcmp.o)
 .data          0x02018ae4        0x0 c:/altera/12.1sp1/nios2eds/bin/gnu/h-i686-mingw32/bin/../lib/gcc/nios2-elf/4.1.2/../../../../nios2-elf/lib\libc.a(lib_a-__atexit.o)
 .data          0x02018ae4        0x0 c:/altera/12.1sp1/nios2eds/bin/gnu/h-i686-mingw32/bin/../lib/gcc/nios2-elf/4.1.2/../../../../nios2-elf/lib\libc.a(lib_a-__call_atexit.o)
 .data          0x02018ae4        0x0 ../i2c_test_bsp/\libucosii_bsp.a(alt_exit.o)
                0x02020ae4                _gp = ABSOLUTE ((. + 0x8000))
                0x02020ae4                PROVIDE (gp, _gp)
 *(.rwdata .rwdata.*)
 *(.sdata .sdata.* .gnu.linkonce.s.*)
 .sdata         0x02018ae4        0x8 c:/altera/12.1sp1/nios2eds/bin/gnu/h-i686-mingw32/bin/../lib/gcc/nios2-elf/4.1.2/../../../../nios2-elf/lib\libc.a(lib_a-impure.o)
                0x02018ae4                _impure_ptr
                0x02018ae8                _global_impure_ptr
 .sdata         0x02018aec        0x8 c:/altera/12.1sp1/nios2eds/bin/gnu/h-i686-mingw32/bin/../lib/gcc/nios2-elf/4.1.2/../../../../nios2-elf/lib\libc.a(lib_a-locale.o)
                0x02018aec                __mb_cur_max
 .sdata         0x02018af4        0x8 c:/altera/12.1sp1/nios2eds/bin/gnu/h-i686-mingw32/bin/../lib/gcc/nios2-elf/4.1.2/../../../../nios2-elf/lib\libc.a(lib_a-mallocr.o)
                0x02018af4                __malloc_trim_threshold
                0x02018af8                __malloc_sbrk_base
 .sdata         0x02018afc       0x14 ../i2c_test_bsp/\libucosii_bsp.a(alt_dev.o)
                0x02018afc                alt_fs_list
                0x02018b04                alt_dev_list
                0x02018b0c                alt_max_fd
 .sdata         0x02018b10        0x4 ../i2c_test_bsp/\libucosii_bsp.a(alt_errno.o)
                0x02018b10                alt_errno
 .sdata         0x02018b14        0x4 ../i2c_test_bsp/\libucosii_bsp.a(alt_sbrk.o)
 .sdata         0x02018b18        0x4 ../i2c_test_bsp/\libucosii_bsp.a(alt_env_lock.o)
 .sdata         0x02018b1c        0x4 ../i2c_test_bsp/\libucosii_bsp.a(alt_malloc_lock.o)
 .sdata         0x02018b20       0x74 ../i2c_test_bsp/\libucosii_bsp.a(os_dbg.o)
                0x02018b20                OSDebugEn
                0x02018b24                OSEndiannessTest
                0x02018b28                OSEventEn
                0x02018b2a                OSEventMax
                0x02018b2c                OSEventNameSize
                0x02018b2e                OSEventSize
                0x02018b30                OSEventTblSize
                0x02018b32                OSEventMultiEn
                0x02018b34                OSFlagEn
                0x02018b36                OSFlagGrpSize
                0x02018b38                OSFlagNodeSize
                0x02018b3a                OSFlagWidth
                0x02018b3c                OSFlagMax
                0x02018b3e                OSFlagNameSize
                0x02018b40                OSLowestPrio
                0x02018b42                OSMboxEn
                0x02018b44                OSMemEn
                0x02018b46                OSMemMax
                0x02018b48                OSMemNameSize
                0x02018b4a                OSMemSize
                0x02018b4c                OSMemTblSize
                0x02018b4e                OSMutexEn
                0x02018b50                OSPtrSize
                0x02018b52                OSQEn
                0x02018b54                OSQMax
                0x02018b56                OSQSize
                0x02018b58                OSRdyTblSize
                0x02018b5a                OSSemEn
                0x02018b5c                OSStkWidth
                0x02018b5e                OSTaskCreateEn
                0x02018b60                OSTaskCreateExtEn
                0x02018b62                OSTaskDelEn
                0x02018b64                OSTaskIdleStkSize
                0x02018b66                OSTaskProfileEn
                0x02018b68                OSTaskMax
                0x02018b6a                OSTaskNameSize
                0x02018b6c                OSTaskStatEn
                0x02018b6e                OSTaskStatStkSize
                0x02018b70                OSTaskStatStkChkEn
                0x02018b72                OSTaskSwHookEn
                0x02018b74                OSTCBPrioTblMax
                0x02018b76                OSTCBSize
                0x02018b78                OSTicksPerSec
                0x02018b7a                OSTimeTickHookEn
                0x02018b7c                OSVersionNbr
                0x02018b7e                OSTmrEn
                0x02018b80                OSTmrCfgMax
                0x02018b82                OSTmrCfgNameSize
                0x02018b84                OSTmrCfgWheelSize
                0x02018b86                OSTmrCfgTicksPerSec
                0x02018b88                OSTmrSize
                0x02018b8a                OSTmrTblSize
                0x02018b8c                OSTmrWheelSize
                0x02018b8e                OSTmrWheelTblSize
                0x02018b90                OSDataSize
 .sdata         0x02018b94        0x8 ../i2c_test_bsp/\libucosii_bsp.a(alt_flash_dev.o)
                0x02018b94                alt_flash_dev_list
 .sdata         0x02018b9c        0x4 ../i2c_test_bsp/\libucosii_bsp.a(alt_irq_vars.o)
                0x02018b9c                alt_priority_mask
 .sdata         0x02018ba0        0x8 ../i2c_test_bsp/\libucosii_bsp.a(alt_tick.o)
                0x02018ba0                alt_alarm_list
 *(.sdata2 .sdata2.* .gnu.linkonce.s2.*)
                0x02018ba8                . = ALIGN (0x4)
                0x02018ba8                _edata = ABSOLUTE (.)
                0x02018ba8                PROVIDE (edata, ABSOLUTE (.))
                0x02018ba8                PROVIDE (__ram_rwdata_end, ABSOLUTE (.))
                0x02018ba8                PROVIDE (__flash_rwdata_start, LOADADDR (.rwdata))

.bss            0x0201a788     0x7574
                0x0201a788                __bss_start = ABSOLUTE (.)
                0x0201a788                PROVIDE (__sbss_start, ABSOLUTE (.))
                0x0201a788                PROVIDE (___sbss_start, ABSOLUTE (.))
 *(.dynsbss)
 *(.sbss .sbss.* .gnu.linkonce.sb.*)
 .sbss          0x0201a788        0xc c:/altera/12.1sp1/nios2eds/bin/gnu/h-i686-mingw32/bin/../lib/gcc/nios2-elf/4.1.2/../../../../nios2-elf/lib\libc.a(lib_a-locale.o)
                0x0201a788                __nlocale_changed
                0x0201a78c                __mlocale_changed
                0x0201a790                _PathLocale
 .sbss          0x0201a794        0xc c:/altera/12.1sp1/nios2eds/bin/gnu/h-i686-mingw32/bin/../lib/gcc/nios2-elf/4.1.2/../../../../nios2-elf/lib\libc.a(lib_a-mallocr.o)
                0x0201a794                __malloc_top_pad
                0x0201a798                __malloc_max_sbrked_mem
                0x0201a79c                __malloc_max_total_mem
 .sbss          0x0201a7a0        0x4 c:/altera/12.1sp1/nios2eds/bin/gnu/h-i686-mingw32/bin/../lib/gcc/nios2-elf/4.1.2/../../../../nios2-elf/lib\libc.a(lib_a-int_errno.o)
                0x0201a7a0                errno
 .sbss          0x0201a7a4        0x4 ../i2c_test_bsp/\libucosii_bsp.a(alt_dev.o)
                0x0201a7a4                alt_fd_list_lock
 .sbss          0x0201a7a8        0xc ../i2c_test_bsp/\libucosii_bsp.a(alt_main.o)
                0x0201a7a8                alt_argc
                0x0201a7ac                alt_argv
                0x0201a7b0                alt_envp
 .sbss          0x0201a7b4        0x8 ../i2c_test_bsp/\libucosii_bsp.a(alt_env_lock.o)
                0x0201a7b8                alt_envsem
 .sbss          0x0201a7bc        0x8 ../i2c_test_bsp/\libucosii_bsp.a(alt_malloc_lock.o)
                0x0201a7c0                alt_heapsem
 .sbss          0x0201a7c4       0x50 ../i2c_test_bsp/\libucosii_bsp.a(os_core.o)
                0x0201a7c4                OSLockNesting
                0x0201a7c5                OSRunning
                0x0201a7c8                OSIdleCtr
                0x0201a7cc                OSPrioHighRdy
                0x0201a7cd                OSPrioCur
                0x0201a7d0                OSTCBList
                0x0201a7d4                OSTickStepState
                0x0201a7d8                OSCtxSwCtr
                0x0201a7dc                OSIdleCtrMax
                0x0201a7e0                OSTCBFreeList
                0x0201a7e4                OSCPUUsage
                0x0201a7e5                OSTaskCtr
                0x0201a7e8                OSMemFreeList
                0x0201a7ec                OSTCBHighRdy
                0x0201a7f0                OSQFreeList
                0x0201a7f4                OSRdyGrp
                0x0201a7f5                OSRdyTbl
                0x0201a7f8                OSEventFreeList
                0x0201a7fc                OSIntNesting
                0x0201a800                OSTCBCur
                0x0201a804                OSTime
                0x0201a808                OSFlagFreeList
                0x0201a80c                OSStatRdy
                0x0201a810                OSIdleCtrRun
 .sbss          0x0201a814        0x4 ../i2c_test_bsp/\libucosii_bsp.a(alt_irq_vars.o)
                0x0201a814                alt_irq_active
 .sbss          0x0201a818        0x8 ../i2c_test_bsp/\libucosii_bsp.a(alt_tick.o)
                0x0201a818                _alt_tick_rate
                0x0201a81c                _alt_nticks
 *(.sbss2 .sbss2.* .gnu.linkonce.sb2.*)
 *(.scommon)
                0x0201a820                PROVIDE (__sbss_end, ABSOLUTE (.))
                0x0201a820                PROVIDE (___sbss_end, ABSOLUTE (.))
 *(.dynbss)
 *(.bss .bss.* .gnu.linkonce.b.*)
 .bss           0x0201a820        0x0 ../i2c_test_bsp//obj/HAL/src/crt0.o
 .bss           0x0201a820        0x0 obj/default/i2c_opencores.o
 .bss           0x0201a820     0x4000 obj/default/i2c_test.o
                0x0201a820                task1_stk
                0x0201c820                task2_stk
 .bss           0x0201e820        0x0 c:/altera/12.1sp1/nios2eds/bin/gnu/h-i686-mingw32/bin/../lib/gcc/nios2-elf/4.1.2\libgcc.a(lib2-divmod.o)
 .bss           0x0201e820        0x0 c:/altera/12.1sp1/nios2eds/bin/gnu/h-i686-mingw32/bin/../lib/gcc/nios2-elf/4.1.2/../../../../nios2-elf/lib\libc.a(lib_a-printf.o)
 .bss           0x0201e820        0x0 c:/altera/12.1sp1/nios2eds/bin/gnu/h-i686-mingw32/bin/../lib/gcc/nios2-elf/4.1.2/../../../../nios2-elf/lib\libc.a(lib_a-puts.o)
 .bss           0x0201e820        0x0 c:/altera/12.1sp1/nios2eds/bin/gnu/h-i686-mingw32/bin/../lib/gcc/nios2-elf/4.1.2/../../../../nios2-elf/lib\libc.a(lib_a-strlen.o)
 .bss           0x0201e820        0x0 c:/altera/12.1sp1/nios2eds/bin/gnu/h-i686-mingw32/bin/../lib/gcc/nios2-elf/4.1.2/../../../../nios2-elf/lib\libc.a(lib_a-vfprintf.o)
 .bss           0x0201e820        0x0 c:/altera/12.1sp1/nios2eds/bin/gnu/h-i686-mingw32/bin/../lib/gcc/nios2-elf/4.1.2/../../../../nios2-elf/lib\libc.a(lib_a-wsetup.o)
 .bss           0x0201e820        0x0 c:/altera/12.1sp1/nios2eds/bin/gnu/h-i686-mingw32/bin/../lib/gcc/nios2-elf/4.1.2/../../../../nios2-elf/lib\libc.a(lib_a-dtoa.o)
 .bss           0x0201e820        0x0 c:/altera/12.1sp1/nios2eds/bin/gnu/h-i686-mingw32/bin/../lib/gcc/nios2-elf/4.1.2/../../../../nios2-elf/lib\libc.a(lib_a-fflush.o)
 .bss           0x0201e820        0x0 c:/altera/12.1sp1/nios2eds/bin/gnu/h-i686-mingw32/bin/../lib/gcc/nios2-elf/4.1.2/../../../../nios2-elf/lib\libc.a(lib_a-findfp.o)
 .bss           0x0201e820        0x0 c:/altera/12.1sp1/nios2eds/bin/gnu/h-i686-mingw32/bin/../lib/gcc/nios2-elf/4.1.2/../../../../nios2-elf/lib\libc.a(lib_a-freer.o)
 .bss           0x0201e820        0x0 c:/altera/12.1sp1/nios2eds/bin/gnu/h-i686-mingw32/bin/../lib/gcc/nios2-elf/4.1.2/../../../../nios2-elf/lib\libc.a(lib_a-fvwrite.o)
 .bss           0x0201e820        0x0 c:/altera/12.1sp1/nios2eds/bin/gnu/h-i686-mingw32/bin/../lib/gcc/nios2-elf/4.1.2/../../../../nios2-elf/lib\libc.a(lib_a-fwalk.o)
 .bss           0x0201e820        0x0 c:/altera/12.1sp1/nios2eds/bin/gnu/h-i686-mingw32/bin/../lib/gcc/nios2-elf/4.1.2/../../../../nios2-elf/lib\libc.a(lib_a-impure.o)
 .bss           0x0201e820        0x0 c:/altera/12.1sp1/nios2eds/bin/gnu/h-i686-mingw32/bin/../lib/gcc/nios2-elf/4.1.2/../../../../nios2-elf/lib\libc.a(lib_a-locale.o)
 .bss           0x0201e820        0x0 c:/altera/12.1sp1/nios2eds/bin/gnu/h-i686-mingw32/bin/../lib/gcc/nios2-elf/4.1.2/../../../../nios2-elf/lib\libc.a(lib_a-makebuf.o)
 .bss           0x0201e820       0x28 c:/altera/12.1sp1/nios2eds/bin/gnu/h-i686-mingw32/bin/../lib/gcc/nios2-elf/4.1.2/../../../../nios2-elf/lib\libc.a(lib_a-mallocr.o)
                0x0201e820                __malloc_current_mallinfo
 .bss           0x0201e848        0x0 c:/altera/12.1sp1/nios2eds/bin/gnu/h-i686-mingw32/bin/../lib/gcc/nios2-elf/4.1.2/../../../../nios2-elf/lib\libc.a(lib_a-memchr.o)
 .bss           0x0201e848        0x0 c:/altera/12.1sp1/nios2eds/bin/gnu/h-i686-mingw32/bin/../lib/gcc/nios2-elf/4.1.2/../../../../nios2-elf/lib\libc.a(lib_a-memcpy.o)
 .bss           0x0201e848        0x0 c:/altera/12.1sp1/nios2eds/bin/gnu/h-i686-mingw32/bin/../lib/gcc/nios2-elf/4.1.2/../../../../nios2-elf/lib\libc.a(lib_a-memmove.o)
 .bss           0x0201e848        0x0 c:/altera/12.1sp1/nios2eds/bin/gnu/h-i686-mingw32/bin/../lib/gcc/nios2-elf/4.1.2/../../../../nios2-elf/lib\libc.a(lib_a-memset.o)
 .bss           0x0201e848        0x0 c:/altera/12.1sp1/nios2eds/bin/gnu/h-i686-mingw32/bin/../lib/gcc/nios2-elf/4.1.2/../../../../nios2-elf/lib\libc.a(lib_a-mprec.o)
 .bss           0x0201e848        0x0 c:/altera/12.1sp1/nios2eds/bin/gnu/h-i686-mingw32/bin/../lib/gcc/nios2-elf/4.1.2/../../../../nios2-elf/lib\libc.a(lib_a-reallocr.o)
 .bss           0x0201e848        0x0 c:/altera/12.1sp1/nios2eds/bin/gnu/h-i686-mingw32/bin/../lib/gcc/nios2-elf/4.1.2/../../../../nios2-elf/lib\libc.a(lib_a-s_isinfd.o)
 .bss           0x0201e848        0x0 c:/altera/12.1sp1/nios2eds/bin/gnu/h-i686-mingw32/bin/../lib/gcc/nios2-elf/4.1.2/../../../../nios2-elf/lib\libc.a(lib_a-s_isnand.o)
 .bss           0x0201e848        0x0 c:/altera/12.1sp1/nios2eds/bin/gnu/h-i686-mingw32/bin/../lib/gcc/nios2-elf/4.1.2/../../../../nios2-elf/lib\libc.a(lib_a-sbrkr.o)
 .bss           0x0201e848        0x0 c:/altera/12.1sp1/nios2eds/bin/gnu/h-i686-mingw32/bin/../lib/gcc/nios2-elf/4.1.2/../../../../nios2-elf/lib\libc.a(lib_a-stdio.o)
 .bss           0x0201e848        0x0 c:/altera/12.1sp1/nios2eds/bin/gnu/h-i686-mingw32/bin/../lib/gcc/nios2-elf/4.1.2/../../../../nios2-elf/lib\libc.a(lib_a-strcmp.o)
 .bss           0x0201e848        0x0 c:/altera/12.1sp1/nios2eds/bin/gnu/h-i686-mingw32/bin/../lib/gcc/nios2-elf/4.1.2/../../../../nios2-elf/lib\libc.a(lib_a-writer.o)
 .bss           0x0201e848        0x0 c:/altera/12.1sp1/nios2eds/bin/gnu/h-i686-mingw32/bin/../lib/gcc/nios2-elf/4.1.2/../../../../nios2-elf/lib\libc.a(lib_a-callocr.o)
 .bss           0x0201e848        0x0 c:/altera/12.1sp1/nios2eds/bin/gnu/h-i686-mingw32/bin/../lib/gcc/nios2-elf/4.1.2/../../../../nios2-elf/lib\libc.a(lib_a-closer.o)
 .bss           0x0201e848        0x0 c:/altera/12.1sp1/nios2eds/bin/gnu/h-i686-mingw32/bin/../lib/gcc/nios2-elf/4.1.2/../../../../nios2-elf/lib\libc.a(lib_a-fclose.o)
 .bss           0x0201e848        0x0 c:/altera/12.1sp1/nios2eds/bin/gnu/h-i686-mingw32/bin/../lib/gcc/nios2-elf/4.1.2/../../../../nios2-elf/lib\libc.a(lib_a-fstatr.o)
 .bss           0x0201e848        0x0 c:/altera/12.1sp1/nios2eds/bin/gnu/h-i686-mingw32/bin/../lib/gcc/nios2-elf/4.1.2/../../../../nios2-elf/lib\libc.a(lib_a-int_errno.o)
 .bss           0x0201e848        0x0 c:/altera/12.1sp1/nios2eds/bin/gnu/h-i686-mingw32/bin/../lib/gcc/nios2-elf/4.1.2/../../../../nios2-elf/lib\libc.a(lib_a-isattyr.o)
 .bss           0x0201e848        0x0 c:/altera/12.1sp1/nios2eds/bin/gnu/h-i686-mingw32/bin/../lib/gcc/nios2-elf/4.1.2/../../../../nios2-elf/lib\libc.a(lib_a-lseekr.o)
 .bss           0x0201e848        0x0 c:/altera/12.1sp1/nios2eds/bin/gnu/h-i686-mingw32/bin/../lib/gcc/nios2-elf/4.1.2/../../../../nios2-elf/lib\libc.a(lib_a-readr.o)
 .bss           0x0201e848        0x0 c:/altera/12.1sp1/nios2eds/bin/gnu/h-i686-mingw32/bin/../lib/gcc/nios2-elf/4.1.2\libgcc.a(_udivdi3.o)
 .bss           0x0201e848        0x0 c:/altera/12.1sp1/nios2eds/bin/gnu/h-i686-mingw32/bin/../lib/gcc/nios2-elf/4.1.2\libgcc.a(_umoddi3.o)
 .bss           0x0201e848        0x0 c:/altera/12.1sp1/nios2eds/bin/gnu/h-i686-mingw32/bin/../lib/gcc/nios2-elf/4.1.2\libgcc.a(_addsub_df.o)
 .bss           0x0201e848        0x0 c:/altera/12.1sp1/nios2eds/bin/gnu/h-i686-mingw32/bin/../lib/gcc/nios2-elf/4.1.2\libgcc.a(_mul_df.o)
 .bss           0x0201e848        0x0 c:/altera/12.1sp1/nios2eds/bin/gnu/h-i686-mingw32/bin/../lib/gcc/nios2-elf/4.1.2\libgcc.a(_div_df.o)
 .bss           0x0201e848        0x0 c:/altera/12.1sp1/nios2eds/bin/gnu/h-i686-mingw32/bin/../lib/gcc/nios2-elf/4.1.2\libgcc.a(_eq_df.o)
 .bss           0x0201e848        0x0 c:/altera/12.1sp1/nios2eds/bin/gnu/h-i686-mingw32/bin/../lib/gcc/nios2-elf/4.1.2\libgcc.a(_ne_df.o)
 .bss           0x0201e848        0x0 c:/altera/12.1sp1/nios2eds/bin/gnu/h-i686-mingw32/bin/../lib/gcc/nios2-elf/4.1.2\libgcc.a(_gt_df.o)
 .bss           0x0201e848        0x0 c:/altera/12.1sp1/nios2eds/bin/gnu/h-i686-mingw32/bin/../lib/gcc/nios2-elf/4.1.2\libgcc.a(_ge_df.o)
 .bss           0x0201e848        0x0 c:/altera/12.1sp1/nios2eds/bin/gnu/h-i686-mingw32/bin/../lib/gcc/nios2-elf/4.1.2\libgcc.a(_lt_df.o)
 .bss           0x0201e848        0x0 c:/altera/12.1sp1/nios2eds/bin/gnu/h-i686-mingw32/bin/../lib/gcc/nios2-elf/4.1.2\libgcc.a(_si_to_df.o)
 .bss           0x0201e848        0x0 c:/altera/12.1sp1/nios2eds/bin/gnu/h-i686-mingw32/bin/../lib/gcc/nios2-elf/4.1.2\libgcc.a(_df_to_si.o)
 .bss           0x0201e848        0x0 c:/altera/12.1sp1/nios2eds/bin/gnu/h-i686-mingw32/bin/../lib/gcc/nios2-elf/4.1.2\libgcc.a(_thenan_df.o)
 .bss           0x0201e848        0x0 c:/altera/12.1sp1/nios2eds/bin/gnu/h-i686-mingw32/bin/../lib/gcc/nios2-elf/4.1.2\libgcc.a(_usi_to_df.o)
 .bss           0x0201e848        0x0 c:/altera/12.1sp1/nios2eds/bin/gnu/h-i686-mingw32/bin/../lib/gcc/nios2-elf/4.1.2\libgcc.a(_muldi3.o)
 .bss           0x0201e848        0x0 c:/altera/12.1sp1/nios2eds/bin/gnu/h-i686-mingw32/bin/../lib/gcc/nios2-elf/4.1.2\libgcc.a(_clz.o)
 .bss           0x0201e848        0x0 c:/altera/12.1sp1/nios2eds/bin/gnu/h-i686-mingw32/bin/../lib/gcc/nios2-elf/4.1.2\libgcc.a(_clzsi2.o)
 .bss           0x0201e848        0x0 c:/altera/12.1sp1/nios2eds/bin/gnu/h-i686-mingw32/bin/../lib/gcc/nios2-elf/4.1.2\libgcc.a(_pack_df.o)
 .bss           0x0201e848        0x0 c:/altera/12.1sp1/nios2eds/bin/gnu/h-i686-mingw32/bin/../lib/gcc/nios2-elf/4.1.2\libgcc.a(_unpack_df.o)
 .bss           0x0201e848        0x0 c:/altera/12.1sp1/nios2eds/bin/gnu/h-i686-mingw32/bin/../lib/gcc/nios2-elf/4.1.2\libgcc.a(_fpcmp_parts_df.o)
 .bss           0x0201e848        0x0 ../i2c_test_bsp/\libucosii_bsp.a(alt_close.o)
 .bss           0x0201e848        0x0 ../i2c_test_bsp/\libucosii_bsp.a(alt_dev.o)
 .bss           0x0201e848        0x0 ../i2c_test_bsp/\libucosii_bsp.a(alt_errno.o)
 .bss           0x0201e848        0x0 ../i2c_test_bsp/\libucosii_bsp.a(alt_fstat.o)
 .bss           0x0201e848        0x0 ../i2c_test_bsp/\libucosii_bsp.a(alt_isatty.o)
 .bss           0x0201e848        0x0 ../i2c_test_bsp/\libucosii_bsp.a(alt_load.o)
 .bss           0x0201e848        0x0 ../i2c_test_bsp/\libucosii_bsp.a(alt_lseek.o)
 .bss           0x0201e848        0x0 ../i2c_test_bsp/\libucosii_bsp.a(alt_main.o)
 .bss           0x0201e848        0x0 ../i2c_test_bsp/\libucosii_bsp.a(alt_read.o)
 .bss           0x0201e848        0x0 ../i2c_test_bsp/\libucosii_bsp.a(alt_release_fd.o)
 .bss           0x0201e848        0x0 ../i2c_test_bsp/\libucosii_bsp.a(alt_sbrk.o)
 .bss           0x0201e848        0x0 ../i2c_test_bsp/\libucosii_bsp.a(alt_write.o)
 .bss           0x0201e848        0x0 ../i2c_test_bsp/\libucosii_bsp.a(alt_env_lock.o)
 .bss           0x0201e848        0x0 ../i2c_test_bsp/\libucosii_bsp.a(alt_malloc_lock.o)
 .bss           0x0201e848        0x0 ../i2c_test_bsp/\libucosii_bsp.a(os_core.o)
 .bss           0x0201e848        0x0 ../i2c_test_bsp/\libucosii_bsp.a(os_dbg.o)
 .bss           0x0201e848        0x0 ../i2c_test_bsp/\libucosii_bsp.a(os_flag.o)
 .bss           0x0201e848        0x0 ../i2c_test_bsp/\libucosii_bsp.a(os_mem.o)
 .bss           0x0201e848        0x0 ../i2c_test_bsp/\libucosii_bsp.a(os_q.o)
 .bss           0x0201e848        0x0 ../i2c_test_bsp/\libucosii_bsp.a(os_sem.o)
 .bss           0x0201e848        0x0 ../i2c_test_bsp/\libucosii_bsp.a(os_task.o)
 .bss           0x0201e848        0x0 ../i2c_test_bsp/\libucosii_bsp.a(os_time.o)
 .bss           0x0201e848        0x0 ../i2c_test_bsp/\libucosii_bsp.a(alt_sys_init.o)
 .bss           0x0201e848        0x0 ../i2c_test_bsp/\libucosii_bsp.a(altera_avalon_epcs_flash_controller.o)
 .bss           0x0201e848        0x0 ../i2c_test_bsp/\libucosii_bsp.a(altera_avalon_jtag_uart_fd.o)
 .bss           0x0201e848        0x0 ../i2c_test_bsp/\libucosii_bsp.a(altera_avalon_jtag_uart_init.o)
 .bss           0x0201e848        0x0 ../i2c_test_bsp/\libucosii_bsp.a(altera_avalon_jtag_uart_ioctl.o)
 .bss           0x0201e848        0x0 ../i2c_test_bsp/\libucosii_bsp.a(altera_avalon_jtag_uart_read.o)
 .bss           0x0201e848        0x0 ../i2c_test_bsp/\libucosii_bsp.a(altera_avalon_jtag_uart_write.o)
 .bss           0x0201e848        0x0 ../i2c_test_bsp/\libucosii_bsp.a(altera_avalon_timer_sc.o)
 .bss           0x0201e848        0x0 ../i2c_test_bsp/\libucosii_bsp.a(epcs_commands.o)
 .bss           0x0201e848        0x0 ../i2c_test_bsp/\libucosii_bsp.a(alt_alarm_start.o)
 .bss           0x0201e848        0x0 ../i2c_test_bsp/\libucosii_bsp.a(alt_dcache_flush_all.o)
 .bss           0x0201e848        0x0 ../i2c_test_bsp/\libucosii_bsp.a(alt_dev_llist_insert.o)
 .bss           0x0201e848        0x0 ../i2c_test_bsp/\libucosii_bsp.a(alt_do_ctors.o)
 .bss           0x0201e848        0x0 ../i2c_test_bsp/\libucosii_bsp.a(alt_do_dtors.o)
 .bss           0x0201e848        0x0 ../i2c_test_bsp/\libucosii_bsp.a(alt_flash_dev.o)
 .bss           0x0201e848        0x0 ../i2c_test_bsp/\libucosii_bsp.a(alt_icache_flush_all.o)
 .bss           0x0201e848        0x0 ../i2c_test_bsp/\libucosii_bsp.a(alt_iic.o)
 .bss           0x0201e848        0x0 ../i2c_test_bsp/\libucosii_bsp.a(alt_iic_isr_register.o)
 .bss           0x0201e848        0x0 ../i2c_test_bsp/\libucosii_bsp.a(alt_io_redirect.o)
 .bss           0x0201e848        0x0 ../i2c_test_bsp/\libucosii_bsp.a(alt_irq_entry.o)
 .bss           0x0201e848        0x0 ../i2c_test_bsp/\libucosii_bsp.a(alt_irq_handler.o)
 .bss           0x0201e848        0x0 ../i2c_test_bsp/\libucosii_bsp.a(alt_irq_vars.o)
 .bss           0x0201e848        0x0 ../i2c_test_bsp/\libucosii_bsp.a(alt_open.o)
 .bss           0x0201e848        0x0 ../i2c_test_bsp/\libucosii_bsp.a(alt_tick.o)
 .bss           0x0201e848        0x0 ../i2c_test_bsp/\libucosii_bsp.a(altera_nios2_qsys_irq.o)
 .bss           0x0201e848        0x0 ../i2c_test_bsp/\libucosii_bsp.a(os_cpu_a.o)
 .bss           0x0201e848        0x0 ../i2c_test_bsp/\libucosii_bsp.a(os_cpu_c.o)
 .bss           0x0201e848        0x0 ../i2c_test_bsp/\libucosii_bsp.a(altera_avalon_spi.o)
 .bss           0x0201e848        0x0 ../i2c_test_bsp/\libucosii_bsp.a(alt_exception_entry.o)
 .bss           0x0201e848        0x0 ../i2c_test_bsp/\libucosii_bsp.a(alt_find_dev.o)
 .bss           0x0201e848        0x0 ../i2c_test_bsp/\libucosii_bsp.a(alt_find_file.o)
 .bss           0x0201e848        0x0 ../i2c_test_bsp/\libucosii_bsp.a(alt_get_fd.o)
 .bss           0x0201e848        0x0 ../i2c_test_bsp/\libucosii_bsp.a(alt_icache_flush.o)
 .bss           0x0201e848        0x0 c:/altera/12.1sp1/nios2eds/bin/gnu/h-i686-mingw32/bin/../lib/gcc/nios2-elf/4.1.2/../../../../nios2-elf/lib\libc.a(lib_a-atexit.o)
 .bss           0x0201e848        0x0 c:/altera/12.1sp1/nios2eds/bin/gnu/h-i686-mingw32/bin/../lib/gcc/nios2-elf/4.1.2/../../../../nios2-elf/lib\libc.a(lib_a-exit.o)
 .bss           0x0201e848        0x0 c:/altera/12.1sp1/nios2eds/bin/gnu/h-i686-mingw32/bin/../lib/gcc/nios2-elf/4.1.2/../../../../nios2-elf/lib\libc.a(lib_a-memcmp.o)
 .bss           0x0201e848        0x0 c:/altera/12.1sp1/nios2eds/bin/gnu/h-i686-mingw32/bin/../lib/gcc/nios2-elf/4.1.2/../../../../nios2-elf/lib\libc.a(lib_a-__atexit.o)
 .bss           0x0201e848        0x0 c:/altera/12.1sp1/nios2eds/bin/gnu/h-i686-mingw32/bin/../lib/gcc/nios2-elf/4.1.2/../../../../nios2-elf/lib\libc.a(lib_a-__call_atexit.o)
 .bss           0x0201e848        0x0 ../i2c_test_bsp/\libucosii_bsp.a(alt_exit.o)
 *(COMMON)
 COMMON         0x0201e848     0x3224 ../i2c_test_bsp/\libucosii_bsp.a(os_core.o)
                0x0201e848                OSFlagTbl
                0x0201ebb8                OSMemTbl
                0x0201f7e8                OSTaskStatStk
                0x0201ffe8                OSQTbl
                0x020201c8                OSTaskIdleStk
                0x020209c8                OSEventTbl
                0x02021508                OSTCBTbl
                0x02021a18                OSTCBPrioTbl
 COMMON         0x02021a6c      0x100 ../i2c_test_bsp/\libucosii_bsp.a(alt_irq_handler.o)
                0x02021a6c                alt_irq
 COMMON         0x02021b6c      0x190 c:/altera/12.1sp1/nios2eds/bin/gnu/h-i686-mingw32/bin/../lib/gcc/nios2-elf/4.1.2/../../../../nios2-elf/lib\libc.a(lib_a-atexit.o)
                0x02021b6c                _atexit0
                0x02021cfc                . = ALIGN (0x4)
                0x02021cfc                __bss_end = ABSOLUTE (.)

.sdram          0x02021cfc        0x0
                0x02021cfc                PROVIDE (_alt_partition_sdram_start, ABSOLUTE (.))
 *(.sdram. sdram.*)
                0x02021cfc                . = ALIGN (0x4)
                0x02021cfc                PROVIDE (_alt_partition_sdram_end, ABSOLUTE (.))
                0x02021cfc                _end = ABSOLUTE (.)
                0x02021cfc                end = ABSOLUTE (.)
                0x02021cfc                __alt_stack_base = ABSOLUTE (.)
                0x02021cfc                PROVIDE (_alt_partition_sdram_load_addr, LOADADDR (.sdram))

.epcs_flash_controller
                0x04000800        0x0 load address 0x02021cfc
                0x04000800                PROVIDE (_alt_partition_epcs_flash_controller_start, ABSOLUTE (.))
 *(.epcs_flash_controller. epcs_flash_controller.*)
                0x04000800                . = ALIGN (0x4)
                0x04000800                PROVIDE (_alt_partition_epcs_flash_controller_end, ABSOLUTE (.))
                0x02021cfc                PROVIDE (_alt_partition_epcs_flash_controller_load_addr, LOADADDR (.epcs_flash_controller))

.stab
 *(.stab)

.stabstr
 *(.stabstr)

.stab.excl
 *(.stab.excl)

.stab.exclstr
 *(.stab.exclstr)

.stab.index
 *(.stab.index)

.stab.indexstr
 *(.stab.indexstr)

.comment        0x00000000       0x26
 *(.comment)
 .comment       0x00000000       0x26 obj/default/i2c_opencores.o
                                 0x27 (size before relaxing)
 .comment       0x00000000       0x27 obj/default/i2c_test.o
 .comment       0x00000000       0x27 c:/altera/12.1sp1/nios2eds/bin/gnu/h-i686-mingw32/bin/../lib/gcc/nios2-elf/4.1.2\libgcc.a(lib2-divmod.o)
 .comment       0x00000000       0x27 c:/altera/12.1sp1/nios2eds/bin/gnu/h-i686-mingw32/bin/../lib/gcc/nios2-elf/4.1.2/../../../../nios2-elf/lib\libc.a(lib_a-printf.o)
 .comment       0x00000000       0x27 c:/altera/12.1sp1/nios2eds/bin/gnu/h-i686-mingw32/bin/../lib/gcc/nios2-elf/4.1.2/../../../../nios2-elf/lib\libc.a(lib_a-puts.o)
 .comment       0x00000000       0x27 c:/altera/12.1sp1/nios2eds/bin/gnu/h-i686-mingw32/bin/../lib/gcc/nios2-elf/4.1.2/../../../../nios2-elf/lib\libc.a(lib_a-strlen.o)
 .comment       0x00000000       0x27 c:/altera/12.1sp1/nios2eds/bin/gnu/h-i686-mingw32/bin/../lib/gcc/nios2-elf/4.1.2/../../../../nios2-elf/lib\libc.a(lib_a-vfprintf.o)
 .comment       0x00000000       0x27 c:/altera/12.1sp1/nios2eds/bin/gnu/h-i686-mingw32/bin/../lib/gcc/nios2-elf/4.1.2/../../../../nios2-elf/lib\libc.a(lib_a-wsetup.o)
 .comment       0x00000000       0x27 c:/altera/12.1sp1/nios2eds/bin/gnu/h-i686-mingw32/bin/../lib/gcc/nios2-elf/4.1.2/../../../../nios2-elf/lib\libc.a(lib_a-dtoa.o)
 .comment       0x00000000       0x27 c:/altera/12.1sp1/nios2eds/bin/gnu/h-i686-mingw32/bin/../lib/gcc/nios2-elf/4.1.2/../../../../nios2-elf/lib\libc.a(lib_a-fflush.o)
 .comment       0x00000000       0x27 c:/altera/12.1sp1/nios2eds/bin/gnu/h-i686-mingw32/bin/../lib/gcc/nios2-elf/4.1.2/../../../../nios2-elf/lib\libc.a(lib_a-findfp.o)
 .comment       0x00000000       0x27 c:/altera/12.1sp1/nios2eds/bin/gnu/h-i686-mingw32/bin/../lib/gcc/nios2-elf/4.1.2/../../../../nios2-elf/lib\libc.a(lib_a-freer.o)
 .comment       0x00000000       0x27 c:/altera/12.1sp1/nios2eds/bin/gnu/h-i686-mingw32/bin/../lib/gcc/nios2-elf/4.1.2/../../../../nios2-elf/lib\libc.a(lib_a-fvwrite.o)
 .comment       0x00000000       0x27 c:/altera/12.1sp1/nios2eds/bin/gnu/h-i686-mingw32/bin/../lib/gcc/nios2-elf/4.1.2/../../../../nios2-elf/lib\libc.a(lib_a-fwalk.o)
 .comment       0x00000000       0x27 c:/altera/12.1sp1/nios2eds/bin/gnu/h-i686-mingw32/bin/../lib/gcc/nios2-elf/4.1.2/../../../../nios2-elf/lib\libc.a(lib_a-impure.o)
 .comment       0x00000000       0x27 c:/altera/12.1sp1/nios2eds/bin/gnu/h-i686-mingw32/bin/../lib/gcc/nios2-elf/4.1.2/../../../../nios2-elf/lib\libc.a(lib_a-locale.o)
 .comment       0x00000000       0x27 c:/altera/12.1sp1/nios2eds/bin/gnu/h-i686-mingw32/bin/../lib/gcc/nios2-elf/4.1.2/../../../../nios2-elf/lib\libc.a(lib_a-makebuf.o)
 .comment       0x00000000       0x27 c:/altera/12.1sp1/nios2eds/bin/gnu/h-i686-mingw32/bin/../lib/gcc/nios2-elf/4.1.2/../../../../nios2-elf/lib\libc.a(lib_a-mallocr.o)
 .comment       0x00000000       0x27 c:/altera/12.1sp1/nios2eds/bin/gnu/h-i686-mingw32/bin/../lib/gcc/nios2-elf/4.1.2/../../../../nios2-elf/lib\libc.a(lib_a-memchr.o)
 .comment       0x00000000       0x27 c:/altera/12.1sp1/nios2eds/bin/gnu/h-i686-mingw32/bin/../lib/gcc/nios2-elf/4.1.2/../../../../nios2-elf/lib\libc.a(lib_a-memcpy.o)
 .comment       0x00000000       0x27 c:/altera/12.1sp1/nios2eds/bin/gnu/h-i686-mingw32/bin/../lib/gcc/nios2-elf/4.1.2/../../../../nios2-elf/lib\libc.a(lib_a-memmove.o)
 .comment       0x00000000       0x27 c:/altera/12.1sp1/nios2eds/bin/gnu/h-i686-mingw32/bin/../lib/gcc/nios2-elf/4.1.2/../../../../nios2-elf/lib\libc.a(lib_a-memset.o)
 .comment       0x00000000       0x27 c:/altera/12.1sp1/nios2eds/bin/gnu/h-i686-mingw32/bin/../lib/gcc/nios2-elf/4.1.2/../../../../nios2-elf/lib\libc.a(lib_a-mprec.o)
 .comment       0x00000000       0x27 c:/altera/12.1sp1/nios2eds/bin/gnu/h-i686-mingw32/bin/../lib/gcc/nios2-elf/4.1.2/../../../../nios2-elf/lib\libc.a(lib_a-reallocr.o)
 .comment       0x00000000       0x27 c:/altera/12.1sp1/nios2eds/bin/gnu/h-i686-mingw32/bin/../lib/gcc/nios2-elf/4.1.2/../../../../nios2-elf/lib\libc.a(lib_a-s_isinfd.o)
 .comment       0x00000000       0x27 c:/altera/12.1sp1/nios2eds/bin/gnu/h-i686-mingw32/bin/../lib/gcc/nios2-elf/4.1.2/../../../../nios2-elf/lib\libc.a(lib_a-s_isnand.o)
 .comment       0x00000000       0x27 c:/altera/12.1sp1/nios2eds/bin/gnu/h-i686-mingw32/bin/../lib/gcc/nios2-elf/4.1.2/../../../../nios2-elf/lib\libc.a(lib_a-sbrkr.o)
 .comment       0x00000000       0x27 c:/altera/12.1sp1/nios2eds/bin/gnu/h-i686-mingw32/bin/../lib/gcc/nios2-elf/4.1.2/../../../../nios2-elf/lib\libc.a(lib_a-stdio.o)
 .comment       0x00000000       0x27 c:/altera/12.1sp1/nios2eds/bin/gnu/h-i686-mingw32/bin/../lib/gcc/nios2-elf/4.1.2/../../../../nios2-elf/lib\libc.a(lib_a-strcmp.o)
 .comment       0x00000000       0x27 c:/altera/12.1sp1/nios2eds/bin/gnu/h-i686-mingw32/bin/../lib/gcc/nios2-elf/4.1.2/../../../../nios2-elf/lib\libc.a(lib_a-writer.o)
 .comment       0x00000000       0x27 c:/altera/12.1sp1/nios2eds/bin/gnu/h-i686-mingw32/bin/../lib/gcc/nios2-elf/4.1.2/../../../../nios2-elf/lib\libc.a(lib_a-callocr.o)
 .comment       0x00000000       0x27 c:/altera/12.1sp1/nios2eds/bin/gnu/h-i686-mingw32/bin/../lib/gcc/nios2-elf/4.1.2/../../../../nios2-elf/lib\libc.a(lib_a-closer.o)
 .comment       0x00000000       0x27 c:/altera/12.1sp1/nios2eds/bin/gnu/h-i686-mingw32/bin/../lib/gcc/nios2-elf/4.1.2/../../../../nios2-elf/lib\libc.a(lib_a-fclose.o)
 .comment       0x00000000       0x27 c:/altera/12.1sp1/nios2eds/bin/gnu/h-i686-mingw32/bin/../lib/gcc/nios2-elf/4.1.2/../../../../nios2-elf/lib\libc.a(lib_a-fstatr.o)
 .comment       0x00000000       0x27 c:/altera/12.1sp1/nios2eds/bin/gnu/h-i686-mingw32/bin/../lib/gcc/nios2-elf/4.1.2/../../../../nios2-elf/lib\libc.a(lib_a-int_errno.o)
 .comment       0x00000000       0x27 c:/altera/12.1sp1/nios2eds/bin/gnu/h-i686-mingw32/bin/../lib/gcc/nios2-elf/4.1.2/../../../../nios2-elf/lib\libc.a(lib_a-isattyr.o)
 .comment       0x00000000       0x27 c:/altera/12.1sp1/nios2eds/bin/gnu/h-i686-mingw32/bin/../lib/gcc/nios2-elf/4.1.2/../../../../nios2-elf/lib\libc.a(lib_a-lseekr.o)
 .comment       0x00000000       0x27 c:/altera/12.1sp1/nios2eds/bin/gnu/h-i686-mingw32/bin/../lib/gcc/nios2-elf/4.1.2/../../../../nios2-elf/lib\libc.a(lib_a-readr.o)
 .comment       0x00000000       0x27 c:/altera/12.1sp1/nios2eds/bin/gnu/h-i686-mingw32/bin/../lib/gcc/nios2-elf/4.1.2\libgcc.a(_udivdi3.o)
 .comment       0x00000000       0x27 c:/altera/12.1sp1/nios2eds/bin/gnu/h-i686-mingw32/bin/../lib/gcc/nios2-elf/4.1.2\libgcc.a(_umoddi3.o)
 .comment       0x00000000       0x27 c:/altera/12.1sp1/nios2eds/bin/gnu/h-i686-mingw32/bin/../lib/gcc/nios2-elf/4.1.2\libgcc.a(_addsub_df.o)
 .comment       0x00000000       0x27 c:/altera/12.1sp1/nios2eds/bin/gnu/h-i686-mingw32/bin/../lib/gcc/nios2-elf/4.1.2\libgcc.a(_mul_df.o)
 .comment       0x00000000       0x27 c:/altera/12.1sp1/nios2eds/bin/gnu/h-i686-mingw32/bin/../lib/gcc/nios2-elf/4.1.2\libgcc.a(_div_df.o)
 .comment       0x00000000       0x27 c:/altera/12.1sp1/nios2eds/bin/gnu/h-i686-mingw32/bin/../lib/gcc/nios2-elf/4.1.2\libgcc.a(_eq_df.o)
 .comment       0x00000000       0x27 c:/altera/12.1sp1/nios2eds/bin/gnu/h-i686-mingw32/bin/../lib/gcc/nios2-elf/4.1.2\libgcc.a(_ne_df.o)
 .comment       0x00000000       0x27 c:/altera/12.1sp1/nios2eds/bin/gnu/h-i686-mingw32/bin/../lib/gcc/nios2-elf/4.1.2\libgcc.a(_gt_df.o)
 .comment       0x00000000       0x27 c:/altera/12.1sp1/nios2eds/bin/gnu/h-i686-mingw32/bin/../lib/gcc/nios2-elf/4.1.2\libgcc.a(_ge_df.o)
 .comment       0x00000000       0x27 c:/altera/12.1sp1/nios2eds/bin/gnu/h-i686-mingw32/bin/../lib/gcc/nios2-elf/4.1.2\libgcc.a(_lt_df.o)
 .comment       0x00000000       0x27 c:/altera/12.1sp1/nios2eds/bin/gnu/h-i686-mingw32/bin/../lib/gcc/nios2-elf/4.1.2\libgcc.a(_si_to_df.o)
 .comment       0x00000000       0x27 c:/altera/12.1sp1/nios2eds/bin/gnu/h-i686-mingw32/bin/../lib/gcc/nios2-elf/4.1.2\libgcc.a(_df_to_si.o)
 .comment       0x00000000       0x27 c:/altera/12.1sp1/nios2eds/bin/gnu/h-i686-mingw32/bin/../lib/gcc/nios2-elf/4.1.2\libgcc.a(_thenan_df.o)
 .comment       0x00000000       0x27 c:/altera/12.1sp1/nios2eds/bin/gnu/h-i686-mingw32/bin/../lib/gcc/nios2-elf/4.1.2\libgcc.a(_usi_to_df.o)
 .comment       0x00000000       0x27 c:/altera/12.1sp1/nios2eds/bin/gnu/h-i686-mingw32/bin/../lib/gcc/nios2-elf/4.1.2\libgcc.a(_muldi3.o)
 .comment       0x00000000       0x27 c:/altera/12.1sp1/nios2eds/bin/gnu/h-i686-mingw32/bin/../lib/gcc/nios2-elf/4.1.2\libgcc.a(_clz.o)
 .comment       0x00000000       0x27 c:/altera/12.1sp1/nios2eds/bin/gnu/h-i686-mingw32/bin/../lib/gcc/nios2-elf/4.1.2\libgcc.a(_clzsi2.o)
 .comment       0x00000000       0x27 c:/altera/12.1sp1/nios2eds/bin/gnu/h-i686-mingw32/bin/../lib/gcc/nios2-elf/4.1.2\libgcc.a(_pack_df.o)
 .comment       0x00000000       0x27 c:/altera/12.1sp1/nios2eds/bin/gnu/h-i686-mingw32/bin/../lib/gcc/nios2-elf/4.1.2\libgcc.a(_unpack_df.o)
 .comment       0x00000000       0x27 c:/altera/12.1sp1/nios2eds/bin/gnu/h-i686-mingw32/bin/../lib/gcc/nios2-elf/4.1.2\libgcc.a(_fpcmp_parts_df.o)
 .comment       0x00000000       0x27 ../i2c_test_bsp/\libucosii_bsp.a(alt_close.o)
 .comment       0x00000000       0x27 ../i2c_test_bsp/\libucosii_bsp.a(alt_dev.o)
 .comment       0x00000000       0x27 ../i2c_test_bsp/\libucosii_bsp.a(alt_errno.o)
 .comment       0x00000000       0x27 ../i2c_test_bsp/\libucosii_bsp.a(alt_fstat.o)
 .comment       0x00000000       0x27 ../i2c_test_bsp/\libucosii_bsp.a(alt_isatty.o)
 .comment       0x00000000       0x27 ../i2c_test_bsp/\libucosii_bsp.a(alt_load.o)
 .comment       0x00000000       0x27 ../i2c_test_bsp/\libucosii_bsp.a(alt_lseek.o)
 .comment       0x00000000       0x27 ../i2c_test_bsp/\libucosii_bsp.a(alt_main.o)
 .comment       0x00000000       0x27 ../i2c_test_bsp/\libucosii_bsp.a(alt_read.o)
 .comment       0x00000000       0x27 ../i2c_test_bsp/\libucosii_bsp.a(alt_release_fd.o)
 .comment       0x00000000       0x27 ../i2c_test_bsp/\libucosii_bsp.a(alt_sbrk.o)
 .comment       0x00000000       0x27 ../i2c_test_bsp/\libucosii_bsp.a(alt_write.o)
 .comment       0x00000000       0x27 ../i2c_test_bsp/\libucosii_bsp.a(alt_env_lock.o)
 .comment       0x00000000       0x27 ../i2c_test_bsp/\libucosii_bsp.a(alt_malloc_lock.o)
 .comment       0x00000000       0x27 ../i2c_test_bsp/\libucosii_bsp.a(os_core.o)
 .comment       0x00000000       0x27 ../i2c_test_bsp/\libucosii_bsp.a(os_dbg.o)
 .comment       0x00000000       0x27 ../i2c_test_bsp/\libucosii_bsp.a(os_flag.o)
 .comment       0x00000000       0x27 ../i2c_test_bsp/\libucosii_bsp.a(os_mem.o)
 .comment       0x00000000       0x27 ../i2c_test_bsp/\libucosii_bsp.a(os_q.o)
 .comment       0x00000000       0x27 ../i2c_test_bsp/\libucosii_bsp.a(os_sem.o)
 .comment       0x00000000       0x27 ../i2c_test_bsp/\libucosii_bsp.a(os_task.o)
 .comment       0x00000000       0x27 ../i2c_test_bsp/\libucosii_bsp.a(os_time.o)
 .comment       0x00000000       0x27 ../i2c_test_bsp/\libucosii_bsp.a(alt_sys_init.o)
 .comment       0x00000000       0x27 ../i2c_test_bsp/\libucosii_bsp.a(altera_avalon_epcs_flash_controller.o)
 .comment       0x00000000       0x27 ../i2c_test_bsp/\libucosii_bsp.a(altera_avalon_jtag_uart_fd.o)
 .comment       0x00000000       0x27 ../i2c_test_bsp/\libucosii_bsp.a(altera_avalon_jtag_uart_init.o)
 .comment       0x00000000       0x27 ../i2c_test_bsp/\libucosii_bsp.a(altera_avalon_jtag_uart_ioctl.o)
 .comment       0x00000000       0x27 ../i2c_test_bsp/\libucosii_bsp.a(altera_avalon_jtag_uart_read.o)
 .comment       0x00000000       0x27 ../i2c_test_bsp/\libucosii_bsp.a(altera_avalon_jtag_uart_write.o)
 .comment       0x00000000       0x27 ../i2c_test_bsp/\libucosii_bsp.a(altera_avalon_timer_sc.o)
 .comment       0x00000000       0x27 ../i2c_test_bsp/\libucosii_bsp.a(epcs_commands.o)
 .comment       0x00000000       0x27 ../i2c_test_bsp/\libucosii_bsp.a(alt_alarm_start.o)
 .comment       0x00000000       0x27 ../i2c_test_bsp/\libucosii_bsp.a(alt_dcache_flush_all.o)
 .comment       0x00000000       0x27 ../i2c_test_bsp/\libucosii_bsp.a(alt_dev_llist_insert.o)
 .comment       0x00000000       0x27 ../i2c_test_bsp/\libucosii_bsp.a(alt_do_ctors.o)
 .comment       0x00000000       0x27 ../i2c_test_bsp/\libucosii_bsp.a(alt_do_dtors.o)
 .comment       0x00000000       0x27 ../i2c_test_bsp/\libucosii_bsp.a(alt_flash_dev.o)
 .comment       0x00000000       0x27 ../i2c_test_bsp/\libucosii_bsp.a(alt_icache_flush_all.o)
 .comment       0x00000000       0x27 ../i2c_test_bsp/\libucosii_bsp.a(alt_iic.o)