Archive member included because of file (symbol)

c:/altera/12.1sp1/nios2eds/bin/gnu/h-i686-mingw32/bin/../lib/gcc/nios2-elf/4.1.2/../../../../nios2-elf/lib\libstdc++.a(class_type_info.o)
                              obj/default/transmitterInterface.o (vtable for __cxxabiv1::__class_type_info)
c:/altera/12.1sp1/nios2eds/bin/gnu/h-i686-mingw32/bin/../lib/gcc/nios2-elf/4.1.2/../../../../nios2-elf/lib\libstdc++.a(del_op.o)
                              obj/default/transmitterInterface.o (operator delete(void*))
c:/altera/12.1sp1/nios2eds/bin/gnu/h-i686-mingw32/bin/../lib/gcc/nios2-elf/4.1.2/../../../../nios2-elf/lib\libstdc++.a(si_class_type_info.o)
                              c:/altera/12.1sp1/nios2eds/bin/gnu/h-i686-mingw32/bin/../lib/gcc/nios2-elf/4.1.2/../../../../nios2-elf/lib\libstdc++.a(class_type_info.o) (vtable for __cxxabiv1::__si_class_type_info)
c:/altera/12.1sp1/nios2eds/bin/gnu/h-i686-mingw32/bin/../lib/gcc/nios2-elf/4.1.2/../../../../nios2-elf/lib\libstdc++.a(tinfo.o)
                              c:/altera/12.1sp1/nios2eds/bin/gnu/h-i686-mingw32/bin/../lib/gcc/nios2-elf/4.1.2/../../../../nios2-elf/lib\libstdc++.a(class_type_info.o) (std::type_info::__is_pointer_p() const)
c:/altera/12.1sp1/nios2eds/bin/gnu/h-i686-mingw32/bin/../lib/gcc/nios2-elf/4.1.2/../../../../nios2-elf/lib\libc.a(lib_a-malloc.o)
                              c:/altera/12.1sp1/nios2eds/bin/gnu/h-i686-mingw32/bin/../lib/gcc/nios2-elf/4.1.2/../../../../nios2-elf/lib\libstdc++.a(del_op.o) (free)
c:/altera/12.1sp1/nios2eds/bin/gnu/h-i686-mingw32/bin/../lib/gcc/nios2-elf/4.1.2/../../../../nios2-elf/lib\libc.a(lib_a-mallocr.o)
                              c:/altera/12.1sp1/nios2eds/bin/gnu/h-i686-mingw32/bin/../lib/gcc/nios2-elf/4.1.2/../../../../nios2-elf/lib\libc.a(lib_a-malloc.o) (_malloc_r)
c:/altera/12.1sp1/nios2eds/bin/gnu/h-i686-mingw32/bin/../lib/gcc/nios2-elf/4.1.2/../../../../nios2-elf/lib\libc.a(lib_a-puts.o)
                              obj/default/transmitter_test.o (puts)
c:/altera/12.1sp1/nios2eds/bin/gnu/h-i686-mingw32/bin/../lib/gcc/nios2-elf/4.1.2/../../../../nios2-elf/lib\libc.a(lib_a-sbrkr.o)
                              c:/altera/12.1sp1/nios2eds/bin/gnu/h-i686-mingw32/bin/../lib/gcc/nios2-elf/4.1.2/../../../../nios2-elf/lib\libc.a(lib_a-mallocr.o) (_sbrk_r)
c:/altera/12.1sp1/nios2eds/bin/gnu/h-i686-mingw32/bin/../lib/gcc/nios2-elf/4.1.2/../../../../nios2-elf/lib\libc.a(lib_a-strlen.o)
                              c:/altera/12.1sp1/nios2eds/bin/gnu/h-i686-mingw32/bin/../lib/gcc/nios2-elf/4.1.2/../../../../nios2-elf/lib\libc.a(lib_a-puts.o) (strlen)
c:/altera/12.1sp1/nios2eds/bin/gnu/h-i686-mingw32/bin/../lib/gcc/nios2-elf/4.1.2/../../../../nios2-elf/lib\libc.a(lib_a-freer.o)
                              c:/altera/12.1sp1/nios2eds/bin/gnu/h-i686-mingw32/bin/../lib/gcc/nios2-elf/4.1.2/../../../../nios2-elf/lib\libc.a(lib_a-malloc.o) (_free_r)
c:/altera/12.1sp1/nios2eds/bin/gnu/h-i686-mingw32/bin/../lib/gcc/nios2-elf/4.1.2/../../../../nios2-elf/lib\libc.a(lib_a-fvwrite.o)
                              c:/altera/12.1sp1/nios2eds/bin/gnu/h-i686-mingw32/bin/../lib/gcc/nios2-elf/4.1.2/../../../../nios2-elf/lib\libc.a(lib_a-puts.o) (__sfvwrite_r)
c:/altera/12.1sp1/nios2eds/bin/gnu/h-i686-mingw32/bin/../lib/gcc/nios2-elf/4.1.2/../../../../nios2-elf/lib\libc.a(lib_a-impure.o)
                              c:/altera/12.1sp1/nios2eds/bin/gnu/h-i686-mingw32/bin/../lib/gcc/nios2-elf/4.1.2/../../../../nios2-elf/lib\libc.a(lib_a-malloc.o) (_impure_ptr)
c:/altera/12.1sp1/nios2eds/bin/gnu/h-i686-mingw32/bin/../lib/gcc/nios2-elf/4.1.2/../../../../nios2-elf/lib\libc.a(lib_a-int_errno.o)
                              c:/altera/12.1sp1/nios2eds/bin/gnu/h-i686-mingw32/bin/../lib/gcc/nios2-elf/4.1.2/../../../../nios2-elf/lib\libc.a(lib_a-sbrkr.o) (errno)
c:/altera/12.1sp1/nios2eds/bin/gnu/h-i686-mingw32/bin/../lib/gcc/nios2-elf/4.1.2/../../../../nios2-elf/lib\libc.a(lib_a-memchr.o)
                              c:/altera/12.1sp1/nios2eds/bin/gnu/h-i686-mingw32/bin/../lib/gcc/nios2-elf/4.1.2/../../../../nios2-elf/lib\libc.a(lib_a-fvwrite.o) (memchr)
c:/altera/12.1sp1/nios2eds/bin/gnu/h-i686-mingw32/bin/../lib/gcc/nios2-elf/4.1.2/../../../../nios2-elf/lib\libc.a(lib_a-memcpy.o)
                              c:/altera/12.1sp1/nios2eds/bin/gnu/h-i686-mingw32/bin/../lib/gcc/nios2-elf/4.1.2/../../../../nios2-elf/lib\libc.a(lib_a-fvwrite.o) (memcpy)
c:/altera/12.1sp1/nios2eds/bin/gnu/h-i686-mingw32/bin/../lib/gcc/nios2-elf/4.1.2/../../../../nios2-elf/lib\libc.a(lib_a-memmove.o)
                              c:/altera/12.1sp1/nios2eds/bin/gnu/h-i686-mingw32/bin/../lib/gcc/nios2-elf/4.1.2/../../../../nios2-elf/lib\libc.a(lib_a-fvwrite.o) (memmove)
c:/altera/12.1sp1/nios2eds/bin/gnu/h-i686-mingw32/bin/../lib/gcc/nios2-elf/4.1.2/../../../../nios2-elf/lib\libc.a(lib_a-reallocr.o)
[...]
Memory Configuration

Name             Origin             Length             Attributes
reset            0x02000000         0x00000020
sdram            0x02000020         0x01ffffe0
epcs_flash_controller 0x04000800         0x00000800
*default*        0x00000000         0xffffffff

Linker script and memory map

LOAD ../transmitter_test_bsp//obj/HAL/src/crt0.o
LOAD obj/default/transmitterInterface.o
LOAD obj/default/transmitter_test.o
LOAD c:/altera/12.1sp1/nios2eds/bin/gnu/h-i686-mingw32/bin/../lib/gcc/nios2-elf/4.1.2/../../../../nios2-elf/lib\libstdc++.a
LOAD c:/altera/12.1sp1/nios2eds/bin/gnu/h-i686-mingw32/bin/../lib/gcc/nios2-elf/4.1.2/../../../../nios2-elf/lib\libm.a
LOAD c:/altera/12.1sp1/nios2eds/bin/gnu/h-i686-mingw32/bin/../lib/gcc/nios2-elf/4.1.2\libgcc.a
START GROUP
LOAD c:/altera/12.1sp1/nios2eds/bin/gnu/h-i686-mingw32/bin/../lib/gcc/nios2-elf/4.1.2/../../../../nios2-elf/lib\libc.a
LOAD c:/altera/12.1sp1/nios2eds/bin/gnu/h-i686-mingw32/bin/../lib/gcc/nios2-elf/4.1.2\libgcc.a
LOAD ../transmitter_test_bsp/\libucosii_bsp.a
END GROUP
LOAD c:/altera/12.1sp1/nios2eds/bin/gnu/h-i686-mingw32/bin/../lib/gcc/nios2-elf/4.1.2\libgcc.a
                0x02000000                __alt_mem_sdram = 0x2000000
                0x04000800                __alt_mem_epcs_flash_controller = 0x4000800

.entry          0x02000000       0x20
 *(.entry)
 .entry         0x02000000       0x20 ../transmitter_test_bsp//obj/HAL/src/crt0.o
                0x02000000                __reset

.exceptions     0x02000020      0x19c
                0x02000020                PROVIDE (__ram_exceptions_start, ABSOLUTE (.))
                0x02000020                . = ALIGN (0x20)
 *(.irq)
 *(.exceptions.entry.label)
 .exceptions.entry.label
                0x02000020        0x0 ../transmitter_test_bsp/\libucosii_bsp.a(alt_irq_entry.o)
                0x02000020                alt_irq_entry
 .exceptions.entry.label
                0x02000020        0x0 ../transmitter_test_bsp/\libucosii_bsp.a(alt_exception_entry.o)
                0x02000020                alt_exception
 *(.exceptions.entry.user)
 *(.exceptions.entry)
 .exceptions.entry
                0x02000020       0x54 ../transmitter_test_bsp/\libucosii_bsp.a(alt_exception_entry.o)
 *(.exceptions.irqtest.user)
 *(.exceptions.irqtest)
 .exceptions.irqtest
                0x02000074       0x10 ../transmitter_test_bsp/\libucosii_bsp.a(alt_irq_entry.o)
 *(.exceptions.irqhandler.user)
 *(.exceptions.irqhandler)
 .exceptions.irqhandler
                0x02000084        0x4 ../transmitter_test_bsp/\libucosii_bsp.a(alt_irq_entry.o)
 *(.exceptions.irqreturn.user)
 *(.exceptions.irqreturn)
 .exceptions.irqreturn
                0x02000088        0x4 ../transmitter_test_bsp/\libucosii_bsp.a(alt_irq_entry.o)
 *(.exceptions.notirq.label)
 .exceptions.notirq.label
                0x0200008c        0x0 ../transmitter_test_bsp/\libucosii_bsp.a(alt_irq_entry.o)
 *(.exceptions.notirq.user)
 *(.exceptions.notirq)
 .exceptions.notirq
                0x0200008c        0x8 ../transmitter_test_bsp/\libucosii_bsp.a(alt_exception_entry.o)
 *(.exceptions.soft.user)
 *(.exceptions.soft)
 *(.exceptions.unknown.user)
 *(.exceptions.unknown)
 .exceptions.unknown
                0x02000094        0x4 ../transmitter_test_bsp/\libucosii_bsp.a(alt_exception_entry.o)
 *(.exceptions.exit.label)
 .exceptions.exit.label
                0x02000098        0x0 ../transmitter_test_bsp/\libucosii_bsp.a(alt_irq_entry.o)
 .exceptions.exit.label
                0x02000098        0x0 ../transmitter_test_bsp/\libucosii_bsp.a(alt_exception_entry.o)
 *(.exceptions.exit.user)
 *(.exceptions.exit)
 .exceptions.exit
                0x02000098       0x54 ../transmitter_test_bsp/\libucosii_bsp.a(alt_exception_entry.o)
 *(.exceptions)
 .exceptions    0x020000ec       0xd0 ../transmitter_test_bsp/\libucosii_bsp.a(alt_irq_handler.o)
                0x020000ec                alt_irq_handler
                0x020001bc                PROVIDE (__ram_exceptions_end, ABSOLUTE (.))
                0x02000020                PROVIDE (__flash_exceptions_start, LOADADDR (.exceptions))

.text           0x020001bc    0x102d0
                0x020001bc                PROVIDE (stext, ABSOLUTE (.))
 *(.interp)
 *(.hash)
 *(.dynsym)
 *(.dynstr)
 *(.gnu.version)
 *(.gnu.version_d)
 *(.gnu.version_r)
 *(.rel.init)
 *(.rela.init)
 *(.rel.text .rel.text.* .rel.gnu.linkonce.t.*)
 *(.rela.text .rela.text.* .rela.gnu.linkonce.t.*)
 *(.rel.fini)
 *(.rela.fini)
 *(.rel.rodata .rel.rodata.* .rel.gnu.linkonce.r.*)
 *(.rela.rodata .rela.rodata.* .rela.gnu.linkonce.r.*)
 *(.rel.data .rel.data.* .rel.gnu.linkonce.d.*)
 *(.rela.data .rela.data.* .rela.gnu.linkonce.d.*)
 *(.rel.tdata .rel.tdata.* .rel.gnu.linkonce.td.*)
 *(.rela.tdata .rela.tdata.* .rela.gnu.linkonce.td.*)
 *(.rel.tbss .rel.tbss.* .rel.gnu.linkonce.tb.*)
 *(.rela.tbss .rela.tbss.* .rela.gnu.linkonce.tb.*)
 *(.rel.ctors)
 *(.rela.ctors)
 *(.rel.dtors)
 *(.rela.dtors)
 *(.rel.got)
 *(.rela.got)
 *(.rel.sdata .rel.sdata.* .rel.gnu.linkonce.s.*)
 *(.rela.sdata .rela.sdata.* .rela.gnu.linkonce.s.*)
 *(.rel.sbss .rel.sbss.* .rel.gnu.linkonce.sb.*)
 *(.rela.sbss .rela.sbss.* .rela.gnu.linkonce.sb.*)
 *(.rel.sdata2 .rel.sdata2.* .rel.gnu.linkonce.s2.*)
 *(.rela.sdata2 .rela.sdata2.* .rela.gnu.linkonce.s2.*)
 *(.rel.sbss2 .rel.sbss2.* .rel.gnu.linkonce.sb2.*)
 *(.rela.sbss2 .rela.sbss2.* .rela.gnu.linkonce.sb2.*)
 *(.rel.bss .rel.bss.* .rel.gnu.linkonce.b.*)
 *(.rela.bss .rela.bss.* .rela.gnu.linkonce.b.*)
 *(.rel.plt)
 *(.rela.plt)
 *(.rel.dyn)
 *(.init)
 *(.plt)
 *(.text .stub .text.* .gnu.linkonce.t.*)
 .text          0x020001bc       0x4c ../transmitter_test_bsp//obj/HAL/src/crt0.o
                0x020001bc                _start
 .text          0x02000208      0x568 obj/default/transmitterInterface.o
                0x02000208                TransmitterInterface::validateTurn(signed char, signed char)
                0x02000250                TransmitterInterface::validateMove(signed char, signed char)
                0x02000298                TransmitterInterface::moveOff()
                0x02000320                TransmitterInterface::turnOff()
                0x020003a8                TransmitterInterface::moveReverse()
                0x02000430                TransmitterInterface::moveForward()
                0x020004b8                TransmitterInterface::turnRight()
                0x02000540                TransmitterInterface::turnLeft()
                0x020005c8                TransmitterInterface::~TransmitterInterface()
                0x02000618                TransmitterInterface::~TransmitterInterface()
                0x02000668                TransmitterInterface::~TransmitterInterface()
                0x020006b8                TransmitterInterface::TransmitterInterface(int*)
                0x02000714                TransmitterInterface::TransmitterInterface(int*)
 .text          0x02000770      0x294 obj/default/transmitter_test.o
                0x0200084c                main
                0x020008b8                task1(void*)
 .text          0x02000a04      0x1bc c:/altera/12.1sp1/nios2eds/bin/gnu/h-i686-mingw32/bin/../lib/gcc/nios2-elf/4.1.2/../../../../nios2-elf/lib\libstdc++.a(class_type_info.o)
                0x02000a04                __cxxabiv1::__class_type_info::__do_upcast(__cxxabiv1::__class_type_info const*, void**) const
                0x02000a70                __cxxabiv1::__class_type_info::__do_find_public_src(long, void const*, __cxxabiv1::__class_type_info const*, void const*) const
                0x02000a90                __cxxabiv1::__class_type_info::~__class_type_info()
                0x02000ac4                __cxxabiv1::__class_type_info::~__class_type_info()
                0x02000ad4                __cxxabiv1::__class_type_info::~__class_type_info()
                0x02000ae4                __cxxabiv1::__class_type_info::__do_catch(std::type_info const*, void**, unsigned int) const
                0x02000b44                __cxxabiv1::__class_type_info::__do_upcast(__cxxabiv1::__class_type_info const*, void const*, __cxxabiv1::__class_type_info::__upcast_result&) const
                0x02000b74                __cxxabiv1::__class_type_info::__do_dyncast(long, __cxxabiv1::__class_type_info::__sub_kind, __cxxabiv1::__class_type_info const*, void const*, __cxxabiv1::__class_type_info const*, void const*, __cxxabiv1::__class_type_info::__dyncast_result&) const
 .text          0x02000bc0        0xc c:/altera/12.1sp1/nios2eds/bin/gnu/h-i686-mingw32/bin/../lib/gcc/nios2-elf/4.1.2/../../../../nios2-elf/lib\libstdc++.a(del_op.o)
                0x02000bc0                operator delete(void*)
 .text          0x02000bcc      0x1c8 c:/altera/12.1sp1/nios2eds/bin/gnu/h-i686-mingw32/bin/../lib/gcc/nios2-elf/4.1.2/../../../../nios2-elf/lib\libstdc++.a(si_class_type_info.o)
                0x02000bcc                __cxxabiv1::__si_class_type_info::__do_upcast(__cxxabiv1::__class_type_info const*, void const*, __cxxabiv1::__class_type_info::__upcast_result&) const
                0x02000c44                __cxxabiv1::__si_class_type_info::~__si_class_type_info()
                0x02000c78                __cxxabiv1::__si_class_type_info::~__si_class_type_info()
                0x02000c88                __cxxabiv1::__si_class_type_info::~__si_class_type_info()
                0x02000c98                __cxxabiv1::__si_class_type_info::__do_find_public_src(long, void const*, __cxxabiv1::__class_type_info const*, void const*) const
                0x02000ccc                __cxxabiv1::__si_class_type_info::__do_dyncast(long, __cxxabiv1::__class_type_info::__sub_kind, __cxxabiv1::__class_type_info const*, void const*, __cxxabiv1::__class_type_info const*, void const*, __cxxabiv1::__class_type_info::__dyncast_result&) const
 .text          0x02000d94       0x58 c:/altera/12.1sp1/nios2eds/bin/gnu/h-i686-mingw32/bin/../lib/gcc/nios2-elf/4.1.2/../../../../nios2-elf/lib\libstdc++.a(tinfo.o)
                0x02000d94                std::type_info::__is_pointer_p() const
                0x02000d9c                std::type_info::__is_function_p() const
                0x02000da4                std::type_info::__do_catch(std::type_info const*, void**, unsigned int) const
                0x02000db4                std::type_info::__do_upcast(__cxxabiv1::__class_type_info const*, void**) const
                0x02000dbc                std::type_info::~type_info()
                0x02000dcc                std::type_info::~type_info()
                0x02000ddc                std::type_info::~type_info()
 .text          0x02000dec       0x28 c:/altera/12.1sp1/nios2eds/bin/gnu/h-i686-mingw32/bin/../lib/gcc/nios2-elf/4.1.2/../../../../nios2-elf/lib\libc.a(lib_a-malloc.o)
                0x02000dec                free
                0x02000e00                malloc
 .text          0x02000e14      0x740 c:/altera/12.1sp1/nios2eds/bin/gnu/h-i686-mingw32/bin/../lib/gcc/nios2-elf/4.1.2/../../../../nios2-elf/lib\libc.a(lib_a-mallocr.o)
                0x02000e14                _malloc_r
 .text          0x02001554       0xb4 c:/altera/12.1sp1/nios2eds/bin/gnu/h-i686-mingw32/bin/../lib/gcc/nios2-elf/4.1.2/../../../../nios2-elf/lib\libc.a(lib_a-puts.o)
                0x02001554                _puts_r
                0x020015f4                puts
 .text          0x02001608       0x70 c:/altera/12.1sp1/nios2eds/bin/gnu/h-i686-mingw32/bin/../lib/gcc/nios2-elf/4.1.2/../../../../nios2-elf/lib\libc.a(lib_a-sbrkr.o)
                0x02001608                _sbrk_r
 .text          0x02001678       0x74 c:/altera/12.1sp1/nios2eds/bin/gnu/h-i686-mingw32/bin/../lib/gcc/nios2-elf/4.1.2/../../../../nios2-elf/lib\libc.a(lib_a-strlen.o)
                0x02001678                strlen
 .text          0x020016ec      0x440 c:/altera/12.1sp1/nios2eds/bin/gnu/h-i686-mingw32/bin/../lib/gcc/nios2-elf/4.1.2/../../../../nios2-elf/lib\libc.a(lib_a-freer.o)
                0x020016ec                _malloc_trim_r
                0x02001818                _free_r
 .text          0x02001b2c      0x49c c:/altera/12.1sp1/nios2eds/bin/gnu/h-i686-mingw32/bin/../lib/gcc/nios2-elf/4.1.2/../../../../nios2-elf/lib\libc.a(lib_a-fvwrite.o)
                0x02001b2c                __sfvwrite_r
 .text          0x02001fc8        0x0 c:/altera/12.1sp1/nios2eds/bin/gnu/h-i686-mingw32/bin/../lib/gcc/nios2-elf/4.1.2/../../../../nios2-elf/lib\libc.a(lib_a-impure.o)
 .text          0x02001fc8        0x0 c:/altera/12.1sp1/nios2eds/bin/gnu/h-i686-mingw32/bin/../lib/gcc/nios2-elf/4.1.2/../../../../nios2-elf/lib\libc.a(lib_a-int_errno.o)
 .text          0x02001fc8       0xe4 c:/altera/12.1sp1/nios2eds/bin/gnu/h-i686-mingw32/bin/../lib/gcc/nios2-elf/4.1.2/../../../../nios2-elf/lib\libc.a(lib_a-memchr.o)
                0x02001fc8                memchr
 .text          0x020020ac       0xa0 c:/altera/12.1sp1/nios2eds/bin/gnu/h-i686-mingw32/bin/../lib/gcc/nios2-elf/4.1.2/../../../../nios2-elf/lib\libc.a(lib_a-memcpy.o)
                0x020020ac                memcpy
 .text          0x0200214c       0xe0 c:/altera/12.1sp1/nios2eds/bin/gnu/h-i686-mingw32/bin/../lib/gcc/nios2-elf/4.1.2/../../../../nios2-elf/lib\libc.a(lib_a-memmove.o)
                0x0200214c                memmove
 .text          0x0200222c      0x5f4 c:/altera/12.1sp1/nios2eds/bin/gnu/h-i686-mingw32/bin/../lib/gcc/nios2-elf/4.1.2/../../../../nios2-elf/lib\libc.a(lib_a-reallocr.o)
                0x0200222c                _realloc_r
 .text          0x02002820      0x13c c:/altera/12.1sp1/nios2eds/bin/gnu/h-i686-mingw32/bin/../lib/gcc/nios2-elf/4.1.2/../../../../nios2-elf/lib\libc.a(lib_a-wsetup.o)
                0x02002820                __swsetup_r
 .text          0x0200295c      0x230 c:/altera/12.1sp1/nios2eds/bin/gnu/h-i686-mingw32/bin/../lib/gcc/nios2-elf/4.1.2/../../../../nios2-elf/lib\libc.a(lib_a-fflush.o)
                0x0200295c                _fflush_r
                0x02002b58                fflush
 .text          0x02002b8c      0x2c0 c:/altera/12.1sp1/nios2eds/bin/gnu/h-i686-mingw32/bin/../lib/gcc/nios2-elf/4.1.2/../../../../nios2-elf/lib\libc.a(lib_a-findfp.o)
                0x02002be4                __sfp_lock_acquire
                0x02002be8                __sfp_lock_release
                0x02002bec                __sinit_lock_acquire
                0x02002bf0                __sinit_lock_release
                0x02002bf4                __sinit
                0x02002ca8                __fp_unlock_all
                0x02002cc0                __fp_lock_all
                0x02002cd8                _cleanup_r
                0x02002ce4                _cleanup
                0x02002cf4                __sfmoreglue
                0x02002d5c                __sfp
 .text          0x02002e4c      0x180 c:/altera/12.1sp1/nios2eds/bin/gnu/h-i686-mingw32/bin/../lib/gcc/nios2-elf/4.1.2/../../../../nios2-elf/lib\libc.a(lib_a-fwalk.o)
                0x02002e4c                _fwalk_reent
                0x02002f14                _fwalk
 .text          0x02002fcc      0x194 c:/altera/12.1sp1/nios2eds/bin/gnu/h-i686-mingw32/bin/../lib/gcc/nios2-elf/4.1.2/../../../../nios2-elf/lib\libc.a(lib_a-makebuf.o)
                0x02002fcc                __smakebuf_r
 .text          0x02003160       0x98 c:/altera/12.1sp1/nios2eds/bin/gnu/h-i686-mingw32/bin/../lib/gcc/nios2-elf/4.1.2/../../../../nios2-elf/lib\libc.a(lib_a-memset.o)
                0x02003160                memset
 .text          0x020031f8      0x14c c:/altera/12.1sp1/nios2eds/bin/gnu/h-i686-mingw32/bin/../lib/gcc/nios2-elf/4.1.2/../../../../nios2-elf/lib\libc.a(lib_a-stdio.o)
                0x020031f8                __sclose
                0x02003200                __sseek
                0x02003268                __swrite
                0x020032e4                __sread
 .text          0x02003344       0x78 c:/altera/12.1sp1/nios2eds/bin/gnu/h-i686-mingw32/bin/../lib/gcc/nios2-elf/4.1.2/../../../../nios2-elf/lib\libc.a(lib_a-writer.o)
                0x02003344                _write_r
 .text          0x020033bc       0x70 c:/altera/12.1sp1/nios2eds/bin/gnu/h-i686-mingw32/bin/../lib/gcc/nios2-elf/4.1.2/../../../../nios2-elf/lib\libc.a(lib_a-closer.o)
                0x020033bc                _close_r
 .text          0x0200342c      0x124 c:/altera/12.1sp1/nios2eds/bin/gnu/h-i686-mingw32/bin/../lib/gcc/nios2-elf/4.1.2/../../../../nios2-elf/lib\libc.a(lib_a-fclose.o)
                0x0200342c                _fclose_r
                0x0200353c                fclose
 .text          0x02003550       0x74 c:/altera/12.1sp1/nios2eds/bin/gnu/h-i686-mingw32/bin/../lib/gcc/nios2-elf/4.1.2/../../../../nios2-elf/lib\libc.a(lib_a-fstatr.o)
                0x02003550                _fstat_r
 .text          0x020035c4       0x70 c:/altera/12.1sp1/nios2eds/bin/gnu/h-i686-mingw32/bin/../lib/gcc/nios2-elf/4.1.2/../../../../nios2-elf/lib\libc.a(lib_a-isattyr.o)
                0x020035c4                _isatty_r
 .text          0x02003634       0x78 c:/altera/12.1sp1/nios2eds/bin/gnu/h-i686-mingw32/bin/../lib/gcc/nios2-elf/4.1.2/../../../../nios2-elf/lib\libc.a(lib_a-lseekr.o)
                0x02003634                _lseek_r
 .text          0x020036ac       0x78 c:/altera/12.1sp1/nios2eds/bin/gnu/h-i686-mingw32/bin/../lib/gcc/nios2-elf/4.1.2/../../../../nios2-elf/lib\libc.a(lib_a-readr.o)
                0x020036ac                _read_r
 .text          0x02003724      0x15c ../transmitter_test_bsp/\libucosii_bsp.a(alt_close.o)
                0x02003724                close
 .text          0x02003880       0x2c ../transmitter_test_bsp/\libucosii_bsp.a(alt_dev.o)
 .text          0x020038ac        0x0 ../transmitter_test_bsp/\libucosii_bsp.a(alt_errno.o)
 .text          0x020038ac      0x134 ../transmitter_test_bsp/\libucosii_bsp.a(alt_fstat.o)
                0x020038ac                fstat
 .text          0x020039e0      0x120 ../transmitter_test_bsp/\libucosii_bsp.a(alt_isatty.o)
                0x020039e0                isatty
 .text          0x02003b00       0xec ../transmitter_test_bsp/\libucosii_bsp.a(alt_load.o)
                0x02003b00                alt_load
 .text          0x02003bec      0x150 ../transmitter_test_bsp/\libucosii_bsp.a(alt_lseek.o)
                0x02003bec                lseek
 .text          0x02003d3c       0xc8 ../transmitter_test_bsp/\libucosii_bsp.a(alt_main.o)
                0x02003d3c                alt_main
 .text          0x02003e04      0x180 ../transmitter_test_bsp/\libucosii_bsp.a(alt_read.o)
                0x02003e04                read
 .text          0x02003f84       0x60 ../transmitter_test_bsp/\libucosii_bsp.a(alt_release_fd.o)
                0x02003f84                alt_release_fd
 .text          0x02003fe4       0xbc ../transmitter_test_bsp/\libucosii_bsp.a(alt_sbrk.o)
                0x02003fe4                sbrk
 .text          0x020040a0      0x180 ../transmitter_test_bsp/\libucosii_bsp.a(alt_write.o)
                0x020040a0                write
 .text          0x02004220      0x108 ../transmitter_test_bsp/\libucosii_bsp.a(alt_env_lock.o)
                0x02004220                __env_lock
                0x020042cc                __env_unlock
 .text          0x02004328      0x1d8 ../transmitter_test_bsp/\libucosii_bsp.a(alt_malloc_lock.o)
                0x02004328                __malloc_lock
                0x02004430                __malloc_unlock
 .text          0x02004500     0x2128 ../transmitter_test_bsp/\libucosii_bsp.a(os_core.o)
                0x02004500                OSEventNameGet
                0x02004630                OSEventNameSet
                0x02004774                OSEventPendMulti
                0x02004e28                OSInit
                0x02004e7c                OSIntEnter
                0x02004ef8                OSIntExit
                0x02004ff8                OSSchedLock
                0x02005084                OSSchedUnlock
                0x02005168                OSStart
                0x020051d8                OSStatInit
                0x02005284                OSTimeTick
                0x020054c4                OSVersion
                0x020054e4                OS_Dummy
                0x02005500                OS_EventTaskRdy
                0x02005694                OS_EventTaskWait
                0x020057a4                OS_EventTaskWaitMulti
                0x020058f8                OS_EventTaskRemove
                0x020059b0                OS_EventTaskRemoveMulti
                0x02005ab4                OS_EventWaitListInit
                0x02005e80                OS_MemClr
                0x02005ed4                OS_MemCopy
                0x02005f40                OS_Sched
                0x02006084                OS_StrCopy
                0x02006104                OS_StrLen
                0x0200615c                OS_TaskIdle
                0x020061b8                OS_TaskStat
                0x02006280                OS_TaskStatStkChk
                0x02006348                OS_TCBInit
 .text          0x02006628      0x18c ../transmitter_test_bsp/\libucosii_bsp.a(os_dbg.o)
                0x02006628                OSDebugInit
 .text          0x020067b4     0x193c ../transmitter_test_bsp/\libucosii_bsp.a(os_flag.o)
                0x020067b4                OSFlagAccept
                0x02006ae8                OSFlagCreate
                0x02006c24                OSFlagDel
                0x02006ecc                OSFlagNameGet
                0x02007010                OSFlagNameSet
                0x02007164                OSFlagPend
                0x020077a8                OSFlagPendGetFlagsRdy
                0x02007810                OSFlagPost
                0x02007bb8                OSFlagQuery
                0x02007e50                OS_FlagInit
                0x02008044                OS_FlagUnlink
 .text          0x020080f0      0x808 ../transmitter_test_bsp/\libucosii_bsp.a(os_mem.o)
                0x020080f0                OSMemCreate
                0x0200830c                OSMemGet
                0x02008410                OSMemNameGet
                0x0200851c                OSMemNameSet
                0x0200863c                OSMemPut
                0x0200872c                OSMemQuery
                0x02008828                OS_MemInit
 .text          0x020088f8     0x1334 ../transmitter_test_bsp/\libucosii_bsp.a(os_q.o)
                0x020088f8                OSQAccept
                0x02008a4c                OSQCreate
                0x02008c60                OSQDel
                0x02008f60                OSQFlush
                0x02009028                OSQPend
                0x02009348                OSQPendAbort
                0x020094c4                OSQPost
                0x02009644                OSQPostFront
                0x020097cc                OSQPostOpt
                0x02009a00                OSQQuery
                0x02009b80                OS_QInit
 .text          0x02009c2c      0xbc8 ../transmitter_test_bsp/\libucosii_bsp.a(os_sem.o)
                0x02009c2c                OSSemAccept
                0x02009cec                OSSemCreate
                0x02009e00                OSSemDel
                0x0200a0a0                OSSemPend
                0x0200a31c                OSSemPendAbort
                0x0200a498                OSSemPost
                0x0200a5c0                OSSemQuery
                0x0200a6f0                OSSemSet
 .text          0x0200a7f4     0x1a40 ../transmitter_test_bsp/\libucosii_bsp.a(os_task.o)
                0x0200a7f4                OSTaskChangePrio
                0x0200ad68                OSTaskCreate
                0x0200af3c                OSTaskCreateExt
                0x0200b13c                OSTaskDel
                0x0200b548                OSTaskDelReq
                0x0200b6b8                OSTaskNameGet
                0x0200b870                OSTaskNameSet
                0x0200ba34                OSTaskResume
                0x0200bc4c                OSTaskStkChk
                0x0200be48                OSTaskSuspend
                0x0200c074                OSTaskQuery
                0x0200c1b8                OS_TaskStkClr
 .text          0x0200c234      0x598 ../transmitter_test_bsp/\libucosii_bsp.a(os_time.o)
                0x0200c234                OSTimeDly
                0x0200c380                OSTimeDlyHMSM
                0x0200c4f4                OSTimeDlyResume
                0x0200c704                OSTimeGet
                0x0200c768                OSTimeSet
 .text          0x0200c7cc       0xe0 ../transmitter_test_bsp/\libucosii_bsp.a(alt_sys_init.o)
                0x0200c7cc                alt_irq_init
                0x0200c800                alt_sys_init
 .text          0x0200c8ac      0x9e4 ../transmitter_test_bsp/\libucosii_bsp.a(altera_avalon_epcs_flash_controller.o)
                0x0200c8ac                alt_epcs_flash_init
                0x0200ccc8                alt_epcs_flash_write
                0x0200cf48                alt_epcs_flash_get_info
                0x0200cfd8                alt_epcs_flash_erase_block
                0x0200d0dc                alt_epcs_flash_write_block
                0x0200d1f8                alt_epcs_flash_read
 .text          0x0200d290      0x148 ../transmitter_test_bsp/\libucosii_bsp.a(altera_avalon_jtag_uart_fd.o)
                0x0200d290                altera_avalon_jtag_uart_read_fd
                0x0200d2e8                altera_avalon_jtag_uart_write_fd
                0x0200d340                altera_avalon_jtag_uart_close_fd
                0x0200d388                altera_avalon_jtag_uart_ioctl_fd
 .text          0x0200d3d8      0x584 ../transmitter_test_bsp/\libucosii_bsp.a(altera_avalon_jtag_uart_init.o)
                0x0200d3d8                altera_avalon_jtag_uart_init
                0x0200d8e8                altera_avalon_jtag_uart_close
 .text          0x0200d95c       0xf4 ../transmitter_test_bsp/\libucosii_bsp.a(altera_avalon_jtag_uart_ioctl.o)
                0x0200d95c                altera_avalon_jtag_uart_ioctl
 .text          0x0200da50      0x2c0 ../transmitter_test_bsp/\libucosii_bsp.a(altera_avalon_jtag_uart_read.o)
                0x0200da50                altera_avalon_jtag_uart_read
 .text          0x0200dd10      0x2dc ../transmitter_test_bsp/\libucosii_bsp.a(altera_avalon_jtag_uart_write.o)
                0x0200dd10                altera_avalon_jtag_uart_write
 .text          0x0200dfec      0x100 ../transmitter_test_bsp/\libucosii_bsp.a(altera_avalon_timer_sc.o)
                0x0200e05c                alt_avalon_timer_sc_init
 .text          0x0200e0ec      0x6d4 ../transmitter_test_bsp/\libucosii_bsp.a(epcs_commands.o)
                0x0200e0ec                epcs_read_status_register
                0x0200e14c                epcs_sector_erase
                0x0200e2b4                epcs_read_buffer
                0x0200e400                epcs_write_enable
                0x0200e450                epcs_write_status_register
                0x0200e4b4                epcs_write_buffer
                0x0200e624                epcs_read_electronic_signature
                0x0200e690                epcs_read_device_id
                0x0200e710                epcs_enter_4_bytes_mode
                0x0200e768                epcs_exit_4_bytes_mode
 .text          0x0200e7c0      0x154 ../transmitter_test_bsp/\libucosii_bsp.a(alt_alarm_start.o)
                0x0200e7c0                alt_alarm_start
 .text          0x0200e914       0x44 ../transmitter_test_bsp/\libucosii_bsp.a(alt_dcache_flush_all.o)
                0x0200e914                alt_dcache_flush_all
 .text          0x0200e958      0x114 ../transmitter_test_bsp/\libucosii_bsp.a(alt_dev_llist_insert.o)
                0x0200e958                alt_dev_llist_insert
 .text          0x0200ea6c       0x64 ../transmitter_test_bsp/\libucosii_bsp.a(alt_do_ctors.o)
                0x0200ea6c                _do_ctors
 .text          0x0200ead0       0x64 ../transmitter_test_bsp/\libucosii_bsp.a(alt_do_dtors.o)
                0x0200ead0                _do_dtors
 .text          0x0200eb34       0xd0 ../transmitter_test_bsp/\libucosii_bsp.a(alt_flash_dev.o)
                0x0200eb34                alt_flash_open_dev
                0x0200ebb0                alt_flash_close_dev
 .text          0x0200ec04       0x30 ../transmitter_test_bsp/\libucosii_bsp.a(alt_icache_flush_all.o)
                0x0200ec04                alt_icache_flush_all
 .text          0x0200ec34      0x1d4 ../transmitter_test_bsp/\libucosii_bsp.a(alt_iic.o)
                0x0200ec34                alt_ic_isr_register
                0x0200ec84                alt_ic_irq_enable
                0x0200ed20                alt_ic_irq_disable
                0x0200edc0                alt_ic_irq_enabled
 .text          0x0200ee08       0xf8 ../transmitter_test_bsp/\libucosii_bsp.a(alt_iic_isr_register.o)
                0x0200ee08                alt_iic_isr_register
 .text          0x0200ef00      0x13c ../transmitter_test_bsp/\libucosii_bsp.a(alt_io_redirect.o)
                0x0200efc4                alt_io_redirect
 .text          0x0200f03c        0x0 ../transmitter_test_bsp/\libucosii_bsp.a(alt_irq_entry.o)
 .text          0x0200f03c        0x0 ../transmitter_test_bsp/\libucosii_bsp.a(alt_irq_handler.o)
 .text          0x0200f03c        0x0 ../transmitter_test_bsp/\libucosii_bsp.a(alt_irq_vars.o)
 .text          0x0200f03c      0x2c4 ../transmitter_test_bsp/\libucosii_bsp.a(alt_open.o)
                0x0200f118                open
 .text          0x0200f300      0x1a8 ../transmitter_test_bsp/\libucosii_bsp.a(alt_tick.o)
                0x0200f300                alt_alarm_stop
                0x0200f398                alt_tick
 .text          0x0200f4a8       0x20 ../transmitter_test_bsp/\libucosii_bsp.a(altera_nios2_qsys_irq.o)
                0x0200f4a8                altera_nios2_qsys_irq_init
 .text          0x0200f4c8       0xd0 ../transmitter_test_bsp/\libucosii_bsp.a(os_cpu_a.o)
                0x0200f4c8                OSCtxSw
                0x0200f4c8                OSIntCtxSw
                0x0200f554                OSStartHighRdy
                0x0200f574                OSStartTsk
 .text          0x0200f598      0x418 ../transmitter_test_bsp/\libucosii_bsp.a(os_cpu_c.o)
                0x0200f598                OSTaskStkInit
                0x0200f8a8                OSTaskCreateHook
                0x0200f8c8                OSTaskDelHook
                0x0200f8e8                OSTaskSwHook
                0x0200f904                OSTaskStatHook
                0x0200f920                OSTimeTickHook
                0x0200f93c                OSInitHookBegin
                0x0200f958                OSInitHookEnd
                0x0200f974                OSTaskIdleHook
                0x0200f990                OSTCBInitHook
 .text          0x0200f9b0      0x238 ../transmitter_test_bsp/\libucosii_bsp.a(altera_avalon_spi.o)
                0x0200f9b0                alt_avalon_spi_command
 .text          0x0200fbe8        0x0 ../transmitter_test_bsp/\libucosii_bsp.a(alt_exception_entry.o)
 .text          0x0200fbe8       0x94 ../transmitter_test_bsp/\libucosii_bsp.a(alt_find_dev.o)
                0x0200fbe8                alt_find_dev
 .text          0x0200fc7c      0x120 ../transmitter_test_bsp/\libucosii_bsp.a(alt_find_file.o)
                0x0200fc7c                alt_find_file
 .text          0x0200fd9c       0xf4 ../transmitter_test_bsp/\libucosii_bsp.a(alt_get_fd.o)
                0x0200fd9c                alt_get_fd
 .text          0x0200fe90       0x90 ../transmitter_test_bsp/\libucosii_bsp.a(alt_icache_flush.o)
                0x0200fe90                alt_icache_flush
 .text          0x0200ff20       0x14 c:/altera/12.1sp1/nios2eds/bin/gnu/h-i686-mingw32/bin/../lib/gcc/nios2-elf/4.1.2/../../../../nios2-elf/lib\libc.a(lib_a-atexit.o)
                0x0200ff20                atexit
 .text          0x0200ff34       0x38 c:/altera/12.1sp1/nios2eds/bin/gnu/h-i686-mingw32/bin/../lib/gcc/nios2-elf/4.1.2/../../../../nios2-elf/lib\libc.a(lib_a-exit.o)
                0x0200ff34                exit
 .text          0x0200ff6c       0x74 c:/altera/12.1sp1/nios2eds/bin/gnu/h-i686-mingw32/bin/../lib/gcc/nios2-elf/4.1.2/../../../../nios2-elf/lib\libc.a(lib_a-memcmp.o)
                0x0200ff6c                memcmp
 .text          0x0200ffe0      0x134 c:/altera/12.1sp1/nios2eds/bin/gnu/h-i686-mingw32/bin/../lib/gcc/nios2-elf/4.1.2/../../../../nios2-elf/lib\libc.a(lib_a-__atexit.o)
                0x0200ffe0                __register_exitproc
 .text          0x02010114      0x1b4 c:/altera/12.1sp1/nios2eds/bin/gnu/h-i686-mingw32/bin/../lib/gcc/nios2-elf/4.1.2/../../../../nios2-elf/lib\libc.a(lib_a-__call_atexit.o)
                0x02010118                __call_exitprocs
 .text          0x020102c8      0x14c c:/altera/12.1sp1/nios2eds/bin/gnu/h-i686-mingw32/bin/../lib/gcc/nios2-elf/4.1.2\libgcc.a(lib2-divmod.o)
                0x02010344                __divsi3
                0x020103a4                __modsi3
                0x02010404                __udivsi3
                0x0201040c                __umodsi3
 .text          0x02010414       0x6c ../transmitter_test_bsp/\libucosii_bsp.a(alt_exit.o)
                0x02010454                _exit
 *(.gnu.warning.*)
 *(.fini)
                0x02010480                PROVIDE (__etext, ABSOLUTE (.))
                0x02010480                PROVIDE (_etext, ABSOLUTE (.))
                0x02010480                PROVIDE (etext, ABSOLUTE (.))
 *(.eh_frame_hdr)
                0x02010480                . = ALIGN (0x4)
                0x02010480                PROVIDE (__preinit_array_start, ABSOLUTE (.))
 *(.preinit_array)
                0x02010480                PROVIDE (__preinit_array_end, ABSOLUTE (.))
                0x02010480                PROVIDE (__init_array_start, ABSOLUTE (.))
 *(.init_array)
                0x02010480                PROVIDE (__init_array_end, ABSOLUTE (.))
                0x02010480                PROVIDE (__fini_array_start, ABSOLUTE (.))
 *(.fini_array)
                0x02010480                PROVIDE (__fini_array_end, ABSOLUTE (.))
 *(.eh_frame)
 *(.gcc_except_table)
 *(.dynamic)
                0x02010480                PROVIDE (__CTOR_LIST__, ABSOLUTE (.))
 *(.ctors)
 .ctors         0x02010480        0x4 obj/default/transmitter_test.o
 *(SORT(.ctors.*))
 .ctors.65535   0x02010484        0x4 c:/altera/12.1sp1/nios2eds/bin/gnu/h-i686-mingw32/bin/../lib/gcc/nios2-elf/4.1.2/../../../../nios2-elf/lib\libc.a(lib_a-__call_atexit.o)
                0x02010488                PROVIDE (__CTOR_END__, ABSOLUTE (.))
                0x02010488                PROVIDE (__DTOR_LIST__, ABSOLUTE (.))
 *(.dtors)
 .dtors         0x02010488        0x4 obj/default/transmitter_test.o
 *(SORT(.dtors.*))
                0x0201048c                PROVIDE (__DTOR_END__, ABSOLUTE (.))
 *(.jcr)
                0x0201048c                . = ALIGN (0x4)

.rodata         0x0201048c      0x2ec
                0x0201048c                PROVIDE (__ram_rodata_start, ABSOLUTE (.))
                0x0201048c                . = ALIGN (0x4)
 *(.rodata .rodata.* .gnu.linkonce.r.*)
 .rodata._ZTV20TransmitterInterface
                0x0201048c       0x10 obj/default/transmitterInterface.o
                0x0201048c                vtable for TransmitterInterface
 .rodata._ZTS20TransmitterInterface
                0x0201049c       0x18 obj/default/transmitterInterface.o
                0x0201049c                typeinfo name for TransmitterInterface
 .rodata        0x020104b4       0x50 obj/default/transmitter_test.o
 .rodata._ZTVN10__cxxabiv117__class_type_infoE
                0x02010504       0x2c c:/altera/12.1sp1/nios2eds/bin/gnu/h-i686-mingw32/bin/../lib/gcc/nios2-elf/4.1.2/../../../../nios2-elf/lib\libstdc++.a(class_type_info.o)
                0x02010504                vtable for __cxxabiv1::__class_type_info
 .rodata._ZTSN10__cxxabiv117__class_type_infoE
                0x02010530       0x24 c:/altera/12.1sp1/nios2eds/bin/gnu/h-i686-mingw32/bin/../lib/gcc/nios2-elf/4.1.2/../../../../nios2-elf/lib\libstdc++.a(class_type_info.o)
                0x02010530                typeinfo name for __cxxabiv1::__class_type_info
 .rodata._ZTIN10__cxxabiv117__class_type_infoE
                0x02010554        0xc c:/altera/12.1sp1/nios2eds/bin/gnu/h-i686-mingw32/bin/../lib/gcc/nios2-elf/4.1.2/../../../../nios2-elf/lib\libstdc++.a(class_type_info.o)
                0x02010554                typeinfo for __cxxabiv1::__class_type_info
 .rodata._ZTVN10__cxxabiv120__si_class_type_infoE
                0x02010560       0x2c c:/altera/12.1sp1/nios2eds/bin/gnu/h-i686-mingw32/bin/../lib/gcc/nios2-elf/4.1.2/../../../../nios2-elf/lib\libstdc++.a(si_class_type_info.o)
                0x02010560                vtable for __cxxabiv1::__si_class_type_info
 .rodata._ZTSN10__cxxabiv120__si_class_type_infoE
                0x0201058c       0x28 c:/altera/12.1sp1/nios2eds/bin/gnu/h-i686-mingw32/bin/../lib/gcc/nios2-elf/4.1.2/../../../../nios2-elf/lib\libstdc++.a(si_class_type_info.o)
                0x0201058c                typeinfo name for __cxxabiv1::__si_class_type_info
 .rodata._ZTIN10__cxxabiv120__si_class_type_infoE
                0x020105b4        0xc c:/altera/12.1sp1/nios2eds/bin/gnu/h-i686-mingw32/bin/../lib/gcc/nios2-elf/4.1.2/../../../../nios2-elf/lib\libstdc++.a(si_class_type_info.o)
                0x020105b4                typeinfo for __cxxabiv1::__si_class_type_info
 .rodata._ZTVSt9type_info
                0x020105c0       0x20 c:/altera/12.1sp1/nios2eds/bin/gnu/h-i686-mingw32/bin/../lib/gcc/nios2-elf/4.1.2/../../../../nios2-elf/lib\libstdc++.a(tinfo.o)
                0x020105c0                vtable for std::type_info
 .rodata._ZTSSt9type_info
                0x020105e0       0x10 c:/altera/12.1sp1/nios2eds/bin/gnu/h-i686-mingw32/bin/../lib/gcc/nios2-elf/4.1.2/../../../../nios2-elf/lib\libstdc++.a(tinfo.o)
                0x020105e0                typeinfo name for std::type_info
 .rodata.str1.4
                0x020105f0        0x2 c:/altera/12.1sp1/nios2eds/bin/gnu/h-i686-mingw32/bin/../lib/gcc/nios2-elf/4.1.2/../../../../nios2-elf/lib\libc.a(lib_a-puts.o)
                                  0x4 (size before relaxing)
 *fill*         0x020105f2        0x2 00
 .rodata.str1.4
                0x020105f4        0x4 c:/altera/12.1sp1/nios2eds/bin/gnu/h-i686-mingw32/bin/../lib/gcc/nios2-elf/4.1.2/../../../../nios2-elf/lib\libc.a(lib_a-impure.o)
 .rodata        0x020105f8        0xc ../transmitter_test_bsp/\libucosii_bsp.a(alt_dev.o)
 .rodata        0x02010604       0x10 ../transmitter_test_bsp/\libucosii_bsp.a(alt_main.o)
 .rodata        0x02010614      0x120 ../transmitter_test_bsp/\libucosii_bsp.a(os_core.o)
                0x02010614                OSUnMapTbl
 .rodata        0x02010734       0x40 ../transmitter_test_bsp/\libucosii_bsp.a(alt_sys_init.o)
 .rodata        0x02010774        0x4 ../transmitter_test_bsp/\libucosii_bsp.a(os_cpu_c.o)
 *(.rodata1)
                0x02010778                . = ALIGN (0x4)
                0x02010778                PROVIDE (__ram_rodata_end, ABSOLUTE (.))
                0x0201048c                PROVIDE (__flash_rodata_start, LOADADDR (.rodata))

.rwdata         0x02010778     0x1bdc load address 0x02012354
                0x02010778                PROVIDE (__ram_rwdata_start, ABSOLUTE (.))
                0x02010778                . = ALIGN (0x4)
 *(.got.plt)
 *(.got)
 *(.data1)
 *(.data .data.* .gnu.linkonce.d.*)
 .data          0x02010778        0x0 ../transmitter_test_bsp//obj/HAL/src/crt0.o
 .data          0x02010778        0x0 obj/default/transmitterInterface.o
 .data          0x02010778        0x0 obj/default/transmitter_test.o
 .data          0x02010778        0x0 c:/altera/12.1sp1/nios2eds/bin/gnu/h-i686-mingw32/bin/../lib/gcc/nios2-elf/4.1.2/../../../../nios2-elf/lib\libstdc++.a(class_type_info.o)
 .data          0x02010778        0x0 c:/altera/12.1sp1/nios2eds/bin/gnu/h-i686-mingw32/bin/../lib/gcc/nios2-elf/4.1.2/../../../../nios2-elf/lib\libstdc++.a(del_op.o)
 .data          0x02010778        0x0 c:/altera/12.1sp1/nios2eds/bin/gnu/h-i686-mingw32/bin/../lib/gcc/nios2-elf/4.1.2/../../../../nios2-elf/lib\libstdc++.a(si_class_type_info.o)
 .data          0x02010778        0x0 c:/altera/12.1sp1/nios2eds/bin/gnu/h-i686-mingw32/bin/../lib/gcc/nios2-elf/4.1.2/../../../../nios2-elf/lib\libstdc++.a(tinfo.o)
 .data          0x02010778        0x0 c:/altera/12.1sp1/nios2eds/bin/gnu/h-i686-mingw32/bin/../lib/gcc/nios2-elf/4.1.2/../../../../nios2-elf/lib\libc.a(lib_a-malloc.o)
 .data          0x02010778      0x408 c:/altera/12.1sp1/nios2eds/bin/gnu/h-i686-mingw32/bin/../lib/gcc/nios2-elf/4.1.2/../../../../nios2-elf/lib\libc.a(lib_a-mallocr.o)
                0x02010778                __malloc_av_
 .data          0x02010b80        0x0 c:/altera/12.1sp1/nios2eds/bin/gnu/h-i686-mingw32/bin/../lib/gcc/nios2-elf/4.1.2/../../../../nios2-elf/lib\libc.a(lib_a-puts.o)
 .data          0x02010b80        0x0 c:/altera/12.1sp1/nios2eds/bin/gnu/h-i686-mingw32/bin/../lib/gcc/nios2-elf/4.1.2/../../../../nios2-elf/lib\libc.a(lib_a-sbrkr.o)
 .data          0x02010b80        0x0 c:/altera/12.1sp1/nios2eds/bin/gnu/h-i686-mingw32/bin/../lib/gcc/nios2-elf/4.1.2/../../../../nios2-elf/lib\libc.a(lib_a-strlen.o)
 .data          0x02010b80        0x0 c:/altera/12.1sp1/nios2eds/bin/gnu/h-i686-mingw32/bin/../lib/gcc/nios2-elf/4.1.2/../../../../nios2-elf/lib\libc.a(lib_a-freer.o)
 .data          0x02010b80        0x0 c:/altera/12.1sp1/nios2eds/bin/gnu/h-i686-mingw32/bin/../lib/gcc/nios2-elf/4.1.2/../../../../nios2-elf/lib\libc.a(lib_a-fvwrite.o)
 .data          0x02010b80      0x400 c:/altera/12.1sp1/nios2eds/bin/gnu/h-i686-mingw32/bin/../lib/gcc/nios2-elf/4.1.2/../../../../nios2-elf/lib\libc.a(lib_a-impure.o)
 .data          0x02010f80        0x0 c:/altera/12.1sp1/nios2eds/bin/gnu/h-i686-mingw32/bin/../lib/gcc/nios2-elf/4.1.2/../../../../nios2-elf/lib\libc.a(lib_a-int_errno.o)
 .data          0x02010f80        0x0 c:/altera/12.1sp1/nios2eds/bin/gnu/h-i686-mingw32/bin/../lib/gcc/nios2-elf/4.1.2/../../../../nios2-elf/lib\libc.a(lib_a-memchr.o)
 .data          0x02010f80        0x0 c:/altera/12.1sp1/nios2eds/bin/gnu/h-i686-mingw32/bin/../lib/gcc/nios2-elf/4.1.2/../../../../nios2-elf/lib\libc.a(lib_a-memcpy.o)
 .data          0x02010f80        0x0 c:/altera/12.1sp1/nios2eds/bin/gnu/h-i686-mingw32/bin/../lib/gcc/nios2-elf/4.1.2/../../../../nios2-elf/lib\libc.a(lib_a-memmove.o)
 .data          0x02010f80        0x0 c:/altera/12.1sp1/nios2eds/bin/gnu/h-i686-mingw32/bin/../lib/gcc/nios2-elf/4.1.2/../../../../nios2-elf/lib\libc.a(lib_a-reallocr.o)
 .data          0x02010f80        0x0 c:/altera/12.1sp1/nios2eds/bin/gnu/h-i686-mingw32/bin/../lib/gcc/nios2-elf/4.1.2/../../../../nios2-elf/lib\libc.a(lib_a-wsetup.o)
 .data          0x02010f80        0x0 c:/altera/12.1sp1/nios2eds/bin/gnu/h-i686-mingw32/bin/../lib/gcc/nios2-elf/4.1.2/../../../../nios2-elf/lib\libc.a(lib_a-fflush.o)
 .data          0x02010f80        0x0 c:/altera/12.1sp1/nios2eds/bin/gnu/h-i686-mingw32/bin/../lib/gcc/nios2-elf/4.1.2/../../../../nios2-elf/lib\libc.a(lib_a-findfp.o)
 .data          0x02010f80        0x0 c:/altera/12.1sp1/nios2eds/bin/gnu/h-i686-mingw32/bin/../lib/gcc/nios2-elf/4.1.2/../../../../nios2-elf/lib\libc.a(lib_a-fwalk.o)
 .data          0x02010f80        0x0 c:/altera/12.1sp1/nios2eds/bin/gnu/h-i686-mingw32/bin/../lib/gcc/nios2-elf/4.1.2/../../../../nios2-elf/lib\libc.a(lib_a-makebuf.o)
 .data          0x02010f80        0x0 c:/altera/12.1sp1/nios2eds/bin/gnu/h-i686-mingw32/bin/../lib/gcc/nios2-elf/4.1.2/../../../../nios2-elf/lib\libc.a(lib_a-memset.o)
 .data          0x02010f80        0x0 c:/altera/12.1sp1/nios2eds/bin/gnu/h-i686-mingw32/bin/../lib/gcc/nios2-elf/4.1.2/../../../../nios2-elf/lib\libc.a(lib_a-stdio.o)
 .data          0x02010f80        0x0 c:/altera/12.1sp1/nios2eds/bin/gnu/h-i686-mingw32/bin/../lib/gcc/nios2-elf/4.1.2/../../../../nios2-elf/lib\libc.a(lib_a-writer.o)
 .data          0x02010f80        0x0 c:/altera/12.1sp1/nios2eds/bin/gnu/h-i686-mingw32/bin/../lib/gcc/nios2-elf/4.1.2/../../../../nios2-elf/lib\libc.a(lib_a-closer.o)
 .data          0x02010f80        0x0 c:/altera/12.1sp1/nios2eds/bin/gnu/h-i686-mingw32/bin/../lib/gcc/nios2-elf/4.1.2/../../../../nios2-elf/lib\libc.a(lib_a-fclose.o)
 .data          0x02010f80        0x0 c:/altera/12.1sp1/nios2eds/bin/gnu/h-i686-mingw32/bin/../lib/gcc/nios2-elf/4.1.2/../../../../nios2-elf/lib\libc.a(lib_a-fstatr.o)
 .data          0x02010f80        0x0 c:/altera/12.1sp1/nios2eds/bin/gnu/h-i686-mingw32/bin/../lib/gcc/nios2-elf/4.1.2/../../../../nios2-elf/lib\libc.a(lib_a-isattyr.o)
 .data          0x02010f80        0x0 c:/altera/12.1sp1/nios2eds/bin/gnu/h-i686-mingw32/bin/../lib/gcc/nios2-elf/4.1.2/../../../../nios2-elf/lib\libc.a(lib_a-lseekr.o)
 .data          0x02010f80        0x0 c:/altera/12.1sp1/nios2eds/bin/gnu/h-i686-mingw32/bin/../lib/gcc/nios2-elf/4.1.2/../../../../nios2-elf/lib\libc.a(lib_a-readr.o)
 .data          0x02010f80        0x0 ../transmitter_test_bsp/\libucosii_bsp.a(alt_close.o)
 .data          0x02010f80      0x1a8 ../transmitter_test_bsp/\libucosii_bsp.a(alt_dev.o)
                0x02010f80                alt_dev_null
                0x02010fa8                alt_fd_list
 .data          0x02011128        0x0 ../transmitter_test_bsp/\libucosii_bsp.a(alt_errno.o)
 .data          0x02011128        0x0 ../transmitter_test_bsp/\libucosii_bsp.a(alt_fstat.o)
 .data          0x02011128        0x0 ../transmitter_test_bsp/\libucosii_bsp.a(alt_isatty.o)
 .data          0x02011128        0x0 ../transmitter_test_bsp/\libucosii_bsp.a(alt_load.o)
 .data          0x02011128        0x0 ../transmitter_test_bsp/\libucosii_bsp.a(alt_lseek.o)
 .data          0x02011128        0x0 ../transmitter_test_bsp/\libucosii_bsp.a(alt_main.o)
 .data          0x02011128        0x0 ../transmitter_test_bsp/\libucosii_bsp.a(alt_read.o)
 .data          0x02011128        0x0 ../transmitter_test_bsp/\libucosii_bsp.a(alt_release_fd.o)
 .data          0x02011128        0x0 ../transmitter_test_bsp/\libucosii_bsp.a(alt_sbrk.o)
 .data          0x02011128        0x0 ../transmitter_test_bsp/\libucosii_bsp.a(alt_write.o)
 .data          0x02011128        0x0 ../transmitter_test_bsp/\libucosii_bsp.a(alt_env_lock.o)
 .data          0x02011128        0x0 ../transmitter_test_bsp/\libucosii_bsp.a(alt_malloc_lock.o)
 .data          0x02011128        0x0 ../transmitter_test_bsp/\libucosii_bsp.a(os_core.o)
 .data          0x02011128        0x0 ../transmitter_test_bsp/\libucosii_bsp.a(os_dbg.o)
 .data          0x02011128        0x0 ../transmitter_test_bsp/\libucosii_bsp.a(os_flag.o)
 .data          0x02011128        0x0 ../transmitter_test_bsp/\libucosii_bsp.a(os_mem.o)
 .data          0x02011128        0x0 ../transmitter_test_bsp/\libucosii_bsp.a(os_q.o)
 .data          0x02011128        0x0 ../transmitter_test_bsp/\libucosii_bsp.a(os_sem.o)
 .data          0x02011128        0x0 ../transmitter_test_bsp/\libucosii_bsp.a(os_task.o)
 .data          0x02011128        0x0 ../transmitter_test_bsp/\libucosii_bsp.a(os_time.o)
 .data          0x02011128     0x1160 ../transmitter_test_bsp/\libucosii_bsp.a(alt_sys_init.o)
 .data          0x02012288        0x0 ../transmitter_test_bsp/\libucosii_bsp.a(altera_avalon_epcs_flash_controller.o)
 .data          0x02012288        0x0 ../transmitter_test_bsp/\libucosii_bsp.a(altera_avalon_jtag_uart_fd.o)
 .data          0x02012288        0x0 ../transmitter_test_bsp/\libucosii_bsp.a(altera_avalon_jtag_uart_init.o)
 .data          0x02012288        0x0 ../transmitter_test_bsp/\libucosii_bsp.a(altera_avalon_jtag_uart_ioctl.o)
 .data          0x02012288        0x0 ../transmitter_test_bsp/\libucosii_bsp.a(altera_avalon_jtag_uart_read.o)
 .data          0x02012288        0x0 ../transmitter_test_bsp/\libucosii_bsp.a(altera_avalon_jtag_uart_write.o)
 .data          0x02012288        0x0 ../transmitter_test_bsp/\libucosii_bsp.a(altera_avalon_timer_sc.o)
 .data          0x02012288        0x0 ../transmitter_test_bsp/\libucosii_bsp.a(epcs_commands.o)
 .data          0x02012288        0x0 ../transmitter_test_bsp/\libucosii_bsp.a(alt_alarm_start.o)
 .data          0x02012288        0x0 ../transmitter_test_bsp/\libucosii_bsp.a(alt_dcache_flush_all.o)
 .data          0x02012288        0x0 ../transmitter_test_bsp/\libucosii_bsp.a(alt_dev_llist_insert.o)
 .data          0x02012288        0x0 ../transmitter_test_bsp/\libucosii_bsp.a(alt_do_ctors.o)
 .data          0x02012288        0x0 ../transmitter_test_bsp/\libucosii_bsp.a(alt_do_dtors.o)
 .data          0x02012288        0x0 ../transmitter_test_bsp/\libucosii_bsp.a(alt_flash_dev.o)
 .data          0x02012288        0x0 ../transmitter_test_bsp/\libucosii_bsp.a(alt_icache_flush_all.o)
 .data          0x02012288        0x0 ../transmitter_test_bsp/\libucosii_bsp.a(alt_iic.o)
 .data          0x02012288        0x0 ../transmitter_test_bsp/\libucosii_bsp.a(alt_iic_isr_register.o)
 .data          0x02012288        0x0 ../transmitter_test_bsp/\libucosii_bsp.a(alt_io_redirect.o)
 .data          0x02012288        0x0 ../transmitter_test_bsp/\libucosii_bsp.a(alt_irq_entry.o)
 .data          0x02012288        0x0 ../transmitter_test_bsp/\libucosii_bsp.a(alt_irq_handler.o)
 .data          0x02012288        0x0 ../transmitter_test_bsp/\libucosii_bsp.a(alt_irq_vars.o)
 .data          0x02012288        0x0 ../transmitter_test_bsp/\libucosii_bsp.a(alt_open.o)
 .data          0x02012288        0x0 ../transmitter_test_bsp/\libucosii_bsp.a(alt_tick.o)
 .data          0x02012288        0x0 ../transmitter_test_bsp/\libucosii_bsp.a(altera_nios2_qsys_irq.o)
 .data          0x02012288        0x0 ../transmitter_test_bsp/\libucosii_bsp.a(os_cpu_a.o)
 .data          0x02012288        0x0 ../transmitter_test_bsp/\libucosii_bsp.a(os_cpu_c.o)
 .data          0x02012288        0x0 ../transmitter_test_bsp/\libucosii_bsp.a(altera_avalon_spi.o)
 .data          0x02012288        0x0 ../transmitter_test_bsp/\libucosii_bsp.a(alt_exception_entry.o)
 .data          0x02012288        0x0 ../transmitter_test_bsp/\libucosii_bsp.a(alt_find_dev.o)
 .data          0x02012288        0x0 ../transmitter_test_bsp/\libucosii_bsp.a(alt_find_file.o)
 .data          0x02012288        0x0 ../transmitter_test_bsp/\libucosii_bsp.a(alt_get_fd.o)
 .data          0x02012288        0x0 ../transmitter_test_bsp/\libucosii_bsp.a(alt_icache_flush.o)
 .data          0x02012288        0x0 c:/altera/12.1sp1/nios2eds/bin/gnu/h-i686-mingw32/bin/../lib/gcc/nios2-elf/4.1.2/../../../../nios2-elf/lib\libc.a(lib_a-atexit.o)
 .data          0x02012288        0x0 c:/altera/12.1sp1/nios2eds/bin/gnu/h-i686-mingw32/bin/../lib/gcc/nios2-elf/4.1.2/../../../../nios2-elf/lib\libc.a(lib_a-exit.o)
 .data          0x02012288        0x0 c:/altera/12.1sp1/nios2eds/bin/gnu/h-i686-mingw32/bin/../lib/gcc/nios2-elf/4.1.2/../../../../nios2-elf/lib\libc.a(lib_a-memcmp.o)
 .data          0x02012288        0x0 c:/altera/12.1sp1/nios2eds/bin/gnu/h-i686-mingw32/bin/../lib/gcc/nios2-elf/4.1.2/../../../../nios2-elf/lib\libc.a(lib_a-__atexit.o)
 .data          0x02012288        0x0 c:/altera/12.1sp1/nios2eds/bin/gnu/h-i686-mingw32/bin/../lib/gcc/nios2-elf/4.1.2/../../../../nios2-elf/lib\libc.a(lib_a-__call_atexit.o)
 .data          0x02012288        0x0 c:/altera/12.1sp1/nios2eds/bin/gnu/h-i686-mingw32/bin/../lib/gcc/nios2-elf/4.1.2\libgcc.a(lib2-divmod.o)
 .data          0x02012288        0x0 ../transmitter_test_bsp/\libucosii_bsp.a(alt_exit.o)
                0x0201a288                _gp = ABSOLUTE ((. + 0x8000))
                0x0201a288                PROVIDE (gp, _gp)
 *(.rwdata .rwdata.*)
 *(.sdata .sdata.* .gnu.linkonce.s.*)
 .sdata._ZTI20TransmitterInterface
                0x02012288        0x8 obj/default/transmitterInterface.o
                0x02012288                typeinfo for TransmitterInterface
 .sdata._ZTISt9type_info
                0x02012290        0x8 c:/altera/12.1sp1/nios2eds/bin/gnu/h-i686-mingw32/bin/../lib/gcc/nios2-elf/4.1.2/../../../../nios2-elf/lib\libstdc++.a(tinfo.o)
                0x02012290                typeinfo for std::type_info
 .sdata         0x02012298        0x8 c:/altera/12.1sp1/nios2eds/bin/gnu/h-i686-mingw32/bin/../lib/gcc/nios2-elf/4.1.2/../../../../nios2-elf/lib\libc.a(lib_a-mallocr.o)
                0x02012298                __malloc_trim_threshold
                0x0201229c                __malloc_sbrk_base
 .sdata         0x020122a0        0x8 c:/altera/12.1sp1/nios2eds/bin/gnu/h-i686-mingw32/bin/../lib/gcc/nios2-elf/4.1.2/../../../../nios2-elf/lib\libc.a(lib_a-impure.o)
                0x020122a0                _impure_ptr
                0x020122a4                _global_impure_ptr
 .sdata         0x020122a8       0x14 ../transmitter_test_bsp/\libucosii_bsp.a(alt_dev.o)
                0x020122a8                alt_fs_list
                0x020122b0                alt_dev_list
                0x020122b8                alt_max_fd
 .sdata         0x020122bc        0x4 ../transmitter_test_bsp/\libucosii_bsp.a(alt_errno.o)
                0x020122bc                alt_errno
 .sdata         0x020122c0        0x4 ../transmitter_test_bsp/\libucosii_bsp.a(alt_sbrk.o)
 .sdata         0x020122c4        0x4 ../transmitter_test_bsp/\libucosii_bsp.a(alt_env_lock.o)
 .sdata         0x020122c8        0x4 ../transmitter_test_bsp/\libucosii_bsp.a(alt_malloc_lock.o)
 .sdata         0x020122cc       0x74 ../transmitter_test_bsp/\libucosii_bsp.a(os_dbg.o)
                0x020122cc                OSDebugEn
                0x020122d0                OSEndiannessTest
                0x020122d4                OSEventEn
                0x020122d6                OSEventMax
                0x020122d8                OSEventNameSize
                0x020122da                OSEventSize
                0x020122dc                OSEventTblSize
                0x020122de                OSEventMultiEn
                0x020122e0                OSFlagEn
                0x020122e2                OSFlagGrpSize
                0x020122e4                OSFlagNodeSize
                0x020122e6                OSFlagWidth
                0x020122e8                OSFlagMax
                0x020122ea                OSFlagNameSize
                0x020122ec                OSLowestPrio
                0x020122ee                OSMboxEn
                0x020122f0                OSMemEn
                0x020122f2                OSMemMax
                0x020122f4                OSMemNameSize
                0x020122f6                OSMemSize
                0x020122f8                OSMemTblSize
                0x020122fa                OSMutexEn
                0x020122fc                OSPtrSize
                0x020122fe                OSQEn
                0x02012300                OSQMax
                0x02012302                OSQSize
                0x02012304                OSRdyTblSize
                0x02012306                OSSemEn
                0x02012308                OSStkWidth
                0x0201230a                OSTaskCreateEn
                0x0201230c                OSTaskCreateExtEn
                0x0201230e                OSTaskDelEn
                0x02012310                OSTaskIdleStkSize
                0x02012312                OSTaskProfileEn
                0x02012314                OSTaskMax
                0x02012316                OSTaskNameSize
                0x02012318                OSTaskStatEn
                0x0201231a                OSTaskStatStkSize
                0x0201231c                OSTaskStatStkChkEn
                0x0201231e                OSTaskSwHookEn
                0x02012320                OSTCBPrioTblMax
                0x02012322                OSTCBSize
                0x02012324                OSTicksPerSec
                0x02012326                OSTimeTickHookEn
                0x02012328                OSVersionNbr
                0x0201232a                OSTmrEn
                0x0201232c                OSTmrCfgMax
                0x0201232e                OSTmrCfgNameSize
                0x02012330                OSTmrCfgWheelSize
                0x02012332                OSTmrCfgTicksPerSec
                0x02012334                OSTmrSize
                0x02012336                OSTmrTblSize
                0x02012338                OSTmrWheelSize
                0x0201233a                OSTmrWheelTblSize
                0x0201233c                OSDataSize
 .sdata         0x02012340        0x8 ../transmitter_test_bsp/\libucosii_bsp.a(alt_flash_dev.o)
                0x02012340                alt_flash_dev_list
 .sdata         0x02012348        0x4 ../transmitter_test_bsp/\libucosii_bsp.a(alt_irq_vars.o)
                0x02012348                alt_priority_mask
 .sdata         0x0201234c        0x8 ../transmitter_test_bsp/\libucosii_bsp.a(alt_tick.o)
                0x0201234c                alt_alarm_list
 *(.sdata2 .sdata2.* .gnu.linkonce.s2.*)
                0x02012354                . = ALIGN (0x4)
                0x02012354                _edata = ABSOLUTE (.)
                0x02012354                PROVIDE (edata, ABSOLUTE (.))
                0x02012354                PROVIDE (__ram_rwdata_end, ABSOLUTE (.))
                0x02012354                PROVIDE (__flash_rwdata_start, LOADADDR (.rwdata))

.bss            0x02013f30     0x5578
                0x02013f30                __bss_start = ABSOLUTE (.)
                0x02013f30                PROVIDE (__sbss_start, ABSOLUTE (.))
                0x02013f30                PROVIDE (___sbss_start, ABSOLUTE (.))
 *(.dynsbss)
 *(.sbss .sbss.* .gnu.linkonce.sb.*)
 .sbss          0x02013f30        0xc c:/altera/12.1sp1/nios2eds/bin/gnu/h-i686-mingw32/bin/../lib/gcc/nios2-elf/4.1.2/../../../../nios2-elf/lib\libc.a(lib_a-mallocr.o)
                0x02013f30                __malloc_top_pad
                0x02013f34                __malloc_max_sbrked_mem
                0x02013f38                __malloc_max_total_mem
 .sbss          0x02013f3c        0x4 c:/altera/12.1sp1/nios2eds/bin/gnu/h-i686-mingw32/bin/../lib/gcc/nios2-elf/4.1.2/../../../../nios2-elf/lib\libc.a(lib_a-int_errno.o)
                0x02013f3c                errno
 .sbss          0x02013f40        0x4 ../transmitter_test_bsp/\libucosii_bsp.a(alt_dev.o)
                0x02013f40                alt_fd_list_lock
 .sbss          0x02013f44        0xc ../transmitter_test_bsp/\libucosii_bsp.a(alt_main.o)
                0x02013f44                alt_argc
                0x02013f48                alt_argv
                0x02013f4c                alt_envp
 .sbss          0x02013f50        0x8 ../transmitter_test_bsp/\libucosii_bsp.a(alt_env_lock.o)
                0x02013f54                alt_envsem
 .sbss          0x02013f58        0x8 ../transmitter_test_bsp/\libucosii_bsp.a(alt_malloc_lock.o)
                0x02013f5c                alt_heapsem
 .sbss          0x02013f60       0x50 ../transmitter_test_bsp/\libucosii_bsp.a(os_core.o)
                0x02013f60                OSLockNesting
                0x02013f61                OSRunning
                0x02013f64                OSIdleCtr
                0x02013f68                OSPrioHighRdy
                0x02013f69                OSPrioCur
                0x02013f6c                OSTCBList
                0x02013f70                OSTickStepState
                0x02013f74                OSCtxSwCtr
                0x02013f78                OSIdleCtrMax
                0x02013f7c                OSTCBFreeList
                0x02013f80                OSCPUUsage
                0x02013f81                OSTaskCtr
                0x02013f84                OSMemFreeList
                0x02013f88                OSTCBHighRdy
                0x02013f8c                OSQFreeList
                0x02013f90                OSRdyGrp
                0x02013f91                OSRdyTbl
                0x02013f94                OSEventFreeList
                0x02013f98                OSIntNesting
                0x02013f9c                OSTCBCur
                0x02013fa0                OSTime
                0x02013fa4                OSFlagFreeList
                0x02013fa8                OSStatRdy
                0x02013fac                OSIdleCtrRun
 .sbss          0x02013fb0        0x4 ../transmitter_test_bsp/\libucosii_bsp.a(alt_irq_vars.o)
                0x02013fb0                alt_irq_active
 .sbss          0x02013fb4        0x8 ../transmitter_test_bsp/\libucosii_bsp.a(alt_tick.o)
                0x02013fb4                _alt_tick_rate
                0x02013fb8                _alt_nticks
 *(.sbss2 .sbss2.* .gnu.linkonce.sb2.*)
 *(.scommon)
                0x02013fbc                PROVIDE (__sbss_end, ABSOLUTE (.))
                0x02013fbc                PROVIDE (___sbss_end, ABSOLUTE (.))
 *(.dynbss)
 *(.bss .bss.* .gnu.linkonce.b.*)
 .bss           0x02013fbc        0x0 ../transmitter_test_bsp//obj/HAL/src/crt0.o
 .bss           0x02013fbc        0x0 obj/default/transmitterInterface.o
 .bss           0x02013fbc     0x2010 obj/default/transmitter_test.o
                0x02013fbc                task1_stk
                0x02015fbc                transmit
 .bss           0x02015fcc        0x0 c:/altera/12.1sp1/nios2eds/bin/gnu/h-i686-mingw32/bin/../lib/gcc/nios2-elf/4.1.2/../../../../nios2-elf/lib\libstdc++.a(class_type_info.o)
 .bss           0x02015fcc        0x0 c:/altera/12.1sp1/nios2eds/bin/gnu/h-i686-mingw32/bin/../lib/gcc/nios2-elf/4.1.2/../../../../nios2-elf/lib\libstdc++.a(del_op.o)
 .bss           0x02015fcc        0x0 c:/altera/12.1sp1/nios2eds/bin/gnu/h-i686-mingw32/bin/../lib/gcc/nios2-elf/4.1.2/../../../../nios2-elf/lib\libstdc++.a(si_class_type_info.o)
 .bss           0x02015fcc        0x0 c:/altera/12.1sp1/nios2eds/bin/gnu/h-i686-mingw32/bin/../lib/gcc/nios2-elf/4.1.2/../../../../nios2-elf/lib\libstdc++.a(tinfo.o)
 .bss           0x02015fcc        0x0 c:/altera/12.1sp1/nios2eds/bin/gnu/h-i686-mingw32/bin/../lib/gcc/nios2-elf/4.1.2/../../../../nios2-elf/lib\libc.a(lib_a-malloc.o)
 .bss           0x02015fcc       0x28 c:/altera/12.1sp1/nios2eds/bin/gnu/h-i686-mingw32/bin/../lib/gcc/nios2-elf/4.1.2/../../../../nios2-elf/lib\libc.a(lib_a-mallocr.o)
                0x02015fcc                __malloc_current_mallinfo
 .bss           0x02015ff4        0x0 c:/altera/12.1sp1/nios2eds/bin/gnu/h-i686-mingw32/bin/../lib/gcc/nios2-elf/4.1.2/../../../../nios2-elf/lib\libc.a(lib_a-puts.o)
 .bss           0x02015ff4        0x0 c:/altera/12.1sp1/nios2eds/bin/gnu/h-i686-mingw32/bin/../lib/gcc/nios2-elf/4.1.2/../../../../nios2-elf/lib\libc.a(lib_a-sbrkr.o)
 .bss           0x02015ff4        0x0 c:/altera/12.1sp1/nios2eds/bin/gnu/h-i686-mingw32/bin/../lib/gcc/nios2-elf/4.1.2/../../../../nios2-elf/lib\libc.a(lib_a-strlen.o)
 .bss           0x02015ff4        0x0 c:/altera/12.1sp1/nios2eds/bin/gnu/h-i686-mingw32/bin/../lib/gcc/nios2-elf/4.1.2/../../../../nios2-elf/lib\libc.a(lib_a-freer.o)
 .bss           0x02015ff4        0x0 c:/altera/12.1sp1/nios2eds/bin/gnu/h-i686-mingw32/bin/../lib/gcc/nios2-elf/4.1.2/../../../../nios2-elf/lib\libc.a(lib_a-fvwrite.o)
 .bss           0x02015ff4        0x0 c:/altera/12.1sp1/nios2eds/bin/gnu/h-i686-mingw32/bin/../lib/gcc/nios2-elf/4.1.2/../../../../nios2-elf/lib\libc.a(lib_a-impure.o)
 .bss           0x02015ff4        0x0 c:/altera/12.1sp1/nios2eds/bin/gnu/h-i686-mingw32/bin/../lib/gcc/nios2-elf/4.1.2/../../../../nios2-elf/lib\libc.a(lib_a-int_errno.o)
 .bss           0x02015ff4        0x0 c:/altera/12.1sp1/nios2eds/bin/gnu/h-i686-mingw32/bin/../lib/gcc/nios2-elf/4.1.2/../../../../nios2-elf/lib\libc.a(lib_a-memchr.o)
 .bss           0x02015ff4        0x0 c:/altera/12.1sp1/nios2eds/bin/gnu/h-i686-mingw32/bin/../lib/gcc/nios2-elf/4.1.2/../../../../nios2-elf/lib\libc.a(lib_a-memcpy.o)
 .bss           0x02015ff4        0x0 c:/altera/12.1sp1/nios2eds/bin/gnu/h-i686-mingw32/bin/../lib/gcc/nios2-elf/4.1.2/../../../../nios2-elf/lib\libc.a(lib_a-memmove.o)
 .bss           0x02015ff4        0x0 c:/altera/12.1sp1/nios2eds/bin/gnu/h-i686-mingw32/bin/../lib/gcc/nios2-elf/4.1.2/../../../../nios2-elf/lib\libc.a(lib_a-reallocr.o)
 .bss           0x02015ff4        0x0 c:/altera/12.1sp1/nios2eds/bin/gnu/h-i686-mingw32/bin/../lib/gcc/nios2-elf/4.1.2/../../../../nios2-elf/lib\libc.a(lib_a-wsetup.o)
 .bss           0x02015ff4        0x0 c:/altera/12.1sp1/nios2eds/bin/gnu/h-i686-mingw32/bin/../lib/gcc/nios2-elf/4.1.2/../../../../nios2-elf/lib\libc.a(lib_a-fflush.o)
 .bss           0x02015ff4        0x0 c:/altera/12.1sp1/nios2eds/bin/gnu/h-i686-mingw32/bin/../lib/gcc/nios2-elf/4.1.2/../../../../nios2-elf/lib\libc.a(lib_a-findfp.o)
 .bss           0x02015ff4        0x0 c:/altera/12.1sp1/nios2eds/bin/gnu/h-i686-mingw32/bin/../lib/gcc/nios2-elf/4.1.2/../../../../nios2-elf/lib\libc.a(lib_a-fwalk.o)
 .bss           0x02015ff4        0x0 c:/altera/12.1sp1/nios2eds/bin/gnu/h-i686-mingw32/bin/../lib/gcc/nios2-elf/4.1.2/../../../../nios2-elf/lib\libc.a(lib_a-makebuf.o)
 .bss           0x02015ff4        0x0 c:/altera/12.1sp1/nios2eds/bin/gnu/h-i686-mingw32/bin/../lib/gcc/nios2-elf/4.1.2/../../../../nios2-elf/lib\libc.a(lib_a-memset.o)
 .bss           0x02015ff4        0x0 c:/altera/12.1sp1/nios2eds/bin/gnu/h-i686-mingw32/bin/../lib/gcc/nios2-elf/4.1.2/../../../../nios2-elf/lib\libc.a(lib_a-stdio.o)
 .bss           0x02015ff4        0x0 c:/altera/12.1sp1/nios2eds/bin/gnu/h-i686-mingw32/bin/../lib/gcc/nios2-elf/4.1.2/../../../../nios2-elf/lib\libc.a(lib_a-writer.o)
 .bss           0x02015ff4        0x0 c:/altera/12.1sp1/nios2eds/bin/gnu/h-i686-mingw32/bin/../lib/gcc/nios2-elf/4.1.2/../../../../nios2-elf/lib\libc.a(lib_a-closer.o)
 .bss           0x02015ff4        0x0 c:/altera/12.1sp1/nios2eds/bin/gnu/h-i686-mingw32/bin/../lib/gcc/nios2-elf/4.1.2/../../../../nios2-elf/lib\libc.a(lib_a-fclose.o)
 .bss           0x02015ff4        0x0 c:/altera/12.1sp1/nios2eds/bin/gnu/h-i686-mingw32/bin/../lib/gcc/nios2-elf/4.1.2/../../../../nios2-elf/lib\libc.a(lib_a-fstatr.o)
 .bss           0x02015ff4        0x0 c:/altera/12.1sp1/nios2eds/bin/gnu/h-i686-mingw32/bin/../lib/gcc/nios2-elf/4.1.2/../../../../nios2-elf/lib\libc.a(lib_a-isattyr.o)
 .bss           0x02015ff4        0x0 c:/altera/12.1sp1/nios2eds/bin/gnu/h-i686-mingw32/bin/../lib/gcc/nios2-elf/4.1.2/../../../../nios2-elf/lib\libc.a(lib_a-lseekr.o)
 .bss           0x02015ff4        0x0 c:/altera/12.1sp1/nios2eds/bin/gnu/h-i686-mingw32/bin/../lib/gcc/nios2-elf/4.1.2/../../../../nios2-elf/lib\libc.a(lib_a-readr.o)
 .bss           0x02015ff4        0x0 ../transmitter_test_bsp/\libucosii_bsp.a(alt_close.o)
 .bss           0x02015ff4        0x0 ../transmitter_test_bsp/\libucosii_bsp.a(alt_dev.o)
 .bss           0x02015ff4        0x0 ../transmitter_test_bsp/\libucosii_bsp.a(alt_errno.o)
 .bss           0x02015ff4        0x0 ../transmitter_test_bsp/\libucosii_bsp.a(alt_fstat.o)
 .bss           0x02015ff4        0x0 ../transmitter_test_bsp/\libucosii_bsp.a(alt_isatty.o)
 .bss           0x02015ff4        0x0 ../transmitter_test_bsp/\libucosii_bsp.a(alt_load.o)
 .bss           0x02015ff4        0x0 ../transmitter_test_bsp/\libucosii_bsp.a(alt_lseek.o)
 .bss           0x02015ff4        0x0 ../transmitter_test_bsp/\libucosii_bsp.a(alt_main.o)
 .bss           0x02015ff4        0x0 ../transmitter_test_bsp/\libucosii_bsp.a(alt_read.o)
 .bss           0x02015ff4        0x0 ../transmitter_test_bsp/\libucosii_bsp.a(alt_release_fd.o)
 .bss           0x02015ff4        0x0 ../transmitter_test_bsp/\libucosii_bsp.a(alt_sbrk.o)
 .bss           0x02015ff4        0x0 ../transmitter_test_bsp/\libucosii_bsp.a(alt_write.o)
 .bss           0x02015ff4        0x0 ../transmitter_test_bsp/\libucosii_bsp.a(alt_env_lock.o)
 .bss           0x02015ff4        0x0 ../transmitter_test_bsp/\libucosii_bsp.a(alt_malloc_lock.o)
 .bss           0x02015ff4        0x0 ../transmitter_test_bsp/\libucosii_bsp.a(os_core.o)
 .bss           0x02015ff4        0x0 ../transmitter_test_bsp/\libucosii_bsp.a(os_dbg.o)
 .bss           0x02015ff4        0x0 ../transmitter_test_bsp/\libucosii_bsp.a(os_flag.o)
 .bss           0x02015ff4        0x0 ../transmitter_test_bsp/\libucosii_bsp.a(os_mem.o)
 .bss           0x02015ff4        0x0 ../transmitter_test_bsp/\libucosii_bsp.a(os_q.o)
 .bss           0x02015ff4        0x0 ../transmitter_test_bsp/\libucosii_bsp.a(os_sem.o)
 .bss           0x02015ff4        0x0 ../transmitter_test_bsp/\libucosii_bsp.a(os_task.o)
 .bss           0x02015ff4        0x0 ../transmitter_test_bsp/\libucosii_bsp.a(os_time.o)
 .bss           0x02015ff4        0x0 ../transmitter_test_bsp/\libucosii_bsp.a(alt_sys_init.o)
 .bss           0x02015ff4        0x0 ../transmitter_test_bsp/\libucosii_bsp.a(altera_avalon_epcs_flash_controller.o)
 .bss           0x02015ff4        0x0 ../transmitter_test_bsp/\libucosii_bsp.a(altera_avalon_jtag_uart_fd.o)
 .bss           0x02015ff4        0x0 ../transmitter_test_bsp/\libucosii_bsp.a(altera_avalon_jtag_uart_init.o)
 .bss           0x02015ff4        0x0 ../transmitter_test_bsp/\libucosii_bsp.a(altera_avalon_jtag_uart_ioctl.o)
 .bss           0x02015ff4        0x0 ../transmitter_test_bsp/\libucosii_bsp.a(altera_avalon_jtag_uart_read.o)
 .bss           0x02015ff4        0x0 ../transmitter_test_bsp/\libucosii_bsp.a(altera_avalon_jtag_uart_write.o)
 .bss           0x02015ff4        0x0 ../transmitter_test_bsp/\libucosii_bsp.a(altera_avalon_timer_sc.o)
 .bss           0x02015ff4        0x0 ../transmitter_test_bsp/\libucosii_bsp.a(epcs_commands.o)
 .bss           0x02015ff4        0x0 ../transmitter_test_bsp/\libucosii_bsp.a(alt_alarm_start.o)
 .bss           0x02015ff4        0x0 ../transmitter_test_bsp/\libucosii_bsp.a(alt_dcache_flush_all.o)
 .bss           0x02015ff4        0x0 ../transmitter_test_bsp/\libucosii_bsp.a(alt_dev_llist_insert.o)
 .bss           0x02015ff4        0x0 ../transmitter_test_bsp/\libucosii_bsp.a(alt_do_ctors.o)
 .bss           0x02015ff4        0x0 ../transmitter_test_bsp/\libucosii_bsp.a(alt_do_dtors.o)
 .bss           0x02015ff4        0x0 ../transmitter_test_bsp/\libucosii_bsp.a(alt_flash_dev.o)
 .bss           0x02015ff4        0x0 ../transmitter_test_bsp/\libucosii_bsp.a(alt_icache_flush_all.o)
 .bss           0x02015ff4        0x0 ../transmitter_test_bsp/\libucosii_bsp.a(alt_iic.o)
 .bss           0x02015ff4        0x0 ../transmitter_test_bsp/\libucosii_bsp.a(alt_iic_isr_register.o)
 .bss           0x02015ff4        0x0 ../transmitter_test_bsp/\libucosii_bsp.a(alt_io_redirect.o)
 .bss           0x02015ff4        0x0 ../transmitter_test_bsp/\libucosii_bsp.a(alt_irq_entry.o)
 .bss           0x02015ff4        0x0 ../transmitter_test_bsp/\libucosii_bsp.a(alt_irq_handler.o)
 .bss           0x02015ff4        0x0 ../transmitter_test_bsp/\libucosii_bsp.a(alt_irq_vars.o)
 .bss           0x02015ff4        0x0 ../transmitter_test_bsp/\libucosii_bsp.a(alt_open.o)
 .bss           0x02015ff4        0x0 ../transmitter_test_bsp/\libucosii_bsp.a(alt_tick.o)
 .bss           0x02015ff4        0x0 ../transmitter_test_bsp/\libucosii_bsp.a(altera_nios2_qsys_irq.o)
 .bss           0x02015ff4        0x0 ../transmitter_test_bsp/\libucosii_bsp.a(os_cpu_a.o)
 .bss           0x02015ff4        0x0 ../transmitter_test_bsp/\libucosii_bsp.a(os_cpu_c.o)
 .bss           0x02015ff4        0x0 ../transmitter_test_bsp/\libucosii_bsp.a(altera_avalon_spi.o)
 .bss           0x02015ff4        0x0 ../transmitter_test_bsp/\libucosii_bsp.a(alt_exception_entry.o)
 .bss           0x02015ff4        0x0 ../transmitter_test_bsp/\libucosii_bsp.a(alt_find_dev.o)
 .bss           0x02015ff4        0x0 ../transmitter_test_bsp/\libucosii_bsp.a(alt_find_file.o)
 .bss           0x02015ff4        0x0 ../transmitter_test_bsp/\libucosii_bsp.a(alt_get_fd.o)
 .bss           0x02015ff4        0x0 ../transmitter_test_bsp/\libucosii_bsp.a(alt_icache_flush.o)
 .bss           0x02015ff4        0x0 c:/altera/12.1sp1/nios2eds/bin/gnu/h-i686-mingw32/bin/../lib/gcc/nios2-elf/4.1.2/../../../../nios2-elf/lib\libc.a(lib_a-atexit.o)
 .bss           0x02015ff4        0x0 c:/altera/12.1sp1/nios2eds/bin/gnu/h-i686-mingw32/bin/../lib/gcc/nios2-elf/4.1.2/../../../../nios2-elf/lib\libc.a(lib_a-exit.o)
 .bss           0x02015ff4        0x0 c:/altera/12.1sp1/nios2eds/bin/gnu/h-i686-mingw32/bin/../lib/gcc/nios2-elf/4.1.2/../../../../nios2-elf/lib\libc.a(lib_a-memcmp.o)
 .bss           0x02015ff4        0x0 c:/altera/12.1sp1/nios2eds/bin/gnu/h-i686-mingw32/bin/../lib/gcc/nios2-elf/4.1.2/../../../../nios2-elf/lib\libc.a(lib_a-__atexit.o)
 .bss           0x02015ff4        0x0 c:/altera/12.1sp1/nios2eds/bin/gnu/h-i686-mingw32/bin/../lib/gcc/nios2-elf/4.1.2/../../../../nios2-elf/lib\libc.a(lib_a-__call_atexit.o)
 .bss           0x02015ff4        0x0 c:/altera/12.1sp1/nios2eds/bin/gnu/h-i686-mingw32/bin/../lib/gcc/nios2-elf/4.1.2\libgcc.a(lib2-divmod.o)
 .bss           0x02015ff4        0x0 ../transmitter_test_bsp/\libucosii_bsp.a(alt_exit.o)
 *(COMMON)
 COMMON         0x02015ff4     0x3224 ../transmitter_test_bsp/\libucosii_bsp.a(os_core.o)
                0x02015ff4                OSFlagTbl
                0x02016364                OSMemTbl
                0x02016f94                OSTaskStatStk
                0x02017794                OSQTbl
                0x02017974                OSTaskIdleStk
                0x02018174                OSEventTbl
                0x02018cb4                OSTCBTbl
                0x020191c4                OSTCBPrioTbl
 COMMON         0x02019218      0x100 ../transmitter_test_bsp/\libucosii_bsp.a(alt_irq_handler.o)
                0x02019218                alt_irq
 COMMON         0x02019318      0x190 c:/altera/12.1sp1/nios2eds/bin/gnu/h-i686-mingw32/bin/../lib/gcc/nios2-elf/4.1.2/../../../../nios2-elf/lib\libc.a(lib_a-atexit.o)
                0x02019318                _atexit0
                0x020194a8                . = ALIGN (0x4)
                0x020194a8                __bss_end = ABSOLUTE (.)

.sdram          0x020194a8        0x0
                0x020194a8                PROVIDE (_alt_partition_sdram_start, ABSOLUTE (.))
 *(.sdram. sdram.*)
                0x020194a8                . = ALIGN (0x4)
                0x020194a8                PROVIDE (_alt_partition_sdram_end, ABSOLUTE (.))
                0x020194a8                _end = ABSOLUTE (.)
                0x020194a8                end = ABSOLUTE (.)
                0x020194a8                __alt_stack_base = ABSOLUTE (.)
                0x020194a8                PROVIDE (_alt_partition_sdram_load_addr, LOADADDR (.sdram))

.epcs_flash_controller
                0x04000800        0x0 load address 0x020194a8
                0x04000800                PROVIDE (_alt_partition_epcs_flash_controller_start, ABSOLUTE (.))
 *(.epcs_flash_controller. epcs_flash_controller.*)
                0x04000800                . = ALIGN (0x4)
                0x04000800                PROVIDE (_alt_partition_epcs_flash_controller_end, ABSOLUTE (.))
                0x020194a8                PROVIDE (_alt_partition_epcs_flash_controller_load_addr, LOADADDR (.epcs_flash_controller))

.stab
 *(.stab)

.stabstr
 *(.stabstr)

.stab.excl
 *(.stab.excl)

.stab.exclstr
 *(.stab.exclstr)

.stab.index
 *(.stab.index)

.stab.indexstr
 *(.stab.indexstr)

.comment        0x00000000       0x26
 *(.comment)
 .comment       0x00000000       0x26 obj/default/transmitterInterface.o
                                 0x27 (size before relaxing)
 .comment       0x00000000       0x27 obj/default/transmitter_test.o
 .comment       0x00000000       0x27 c:/altera/12.1sp1/nios2eds/bin/gnu/h-i686-mingw32/bin/../lib/gcc/nios2-elf/4.1.2/../../../../nios2-elf/lib\libstdc++.a(class_type_info.o)
 .comment       0x00000000       0x27 c:/altera/12.1sp1/nios2eds/bin/gnu/h-i686-mingw32/bin/../lib/gcc/nios2-elf/4.1.2/../../../../nios2-elf/lib\libstdc++.a(del_op.o)
 .comment       0x00000000       0x27 c:/altera/12.1sp1/nios2eds/bin/gnu/h-i686-mingw32/bin/../lib/gcc/nios2-elf/4.1.2/../../../../nios2-elf/lib\libstdc++.a(si_class_type_info.o)
 .comment       0x00000000       0x27 c:/altera/12.1sp1/nios2eds/bin/gnu/h-i686-mingw32/bin/../lib/gcc/nios2-elf/4.1.2/../../../../nios2-elf/lib\libstdc++.a(tinfo.o)
 .comment       0x00000000       0x27 c:/altera/12.1sp1/nios2eds/bin/gnu/h-i686-mingw32/bin/../lib/gcc/nios2-elf/4.1.2/../../../../nios2-elf/lib\libc.a(lib_a-malloc.o)
 .comment       0x00000000       0x27 c:/altera/12.1sp1/nios2eds/bin/gnu/h-i686-mingw32/bin/../lib/gcc/nios2-elf/4.1.2/../../../../nios2-elf/lib\libc.a(lib_a-mallocr.o)
 .comment       0x00000000       0x27 c:/altera/12.1sp1/nios2eds/bin/gnu/h-i686-mingw32/bin/../lib/gcc/nios2-elf/4.1.2/../../../../nios2-elf/lib\libc.a(lib_a-puts.o)
 .comment       0x00000000       0x27 c:/altera/12.1sp1/nios2eds/bin/gnu/h-i686-mingw32/bin/../lib/gcc/nios2-elf/4.1.2/../../../../nios2-elf/lib\libc.a(lib_a-sbrkr.o)
 .comment       0x00000000       0x27 c:/altera/12.1sp1/nios2eds/bin/gnu/h-i686-mingw32/bin/../lib/gcc/nios2-elf/4.1.2/../../../../nios2-elf/lib\libc.a(lib_a-strlen.o)
 .comment       0x00000000       0x27 c:/altera/12.1sp1/nios2eds/bin/gnu/h-i686-mingw32/bin/../lib/gcc/nios2-elf/4.1.2/../../../../nios2-elf/lib\libc.a(lib_a-freer.o)
 .comment       0x00000000       0x27 c:/altera/12.1sp1/nios2eds/bin/gnu/h-i686-mingw32/bin/../lib/gcc/nios2-elf/4.1.2/../../../../nios2-elf/lib\libc.a(lib_a-fvwrite.o)
 .comment       0x00000000       0x27 c:/altera/12.1sp1/nios2eds/bin/gnu/h-i686-mingw32/bin/../lib/gcc/nios2-elf/4.1.2/../../../../nios2-elf/lib\libc.a(lib_a-impure.o)
 .comment       0x00000000       0x27 c:/altera/12.1sp1/nios2eds/bin/gnu/h-i686-mingw32/bin/../lib/gcc/nios2-elf/4.1.2/../../../../nios2-elf/lib\libc.a(lib_a-int_errno.o)
 .comment       0x00000000       0x27 c:/altera/12.1sp1/nios2eds/bin/gnu/h-i686-mingw32/bin/../lib/gcc/nios2-elf/4.1.2/../../../../nios2-elf/lib\libc.a(lib_a-memchr.o)
 .comment       0x00000000       0x27 c:/altera/12.1sp1/nios2eds/bin/gnu/h-i686-mingw32/bin/../lib/gcc/nios2-elf/4.1.2/../../../../nios2-elf/lib\libc.a(lib_a-memcpy.o)
 .comment       0x00000000       0x27 c:/altera/12.1sp1/nios2eds/bin/gnu/h-i686-mingw32/bin/../lib/gcc/nios2-elf/4.1.2/../../../../nios2-elf/lib\libc.a(lib_a-memmove.o)
 .comment       0x00000000       0x27 c:/altera/12.1sp1/nios2eds/bin/gnu/h-i686-mingw32/bin/../lib/gcc/nios2-elf/4.1.2/../../../../nios2-elf/lib\libc.a(lib_a-reallocr.o)
 .comment       0x00000000       0x27 c:/altera/12.1sp1/nios2eds/bin/gnu/h-i686-mingw32/bin/../lib/gcc/nios2-elf/4.1.2/../../../../nios2-elf/lib\libc.a(lib_a-wsetup.o)
 .comment       0x00000000       0x27 c:/altera/12.1sp1/nios2eds/bin/gnu/h-i686-mingw32/bin/../lib/gcc/nios2-elf/4.1.2/../../../../nios2-elf/lib\libc.a(lib_a-fflush.o)
 .comment       0x00000000       0x27 c:/altera/12.1sp1/nios2eds/bin/gnu/h-i686-mingw32/bin/../lib/gcc/nios2-elf/4.1.2/../../../../nios2-elf/lib\libc.a(lib_a-findfp.o)
 .comment       0x00000000       0x27 c:/altera/12.1sp1/nios2eds/bin/gnu/h-i686-mingw32/bin/../lib/gcc/nios2-elf/4.1.2/../../../../nios2-elf/lib\libc.a(lib_a-fwalk.o)
 .comment       0x00000000       0x27 c:/altera/12.1sp1/nios2eds/bin/gnu/h-i686-mingw32/bin/../lib/gcc/nios2-elf/4.1.2/../../../../nios2-elf/lib\libc.a(lib_a-makebuf.o)
 .comment       0x00000000       0x27 c:/altera/12.1sp1/nios2eds/bin/gnu/h-i686-mingw32/bin/../lib/gcc/nios2-elf/4.1.2/../../../../nios2-elf/lib\libc.a(lib_a-memset.o)
 .comment       0x00000000       0x27 c:/altera/12.1sp1/nios2eds/bin/gnu/h-i686-mingw32/bin/../lib/gcc/nios2-elf/4.1.2/../../../../nios2-elf/lib\libc.a(lib_a-stdio.o)
 .comment       0x00000000       0x27 c:/altera/12.1sp1/nios2eds/bin/gnu/h-i686-mingw32/bin/../lib/gcc/nios2-elf/4.1.2/../../../../nios2-elf/lib\libc.a(lib_a-writer.o)
 .comment       0x00000000       0x27 c:/altera/12.1sp1/nios2eds/bin/gnu/h-i686-mingw32/bin/../lib/gcc/nios2-elf/4.1.2/../../../../nios2-elf/lib\libc.a(lib_a-closer.o)
 .comment       0x00000000       0x27 c:/altera/12.1sp1/nios2eds/bin/gnu/h-i686-mingw32/bin/../lib/gcc/nios2-elf/4.1.2/../../../../nios2-elf/lib\libc.a(lib_a-fclose.o)
 .comment       0x00000000       0x27 c:/altera/12.1sp1/nios2eds/bin/gnu/h-i686-mingw32/bin/../lib/gcc/nios2-elf/4.1.2/../../../../nios2-elf/lib\libc.a(lib_a-fstatr.o)
 .comment       0x00000000       0x27 c:/altera/12.1sp1/nios2eds/bin/gnu/h-i686-mingw32/bin/../lib/gcc/nios2-elf/4.1.2/../../../../nios2-elf/lib\libc.a(lib_a-isattyr.o)
 .comment       0x00000000       0x27 c:/altera/12.1sp1/nios2eds/bin/gnu/h-i686-mingw32/bin/../lib/gcc/nios2-elf/4.1.2/../../../../nios2-elf/lib\libc.a(lib_a-lseekr.o)
 .comment       0x00000000       0x27 c:/altera/12.1sp1/nios2eds/bin/gnu/h-i686-mingw32/bin/../lib/gcc/nios2-elf/4.1.2/../../../../nios2-elf/lib\libc.a(lib_a-readr.o)
 .comment       0x00000000       0x27 ../transmitter_test_bsp/\libucosii_bsp.a(alt_close.o)
 .comment       0x00000000       0x27 ../transmitter_test_bsp/\libucosii_bsp.a(alt_dev.o)
 .comment       0x00000000       0x27 ../transmitter_test_bsp/\libucosii_bsp.a(alt_errno.o)
 .comment       0x00000000       0x27 ../transmitter_test_bsp/\libucosii_bsp.a(alt_fstat.o)
 .comment       0x00000000       0x27 ../transmitter_test_bsp/\libucosii_bsp.a(alt_isatty.o)
 .comment       0x00000000       0x27 ../transmitter_test_bsp/\libucosii_bsp.a(alt_load.o)
 .comment       0x00000000       0x27 ../transmitter_test_bsp/\libucosii_bsp.a(alt_lseek.o)
 .comment       0x00000000       0x27 ../transmitter_test_bsp/\libucosii_bsp.a(alt_main.o)
 .comment       0x00000000       0x27 ../transmitter_test_bsp/\libucosii_bsp.a(alt_read.o)
 .comment       0x00000000       0x27 ../transmitter_test_bsp/\libucosii_bsp.a(alt_release_fd.o)
 .comment       0x00000000       0x27 ../transmitter_test_bsp/\libucosii_bsp.a(alt_sbrk.o)
 .comment       0x00000000       0x27 ../transmitter_test_bsp/\libucosii_bsp.a(alt_write.o)
 .comment       0x00000000       0x27 ../transmitter_test_bsp/\libucosii_bsp.a(alt_env_lock.o)
 .comment       0x00000000       0x27 ../transmitter_test_bsp/\libucosii_bsp.a(alt_malloc_lock.o)
 .comment       0x00000000       0x27 ../transmitter_test_bsp/\libucosii_bsp.a(os_core.o)
 .comment       0x00000000       0x27 ../transmitter_test_bsp/\libucosii_bsp.a(os_dbg.o)
 .comment       0x00000000       0x27 ../transmitter_test_bsp/\libucosii_bsp.a(os_flag.o)
 .comment       0x00000000       0x27 ../transmitter_test_bsp/\libucosii_bsp.a(os_mem.o)
 .comment       0x00000000       0x27 ../transmitter_test_bsp/\libucosii_bsp.a(os_q.o)
 .comment       0x00000000       0x27 ../transmitter_test_bsp/\libucosii_bsp.a(os_sem.o)
 .comment       0x00000000       0x27 ../transmitter_test_bsp/\libucosii_bsp.a(os_task.o)
 .comment       0x00000000       0x27 ../transmitter_test_bsp/\libucosii_bsp.a(os_time.o)
 .comment       0x00000000       0x27 ../transmitter_test_bsp/\libucosii_bsp.a(alt_sys_init.o)
 .comment       0x00000000       0x27 ../transmitter_test_bsp/\libucosii_bsp.a(altera_avalon_epcs_flash_controller.o)
 .comment       0x00000000       0x27 ../transmitter_test_bsp/\libucosii_bsp.a(altera_avalon_jtag_uart_fd.o)
 .comment       0x00000000       0x27 ../transmitter_test_bsp/\libucosii_bsp.a(altera_avalon_jtag_uart_init.o)
 .comment       0x00000000       0x27 ../transmitter_test_bsp/\libucosii_bsp.a(altera_avalon_jtag_uart_ioctl.o)
 .comment       0x00000000       0x27 ../transmitter_test_bsp/\libucosii_bsp.a(altera_avalon_jtag_uart_read.o)
 .comment       0x00000000       0x27 ../transmitter_test_bsp/\libucosii_bsp.a(altera_avalon_jtag_uart_write.o)
 .comment       0x00000000       0x27 ../transmitter_test_bsp/\libucosii_bsp.a(altera_avalon_timer_sc.o)
 .comment       0x00000000       0x27 ../transmitter_test_bsp/\libucosii_bsp.a(epcs_commands.o)
 .comment       0x00000000       0x27 ../transmitter_test_bsp/\libucosii_bsp.a(alt_alarm_start.o)
 .comment       0x00000000       0x27 ../transmitter_test_bsp/\libucosii_bsp.a(alt_dcache_flush_all.o)
 .comment       0x00000000       0x27 ../transmitter_test_bsp/\libucosii_bsp.a(alt_dev_llist_insert.o)
 .comment       0x00000000       0x27 ../transmitter_test_bsp/\libucosii_bsp.a(alt_do_ctors.o)
 .comment       0x00000000       0x27 ../transmitter_test_bsp/\libucosii_bsp.a(alt_do_dtors.o)
 .comment       0x00000000       0x27 ../transmitter_test_bsp/\libucosii_bsp.a(alt_flash_dev.o)
 .comment       0x00000000       0x27 ../transmitter_test_bsp/\libucosii_bsp.a(alt_icache_flush_all.o)
 .comment       0x00000000       0x27 ../transmitter_test_bsp/\libucosii_bsp.a(alt_iic.o)
 .comment       0x00000000       0x27 ../transmitter_test_bsp/\libucosii_bsp.a(alt_iic_isr_register.o)
 .comment       0x00000000       0x27 ../transmitter_test_bsp/\libucosii_bsp.a(alt_io_redirect.o)
 .comment       0x00000000       0x27 ../transmitter_test_bsp/\libucosii_bsp.a(alt_irq_handler.o)
 .comment       0x00000000       0x27 ../transmitter_test_bsp/\libucosii_bsp.a(alt_irq_vars.o)
 .comment       0x00000000       0x27 ../transmitter_test_bsp/\libucosii_bsp.a(alt_open.o)
 .comment       0x00000000       0x27 ../transmitter_test_bsp/\libucosii_bsp.a(alt_tick.o)
 .comment       0x00000000       0x27 ../transmitter_test_bsp/\libucosii_bsp.a(altera_nios2_qsys_irq.o)
 .comment       0x00000000       0x27 ../transmitter_test_bsp/\libucosii_bsp.a(os_cpu_c.o)
 .comment       0x00000000       0x27 ../transmitter_test_bsp/\libucosii_bsp.a(altera_avalon_spi.o)
 .comment       0x00000000       0x27 ../transmitter_test_bsp/\libucosii_bsp.a(alt_find_dev.o)
 .comment       0x00000000       0x27 ../transmitter_test_bsp/\libucosii_bsp.a(alt_find_file.o)
 .comment       0x00000000       0x27 ../transmitter_test_bsp/\libucosii_bsp.a(alt_get_fd.o)
 .comment       0x00000000       0x27 ../transmitter_test_bsp/\libucosii_bsp.a(alt_icache_flush.o)
 .comment       0x00000000       0x27 c:/altera/12.1sp1/nios2eds/bin/gnu/h-i686-mingw32/bin/../lib/gcc/nios2-elf/4.1.2/../../../../nios2-elf/lib\libc.a(lib_a-atexit.o)
 .comment       0x00000000       0x27 c:/altera/12.1sp1/nios2eds/bin/gnu/h-i686-mingw32/bin/../lib/gcc/nios2-elf/4.1.2/../../../../nios2-elf/lib\libc.a(lib_a-exit.o)
 .comment       0x00000000       0x27 c:/altera/12.1sp1/nios2eds/bin/gnu/h-i686-mingw32/bin/../lib/gcc/nios2-elf/4.1.2/../../../../nios2-elf/lib\libc.a(lib_a-memcmp.o)
 .comment       0x00000000       0x27 c:/altera/12.1sp1/nios2eds/bin/gnu/h-i686-mingw32/bin/../lib/gcc/nios2-elf/4.1.2/../../../../nios2-elf/lib\libc.a(lib_a-__atexit.o)
 .comment       0x00000000       0x27 c:/altera/12.1sp1/nios2eds/bin/gnu/h-i686-mingw32/bin/../lib/gcc/nios2-elf/4.1.2/../../../../nios2-elf/lib\libc.a(lib_a-__call_atexit.o)
 .comment       0x00000000       0x27 c:/altera/12.1sp1/nios2eds/bin/gnu/h-i686-mingw32/bin/../lib/gcc/nios2-elf/4.1.2\libgcc.a(lib2-divmod.o)
 .comment       0x00000000       0x27 ../transmitter_test_bsp/\libucosii_bsp.a(alt_exit.o)

.debug
 *(.debug)

.line
 *(.line)

.debug_srcinfo
 *(.debug_srcinfo)

.debug_sfnames
 *(.debug_sfnames)

.debug_aranges  0x00000000      0xbb8
 *(.debug_aranges)
 .debug_aranges
                0x00000000       0x28 ../transmitter_test_bsp//obj/HAL/src/crt0.o
 .debug_aranges
                0x00000028       0x20 obj/default/transmitterInterface.o
 .debug_aranges
                0x00000048       0x20 obj/default/transmitter_test.o
 .debug_aranges
                0x00000068       0x20 c:/altera/12.1sp1/nios2eds/bin/gnu/h-i686-mingw32/bin/../lib/gcc/nios2-elf/4.1.2/../../../../nios2-elf/lib\libstdc++.a(class_type_info.o)
 .debug_aranges
                0x00000088       0x20 c:/altera/12.1sp1/nios2eds/bin/gnu/h-i686-mingw32/bin/../lib/gcc/nios2-elf/4.1.2/../../../../nios2-elf/lib\libstdc++.a(del_op.o)
 .debug_aranges
                0x000000a8       0x20 c:/altera/12.1sp1/nios2eds/bin/gnu/h-i686-mingw32/bin/../lib/gcc/nios2-elf/4.1.2/../../../../nios2-elf/lib\libstdc++.a(si_class_type_info.o)
 .debug_aranges
                0x000000c8       0x20 c:/altera/12.1sp1/nios2eds/bin/gnu/h-i686-mingw32/bin/../lib/gcc/nios2-elf/4.1.2/../../../../nios2-elf/lib\libstdc++.a(tinfo.o)
 .debug_aranges
                0x000000e8       0x20 c:/altera/12.1sp1/nios2eds/bin/gnu/h-i686-mingw32/bin/../lib/gcc/nios2-elf/4.1.2/../../../../nios2-elf/lib\libc.a(lib_a-malloc.o)
 .debug_aranges
                0x00000108       0x20 c:/altera/12.1sp1/nios2eds/bin/gnu/h-i686-mingw32/bin/../lib/gcc/nios2-elf/4.1.2/../../../../nios2-elf/lib\libc.a(lib_a-mallocr.o)
 .debug_aranges
                0x00000128       0x20 c:/altera/12.1sp1/nios2eds/bin/gnu/h-i686-mingw32/bin/../lib/gcc/nios2-elf/4.1.2/../../../../nios2-elf/lib\libc.a(lib_a-puts.o)
 .debug_aranges
                0x00000148       0x20 c:/altera/12.1sp1/nios2eds/bin/gnu/h-i686-mingw32/bin/../lib/gcc/nios2-elf/4.1.2/../../../../nios2-elf/lib\libc.a(lib_a-sbrkr.o)
 .debug_aranges
                0x00000168       0x20 c:/altera/12.1sp1/nios2eds/bin/gnu/h-i686-mingw32/bin/../lib/gcc/nios2-elf/4.1.2/../../../../nios2-elf/lib\libc.a(lib_a-strlen.o)
 .debug_aranges
                0x00000188       0x20 c:/altera/12.1sp1/nios2eds/bin/gnu/h-i686-mingw32/bin/../lib/gcc/nios2-elf/4.1.2/../../../../nios2-elf/lib\libc.a(lib_a-freer.o)
 .debug_aranges
                0x000001a8       0x20 c:/altera/12.1sp1/nios2eds/bin/gnu/h-i686-mingw32/bin/../lib/gcc/nios2-elf/4.1.2/../../../../nios2-elf/lib\libc.a(lib_a-fvwrite.o)
 .debug_aranges
                0x000001c8       0x20 c:/altera/12.1sp1/nios2eds/bin/gnu/h-i686-mingw32/bin/../lib/gcc/nios2-elf/4.1.2/../../../../nios2-elf/lib\libc.a(lib_a-memchr.o)
 .debug_aranges
                0x000001e8       0x20 c:/altera/12.1sp1/nios2eds/bin/gnu/h-i686-mingw32/bin/../lib/gcc/nios2-elf/4.1.2/../../../../nios2-elf/lib\libc.a(lib_a-memcpy.o)
 .debug_aranges
                0x00000208       0x20 c:/altera/12.1sp1/nios2eds/bin/gnu/h-i686-mingw32/bin/../lib/gcc/nios2-elf/4.1.2/../../../../nios2-elf/lib\libc.a(lib_a-memmove.o)
 .debug_aranges
                0x00000228       0x20 c:/altera/12.1sp1/nios2eds/bin/gnu/h-i686-mingw32/bin/../lib/gcc/nios2-elf/4.1.2/../../../../nios2-elf/lib\libc.a(lib_a-reallocr.o)
 .debug_aranges
                0x00000248       0x20 c:/altera/12.1sp1/nios2eds/bin/gnu/h-i686-mingw32/bin/../lib/gcc/nios2-elf/4.1.2/../../../../nios2-elf/lib\libc.a(lib_a-wsetup.o)
 .debug_aranges
                0x00000268       0x20 c:/altera/12.1sp1/nios2eds/bin/gnu/h-i686-mingw32/bin/../lib/gcc/nios2-elf/4.1.2/../../../../nios2-elf/lib\libc.a(lib_a-fflush.o)
 .debug_aranges
                0x00000288       0x20 c:/altera/12.1sp1/nios2eds/bin/gnu/h-i686-mingw32/bin/../lib/gcc/nios2-elf/4.1.2/../../../../nios2-elf/lib\libc.a(lib_a-findfp.o)
 .debug_aranges
                0x000002a8       0x20 c:/altera/12.1sp1/nios2eds/bin/gnu/h-i686-mingw32/bin/../lib/gcc/nios2-elf/4.1.2/../../../../nios2-elf/lib\libc.a(lib_a-fwalk.o)
 .debug_aranges
                0x000002c8       0x20 c:/altera/12.1sp1/nios2eds/bin/gnu/h-i686-mingw32/bin/../lib/gcc/nios2-elf/4.1.2/../../../../nios2-elf/lib\libc.a(lib_a-makebuf.o)
 .debug_aranges
                0x000002e8       0x20 c:/altera/12.1sp1/nios2eds/bin/gnu/h-i686-mingw32/bin/../lib/gcc/nios2-elf/4.1.2/../../../../nios2-elf/lib\libc.a(lib_a-memset.o)
 .debug_aranges
                0x00000308       0x20 c:/altera/12.1sp1/nios2eds/bin/gnu/h-i686-mingw32/bin/../lib/gcc/nios2-elf/4.1.2/../../../../nios2-elf/lib\libc.a(lib_a-stdio.o)
 .debug_aranges
                0x00000328       0x20 c:/altera/12.1sp1/nios2eds/bin/gnu/h-i686-mingw32/bin/../lib/gcc/nios2-elf/4.1.2/../../../../nios2-elf/lib\libc.a(lib_a-writer.o)
 .debug_aranges
                0x00000348       0x20 c:/altera/12.1sp1/nios2eds/bin/gnu/h-i686-mingw32/bin/../lib/gcc/nios2-elf/4.1.2/../../../../nios2-elf/lib\libc.a(lib_a-closer.o)
 .debug_aranges
                0x00000368       0x20 c:/altera/12.1sp1/nios2eds/bin/gnu/h-i686-mingw32/bin/../lib/gcc/nios2-elf/4.1.2/../../../../nios2-elf/lib\libc.a(lib_a-fclose.o)
 .debug_aranges
                0x00000388       0x20 c:/altera/12.1sp1/nios2eds/bin/gnu/h-i686-mingw32/bin/../lib/gcc/nios2-elf/4.1.2/../../../../nios2-elf/lib\libc.a(lib_a-fstatr.o)
 .debug_aranges
                0x000003a8       0x20 c:/altera/12.1sp1/nios2eds/bin/gnu/h-i686-mingw32/bin/../lib/gcc/nios2-elf/4.1.2/../../../../nios2-elf/lib\libc.a(lib_a-isattyr.o)
 .debug_aranges
                0x000003c8       0x20 c:/altera/12.1sp1/nios2eds/bin/gnu/h-i686-mingw32/bin/../lib/gcc/nios2-elf/4.1.2/../../../../nios2-elf/lib\libc.a(lib_a-lseekr.o)
 .debug_aranges
                0x000003e8       0x20 c:/altera/12.1sp1/nios2eds/bin/gnu/h-i686-mingw32/bin/../lib/gcc/nios2-elf/4.1.2/../../../../nios2-elf/lib\libc.a(lib_a-readr.o)
 .debug_aranges
                0x00000408       0x20 ../transmitter_test_bsp/\libucosii_bsp.a(alt_close.o)
 .debug_aranges
                0x00000428       0x20 ../transmitter_test_bsp/\libucosii_bsp.a(alt_dev.o)
 .debug_aranges
                0x00000448       0x20 ../transmitter_test_bsp/\libucosii_bsp.a(alt_fstat.o)
 .debug_aranges
                0x00000468       0x20 ../transmitter_test_bsp/\libucosii_bsp.a(alt_isatty.o)
 .debug_aranges
                0x00000488       0x20 ../transmitter_test_bsp/\libucosii_bsp.a(alt_load.o)
 .debug_aranges
                0x000004a8       0x20 ../transmitter_test_bsp/\libucosii_bsp.a(alt_lseek.o)
 .debug_aranges
                0x000004c8       0x20 ../transmitter_test_bsp/\libucosii_bsp.a(alt_main.o)
 .debug_aranges
                0x000004e8       0x20 ../transmitter_test_bsp/\libucosii_bsp.a(alt_read.o)
 .debug_aranges
                0x00000508       0x20 ../transmitter_test_bsp/\libucosii_bsp.a(alt_release_fd.o)
 .debug_aranges
                0x00000528       0x20 ../transmitter_test_bsp/\libucosii_bsp.a(alt_sbrk.o)
 .debug_aranges
                0x00000548       0x20 ../transmitter_test_bsp/\libucosii_bsp.a(alt_write.o)
 .debug_aranges
                0x00000568       0x20 ../transmitter_test_bsp/\libucosii_bsp.a(alt_env_lock.o)
 .debug_aranges
                0x00000588       0x20 ../transmitter_test_bsp/\libucosii_bsp.a(alt_malloc_lock.o)
 .debug_aranges
                0x000005a8       0x20 ../transmitter_test_bsp/\libucosii_bsp.a(os_core.o)
 .debug_aranges
                0x000005c8       0x20 ../transmitter_test_bsp/\libucosii_bsp.a(os_dbg.o)
 .debug_aranges
                0x000005e8       0x20 ../transmitter_test_bsp/\libucosii_bsp.a(os_flag.o)
 .debug_aranges
                0x00000608       0x20 ../transmitter_test_bsp/\libucosii_bsp.a(os_mem.o)
 .debug_aranges
                0x00000628       0x20 ../transmitter_test_bsp/\libucosii_bsp.a(os_q.o)
 .debug_aranges