Archive member included because of file (symbol)

c:/altera/12.1sp1/nios2eds/bin/gnu/h-i686-mingw32/bin/../lib/gcc/nios2-elf/4.1.2/../../../../nios2-elf/lib\libstdc++.a(class_type_info.o)
                              obj/default/transmitterInterface.o (vtable for __cxxabiv1::__class_type_info)
c:/altera/12.1sp1/nios2eds/bin/gnu/h-i686-mingw32/bin/../lib/gcc/nios2-elf/4.1.2/../../../../nios2-elf/lib\libstdc++.a(del_op.o)
                              obj/default/transmitterInterface.o (operator delete(void*))
c:/altera/12.1sp1/nios2eds/bin/gnu/h-i686-mingw32/bin/../lib/gcc/nios2-elf/4.1.2/../../../../nios2-elf/lib\libstdc++.a(si_class_type_info.o)
                              c:/altera/12.1sp1/nios2eds/bin/gnu/h-i686-mingw32/bin/../lib/gcc/nios2-elf/4.1.2/../../../../nios2-elf/lib\libstdc++.a(class_type_info.o) (vtable for __cxxabiv1::__si_class_type_info)
c:/altera/12.1sp1/nios2eds/bin/gnu/h-i686-mingw32/bin/../lib/gcc/nios2-elf/4.1.2/../../../../nios2-elf/lib\libstdc++.a(tinfo.o)
                              c:/altera/12.1sp1/nios2eds/bin/gnu/h-i686-mingw32/bin/../lib/gcc/nios2-elf/4.1.2/../../../../nios2-elf/lib\libstdc++.a(class_type_info.o) (std::type_info::__is_pointer_p() const)
c:/altera/12.1sp1/nios2eds/bin/gnu/h-i686-mingw32/bin/../lib/gcc/nios2-elf/4.1.2/../../../../nios2-elf/lib\libc.a(lib_a-malloc.o)
                              c:/altera/12.1sp1/nios2eds/bin/gnu/h-i686-mingw32/bin/../lib/gcc/nios2-elf/4.1.2/../../../../nios2-elf/lib\libstdc++.a(del_op.o) (free)
c:/altera/12.1sp1/nios2eds/bin/gnu/h-i686-mingw32/bin/../lib/gcc/nios2-elf/4.1.2/../../../../nios2-elf/lib\libc.a(lib_a-mallocr.o)
                              c:/altera/12.1sp1/nios2eds/bin/gnu/h-i686-mingw32/bin/../lib/gcc/nios2-elf/4.1.2/../../../../nios2-elf/lib\libc.a(lib_a-malloc.o) (_malloc_r)
c:/altera/12.1sp1/nios2eds/bin/gnu/h-i686-mingw32/bin/../lib/gcc/nios2-elf/4.1.2/../../../../nios2-elf/lib\libc.a(lib_a-puts.o)
                              obj/default/transmitter_test.o (puts)
c:/altera/12.1sp1/nios2eds/bin/gnu/h-i686-mingw32/bin/../lib/gcc/nios2-elf/4.1.2/../../../../nios2-elf/lib\libc.a(lib_a-sbrkr.o)
                              c:/altera/12.1sp1/nios2eds/bin/gnu/h-i686-mingw32/bin/../lib/gcc/nios2-elf/4.1.2/../../../../nios2-elf/lib\libc.a(lib_a-mallocr.o) (_sbrk_r)
c:/altera/12.1sp1/nios2eds/bin/gnu/h-i686-mingw32/bin/../lib/gcc/nios2-elf/4.1.2/../../../../nios2-elf/lib\libc.a(lib_a-strlen.o)
                              c:/altera/12.1sp1/nios2eds/bin/gnu/h-i686-mingw32/bin/../lib/gcc/nios2-elf/4.1.2/../../../../nios2-elf/lib\libc.a(lib_a-puts.o) (strlen)
c:/altera/12.1sp1/nios2eds/bin/gnu/h-i686-mingw32/bin/../lib/gcc/nios2-elf/4.1.2/../../../../nios2-elf/lib\libc.a(lib_a-freer.o)
                              c:/altera/12.1sp1/nios2eds/bin/gnu/h-i686-mingw32/bin/../lib/gcc/nios2-elf/4.1.2/../../../../nios2-elf/lib\libc.a(lib_a-malloc.o) (_free_r)
c:/altera/12.1sp1/nios2eds/bin/gnu/h-i686-mingw32/bin/../lib/gcc/nios2-elf/4.1.2/../../../../nios2-elf/lib\libc.a(lib_a-fvwrite.o)
                              c:/altera/12.1sp1/nios2eds/bin/gnu/h-i686-mingw32/bin/../lib/gcc/nios2-elf/4.1.2/../../../../nios2-elf/lib\libc.a(lib_a-puts.o) (__sfvwrite_r)
c:/altera/12.1sp1/nios2eds/bin/gnu/h-i686-mingw32/bin/../lib/gcc/nios2-elf/4.1.2/../../../../nios2-elf/lib\libc.a(lib_a-impure.o)
                              c:/altera/12.1sp1/nios2eds/bin/gnu/h-i686-mingw32/bin/../lib/gcc/nios2-elf/4.1.2/../../../../nios2-elf/lib\libc.a(lib_a-malloc.o) (_impure_ptr)
c:/altera/12.1sp1/nios2eds/bin/gnu/h-i686-mingw32/bin/../lib/gcc/nios2-elf/4.1.2/../../../../nios2-elf/lib\libc.a(lib_a-int_errno.o)
                              c:/altera/12.1sp1/nios2eds/bin/gnu/h-i686-mingw32/bin/../lib/gcc/nios2-elf/4.1.2/../../../../nios2-elf/lib\libc.a(lib_a-sbrkr.o) (errno)
c:/altera/12.1sp1/nios2eds/bin/gnu/h-i686-mingw32/bin/../lib/gcc/nios2-elf/4.1.2/../../../../nios2-elf/lib\libc.a(lib_a-memchr.o)
                              c:/altera/12.1sp1/nios2eds/bin/gnu/h-i686-mingw32/bin/../lib/gcc/nios2-elf/4.1.2/../../../../nios2-elf/lib\libc.a(lib_a-fvwrite.o) (memchr)
c:/altera/12.1sp1/nios2eds/bin/gnu/h-i686-mingw32/bin/../lib/gcc/nios2-elf/4.1.2/../../../../nios2-elf/lib\libc.a(lib_a-memcpy.o)
                              c:/altera/12.1sp1/nios2eds/bin/gnu/h-i686-mingw32/bin/../lib/gcc/nios2-elf/4.1.2/../../../../nios2-elf/lib\libc.a(lib_a-fvwrite.o) (memcpy)
c:/altera/12.1sp1/nios2eds/bin/gnu/h-i686-mingw32/bin/../lib/gcc/nios2-elf/4.1.2/../../../../nios2-elf/lib\libc.a(lib_a-memmove.o)
                              c:/altera/12.1sp1/nios2eds/bin/gnu/h-i686-mingw32/bin/../lib/gcc/nios2-elf/4.1.2/../../../../nios2-elf/lib\libc.a(lib_a-fvwrite.o) (memmove)
c:/altera/12.1sp1/nios2eds/bin/gnu/h-i686-mingw32/bin/../lib/gcc/nios2-elf/4.1.2/../../../../nios2-elf/lib\libc.a(lib_a-reallocr.o)
[...]
Memory Configuration

Name             Origin             Length             Attributes
reset            0x02000000         0x00000020
sdram            0x02000020         0x01ffffe0
epcs_flash_controller 0x04000800         0x00000800
*default*        0x00000000         0xffffffff

Linker script and memory map

LOAD ../transmitter_test_bsp//obj/HAL/src/crt0.o
LOAD obj/default/transmitterInterface.o
LOAD obj/default/transmitter_test.o
LOAD c:/altera/12.1sp1/nios2eds/bin/gnu/h-i686-mingw32/bin/../lib/gcc/nios2-elf/4.1.2/../../../../nios2-elf/lib\libstdc++.a
LOAD c:/altera/12.1sp1/nios2eds/bin/gnu/h-i686-mingw32/bin/../lib/gcc/nios2-elf/4.1.2/../../../../nios2-elf/lib\libm.a
LOAD c:/altera/12.1sp1/nios2eds/bin/gnu/h-i686-mingw32/bin/../lib/gcc/nios2-elf/4.1.2\libgcc.a
START GROUP
LOAD c:/altera/12.1sp1/nios2eds/bin/gnu/h-i686-mingw32/bin/../lib/gcc/nios2-elf/4.1.2/../../../../nios2-elf/lib\libc.a
LOAD c:/altera/12.1sp1/nios2eds/bin/gnu/h-i686-mingw32/bin/../lib/gcc/nios2-elf/4.1.2\libgcc.a
LOAD ../transmitter_test_bsp/\libucosii_bsp.a
END GROUP
LOAD c:/altera/12.1sp1/nios2eds/bin/gnu/h-i686-mingw32/bin/../lib/gcc/nios2-elf/4.1.2\libgcc.a
                0x02000000                __alt_mem_sdram = 0x2000000
                0x04000800                __alt_mem_epcs_flash_controller = 0x4000800

.entry          0x02000000       0x20
 *(.entry)
 .entry         0x02000000       0x20 ../transmitter_test_bsp//obj/HAL/src/crt0.o
                0x02000000                __reset

.exceptions     0x02000020      0x19c
                0x02000020                PROVIDE (__ram_exceptions_start, ABSOLUTE (.))
                0x02000020                . = ALIGN (0x20)
 *(.irq)
 *(.exceptions.entry.label)
 .exceptions.entry.label
                0x02000020        0x0 ../transmitter_test_bsp/\libucosii_bsp.a(alt_irq_entry.o)
                0x02000020                alt_irq_entry
 .exceptions.entry.label
                0x02000020        0x0 ../transmitter_test_bsp/\libucosii_bsp.a(alt_exception_entry.o)
                0x02000020                alt_exception
 *(.exceptions.entry.user)
 *(.exceptions.entry)
 .exceptions.entry
                0x02000020       0x54 ../transmitter_test_bsp/\libucosii_bsp.a(alt_exception_entry.o)
 *(.exceptions.irqtest.user)
 *(.exceptions.irqtest)
 .exceptions.irqtest
                0x02000074       0x10 ../transmitter_test_bsp/\libucosii_bsp.a(alt_irq_entry.o)
 *(.exceptions.irqhandler.user)
 *(.exceptions.irqhandler)
 .exceptions.irqhandler
                0x02000084        0x4 ../transmitter_test_bsp/\libucosii_bsp.a(alt_irq_entry.o)
 *(.exceptions.irqreturn.user)
 *(.exceptions.irqreturn)
 .exceptions.irqreturn
                0x02000088        0x4 ../transmitter_test_bsp/\libucosii_bsp.a(alt_irq_entry.o)
 *(.exceptions.notirq.label)
 .exceptions.notirq.label
                0x0200008c        0x0 ../transmitter_test_bsp/\libucosii_bsp.a(alt_irq_entry.o)
 *(.exceptions.notirq.user)
 *(.exceptions.notirq)
 .exceptions.notirq
                0x0200008c        0x8 ../transmitter_test_bsp/\libucosii_bsp.a(alt_exception_entry.o)
 *(.exceptions.soft.user)
 *(.exceptions.soft)
 *(.exceptions.unknown.user)
 *(.exceptions.unknown)
 .exceptions.unknown
                0x02000094        0x4 ../transmitter_test_bsp/\libucosii_bsp.a(alt_exception_entry.o)
 *(.exceptions.exit.label)
 .exceptions.exit.label
                0x02000098        0x0 ../transmitter_test_bsp/\libucosii_bsp.a(alt_irq_entry.o)
 .exceptions.exit.label
                0x02000098        0x0 ../transmitter_test_bsp/\libucosii_bsp.a(alt_exception_entry.o)
 *(.exceptions.exit.user)
 *(.exceptions.exit)
 .exceptions.exit
                0x02000098       0x54 ../transmitter_test_bsp/\libucosii_bsp.a(alt_exception_entry.o)
 *(.exceptions)
 .exceptions    0x020000ec       0xd0 ../transmitter_test_bsp/\libucosii_bsp.a(alt_irq_handler.o)
                0x020000ec                alt_irq_handler
                0x020001bc                PROVIDE (__ram_exceptions_end, ABSOLUTE (.))
                0x02000020                PROVIDE (__flash_exceptions_start, LOADADDR (.exceptions))

.text           0x020001bc    0x10298
                0x020001bc                PROVIDE (stext, ABSOLUTE (.))
 *(.interp)
 *(.hash)
 *(.dynsym)
 *(.dynstr)
 *(.gnu.version)
 *(.gnu.version_d)
 *(.gnu.version_r)
 *(.rel.init)
 *(.rela.init)
 *(.rel.text .rel.text.* .rel.gnu.linkonce.t.*)
 *(.rela.text .rela.text.* .rela.gnu.linkonce.t.*)
 *(.rel.fini)
 *(.rela.fini)
 *(.rel.rodata .rel.rodata.* .rel.gnu.linkonce.r.*)
 *(.rela.rodata .rela.rodata.* .rela.gnu.linkonce.r.*)
 *(.rel.data .rel.data.* .rel.gnu.linkonce.d.*)
 *(.rela.data .rela.data.* .rela.gnu.linkonce.d.*)
 *(.rel.tdata .rel.tdata.* .rel.gnu.linkonce.td.*)
 *(.rela.tdata .rela.tdata.* .rela.gnu.linkonce.td.*)
 *(.rel.tbss .rel.tbss.* .rel.gnu.linkonce.tb.*)
 *(.rela.tbss .rela.tbss.* .rela.gnu.linkonce.tb.*)
 *(.rel.ctors)
 *(.rela.ctors)
 *(.rel.dtors)
 *(.rela.dtors)
 *(.rel.got)
 *(.rela.got)
 *(.rel.sdata .rel.sdata.* .rel.gnu.linkonce.s.*)
 *(.rela.sdata .rela.sdata.* .rela.gnu.linkonce.s.*)
 *(.rel.sbss .rel.sbss.* .rel.gnu.linkonce.sb.*)
 *(.rela.sbss .rela.sbss.* .rela.gnu.linkonce.sb.*)
 *(.rel.sdata2 .rel.sdata2.* .rel.gnu.linkonce.s2.*)
 *(.rela.sdata2 .rela.sdata2.* .rela.gnu.linkonce.s2.*)
 *(.rel.sbss2 .rel.sbss2.* .rel.gnu.linkonce.sb2.*)
 *(.rela.sbss2 .rela.sbss2.* .rela.gnu.linkonce.sb2.*)
 *(.rel.bss .rel.bss.* .rel.gnu.linkonce.b.*)
 *(.rela.bss .rela.bss.* .rela.gnu.linkonce.b.*)
 *(.rel.plt)
 *(.rela.plt)
 *(.rel.dyn)
 *(.init)
 *(.plt)
 *(.text .stub .text.* .gnu.linkonce.t.*)
 .text          0x020001bc       0x4c ../transmitter_test_bsp//obj/HAL/src/crt0.o
                0x020001bc                _start
 .text          0x02000208      0x55c obj/default/transmitterInterface.o
                0x02000208                TransmitterInterface::validateTurn(signed char, signed char)
                0x02000250                TransmitterInterface::validateMove(signed char, signed char)
                0x02000298                TransmitterInterface::turnRight()
                0x02000314                TransmitterInterface::moveOff()
                0x0200039c                TransmitterInterface::turnOff()
                0x02000424                TransmitterInterface::moveReverse()
                0x020004ac                TransmitterInterface::moveForward()
                0x02000534                TransmitterInterface::turnLeft()
                0x020005bc                TransmitterInterface::~TransmitterInterface()
                0x0200060c                TransmitterInterface::~TransmitterInterface()
                0x0200065c                TransmitterInterface::~TransmitterInterface()
                0x020006ac                TransmitterInterface::TransmitterInterface(void*)
                0x02000708                TransmitterInterface::TransmitterInterface(void*)
 .text          0x02000764      0x268 obj/default/transmitter_test.o
                0x02000840                main
                0x020008ac                task1(void*)
 .text          0x020009cc      0x1bc c:/altera/12.1sp1/nios2eds/bin/gnu/h-i686-mingw32/bin/../lib/gcc/nios2-elf/4.1.2/../../../../nios2-elf/lib\libstdc++.a(class_type_info.o)
                0x020009cc                __cxxabiv1::__class_type_info::__do_upcast(__cxxabiv1::__class_type_info const*, void**) const
                0x02000a38                __cxxabiv1::__class_type_info::__do_find_public_src(long, void const*, __cxxabiv1::__class_type_info const*, void const*) const
                0x02000a58                __cxxabiv1::__class_type_info::~__class_type_info()
                0x02000a8c                __cxxabiv1::__class_type_info::~__class_type_info()
                0x02000a9c                __cxxabiv1::__class_type_info::~__class_type_info()
                0x02000aac                __cxxabiv1::__class_type_info::__do_catch(std::type_info const*, void**, unsigned int) const
                0x02000b0c                __cxxabiv1::__class_type_info::__do_upcast(__cxxabiv1::__class_type_info const*, void const*, __cxxabiv1::__class_type_info::__upcast_result&) const
                0x02000b3c                __cxxabiv1::__class_type_info::__do_dyncast(long, __cxxabiv1::__class_type_info::__sub_kind, __cxxabiv1::__class_type_info const*, void const*, __cxxabiv1::__class_type_info const*, void const*, __cxxabiv1::__class_type_info::__dyncast_result&) const
 .text          0x02000b88        0xc c:/altera/12.1sp1/nios2eds/bin/gnu/h-i686-mingw32/bin/../lib/gcc/nios2-elf/4.1.2/../../../../nios2-elf/lib\libstdc++.a(del_op.o)
                0x02000b88                operator delete(void*)
 .text          0x02000b94      0x1c8 c:/altera/12.1sp1/nios2eds/bin/gnu/h-i686-mingw32/bin/../lib/gcc/nios2-elf/4.1.2/../../../../nios2-elf/lib\libstdc++.a(si_class_type_info.o)
                0x02000b94                __cxxabiv1::__si_class_type_info::__do_upcast(__cxxabiv1::__class_type_info const*, void const*, __cxxabiv1::__class_type_info::__upcast_result&) const
                0x02000c0c                __cxxabiv1::__si_class_type_info::~__si_class_type_info()
                0x02000c40                __cxxabiv1::__si_class_type_info::~__si_class_type_info()
                0x02000c50                __cxxabiv1::__si_class_type_info::~__si_class_type_info()
                0x02000c60                __cxxabiv1::__si_class_type_info::__do_find_public_src(long, void const*, __cxxabiv1::__class_type_info const*, void const*) const
                0x02000c94                __cxxabiv1::__si_class_type_info::__do_dyncast(long, __cxxabiv1::__class_type_info::__sub_kind, __cxxabiv1::__class_type_info const*, void const*, __cxxabiv1::__class_type_info const*, void const*, __cxxabiv1::__class_type_info::__dyncast_result&) const
 .text          0x02000d5c       0x58 c:/altera/12.1sp1/nios2eds/bin/gnu/h-i686-mingw32/bin/../lib/gcc/nios2-elf/4.1.2/../../../../nios2-elf/lib\libstdc++.a(tinfo.o)
                0x02000d5c                std::type_info::__is_pointer_p() const
                0x02000d64                std::type_info::__is_function_p() const
                0x02000d6c                std::type_info::__do_catch(std::type_info const*, void**, unsigned int) const
                0x02000d7c                std::type_info::__do_upcast(__cxxabiv1::__class_type_info const*, void**) const
                0x02000d84                std::type_info::~type_info()
                0x02000d94                std::type_info::~type_info()
                0x02000da4                std::type_info::~type_info()
 .text          0x02000db4       0x28 c:/altera/12.1sp1/nios2eds/bin/gnu/h-i686-mingw32/bin/../lib/gcc/nios2-elf/4.1.2/../../../../nios2-elf/lib\libc.a(lib_a-malloc.o)
                0x02000db4                free
                0x02000dc8                malloc
 .text          0x02000ddc      0x740 c:/altera/12.1sp1/nios2eds/bin/gnu/h-i686-mingw32/bin/../lib/gcc/nios2-elf/4.1.2/../../../../nios2-elf/lib\libc.a(lib_a-mallocr.o)
                0x02000ddc                _malloc_r
 .text          0x0200151c       0xb4 c:/altera/12.1sp1/nios2eds/bin/gnu/h-i686-mingw32/bin/../lib/gcc/nios2-elf/4.1.2/../../../../nios2-elf/lib\libc.a(lib_a-puts.o)
                0x0200151c                _puts_r
                0x020015bc                puts
 .text          0x020015d0       0x70 c:/altera/12.1sp1/nios2eds/bin/gnu/h-i686-mingw32/bin/../lib/gcc/nios2-elf/4.1.2/../../../../nios2-elf/lib\libc.a(lib_a-sbrkr.o)
                0x020015d0                _sbrk_r
 .text          0x02001640       0x74 c:/altera/12.1sp1/nios2eds/bin/gnu/h-i686-mingw32/bin/../lib/gcc/nios2-elf/4.1.2/../../../../nios2-elf/lib\libc.a(lib_a-strlen.o)
                0x02001640                strlen
 .text          0x020016b4      0x440 c:/altera/12.1sp1/nios2eds/bin/gnu/h-i686-mingw32/bin/../lib/gcc/nios2-elf/4.1.2/../../../../nios2-elf/lib\libc.a(lib_a-freer.o)
                0x020016b4                _malloc_trim_r
                0x020017e0                _free_r
 .text          0x02001af4      0x49c c:/altera/12.1sp1/nios2eds/bin/gnu/h-i686-mingw32/bin/../lib/gcc/nios2-elf/4.1.2/../../../../nios2-elf/lib\libc.a(lib_a-fvwrite.o)
                0x02001af4                __sfvwrite_r
 .text          0x02001f90        0x0 c:/altera/12.1sp1/nios2eds/bin/gnu/h-i686-mingw32/bin/../lib/gcc/nios2-elf/4.1.2/../../../../nios2-elf/lib\libc.a(lib_a-impure.o)
 .text          0x02001f90        0x0 c:/altera/12.1sp1/nios2eds/bin/gnu/h-i686-mingw32/bin/../lib/gcc/nios2-elf/4.1.2/../../../../nios2-elf/lib\libc.a(lib_a-int_errno.o)
 .text          0x02001f90       0xe4 c:/altera/12.1sp1/nios2eds/bin/gnu/h-i686-mingw32/bin/../lib/gcc/nios2-elf/4.1.2/../../../../nios2-elf/lib\libc.a(lib_a-memchr.o)
                0x02001f90                memchr
 .text          0x02002074       0xa0 c:/altera/12.1sp1/nios2eds/bin/gnu/h-i686-mingw32/bin/../lib/gcc/nios2-elf/4.1.2/../../../../nios2-elf/lib\libc.a(lib_a-memcpy.o)
                0x02002074                memcpy
 .text          0x02002114       0xe0 c:/altera/12.1sp1/nios2eds/bin/gnu/h-i686-mingw32/bin/../lib/gcc/nios2-elf/4.1.2/../../../../nios2-elf/lib\libc.a(lib_a-memmove.o)
                0x02002114                memmove
 .text          0x020021f4      0x5f4 c:/altera/12.1sp1/nios2eds/bin/gnu/h-i686-mingw32/bin/../lib/gcc/nios2-elf/4.1.2/../../../../nios2-elf/lib\libc.a(lib_a-reallocr.o)
                0x020021f4                _realloc_r
 .text          0x020027e8      0x13c c:/altera/12.1sp1/nios2eds/bin/gnu/h-i686-mingw32/bin/../lib/gcc/nios2-elf/4.1.2/../../../../nios2-elf/lib\libc.a(lib_a-wsetup.o)
                0x020027e8                __swsetup_r
 .text          0x02002924      0x230 c:/altera/12.1sp1/nios2eds/bin/gnu/h-i686-mingw32/bin/../lib/gcc/nios2-elf/4.1.2/../../../../nios2-elf/lib\libc.a(lib_a-fflush.o)
                0x02002924                _fflush_r
                0x02002b20                fflush
 .text          0x02002b54      0x2c0 c:/altera/12.1sp1/nios2eds/bin/gnu/h-i686-mingw32/bin/../lib/gcc/nios2-elf/4.1.2/../../../../nios2-elf/lib\libc.a(lib_a-findfp.o)
                0x02002bac                __sfp_lock_acquire
                0x02002bb0                __sfp_lock_release
                0x02002bb4                __sinit_lock_acquire
                0x02002bb8                __sinit_lock_release
                0x02002bbc                __sinit
                0x02002c70                __fp_unlock_all
                0x02002c88                __fp_lock_all
                0x02002ca0                _cleanup_r
                0x02002cac                _cleanup
                0x02002cbc                __sfmoreglue
                0x02002d24                __sfp
 .text          0x02002e14      0x180 c:/altera/12.1sp1/nios2eds/bin/gnu/h-i686-mingw32/bin/../lib/gcc/nios2-elf/4.1.2/../../../../nios2-elf/lib\libc.a(lib_a-fwalk.o)
                0x02002e14                _fwalk_reent
                0x02002edc                _fwalk
 .text          0x02002f94      0x194 c:/altera/12.1sp1/nios2eds/bin/gnu/h-i686-mingw32/bin/../lib/gcc/nios2-elf/4.1.2/../../../../nios2-elf/lib\libc.a(lib_a-makebuf.o)
                0x02002f94                __smakebuf_r
 .text          0x02003128       0x98 c:/altera/12.1sp1/nios2eds/bin/gnu/h-i686-mingw32/bin/../lib/gcc/nios2-elf/4.1.2/../../../../nios2-elf/lib\libc.a(lib_a-memset.o)
                0x02003128                memset
 .text          0x020031c0      0x14c c:/altera/12.1sp1/nios2eds/bin/gnu/h-i686-mingw32/bin/../lib/gcc/nios2-elf/4.1.2/../../../../nios2-elf/lib\libc.a(lib_a-stdio.o)
                0x020031c0                __sclose
                0x020031c8                __sseek
                0x02003230                __swrite
                0x020032ac                __sread
 .text          0x0200330c       0x78 c:/altera/12.1sp1/nios2eds/bin/gnu/h-i686-mingw32/bin/../lib/gcc/nios2-elf/4.1.2/../../../../nios2-elf/lib\libc.a(lib_a-writer.o)
                0x0200330c                _write_r
 .text          0x02003384       0x70 c:/altera/12.1sp1/nios2eds/bin/gnu/h-i686-mingw32/bin/../lib/gcc/nios2-elf/4.1.2/../../../../nios2-elf/lib\libc.a(lib_a-closer.o)
                0x02003384                _close_r
 .text          0x020033f4      0x124 c:/altera/12.1sp1/nios2eds/bin/gnu/h-i686-mingw32/bin/../lib/gcc/nios2-elf/4.1.2/../../../../nios2-elf/lib\libc.a(lib_a-fclose.o)
                0x020033f4                _fclose_r
                0x02003504                fclose
 .text          0x02003518       0x74 c:/altera/12.1sp1/nios2eds/bin/gnu/h-i686-mingw32/bin/../lib/gcc/nios2-elf/4.1.2/../../../../nios2-elf/lib\libc.a(lib_a-fstatr.o)
                0x02003518                _fstat_r
 .text          0x0200358c       0x70 c:/altera/12.1sp1/nios2eds/bin/gnu/h-i686-mingw32/bin/../lib/gcc/nios2-elf/4.1.2/../../../../nios2-elf/lib\libc.a(lib_a-isattyr.o)
                0x0200358c                _isatty_r
 .text          0x020035fc       0x78 c:/altera/12.1sp1/nios2eds/bin/gnu/h-i686-mingw32/bin/../lib/gcc/nios2-elf/4.1.2/../../../../nios2-elf/lib\libc.a(lib_a-lseekr.o)
                0x020035fc                _lseek_r
 .text          0x02003674       0x78 c:/altera/12.1sp1/nios2eds/bin/gnu/h-i686-mingw32/bin/../lib/gcc/nios2-elf/4.1.2/../../../../nios2-elf/lib\libc.a(lib_a-readr.o)
                0x02003674                _read_r
 .text          0x020036ec      0x15c ../transmitter_test_bsp/\libucosii_bsp.a(alt_close.o)
                0x020036ec                close
 .text          0x02003848       0x2c ../transmitter_test_bsp/\libucosii_bsp.a(alt_dev.o)
 .text          0x02003874        0x0 ../transmitter_test_bsp/\libucosii_bsp.a(alt_errno.o)
 .text          0x02003874      0x134 ../transmitter_test_bsp/\libucosii_bsp.a(alt_fstat.o)
                0x02003874                fstat
 .text          0x020039a8      0x120 ../transmitter_test_bsp/\libucosii_bsp.a(alt_isatty.o)
                0x020039a8                isatty
 .text          0x02003ac8       0xec ../transmitter_test_bsp/\libucosii_bsp.a(alt_load.o)
                0x02003ac8                alt_load
 .text          0x02003bb4      0x150 ../transmitter_test_bsp/\libucosii_bsp.a(alt_lseek.o)
                0x02003bb4                lseek
 .text          0x02003d04       0xc8 ../transmitter_test_bsp/\libucosii_bsp.a(alt_main.o)
                0x02003d04                alt_main
 .text          0x02003dcc      0x180 ../transmitter_test_bsp/\libucosii_bsp.a(alt_read.o)
                0x02003dcc                read
 .text          0x02003f4c       0x60 ../transmitter_test_bsp/\libucosii_bsp.a(alt_release_fd.o)
                0x02003f4c                alt_release_fd
 .text          0x02003fac       0xbc ../transmitter_test_bsp/\libucosii_bsp.a(alt_sbrk.o)
                0x02003fac                sbrk
 .text          0x02004068      0x180 ../transmitter_test_bsp/\libucosii_bsp.a(alt_write.o)
                0x02004068                write
 .text          0x020041e8      0x108 ../transmitter_test_bsp/\libucosii_bsp.a(alt_env_lock.o)
                0x020041e8                __env_lock
                0x02004294                __env_unlock
 .text          0x020042f0      0x1d8 ../transmitter_test_bsp/\libucosii_bsp.a(alt_malloc_lock.o)
                0x020042f0                __malloc_lock
                0x020043f8                __malloc_unlock
 .text          0x020044c8     0x2128 ../transmitter_test_bsp/\libucosii_bsp.a(os_core.o)
                0x020044c8                OSEventNameGet
                0x020045f8                OSEventNameSet
                0x0200473c                OSEventPendMulti
                0x02004df0                OSInit
                0x02004e44                OSIntEnter
                0x02004ec0                OSIntExit
                0x02004fc0                OSSchedLock
                0x0200504c                OSSchedUnlock
                0x02005130                OSStart
                0x020051a0                OSStatInit
                0x0200524c                OSTimeTick
                0x0200548c                OSVersion
                0x020054ac                OS_Dummy
                0x020054c8                OS_EventTaskRdy
                0x0200565c                OS_EventTaskWait
                0x0200576c                OS_EventTaskWaitMulti
                0x020058c0                OS_EventTaskRemove
                0x02005978                OS_EventTaskRemoveMulti
                0x02005a7c                OS_EventWaitListInit
                0x02005e48                OS_MemClr
                0x02005e9c                OS_MemCopy
                0x02005f08                OS_Sched
                0x0200604c                OS_StrCopy
                0x020060cc                OS_StrLen
                0x02006124                OS_TaskIdle
                0x02006180                OS_TaskStat
                0x02006248                OS_TaskStatStkChk
                0x02006310                OS_TCBInit
 .text          0x020065f0      0x18c ../transmitter_test_bsp/\libucosii_bsp.a(os_dbg.o)
                0x020065f0                OSDebugInit
 .text          0x0200677c     0x193c ../transmitter_test_bsp/\libucosii_bsp.a(os_flag.o)
                0x0200677c                OSFlagAccept
                0x02006ab0                OSFlagCreate
                0x02006bec                OSFlagDel
                0x02006e94                OSFlagNameGet
                0x02006fd8                OSFlagNameSet
                0x0200712c                OSFlagPend
                0x02007770                OSFlagPendGetFlagsRdy
                0x020077d8                OSFlagPost
                0x02007b80                OSFlagQuery
                0x02007e18                OS_FlagInit
                0x0200800c                OS_FlagUnlink
 .text          0x020080b8      0x808 ../transmitter_test_bsp/\libucosii_bsp.a(os_mem.o)
                0x020080b8                OSMemCreate
                0x020082d4                OSMemGet
                0x020083d8                OSMemNameGet
                0x020084e4                OSMemNameSet
                0x02008604                OSMemPut
                0x020086f4                OSMemQuery
                0x020087f0                OS_MemInit
 .text          0x020088c0     0x1334 ../transmitter_test_bsp/\libucosii_bsp.a(os_q.o)
                0x020088c0                OSQAccept
                0x02008a14                OSQCreate
                0x02008c28                OSQDel
                0x02008f28                OSQFlush
                0x02008ff0                OSQPend
                0x02009310                OSQPendAbort
                0x0200948c                OSQPost
                0x0200960c                OSQPostFront
                0x02009794                OSQPostOpt
                0x020099c8                OSQQuery
                0x02009b48                OS_QInit
 .text          0x02009bf4      0xbc8 ../transmitter_test_bsp/\libucosii_bsp.a(os_sem.o)
                0x02009bf4                OSSemAccept
                0x02009cb4                OSSemCreate
                0x02009dc8                OSSemDel
                0x0200a068                OSSemPend
                0x0200a2e4                OSSemPendAbort
                0x0200a460                OSSemPost
                0x0200a588                OSSemQuery
                0x0200a6b8                OSSemSet
 .text          0x0200a7bc     0x1a40 ../transmitter_test_bsp/\libucosii_bsp.a(os_task.o)
                0x0200a7bc                OSTaskChangePrio
                0x0200ad30                OSTaskCreate
                0x0200af04                OSTaskCreateExt
                0x0200b104                OSTaskDel
                0x0200b510                OSTaskDelReq
                0x0200b680                OSTaskNameGet
                0x0200b838                OSTaskNameSet
                0x0200b9fc                OSTaskResume
                0x0200bc14                OSTaskStkChk
                0x0200be10                OSTaskSuspend
                0x0200c03c                OSTaskQuery
                0x0200c180                OS_TaskStkClr
 .text          0x0200c1fc      0x598 ../transmitter_test_bsp/\libucosii_bsp.a(os_time.o)
                0x0200c1fc                OSTimeDly
                0x0200c348                OSTimeDlyHMSM
                0x0200c4bc                OSTimeDlyResume
                0x0200c6cc                OSTimeGet
                0x0200c730                OSTimeSet
 .text          0x0200c794       0xe0 ../transmitter_test_bsp/\libucosii_bsp.a(alt_sys_init.o)
                0x0200c794                alt_irq_init
                0x0200c7c8                alt_sys_init
 .text          0x0200c874      0x9e4 ../transmitter_test_bsp/\libucosii_bsp.a(altera_avalon_epcs_flash_controller.o)
                0x0200c874                alt_epcs_flash_init
                0x0200cc90                alt_epcs_flash_write
                0x0200cf10                alt_epcs_flash_get_info
                0x0200cfa0                alt_epcs_flash_erase_block
                0x0200d0a4                alt_epcs_flash_write_block
                0x0200d1c0                alt_epcs_flash_read
 .text          0x0200d258      0x148 ../transmitter_test_bsp/\libucosii_bsp.a(altera_avalon_jtag_uart_fd.o)
                0x0200d258                altera_avalon_jtag_uart_read_fd
                0x0200d2b0                altera_avalon_jtag_uart_write_fd
                0x0200d308                altera_avalon_jtag_uart_close_fd
                0x0200d350                altera_avalon_jtag_uart_ioctl_fd
 .text          0x0200d3a0      0x584 ../transmitter_test_bsp/\libucosii_bsp.a(altera_avalon_jtag_uart_init.o)
                0x0200d3a0                altera_avalon_jtag_uart_init
                0x0200d8b0                altera_avalon_jtag_uart_close
 .text          0x0200d924       0xf4 ../transmitter_test_bsp/\libucosii_bsp.a(altera_avalon_jtag_uart_ioctl.o)
                0x0200d924                altera_avalon_jtag_uart_ioctl
 .text          0x0200da18      0x2c0 ../transmitter_test_bsp/\libucosii_bsp.a(altera_avalon_jtag_uart_read.o)
                0x0200da18                altera_avalon_jtag_uart_read
 .text          0x0200dcd8      0x2dc ../transmitter_test_bsp/\libucosii_bsp.a(altera_avalon_jtag_uart_write.o)
                0x0200dcd8                altera_avalon_jtag_uart_write
 .text          0x0200dfb4      0x100 ../transmitter_test_bsp/\libucosii_bsp.a(altera_avalon_timer_sc.o)
                0x0200e024                alt_avalon_timer_sc_init
 .text          0x0200e0b4      0x6d4 ../transmitter_test_bsp/\libucosii_bsp.a(epcs_commands.o)
                0x0200e0b4                epcs_read_status_register
                0x0200e114                epcs_sector_erase
                0x0200e27c                epcs_read_buffer
                0x0200e3c8                epcs_write_enable
                0x0200e418                epcs_write_status_register
                0x0200e47c                epcs_write_buffer
                0x0200e5ec                epcs_read_electronic_signature
                0x0200e658                epcs_read_device_id
                0x0200e6d8                epcs_enter_4_bytes_mode
                0x0200e730                epcs_exit_4_bytes_mode
 .text          0x0200e788      0x154 ../transmitter_test_bsp/\libucosii_bsp.a(alt_alarm_start.o)
                0x0200e788                alt_alarm_start
 .text          0x0200e8dc       0x44 ../transmitter_test_bsp/\libucosii_bsp.a(alt_dcache_flush_all.o)
                0x0200e8dc                alt_dcache_flush_all
 .text          0x0200e920      0x114 ../transmitter_test_bsp/\libucosii_bsp.a(alt_dev_llist_insert.o)
                0x0200e920                alt_dev_llist_insert
 .text          0x0200ea34       0x64 ../transmitter_test_bsp/\libucosii_bsp.a(alt_do_ctors.o)
                0x0200ea34                _do_ctors
 .text          0x0200ea98       0x64 ../transmitter_test_bsp/\libucosii_bsp.a(alt_do_dtors.o)
                0x0200ea98                _do_dtors
 .text          0x0200eafc       0xd0 ../transmitter_test_bsp/\libucosii_bsp.a(alt_flash_dev.o)
                0x0200eafc                alt_flash_open_dev
                0x0200eb78                alt_flash_close_dev
 .text          0x0200ebcc       0x30 ../transmitter_test_bsp/\libucosii_bsp.a(alt_icache_flush_all.o)
                0x0200ebcc                alt_icache_flush_all
 .text          0x0200ebfc      0x1d4 ../transmitter_test_bsp/\libucosii_bsp.a(alt_iic.o)
                0x0200ebfc                alt_ic_isr_register
                0x0200ec4c                alt_ic_irq_enable
                0x0200ece8                alt_ic_irq_disable
                0x0200ed88                alt_ic_irq_enabled
 .text          0x0200edd0       0xf8 ../transmitter_test_bsp/\libucosii_bsp.a(alt_iic_isr_register.o)
                0x0200edd0                alt_iic_isr_register
 .text          0x0200eec8      0x13c ../transmitter_test_bsp/\libucosii_bsp.a(alt_io_redirect.o)
                0x0200ef8c                alt_io_redirect
 .text          0x0200f004        0x0 ../transmitter_test_bsp/\libucosii_bsp.a(alt_irq_entry.o)
 .text          0x0200f004        0x0 ../transmitter_test_bsp/\libucosii_bsp.a(alt_irq_handler.o)
 .text          0x0200f004        0x0 ../transmitter_test_bsp/\libucosii_bsp.a(alt_irq_vars.o)
 .text          0x0200f004      0x2c4 ../transmitter_test_bsp/\libucosii_bsp.a(alt_open.o)
                0x0200f0e0                open
 .text          0x0200f2c8      0x1a8 ../transmitter_test_bsp/\libucosii_bsp.a(alt_tick.o)
                0x0200f2c8                alt_alarm_stop
                0x0200f360                alt_tick
 .text          0x0200f470       0x20 ../transmitter_test_bsp/\libucosii_bsp.a(altera_nios2_qsys_irq.o)
                0x0200f470                altera_nios2_qsys_irq_init
 .text          0x0200f490       0xd0 ../transmitter_test_bsp/\libucosii_bsp.a(os_cpu_a.o)
                0x0200f490                OSCtxSw
                0x0200f490                OSIntCtxSw
                0x0200f51c                OSStartHighRdy
                0x0200f53c                OSStartTsk
 .text          0x0200f560      0x418 ../transmitter_test_bsp/\libucosii_bsp.a(os_cpu_c.o)
                0x0200f560                OSTaskStkInit
                0x0200f870                OSTaskCreateHook
                0x0200f890                OSTaskDelHook
                0x0200f8b0                OSTaskSwHook
                0x0200f8cc                OSTaskStatHook
                0x0200f8e8                OSTimeTickHook
                0x0200f904                OSInitHookBegin
                0x0200f920                OSInitHookEnd
                0x0200f93c                OSTaskIdleHook
                0x0200f958                OSTCBInitHook
 .text          0x0200f978      0x238 ../transmitter_test_bsp/\libucosii_bsp.a(altera_avalon_spi.o)
                0x0200f978                alt_avalon_spi_command
 .text          0x0200fbb0        0x0 ../transmitter_test_bsp/\libucosii_bsp.a(alt_exception_entry.o)
 .text          0x0200fbb0       0x94 ../transmitter_test_bsp/\libucosii_bsp.a(alt_find_dev.o)
                0x0200fbb0                alt_find_dev
 .text          0x0200fc44      0x120 ../transmitter_test_bsp/\libucosii_bsp.a(alt_find_file.o)
                0x0200fc44                alt_find_file
 .text          0x0200fd64       0xf4 ../transmitter_test_bsp/\libucosii_bsp.a(alt_get_fd.o)
                0x0200fd64                alt_get_fd
 .text          0x0200fe58       0x90 ../transmitter_test_bsp/\libucosii_bsp.a(alt_icache_flush.o)
                0x0200fe58                alt_icache_flush
 .text          0x0200fee8       0x14 c:/altera/12.1sp1/nios2eds/bin/gnu/h-i686-mingw32/bin/../lib/gcc/nios2-elf/4.1.2/../../../../nios2-elf/lib\libc.a(lib_a-atexit.o)
                0x0200fee8                atexit
 .text          0x0200fefc       0x38 c:/altera/12.1sp1/nios2eds/bin/gnu/h-i686-mingw32/bin/../lib/gcc/nios2-elf/4.1.2/../../../../nios2-elf/lib\libc.a(lib_a-exit.o)
                0x0200fefc                exit
 .text          0x0200ff34       0x74 c:/altera/12.1sp1/nios2eds/bin/gnu/h-i686-mingw32/bin/../lib/gcc/nios2-elf/4.1.2/../../../../nios2-elf/lib\libc.a(lib_a-memcmp.o)
                0x0200ff34                memcmp
 .text          0x0200ffa8      0x134 c:/altera/12.1sp1/nios2eds/bin/gnu/h-i686-mingw32/bin/../lib/gcc/nios2-elf/4.1.2/../../../../nios2-elf/lib\libc.a(lib_a-__atexit.o)
                0x0200ffa8                __register_exitproc
 .text          0x020100dc      0x1b4 c:/altera/12.1sp1/nios2eds/bin/gnu/h-i686-mingw32/bin/../lib/gcc/nios2-elf/4.1.2/../../../../nios2-elf/lib\libc.a(lib_a-__call_atexit.o)
                0x020100e0                __call_exitprocs
 .text          0x02010290      0x14c c:/altera/12.1sp1/nios2eds/bin/gnu/h-i686-mingw32/bin/../lib/gcc/nios2-elf/4.1.2\libgcc.a(lib2-divmod.o)
                0x0201030c                __divsi3
                0x0201036c                __modsi3
                0x020103cc                __udivsi3
                0x020103d4                __umodsi3
 .text          0x020103dc       0x6c ../transmitter_test_bsp/\libucosii_bsp.a(alt_exit.o)
                0x0201041c                _exit
 *(.gnu.warning.*)
 *(.fini)
                0x02010448                PROVIDE (__etext, ABSOLUTE (.))
                0x02010448                PROVIDE (_etext, ABSOLUTE (.))
                0x02010448                PROVIDE (etext, ABSOLUTE (.))
 *(.eh_frame_hdr)
                0x02010448                . = ALIGN (0x4)
                0x02010448                PROVIDE (__preinit_array_start, ABSOLUTE (.))
 *(.preinit_array)
                0x02010448                PROVIDE (__preinit_array_end, ABSOLUTE (.))
                0x02010448                PROVIDE (__init_array_start, ABSOLUTE (.))
 *(.init_array)
                0x02010448                PROVIDE (__init_array_end, ABSOLUTE (.))
                0x02010448                PROVIDE (__fini_array_start, ABSOLUTE (.))
 *(.fini_array)
                0x02010448                PROVIDE (__fini_array_end, ABSOLUTE (.))
 *(.eh_frame)
 *(.gcc_except_table)
 *(.dynamic)
                0x02010448                PROVIDE (__CTOR_LIST__, ABSOLUTE (.))
 *(.ctors)
 .ctors         0x02010448        0x4 obj/default/transmitter_test.o
 *(SORT(.ctors.*))
 .ctors.65535   0x0201044c        0x4 c:/altera/12.1sp1/nios2eds/bin/gnu/h-i686-mingw32/bin/../lib/gcc/nios2-elf/4.1.2/../../../../nios2-elf/lib\libc.a(lib_a-__call_atexit.o)
                0x02010450                PROVIDE (__CTOR_END__, ABSOLUTE (.))
                0x02010450                PROVIDE (__DTOR_LIST__, ABSOLUTE (.))
 *(.dtors)
 .dtors         0x02010450        0x4 obj/default/transmitter_test.o
 *(SORT(.dtors.*))
                0x02010454                PROVIDE (__DTOR_END__, ABSOLUTE (.))
 *(.jcr)
                0x02010454                . = ALIGN (0x4)

.rodata         0x02010454      0x2ec
                0x02010454                PROVIDE (__ram_rodata_start, ABSOLUTE (.))
                0x02010454                . = ALIGN (0x4)
 *(.rodata .rodata.* .gnu.linkonce.r.*)
 .rodata._ZTV20TransmitterInterface
                0x02010454       0x10 obj/default/transmitterInterface.o
                0x02010454                vtable for TransmitterInterface
 .rodata._ZTS20TransmitterInterface
                0x02010464       0x18 obj/default/transmitterInterface.o
                0x02010464                typeinfo name for TransmitterInterface
 .rodata        0x0201047c       0x50 obj/default/transmitter_test.o
 .rodata._ZTVN10__cxxabiv117__class_type_infoE
                0x020104cc       0x2c c:/altera/12.1sp1/nios2eds/bin/gnu/h-i686-mingw32/bin/../lib/gcc/nios2-elf/4.1.2/../../../../nios2-elf/lib\libstdc++.a(class_type_info.o)
                0x020104cc                vtable for __cxxabiv1::__class_type_info
 .rodata._ZTSN10__cxxabiv117__class_type_infoE
                0x020104f8       0x24 c:/altera/12.1sp1/nios2eds/bin/gnu/h-i686-mingw32/bin/../lib/gcc/nios2-elf/4.1.2/../../../../nios2-elf/lib\libstdc++.a(class_type_info.o)
                0x020104f8                typeinfo name for __cxxabiv1::__class_type_info
 .rodata._ZTIN10__cxxabiv117__class_type_infoE
                0x0201051c        0xc c:/altera/12.1sp1/nios2eds/bin/gnu/h-i686-mingw32/bin/../lib/gcc/nios2-elf/4.1.2/../../../../nios2-elf/lib\libstdc++.a(class_type_info.o)
                0x0201051c                typeinfo for __cxxabiv1::__class_type_info
 .rodata._ZTVN10__cxxabiv120__si_class_type_infoE
                0x02010528       0x2c c:/altera/12.1sp1/nios2eds/bin/gnu/h-i686-mingw32/bin/../lib/gcc/nios2-elf/4.1.2/../../../../nios2-elf/lib\libstdc++.a(si_class_type_info.o)
                0x02010528                vtable for __cxxabiv1::__si_class_type_info
 .rodata._ZTSN10__cxxabiv120__si_class_type_infoE
                0x02010554       0x28 c:/altera/12.1sp1/nios2eds/bin/gnu/h-i686-mingw32/bin/../lib/gcc/nios2-elf/4.1.2/../../../../nios2-elf/lib\libstdc++.a(si_class_type_info.o)
                0x02010554                typeinfo name for __cxxabiv1::__si_class_type_info
 .rodata._ZTIN10__cxxabiv120__si_class_type_infoE
                0x0201057c        0xc c:/altera/12.1sp1/nios2eds/bin/gnu/h-i686-mingw32/bin/../lib/gcc/nios2-elf/4.1.2/../../../../nios2-elf/lib\libstdc++.a(si_class_type_info.o)
                0x0201057c                typeinfo for __cxxabiv1::__si_class_type_info
 .rodata._ZTVSt9type_info
                0x02010588       0x20 c:/altera/12.1sp1/nios2eds/bin/gnu/h-i686-mingw32/bin/../lib/gcc/nios2-elf/4.1.2/../../../../nios2-elf/lib\libstdc++.a(tinfo.o)
                0x02010588                vtable for std::type_info
 .rodata._ZTSSt9type_info
                0x020105a8       0x10 c:/altera/12.1sp1/nios2eds/bin/gnu/h-i686-mingw32/bin/../lib/gcc/nios2-elf/4.1.2/../../../../nios2-elf/lib\libstdc++.a(tinfo.o)
                0x020105a8                typeinfo name for std::type_info
 .rodata.str1.4
                0x020105b8        0x2 c:/altera/12.1sp1/nios2eds/bin/gnu/h-i686-mingw32/bin/../lib/gcc/nios2-elf/4.1.2/../../../../nios2-elf/lib\libc.a(lib_a-puts.o)
                                  0x4 (size before relaxing)
 *fill*         0x020105ba        0x2 00
 .rodata.str1.4
                0x020105bc        0x4 c:/altera/12.1sp1/nios2eds/bin/gnu/h-i686-mingw32/bin/../lib/gcc/nios2-elf/4.1.2/../../../../nios2-elf/lib\libc.a(lib_a-impure.o)
 .rodata        0x020105c0        0xc ../transmitter_test_bsp/\libucosii_bsp.a(alt_dev.o)
 .rodata        0x020105cc       0x10 ../transmitter_test_bsp/\libucosii_bsp.a(alt_main.o)
 .rodata        0x020105dc      0x120 ../transmitter_test_bsp/\libucosii_bsp.a(os_core.o)
                0x020105dc                OSUnMapTbl
 .rodata        0x020106fc       0x40 ../transmitter_test_bsp/\libucosii_bsp.a(alt_sys_init.o)
 .rodata        0x0201073c        0x4 ../transmitter_test_bsp/\libucosii_bsp.a(os_cpu_c.o)
 *(.rodata1)
                0x02010740                . = ALIGN (0x4)
                0x02010740                PROVIDE (__ram_rodata_end, ABSOLUTE (.))
                0x02010454                PROVIDE (__flash_rodata_start, LOADADDR (.rodata))

.rwdata         0x02010740     0x1bdc load address 0x0201231c
                0x02010740                PROVIDE (__ram_rwdata_start, ABSOLUTE (.))
                0x02010740                . = ALIGN (0x4)
 *(.got.plt)
 *(.got)
 *(.data1)
 *(.data .data.* .gnu.linkonce.d.*)
 .data          0x02010740        0x0 ../transmitter_test_bsp//obj/HAL/src/crt0.o
 .data          0x02010740        0x0 obj/default/transmitterInterface.o
 .data          0x02010740        0x0 obj/default/transmitter_test.o
 .data          0x02010740        0x0 c:/altera/12.1sp1/nios2eds/bin/gnu/h-i686-mingw32/bin/../lib/gcc/nios2-elf/4.1.2/../../../../nios2-elf/lib\libstdc++.a(class_type_info.o)
 .data          0x02010740        0x0 c:/altera/12.1sp1/nios2eds/bin/gnu/h-i686-mingw32/bin/../lib/gcc/nios2-elf/4.1.2/../../../../nios2-elf/lib\libstdc++.a(del_op.o)
 .data          0x02010740        0x0 c:/altera/12.1sp1/nios2eds/bin/gnu/h-i686-mingw32/bin/../lib/gcc/nios2-elf/4.1.2/../../../../nios2-elf/lib\libstdc++.a(si_class_type_info.o)
 .data          0x02010740        0x0 c:/altera/12.1sp1/nios2eds/bin/gnu/h-i686-mingw32/bin/../lib/gcc/nios2-elf/4.1.2/../../../../nios2-elf/lib\libstdc++.a(tinfo.o)
 .data          0x02010740        0x0 c:/altera/12.1sp1/nios2eds/bin/gnu/h-i686-mingw32/bin/../lib/gcc/nios2-elf/4.1.2/../../../../nios2-elf/lib\libc.a(lib_a-malloc.o)
 .data          0x02010740      0x408 c:/altera/12.1sp1/nios2eds/bin/gnu/h-i686-mingw32/bin/../lib/gcc/nios2-elf/4.1.2/../../../../nios2-elf/lib\libc.a(lib_a-mallocr.o)
                0x02010740                __malloc_av_
 .data          0x02010b48        0x0 c:/altera/12.1sp1/nios2eds/bin/gnu/h-i686-mingw32/bin/../lib/gcc/nios2-elf/4.1.2/../../../../nios2-elf/lib\libc.a(lib_a-puts.o)
 .data          0x02010b48        0x0 c:/altera/12.1sp1/nios2eds/bin/gnu/h-i686-mingw32/bin/../lib/gcc/nios2-elf/4.1.2/../../../../nios2-elf/lib\libc.a(lib_a-sbrkr.o)
 .data          0x02010b48        0x0 c:/altera/12.1sp1/nios2eds/bin/gnu/h-i686-mingw32/bin/../lib/gcc/nios2-elf/4.1.2/../../../../nios2-elf/lib\libc.a(lib_a-strlen.o)
 .data          0x02010b48        0x0 c:/altera/12.1sp1/nios2eds/bin/gnu/h-i686-mingw32/bin/../lib/gcc/nios2-elf/4.1.2/../../../../nios2-elf/lib\libc.a(lib_a-freer.o)
 .data          0x02010b48        0x0 c:/altera/12.1sp1/nios2eds/bin/gnu/h-i686-mingw32/bin/../lib/gcc/nios2-elf/4.1.2/../../../../nios2-elf/lib\libc.a(lib_a-fvwrite.o)
 .data          0x02010b48      0x400 c:/altera/12.1sp1/nios2eds/bin/gnu/h-i686-mingw32/bin/../lib/gcc/nios2-elf/4.1.2/../../../../nios2-elf/lib\libc.a(lib_a-impure.o)
 .data          0x02010f48        0x0 c:/altera/12.1sp1/nios2eds/bin/gnu/h-i686-mingw32/bin/../lib/gcc/nios2-elf/4.1.2/../../../../nios2-elf/lib\libc.a(lib_a-int_errno.o)
 .data          0x02010f48        0x0 c:/altera/12.1sp1/nios2eds/bin/gnu/h-i686-mingw32/bin/../lib/gcc/nios2-elf/4.1.2/../../../../nios2-elf/lib\libc.a(lib_a-memchr.o)
 .data          0x02010f48        0x0 c:/altera/12.1sp1/nios2eds/bin/gnu/h-i686-mingw32/bin/../lib/gcc/nios2-elf/4.1.2/../../../../nios2-elf/lib\libc.a(lib_a-memcpy.o)
 .data          0x02010f48        0x0 c:/altera/12.1sp1/nios2eds/bin/gnu/h-i686-mingw32/bin/../lib/gcc/nios2-elf/4.1.2/../../../../nios2-elf/lib\libc.a(lib_a-memmove.o)
 .data          0x02010f48        0x0 c:/altera/12.1sp1/nios2eds/bin/gnu/h-i686-mingw32/bin/../lib/gcc/nios2-elf/4.1.2/../../../../nios2-elf/lib\libc.a(lib_a-reallocr.o)
 .data          0x02010f48        0x0 c:/altera/12.1sp1/nios2eds/bin/gnu/h-i686-mingw32/bin/../lib/gcc/nios2-elf/4.1.2/../../../../nios2-elf/lib\libc.a(lib_a-wsetup.o)
 .data          0x02010f48        0x0 c:/altera/12.1sp1/nios2eds/bin/gnu/h-i686-mingw32/bin/../lib/gcc/nios2-elf/4.1.2/../../../../nios2-elf/lib\libc.a(lib_a-fflush.o)
 .data          0x02010f48        0x0 c:/altera/12.1sp1/nios2eds/bin/gnu/h-i686-mingw32/bin/../lib/gcc/nios2-elf/4.1.2/../../../../nios2-elf/lib\libc.a(lib_a-findfp.o)
 .data          0x02010f48        0x0 c:/altera/12.1sp1/nios2eds/bin/gnu/h-i686-mingw32/bin/../lib/gcc/nios2-elf/4.1.2/../../../../nios2-elf/lib\libc.a(lib_a-fwalk.o)
 .data          0x02010f48        0x0 c:/altera/12.1sp1/nios2eds/bin/gnu/h-i686-mingw32/bin/../lib/gcc/nios2-elf/4.1.2/../../../../nios2-elf/lib\libc.a(lib_a-makebuf.o)
 .data          0x02010f48        0x0 c:/altera/12.1sp1/nios2eds/bin/gnu/h-i686-mingw32/bin/../lib/gcc/nios2-elf/4.1.2/../../../../nios2-elf/lib\libc.a(lib_a-memset.o)
 .data          0x02010f48        0x0 c:/altera/12.1sp1/nios2eds/bin/gnu/h-i686-mingw32/bin/../lib/gcc/nios2-elf/4.1.2/../../../../nios2-elf/lib\libc.a(lib_a-stdio.o)
 .data          0x02010f48        0x0 c:/altera/12.1sp1/nios2eds/bin/gnu/h-i686-mingw32/bin/../lib/gcc/nios2-elf/4.1.2/../../../../nios2-elf/lib\libc.a(lib_a-writer.o)
 .data          0x02010f48        0x0 c:/altera/12.1sp1/nios2eds/bin/gnu/h-i686-mingw32/bin/../lib/gcc/nios2-elf/4.1.2/../../../../nios2-elf/lib\libc.a(lib_a-closer.o)
 .data          0x02010f48        0x0 c:/altera/12.1sp1/nios2eds/bin/gnu/h-i686-mingw32/bin/../lib/gcc/nios2-elf/4.1.2/../../../../nios2-elf/lib\libc.a(lib_a-fclose.o)
 .data          0x02010f48        0x0 c:/altera/12.1sp1/nios2eds/bin/gnu/h-i686-mingw32/bin/../lib/gcc/nios2-elf/4.1.2/../../../../nios2-elf/lib\libc.a(lib_a-fstatr.o)
 .data          0x02010f48        0x0 c:/altera/12.1sp1/nios2eds/bin/gnu/h-i686-mingw32/bin/../lib/gcc/nios2-elf/4.1.2/../../../../nios2-elf/lib\libc.a(lib_a-isattyr.o)
 .data          0x02010f48        0x0 c:/altera/12.1sp1/nios2eds/bin/gnu/h-i686-mingw32/bin/../lib/gcc/nios2-elf/4.1.2/../../../../nios2-elf/lib\libc.a(lib_a-lseekr.o)
 .data          0x02010f48        0x0 c:/altera/12.1sp1/nios2eds/bin/gnu/h-i686-mingw32/bin/../lib/gcc/nios2-elf/4.1.2/../../../../nios2-elf/lib\libc.a(lib_a-readr.o)
 .data          0x02010f48        0x0 ../transmitter_test_bsp/\libucosii_bsp.a(alt_close.o)
 .data          0x02010f48      0x1a8 ../transmitter_test_bsp/\libucosii_bsp.a(alt_dev.o)
                0x02010f48                alt_dev_null
                0x02010f70                alt_fd_list
 .data          0x020110f0        0x0 ../transmitter_test_bsp/\libucosii_bsp.a(alt_errno.o)
 .data          0x020110f0        0x0 ../transmitter_test_bsp/\libucosii_bsp.a(alt_fstat.o)
 .data          0x020110f0        0x0 ../transmitter_test_bsp/\libucosii_bsp.a(alt_isatty.o)
 .data          0x020110f0        0x0 ../transmitter_test_bsp/\libucosii_bsp.a(alt_load.o)
 .data          0x020110f0        0x0 ../transmitter_test_bsp/\libucosii_bsp.a(alt_lseek.o)
 .data          0x020110f0        0x0 ../transmitter_test_bsp/\libucosii_bsp.a(alt_main.o)
 .data          0x020110f0        0x0 ../transmitter_test_bsp/\libucosii_bsp.a(alt_read.o)
 .data          0x020110f0        0x0 ../transmitter_test_bsp/\libucosii_bsp.a(alt_release_fd.o)
 .data          0x020110f0        0x0 ../transmitter_test_bsp/\libucosii_bsp.a(alt_sbrk.o)
 .data          0x020110f0        0x0 ../transmitter_test_bsp/\libucosii_bsp.a(alt_write.o)
 .data          0x020110f0        0x0 ../transmitter_test_bsp/\libucosii_bsp.a(alt_env_lock.o)
 .data          0x020110f0        0x0 ../transmitter_test_bsp/\libucosii_bsp.a(alt_malloc_lock.o)
 .data          0x020110f0        0x0 ../transmitter_test_bsp/\libucosii_bsp.a(os_core.o)
 .data          0x020110f0        0x0 ../transmitter_test_bsp/\libucosii_bsp.a(os_dbg.o)
 .data          0x020110f0        0x0 ../transmitter_test_bsp/\libucosii_bsp.a(os_flag.o)
 .data          0x020110f0        0x0 ../transmitter_test_bsp/\libucosii_bsp.a(os_mem.o)
 .data          0x020110f0        0x0 ../transmitter_test_bsp/\libucosii_bsp.a(os_q.o)
 .data          0x020110f0        0x0 ../transmitter_test_bsp/\libucosii_bsp.a(os_sem.o)
 .data          0x020110f0        0x0 ../transmitter_test_bsp/\libucosii_bsp.a(os_task.o)
 .data          0x020110f0        0x0 ../transmitter_test_bsp/\libucosii_bsp.a(os_time.o)
 .data          0x020110f0     0x1160 ../transmitter_test_bsp/\libucosii_bsp.a(alt_sys_init.o)
 .data          0x02012250        0x0 ../transmitter_test_bsp/\libucosii_bsp.a(altera_avalon_epcs_flash_controller.o)
 .data          0x02012250        0x0 ../transmitter_test_bsp/\libucosii_bsp.a(altera_avalon_jtag_uart_fd.o)
 .data          0x02012250        0x0 ../transmitter_test_bsp/\libucosii_bsp.a(altera_avalon_jtag_uart_init.o)
 .data          0x02012250        0x0 ../transmitter_test_bsp/\libucosii_bsp.a(altera_avalon_jtag_uart_ioctl.o)
 .data          0x02012250        0x0 ../transmitter_test_bsp/\libucosii_bsp.a(altera_avalon_jtag_uart_read.o)
 .data          0x02012250        0x0 ../transmitter_test_bsp/\libucosii_bsp.a(altera_avalon_jtag_uart_write.o)
 .data          0x02012250        0x0 ../transmitter_test_bsp/\libucosii_bsp.a(altera_avalon_timer_sc.o)
 .data          0x02012250        0x0 ../transmitter_test_bsp/\libucosii_bsp.a(epcs_commands.o)
 .data          0x02012250        0x0 ../transmitter_test_bsp/\libucosii_bsp.a(alt_alarm_start.o)
 .data          0x02012250        0x0 ../transmitter_test_bsp/\libucosii_bsp.a(alt_dcache_flush_all.o)
 .data          0x02012250        0x0 ../transmitter_test_bsp/\libucosii_bsp.a(alt_dev_llist_insert.o)
 .data          0x02012250        0x0 ../transmitter_test_bsp/\libucosii_bsp.a(alt_do_ctors.o)
 .data          0x02012250        0x0 ../transmitter_test_bsp/\libucosii_bsp.a(alt_do_dtors.o)
 .data          0x02012250        0x0 ../transmitter_test_bsp/\libucosii_bsp.a(alt_flash_dev.o)
 .data          0x02012250        0x0 ../transmitter_test_bsp/\libucosii_bsp.a(alt_icache_flush_all.o)
 .data          0x02012250        0x0 ../transmitter_test_bsp/\libucosii_bsp.a(alt_iic.o)
 .data          0x02012250        0x0 ../transmitter_test_bsp/\libucosii_bsp.a(alt_iic_isr_register.o)
 .data          0x02012250        0x0 ../transmitter_test_bsp/\libucosii_bsp.a(alt_io_redirect.o)
 .data          0x02012250        0x0 ../transmitter_test_bsp/\libucosii_bsp.a(alt_irq_entry.o)
 .data          0x02012250        0x0 ../transmitter_test_bsp/\libucosii_bsp.a(alt_irq_handler.o)
 .data          0x02012250        0x0 ../transmitter_test_bsp/\libucosii_bsp.a(alt_irq_vars.o)
 .data          0x02012250        0x0 ../transmitter_test_bsp/\libucosii_bsp.a(alt_open.o)
 .data          0x02012250        0x0 ../transmitter_test_bsp/\libucosii_bsp.a(alt_tick.o)
 .data          0x02012250        0x0 ../transmitter_test_bsp/\libucosii_bsp.a(altera_nios2_qsys_irq.o)
 .data          0x02012250        0x0 ../transmitter_test_bsp/\libucosii_bsp.a(os_cpu_a.o)
 .data          0x02012250        0x0 ../transmitter_test_bsp/\libucosii_bsp.a(os_cpu_c.o)
 .data          0x02012250        0x0 ../transmitter_test_bsp/\libucosii_bsp.a(altera_avalon_spi.o)
 .data          0x02012250        0x0 ../transmitter_test_bsp/\libucosii_bsp.a(alt_exception_entry.o)
 .data          0x02012250        0x0 ../transmitter_test_bsp/\libucosii_bsp.a(alt_find_dev.o)
 .data          0x02012250        0x0 ../transmitter_test_bsp/\libucosii_bsp.a(alt_find_file.o)
 .data          0x02012250        0x0 ../transmitter_test_bsp/\libucosii_bsp.a(alt_get_fd.o)
 .data          0x02012250        0x0 ../transmitter_test_bsp/\libucosii_bsp.a(alt_icache_flush.o)
 .data          0x02012250        0x0 c:/altera/12.1sp1/nios2eds/bin/gnu/h-i686-mingw32/bin/../lib/gcc/nios2-elf/4.1.2/../../../../nios2-elf/lib\libc.a(lib_a-atexit.o)
 .data          0x02012250        0x0 c:/altera/12.1sp1/nios2eds/bin/gnu/h-i686-mingw32/bin/../lib/gcc/nios2-elf/4.1.2/../../../../nios2-elf/lib\libc.a(lib_a-exit.o)
 .data          0x02012250        0x0 c:/altera/12.1sp1/nios2eds/bin/gnu/h-i686-mingw32/bin/../lib/gcc/nios2-elf/4.1.2/../../../../nios2-elf/lib\libc.a(lib_a-memcmp.o)
 .data          0x02012250        0x0 c:/altera/12.1sp1/nios2eds/bin/gnu/h-i686-mingw32/bin/../lib/gcc/nios2-elf/4.1.2/../../../../nios2-elf/lib\libc.a(lib_a-__atexit.o)
 .data          0x02012250        0x0 c:/altera/12.1sp1/nios2eds/bin/gnu/h-i686-mingw32/bin/../lib/gcc/nios2-elf/4.1.2/../../../../nios2-elf/lib\libc.a(lib_a-__call_atexit.o)
 .data          0x02012250        0x0 c:/altera/12.1sp1/nios2eds/bin/gnu/h-i686-mingw32/bin/../lib/gcc/nios2-elf/4.1.2\libgcc.a(lib2-divmod.o)
 .data          0x02012250        0x0 ../transmitter_test_bsp/\libucosii_bsp.a(alt_exit.o)
                0x0201a250                _gp = ABSOLUTE ((. + 0x8000))
                0x0201a250                PROVIDE (gp, _gp)
 *(.rwdata .rwdata.*)
 *(.sdata .sdata.* .gnu.linkonce.s.*)
 .sdata._ZTI20TransmitterInterface
                0x02012250        0x8 obj/default/transmitterInterface.o
                0x02012250                typeinfo for TransmitterInterface
 .sdata._ZTISt9type_info
                0x02012258        0x8 c:/altera/12.1sp1/nios2eds/bin/gnu/h-i686-mingw32/bin/../lib/gcc/nios2-elf/4.1.2/../../../../nios2-elf/lib\libstdc++.a(tinfo.o)
                0x02012258                typeinfo for std::type_info
 .sdata         0x02012260        0x8 c:/altera/12.1sp1/nios2eds/bin/gnu/h-i686-mingw32/bin/../lib/gcc/nios2-elf/4.1.2/../../../../nios2-elf/lib\libc.a(lib_a-mallocr.o)
                0x02012260                __malloc_trim_threshold
                0x02012264                __malloc_sbrk_base
 .sdata         0x02012268        0x8 c:/altera/12.1sp1/nios2eds/bin/gnu/h-i686-mingw32/bin/../lib/gcc/nios2-elf/4.1.2/../../../../nios2-elf/lib\libc.a(lib_a-impure.o)
                0x02012268                _impure_ptr
                0x0201226c                _global_impure_ptr
 .sdata         0x02012270       0x14 ../transmitter_test_bsp/\libucosii_bsp.a(alt_dev.o)
                0x02012270                alt_fs_list
                0x02012278                alt_dev_list
                0x02012280                alt_max_fd
 .sdata         0x02012284        0x4 ../transmitter_test_bsp/\libucosii_bsp.a(alt_errno.o)
                0x02012284                alt_errno
 .sdata         0x02012288        0x4 ../transmitter_test_bsp/\libucosii_bsp.a(alt_sbrk.o)
 .sdata         0x0201228c        0x4 ../transmitter_test_bsp/\libucosii_bsp.a(alt_env_lock.o)
 .sdata         0x02012290        0x4 ../transmitter_test_bsp/\libucosii_bsp.a(alt_malloc_lock.o)
 .sdata         0x02012294       0x74 ../transmitter_test_bsp/\libucosii_bsp.a(os_dbg.o)
                0x02012294                OSDebugEn
                0x02012298                OSEndiannessTest
                0x0201229c                OSEventEn
                0x0201229e                OSEventMax
                0x020122a0                OSEventNameSize
                0x020122a2                OSEventSize
                0x020122a4                OSEventTblSize
                0x020122a6                OSEventMultiEn
                0x020122a8                OSFlagEn
                0x020122aa                OSFlagGrpSize
                0x020122ac                OSFlagNodeSize
                0x020122ae                OSFlagWidth
                0x020122b0                OSFlagMax
                0x020122b2                OSFlagNameSize
                0x020122b4                OSLowestPrio
                0x020122b6                OSMboxEn
                0x020122b8                OSMemEn
                0x020122ba                OSMemMax
                0x020122bc                OSMemNameSize
                0x020122be                OSMemSize
                0x020122c0                OSMemTblSize
                0x020122c2                OSMutexEn
                0x020122c4                OSPtrSize
                0x020122c6                OSQEn
                0x020122c8                OSQMax
                0x020122ca                OSQSize
                0x020122cc                OSRdyTblSize
                0x020122ce                OSSemEn
                0x020122d0                OSStkWidth
                0x020122d2                OSTaskCreateEn
                0x020122d4                OSTaskCreateExtEn
                0x020122d6                OSTaskDelEn
                0x020122d8                OSTaskIdleStkSize
                0x020122da                OSTaskProfileEn
                0x020122dc                OSTaskMax
                0x020122de                OSTaskNameSize
                0x020122e0                OSTaskStatEn
                0x020122e2                OSTaskStatStkSize
                0x020122e4                OSTaskStatStkChkEn
                0x020122e6                OSTaskSwHookEn
                0x020122e8                OSTCBPrioTblMax
                0x020122ea                OSTCBSize
                0x020122ec                OSTicksPerSec
                0x020122ee                OSTimeTickHookEn
                0x020122f0                OSVersionNbr
                0x020122f2                OSTmrEn
                0x020122f4                OSTmrCfgMax
                0x020122f6                OSTmrCfgNameSize
                0x020122f8                OSTmrCfgWheelSize
                0x020122fa                OSTmrCfgTicksPerSec
                0x020122fc                OSTmrSize
                0x020122fe                OSTmrTblSize
                0x02012300                OSTmrWheelSize
                0x02012302                OSTmrWheelTblSize
                0x02012304                OSDataSize
 .sdata         0x02012308        0x8 ../transmitter_test_bsp/\libucosii_bsp.a(alt_flash_dev.o)
                0x02012308                alt_flash_dev_list
 .sdata         0x02012310        0x4 ../transmitter_test_bsp/\libucosii_bsp.a(alt_irq_vars.o)
                0x02012310                alt_priority_mask
 .sdata         0x02012314        0x8 ../transmitter_test_bsp/\libucosii_bsp.a(alt_tick.o)
                0x02012314                alt_alarm_list
 *(.sdata2 .sdata2.* .gnu.linkonce.s2.*)
                0x0201231c                . = ALIGN (0x4)
                0x0201231c                _edata = ABSOLUTE (.)
                0x0201231c                PROVIDE (edata, ABSOLUTE (.))
                0x0201231c                PROVIDE (__ram_rwdata_end, ABSOLUTE (.))
                0x0201231c                PROVIDE (__flash_rwdata_start, LOADADDR (.rwdata))

.bss            0x02013ef8     0x5578
                0x02013ef8                __bss_start = ABSOLUTE (.)
                0x02013ef8                PROVIDE (__sbss_start, ABSOLUTE (.))
                0x02013ef8                PROVIDE (___sbss_start, ABSOLUTE (.))
 *(.dynsbss)
 *(.sbss .sbss.* .gnu.linkonce.sb.*)
 .sbss          0x02013ef8        0xc c:/altera/12.1sp1/nios2eds/bin/gnu/h-i686-mingw32/bin/../lib/gcc/nios2-elf/4.1.2/../../../../nios2-elf/lib\libc.a(lib_a-mallocr.o)
                0x02013ef8                __malloc_top_pad
                0x02013efc                __malloc_max_sbrked_mem
                0x02013f00                __malloc_max_total_mem
 .sbss          0x02013f04        0x4 c:/altera/12.1sp1/nios2eds/bin/gnu/h-i686-mingw32/bin/../lib/gcc/nios2-elf/4.1.2/../../../../nios2-elf/lib\libc.a(lib_a-int_errno.o)
                0x02013f04                errno
 .sbss          0x02013f08        0x4 ../transmitter_test_bsp/\libucosii_bsp.a(alt_dev.o)
                0x02013f08                alt_fd_list_lock
 .sbss          0x02013f0c        0xc ../transmitter_test_bsp/\libucosii_bsp.a(alt_main.o)
                0x02013f0c                alt_argc
                0x02013f10                alt_argv
                0x02013f14                alt_envp
 .sbss          0x02013f18        0x8 ../transmitter_test_bsp/\libucosii_bsp.a(alt_env_lock.o)
                0x02013f1c                alt_envsem
 .sbss          0x02013f20        0x8 ../transmitter_test_bsp/\libucosii_bsp.a(alt_malloc_lock.o)
                0x02013f24                alt_heapsem
 .sbss          0x02013f28       0x50 ../transmitter_test_bsp/\libucosii_bsp.a(os_core.o)
                0x02013f28                OSLockNesting
                0x02013f29                OSRunning
                0x02013f2c                OSIdleCtr
                0x02013f30                OSPrioHighRdy
                0x02013f31                OSPrioCur
                0x02013f34                OSTCBList
                0x02013f38                OSTickStepState
                0x02013f3c                OSCtxSwCtr
                0x02013f40                OSIdleCtrMax
                0x02013f44                OSTCBFreeList
                0x02013f48                OSCPUUsage
                0x02013f49                OSTaskCtr
                0x02013f4c                OSMemFreeList
                0x02013f50                OSTCBHighRdy
                0x02013f54                OSQFreeList
                0x02013f58                OSRdyGrp
                0x02013f59                OSRdyTbl
                0x02013f5c                OSEventFreeList
                0x02013f60                OSIntNesting
                0x02013f64                OSTCBCur
                0x02013f68                OSTime
                0x02013f6c                OSFlagFreeList
                0x02013f70                OSStatRdy
                0x02013f74                OSIdleCtrRun
 .sbss          0x02013f78        0x4 ../transmitter_test_bsp/\libucosii_bsp.a(alt_irq_vars.o)
                0x02013f78                alt_irq_active
 .sbss          0x02013f7c        0x8 ../transmitter_test_bsp/\libucosii_bsp.a(alt_tick.o)
                0x02013f7c                _alt_tick_rate
                0x02013f80                _alt_nticks
 *(.sbss2 .sbss2.* .gnu.linkonce.sb2.*)
 *(.scommon)
                0x02013f84                PROVIDE (__sbss_end, ABSOLUTE (.))
                0x02013f84                PROVIDE (___sbss_end, ABSOLUTE (.))
 *(.dynbss)
 *(.bss .bss.* .gnu.linkonce.b.*)
 .bss           0x02013f84        0x0 ../transmitter_test_bsp//obj/HAL/src/crt0.o
 .bss           0x02013f84        0x0 obj/default/transmitterInterface.o
 .bss           0x02013f84     0x2010 obj/default/transmitter_test.o
                0x02013f84                task1_stk
                0x02015f84                transmit
 .bss           0x02015f94        0x0 c:/altera/12.1sp1/nios2eds/bin/gnu/h-i686-mingw32/bin/../lib/gcc/nios2-elf/4.1.2/../../../../nios2-elf/lib\libstdc++.a(class_type_info.o)
 .bss           0x02015f94        0x0 c:/altera/12.1sp1/nios2eds/bin/gnu/h-i686-mingw32/bin/../lib/gcc/nios2-elf/4.1.2/../../../../nios2-elf/lib\libstdc++.a(del_op.o)
 .bss           0x02015f94        0x0 c:/altera/12.1sp1/nios2eds/bin/gnu/h-i686-mingw32/bin/../lib/gcc/nios2-elf/4.1.2/../../../../nios2-elf/lib\libstdc++.a(si_class_type_info.o)
 .bss           0x02015f94        0x0 c:/altera/12.1sp1/nios2eds/bin/gnu/h-i686-mingw32/bin/../lib/gcc/nios2-elf/4.1.2/../../../../nios2-elf/lib\libstdc++.a(tinfo.o)
 .bss           0x02015f94        0x0 c:/altera/12.1sp1/nios2eds/bin/gnu/h-i686-mingw32/bin/../lib/gcc/nios2-elf/4.1.2/../../../../nios2-elf/lib\libc.a(lib_a-malloc.o)
 .bss           0x02015f94       0x28 c:/altera/12.1sp1/nios2eds/bin/gnu/h-i686-mingw32/bin/../lib/gcc/nios2-elf/4.1.2/../../../../nios2-elf/lib\libc.a(lib_a-mallocr.o)
                0x02015f94                __malloc_current_mallinfo
 .bss           0x02015fbc        0x0 c:/altera/12.1sp1/nios2eds/bin/gnu/h-i686-mingw32/bin/../lib/gcc/nios2-elf/4.1.2/../../../../nios2-elf/lib\libc.a(lib_a-puts.o)
 .bss           0x02015fbc        0x0 c:/altera/12.1sp1/nios2eds/bin/gnu/h-i686-mingw32/bin/../lib/gcc/nios2-elf/4.1.2/../../../../nios2-elf/lib\libc.a(lib_a-sbrkr.o)
 .bss           0x02015fbc        0x0 c:/altera/12.1sp1/nios2eds/bin/gnu/h-i686-mingw32/bin/../lib/gcc/nios2-elf/4.1.2/../../../../nios2-elf/lib\libc.a(lib_a-strlen.o)
 .bss           0x02015fbc        0x0 c:/altera/12.1sp1/nios2eds/bin/gnu/h-i686-mingw32/bin/../lib/gcc/nios2-elf/4.1.2/../../../../nios2-elf/lib\libc.a(lib_a-freer.o)
 .bss           0x02015fbc        0x0 c:/altera/12.1sp1/nios2eds/bin/gnu/h-i686-mingw32/bin/../lib/gcc/nios2-elf/4.1.2/../../../../nios2-elf/lib\libc.a(lib_a-fvwrite.o)
 .bss           0x02015fbc        0x0 c:/altera/12.1sp1/nios2eds/bin/gnu/h-i686-mingw32/bin/../lib/gcc/nios2-elf/4.1.2/../../../../nios2-elf/lib\libc.a(lib_a-impure.o)
 .bss           0x02015fbc        0x0 c:/altera/12.1sp1/nios2eds/bin/gnu/h-i686-mingw32/bin/../lib/gcc/nios2-elf/4.1.2/../../../../nios2-elf/lib\libc.a(lib_a-int_errno.o)
 .bss           0x02015fbc        0x0 c:/altera/12.1sp1/nios2eds/bin/gnu/h-i686-mingw32/bin/../lib/gcc/nios2-elf/4.1.2/../../../../nios2-elf/lib\libc.a(lib_a-memchr.o)
 .bss           0x02015fbc        0x0 c:/altera/12.1sp1/nios2eds/bin/gnu/h-i686-mingw32/bin/../lib/gcc/nios2-elf/4.1.2/../../../../nios2-elf/lib\libc.a(lib_a-memcpy.o)
 .bss           0x02015fbc        0x0 c:/altera/12.1sp1/nios2eds/bin/gnu/h-i686-mingw32/bin/../lib/gcc/nios2-elf/4.1.2/../../../../nios2-elf/lib\libc.a(lib_a-memmove.o)
 .bss           0x02015fbc        0x0 c:/altera/12.1sp1/nios2eds/bin/gnu/h-i686-mingw32/bin/../lib/gcc/nios2-elf/4.1.2/../../../../nios2-elf/lib\libc.a(lib_a-reallocr.o)
 .bss           0x02015fbc        0x0 c:/altera/12.1sp1/nios2eds/bin/gnu/h-i686-mingw32/bin/../lib/gcc/nios2-elf/4.1.2/../../../../nios2-elf/lib\libc.a(lib_a-wsetup.o)
 .bss           0x02015fbc        0x0 c:/altera/12.1sp1/nios2eds/bin/gnu/h-i686-mingw32/bin/../lib/gcc/nios2-elf/4.1.2/../../../../nios2-elf/lib\libc.a(lib_a-fflush.o)
 .bss           0x02015fbc        0x0 c:/altera/12.1sp1/nios2eds/bin/gnu/h-i686-mingw32/bin/../lib/gcc/nios2-elf/4.1.2/../../../../nios2-elf/lib\libc.a(lib_a-findfp.o)
 .bss           0x02015fbc        0x0 c:/altera/12.1sp1/nios2eds/bin/gnu/h-i686-mingw32/bin/../lib/gcc/nios2-elf/4.1.2/../../../../nios2-elf/lib\libc.a(lib_a-fwalk.o)
 .bss           0x02015fbc        0x0 c:/altera/12.1sp1/nios2eds/bin/gnu/h-i686-mingw32/bin/../lib/gcc/nios2-elf/4.1.2/../../../../nios2-elf/lib\libc.a(lib_a-makebuf.o)
 .bss           0x02015fbc        0x0 c:/altera/12.1sp1/nios2eds/bin/gnu/h-i686-mingw32/bin/../lib/gcc/nios2-elf/4.1.2/../../../../nios2-elf/lib\libc.a(lib_a-memset.o)
 .bss           0x02015fbc        0x0 c:/altera/12.1sp1/nios2eds/bin/gnu/h-i686-mingw32/bin/../lib/gcc/nios2-elf/4.1.2/../../../../nios2-elf/lib\libc.a(lib_a-stdio.o)
 .bss           0x02015fbc        0x0 c:/altera/12.1sp1/nios2eds/bin/gnu/h-i686-mingw32/bin/../lib/gcc/nios2-elf/4.1.2/../../../../nios2-elf/lib\libc.a(lib_a-writer.o)
 .bss           0x02015fbc        0x0 c:/altera/12.1sp1/nios2eds/bin/gnu/h-i686-mingw32/bin/../lib/gcc/nios2-elf/4.1.2/../../../../nios2-elf/lib\libc.a(lib_a-closer.o)
 .bss           0x02015fbc        0x0 c:/altera/12.1sp1/nios2eds/bin/gnu/h-i686-mingw32/bin/../lib/gcc/nios2-elf/4.1.2/../../../../nios2-elf/lib\libc.a(lib_a-fclose.o)
 .bss           0x02015fbc        0x0 c:/altera/12.1sp1/nios2eds/bin/gnu/h-i686-mingw32/bin/../lib/gcc/nios2-elf/4.1.2/../../../../nios2-elf/lib\libc.a(lib_a-fstatr.o)
 .bss           0x02015fbc        0x0 c:/altera/12.1sp1/nios2eds/bin/gnu/h-i686-mingw32/bin/../lib/gcc/nios2-elf/4.1.2/../../../../nios2-elf/lib\libc.a(lib_a-isattyr.o)
 .bss           0x02015fbc        0x0 c:/altera/12.1sp1/nios2eds/bin/gnu/h-i686-mingw32/bin/../lib/gcc/nios2-elf/4.1.2/../../../../nios2-elf/lib\libc.a(lib_a-lseekr.o)
 .bss           0x02015fbc        0x0 c:/altera/12.1sp1/nios2eds/bin/gnu/h-i686-mingw32/bin/../lib/gcc/nios2-elf/4.1.2/../../../../nios2-elf/lib\libc.a(lib_a-readr.o)
 .bss           0x02015fbc        0x0 ../transmitter_test_bsp/\libucosii_bsp.a(alt_close.o)
 .bss           0x02015fbc        0x0 ../transmitter_test_bsp/\libucosii_bsp.a(alt_dev.o)
 .bss           0x02015fbc        0x0 ../transmitter_test_bsp/\libucosii_bsp.a(alt_errno.o)
 .bss           0x02015fbc        0x0 ../transmitter_test_bsp/\libucosii_bsp.a(alt_fstat.o)
 .bss           0x02015fbc        0x0 ../transmitter_test_bsp/\libucosii_bsp.a(alt_isatty.o)
 .bss           0x02015fbc        0x0 ../transmitter_test_bsp/\libucosii_bsp.a(alt_load.o)
 .bss           0x02015fbc        0x0 ../transmitter_test_bsp/\libucosii_bsp.a(alt_lseek.o)
 .bss           0x02015fbc        0x0 ../transmitter_test_bsp/\libucosii_bsp.a(alt_main.o)
 .bss           0x02015fbc        0x0 ../transmitter_test_bsp/\libucosii_bsp.a(alt_read.o)
 .bss           0x02015fbc        0x0 ../transmitter_test_bsp/\libucosii_bsp.a(alt_release_fd.o)
 .bss           0x02015fbc        0x0 ../transmitter_test_bsp/\libucosii_bsp.a(alt_sbrk.o)
 .bss           0x02015fbc        0x0 ../transmitter_test_bsp/\libucosii_bsp.a(alt_write.o)
 .bss           0x02015fbc        0x0 ../transmitter_test_bsp/\libucosii_bsp.a(alt_env_lock.o)
 .bss           0x02015fbc        0x0 ../transmitter_test_bsp/\libucosii_bsp.a(alt_malloc_lock.o)
 .bss           0x02015fbc        0x0 ../transmitter_test_bsp/\libucosii_bsp.a(os_core.o)
 .bss           0x02015fbc        0x0 ../transmitter_test_bsp/\libucosii_bsp.a(os_dbg.o)
 .bss           0x02015fbc        0x0 ../transmitter_test_bsp/\libucosii_bsp.a(os_flag.o)
 .bss           0x02015fbc        0x0 ../transmitter_test_bsp/\libucosii_bsp.a(os_mem.o)
 .bss           0x02015fbc        0x0 ../transmitter_test_bsp/\libucosii_bsp.a(os_q.o)
 .bss           0x02015fbc        0x0 ../transmitter_test_bsp/\libucosii_bsp.a(os_sem.o)
 .bss           0x02015fbc        0x0 ../transmitter_test_bsp/\libucosii_bsp.a(os_task.o)
 .bss           0x02015fbc        0x0 ../transmitter_test_bsp/\libucosii_bsp.a(os_time.o)
 .bss           0x02015fbc        0x0 ../transmitter_test_bsp/\libucosii_bsp.a(alt_sys_init.o)
 .bss           0x02015fbc        0x0 ../transmitter_test_bsp/\libucosii_bsp.a(altera_avalon_epcs_flash_controller.o)
 .bss           0x02015fbc        0x0 ../transmitter_test_bsp/\libucosii_bsp.a(altera_avalon_jtag_uart_fd.o)
 .bss           0x02015fbc        0x0 ../transmitter_test_bsp/\libucosii_bsp.a(altera_avalon_jtag_uart_init.o)
 .bss           0x02015fbc        0x0 ../transmitter_test_bsp/\libucosii_bsp.a(altera_avalon_jtag_uart_ioctl.o)
 .bss           0x02015fbc        0x0 ../transmitter_test_bsp/\libucosii_bsp.a(altera_avalon_jtag_uart_read.o)
 .bss           0x02015fbc        0x0 ../transmitter_test_bsp/\libucosii_bsp.a(altera_avalon_jtag_uart_write.o)
 .bss           0x02015fbc        0x0 ../transmitter_test_bsp/\libucosii_bsp.a(altera_avalon_timer_sc.o)
 .bss           0x02015fbc        0x0 ../transmitter_test_bsp/\libucosii_bsp.a(epcs_commands.o)
 .bss           0x02015fbc        0x0 ../transmitter_test_bsp/\libucosii_bsp.a(alt_alarm_start.o)
 .bss           0x02015fbc        0x0 ../transmitter_test_bsp/\libucosii_bsp.a(alt_dcache_flush_all.o)
 .bss           0x02015fbc        0x0 ../transmitter_test_bsp/\libucosii_bsp.a(alt_dev_llist_insert.o)
 .bss           0x02015fbc        0x0 ../transmitter_test_bsp/\libucosii_bsp.a(alt_do_ctors.o)
 .bss           0x02015fbc        0x0 ../transmitter_test_bsp/\libucosii_bsp.a(alt_do_dtors.o)
 .bss           0x02015fbc        0x0 ../transmitter_test_bsp/\libucosii_bsp.a(alt_flash_dev.o)
 .bss           0x02015fbc        0x0 ../transmitter_test_bsp/\libucosii_bsp.a(alt_icache_flush_all.o)
 .bss           0x02015fbc        0x0 ../transmitter_test_bsp/\libucosii_bsp.a(alt_iic.o)
 .bss           0x02015fbc        0x0 ../transmitter_test_bsp/\libucosii_bsp.a(alt_iic_isr_register.o)
 .bss           0x02015fbc        0x0 ../transmitter_test_bsp/\libucosii_bsp.a(alt_io_redirect.o)
 .bss           0x02015fbc        0x0 ../transmitter_test_bsp/\libucosii_bsp.a(alt_irq_entry.o)
 .bss           0x02015fbc        0x0 ../transmitter_test_bsp/\libucosii_bsp.a(alt_irq_handler.o)
 .bss           0x02015fbc        0x0 ../transmitter_test_bsp/\libucosii_bsp.a(alt_irq_vars.o)
 .bss           0x02015fbc        0x0 ../transmitter_test_bsp/\libucosii_bsp.a(alt_open.o)
 .bss           0x02015fbc        0x0 ../transmitter_test_bsp/\libucosii_bsp.a(alt_tick.o)
 .bss           0x02015fbc        0x0 ../transmitter_test_bsp/\libucosii_bsp.a(altera_nios2_qsys_irq.o)
 .bss           0x02015fbc        0x0 ../transmitter_test_bsp/\libucosii_bsp.a(os_cpu_a.o)
 .bss           0x02015fbc        0x0 ../transmitter_test_bsp/\libucosii_bsp.a(os_cpu_c.o)
 .bss           0x02015fbc        0x0 ../transmitter_test_bsp/\libucosii_bsp.a(altera_avalon_spi.o)
 .bss           0x02015fbc        0x0 ../transmitter_test_bsp/\libucosii_bsp.a(alt_exception_entry.o)
 .bss           0x02015fbc        0x0 ../transmitter_test_bsp/\libucosii_bsp.a(alt_find_dev.o)
 .bss           0x02015fbc        0x0 ../transmitter_test_bsp/\libucosii_bsp.a(alt_find_file.o)
 .bss           0x02015fbc        0x0 ../transmitter_test_bsp/\libucosii_bsp.a(alt_get_fd.o)
 .bss           0x02015fbc        0x0 ../transmitter_test_bsp/\libucosii_bsp.a(alt_icache_flush.o)
 .bss           0x02015fbc        0x0 c:/altera/12.1sp1/nios2eds/bin/gnu/h-i686-mingw32/bin/../lib/gcc/nios2-elf/4.1.2/../../../../nios2-elf/lib\libc.a(lib_a-atexit.o)
 .bss           0x02015fbc        0x0 c:/altera/12.1sp1/nios2eds/bin/gnu/h-i686-mingw32/bin/../lib/gcc/nios2-elf/4.1.2/../../../../nios2-elf/lib\libc.a(lib_a-exit.o)
 .bss           0x02015fbc        0x0 c:/altera/12.1sp1/nios2eds/bin/gnu/h-i686-mingw32/bin/../lib/gcc/nios2-elf/4.1.2/../../../../nios2-elf/lib\libc.a(lib_a-memcmp.o)
 .bss           0x02015fbc        0x0 c:/altera/12.1sp1/nios2eds/bin/gnu/h-i686-mingw32/bin/../lib/gcc/nios2-elf/4.1.2/../../../../nios2-elf/lib\libc.a(lib_a-__atexit.o)
 .bss           0x02015fbc        0x0 c:/altera/12.1sp1/nios2eds/bin/gnu/h-i686-mingw32/bin/../lib/gcc/nios2-elf/4.1.2/../../../../nios2-elf/lib\libc.a(lib_a-__call_atexit.o)
 .bss           0x02015fbc        0x0 c:/altera/12.1sp1/nios2eds/bin/gnu/h-i686-mingw32/bin/../lib/gcc/nios2-elf/4.1.2\libgcc.a(lib2-divmod.o)
 .bss           0x02015fbc        0x0 ../transmitter_test_bsp/\libucosii_bsp.a(alt_exit.o)
 *(COMMON)
 COMMON         0x02015fbc     0x3224 ../transmitter_test_bsp/\libucosii_bsp.a(os_core.o)
                0x02015fbc                OSFlagTbl
                0x0201632c                OSMemTbl
                0x02016f5c                OSTaskStatStk
                0x0201775c                OSQTbl
                0x0201793c                OSTaskIdleStk
                0x0201813c                OSEventTbl
                0x02018c7c                OSTCBTbl
                0x0201918c                OSTCBPrioTbl
 COMMON         0x020191e0      0x100 ../transmitter_test_bsp/\libucosii_bsp.a(alt_irq_handler.o)
                0x020191e0                alt_irq
 COMMON         0x020192e0      0x190 c:/altera/12.1sp1/nios2eds/bin/gnu/h-i686-mingw32/bin/../lib/gcc/nios2-elf/4.1.2/../../../../nios2-elf/lib\libc.a(lib_a-atexit.o)
                0x020192e0                _atexit0
                0x02019470                . = ALIGN (0x4)
                0x02019470                __bss_end = ABSOLUTE (.)

.sdram          0x02019470        0x0
                0x02019470                PROVIDE (_alt_partition_sdram_start, ABSOLUTE (.))
 *(.sdram. sdram.*)
                0x02019470                . = ALIGN (0x4)
                0x02019470                PROVIDE (_alt_partition_sdram_end, ABSOLUTE (.))
                0x02019470                _end = ABSOLUTE (.)
                0x02019470                end = ABSOLUTE (.)
                0x02019470                __alt_stack_base = ABSOLUTE (.)
                0x02019470                PROVIDE (_alt_partition_sdram_load_addr, LOADADDR (.sdram))

.epcs_flash_controller
                0x04000800        0x0 load address 0x02019470
                0x04000800                PROVIDE (_alt_partition_epcs_flash_controller_start, ABSOLUTE (.))
 *(.epcs_flash_controller. epcs_flash_controller.*)
                0x04000800                . = ALIGN (0x4)
                0x04000800                PROVIDE (_alt_partition_epcs_flash_controller_end, ABSOLUTE (.))
                0x02019470                PROVIDE (_alt_partition_epcs_flash_controller_load_addr, LOADADDR (.epcs_flash_controller))

.stab
 *(.stab)

.stabstr
 *(.stabstr)

.stab.excl
 *(.stab.excl)

.stab.exclstr
 *(.stab.exclstr)

.stab.index
 *(.stab.index)

.stab.indexstr
 *(.stab.indexstr)

.comment        0x00000000       0x26
 *(.comment)
 .comment       0x00000000       0x26 obj/default/transmitterInterface.o
                                 0x27 (size before relaxing)
 .comment       0x00000000       0x27 obj/default/transmitter_test.o
 .comment       0x00000000       0x27 c:/altera/12.1sp1/nios2eds/bin/gnu/h-i686-mingw32/bin/../lib/gcc/nios2-elf/4.1.2/../../../../nios2-elf/lib\libstdc++.a(class_type_info.o)
 .comment       0x00000000       0x27 c:/altera/12.1sp1/nios2eds/bin/gnu/h-i686-mingw32/bin/../lib/gcc/nios2-elf/4.1.2/../../../../nios2-elf/lib\libstdc++.a(del_op.o)
 .comment       0x00000000       0x27 c:/altera/12.1sp1/nios2eds/bin/gnu/h-i686-mingw32/bin/../lib/gcc/nios2-elf/4.1.2/../../../../nios2-elf/lib\libstdc++.a(si_class_type_info.o)
 .comment       0x00000000       0x27 c:/altera/12.1sp1/nios2eds/bin/gnu/h-i686-mingw32/bin/../lib/gcc/nios2-elf/4.1.2/../../../../nios2-elf/lib\libstdc++.a(tinfo.o)
 .comment       0x00000000       0x27 c:/altera/12.1sp1/nios2eds/bin/gnu/h-i686-mingw32/bin/../lib/gcc/nios2-elf/4.1.2/../../../../nios2-elf/lib\libc.a(lib_a-malloc.o)
 .comment       0x00000000       0x27 c:/altera/12.1sp1/nios2eds/bin/gnu/h-i686-mingw32/bin/../lib/gcc/nios2-elf/4.1.2/../../../../nios2-elf/lib\libc.a(lib_a-mallocr.o)
 .comment       0x00000000       0x27 c:/altera/12.1sp1/nios2eds/bin/gnu/h-i686-mingw32/bin/../lib/gcc/nios2-elf/4.1.2/../../../../nios2-elf/lib\libc.a(lib_a-puts.o)
 .comment       0x00000000       0x27 c:/altera/12.1sp1/nios2eds/bin/gnu/h-i686-mingw32/bin/../lib/gcc/nios2-elf/4.1.2/../../../../nios2-elf/lib\libc.a(lib_a-sbrkr.o)
 .comment       0x00000000       0x27 c:/altera/12.1sp1/nios2eds/bin/gnu/h-i686-mingw32/bin/../lib/gcc/nios2-elf/4.1.2/../../../../nios2-elf/lib\libc.a(lib_a-strlen.o)
 .comment       0x00000000       0x27 c:/altera/12.1sp1/nios2eds/bin/gnu/h-i686-mingw32/bin/../lib/gcc/nios2-elf/4.1.2/../../../../nios2-elf/lib\libc.a(lib_a-freer.o)
 .comment       0x00000000       0x27 c:/altera/12.1sp1/nios2eds/bin/gnu/h-i686-mingw32/bin/../lib/gcc/nios2-elf/4.1.2/../../../../nios2-elf/lib\libc.a(lib_a-fvwrite.o)
 .comment       0x00000000       0x27 c:/altera/12.1sp1/nios2eds/bin/gnu/h-i686-mingw32/bin/../lib/gcc/nios2-elf/4.1.2/../../../../nios2-elf/lib\libc.a(lib_a-impure.o)
 .comment       0x00000000       0x27 c:/altera/12.1sp1/nios2eds/bin/gnu/h-i686-mingw32/bin/../lib/gcc/nios2-elf/4.1.2/../../../../nios2-elf/lib\libc.a(lib_a-int_errno.o)
 .comment       0x00000000       0x27 c:/altera/12.1sp1/nios2eds/bin/gnu/h-i686-mingw32/bin/../lib/gcc/nios2-elf/4.1.2/../../../../nios2-elf/lib\libc.a(lib_a-memchr.o)
 .comment       0x00000000       0x27 c:/altera/12.1sp1/nios2eds/bin/gnu/h-i686-mingw32/bin/../lib/gcc/nios2-elf/4.1.2/../../../../nios2-elf/lib\libc.a(lib_a-memcpy.o)
 .comment       0x00000000       0x27 c:/altera/12.1sp1/nios2eds/bin/gnu/h-i686-mingw32/bin/../lib/gcc/nios2-elf/4.1.2/../../../../nios2-elf/lib\libc.a(lib_a-memmove.o)
 .comment       0x00000000       0x27 c:/altera/12.1sp1/nios2eds/bin/gnu/h-i686-mingw32/bin/../lib/gcc/nios2-elf/4.1.2/../../../../nios2-elf/lib\libc.a(lib_a-reallocr.o)
 .comment       0x00000000       0x27 c:/altera/12.1sp1/nios2eds/bin/gnu/h-i686-mingw32/bin/../lib/gcc/nios2-elf/4.1.2/../../../../nios2-elf/lib\libc.a(lib_a-wsetup.o)
 .comment       0x00000000       0x27 c:/altera/12.1sp1/nios2eds/bin/gnu/h-i686-mingw32/bin/../lib/gcc/nios2-elf/4.1.2/../../../../nios2-elf/lib\libc.a(lib_a-fflush.o)
 .comment       0x00000000       0x27 c:/altera/12.1sp1/nios2eds/bin/gnu/h-i686-mingw32/bin/../lib/gcc/nios2-elf/4.1.2/../../../../nios2-elf/lib\libc.a(lib_a-findfp.o)
 .comment       0x00000000       0x27 c:/altera/12.1sp1/nios2eds/bin/gnu/h-i686-mingw32/bin/../lib/gcc/nios2-elf/4.1.2/../../../../nios2-elf/lib\libc.a(lib_a-fwalk.o)
 .comment       0x00000000       0x27 c:/altera/12.1sp1/nios2eds/bin/gnu/h-i686-mingw32/bin/../lib/gcc/nios2-elf/4.1.2/../../../../nios2-elf/lib\libc.a(lib_a-makebuf.o)
 .comment       0x00000000       0x27 c:/altera/12.1sp1/nios2eds/bin/gnu/h-i686-mingw32/bin/../lib/gcc/nios2-elf/4.1.2/../../../../nios2-elf/lib\libc.a(lib_a-memset.o)
 .comment       0x00000000       0x27 c:/altera/12.1sp1/nios2eds/bin/gnu/h-i686-mingw32/bin/../lib/gcc/nios2-elf/4.1.2/../../../../nios2-elf/lib\libc.a(lib_a-stdio.o)
 .comment       0x00000000       0x27 c:/altera/12.1sp1/nios2eds/bin/gnu/h-i686-mingw32/bin/../lib/gcc/nios2-elf/4.1.2/../../../../nios2-elf/lib\libc.a(lib_a-writer.o)
 .comment       0x00000000       0x27 c:/altera/12.1sp1/nios2eds/bin/gnu/h-i686-mingw32/bin/../lib/gcc/nios2-elf/4.1.2/../../../../nios2-elf/lib\libc.a(lib_a-closer.o)
 .comment       0x00000000       0x27 c:/altera/12.1sp1/nios2eds/bin/gnu/h-i686-mingw32/bin/../lib/gcc/nios2-elf/4.1.2/../../../../nios2-elf/lib\libc.a(lib_a-fclose.o)
 .comment       0x00000000       0x27 c:/altera/12.1sp1/nios2eds/bin/gnu/h-i686-mingw32/bin/../lib/gcc/nios2-elf/4.1.2/../../../../nios2-elf/lib\libc.a(lib_a-fstatr.o)
 .comment       0x00000000       0x27 c:/altera/12.1sp1/nios2eds/bin/gnu/h-i686-mingw32/bin/../lib/gcc/nios2-elf/4.1.2/../../../../nios2-elf/lib\libc.a(lib_a-isattyr.o)
 .comment       0x00000000       0x27 c:/altera/12.1sp1/nios2eds/bin/gnu/h-i686-mingw32/bin/../lib/gcc/nios2-elf/4.1.2/../../../../nios2-elf/lib\libc.a(lib_a-lseekr.o)
 .comment       0x00000000       0x27 c:/altera/12.1sp1/nios2eds/bin/gnu/h-i686-mingw32/bin/../lib/gcc/nios2-elf/4.1.2/../../../../nios2-elf/lib\libc.a(lib_a-readr.o)
 .comment       0x00000000       0x27 ../transmitter_test_bsp/\libucosii_bsp.a(alt_close.o)
 .comment       0x00000000       0x27 ../transmitter_test_bsp/\libucosii_bsp.a(alt_dev.o)
 .comment       0x00000000       0x27 ../transmitter_test_bsp/\libucosii_bsp.a(alt_errno.o)
 .comment       0x00000000       0x27 ../transmitter_test_bsp/\libucosii_bsp.a(alt_fstat.o)
 .comment       0x00000000       0x27 ../transmitter_test_bsp/\libucosii_bsp.a(alt_isatty.o)
 .comment       0x00000000       0x27 ../transmitter_test_bsp/\libucosii_bsp.a(alt_load.o)
 .comment       0x00000000       0x27 ../transmitter_test_bsp/\libucosii_bsp.a(alt_lseek.o)
 .comment       0x00000000       0x27 ../transmitter_test_bsp/\libucosii_bsp.a(alt_main.o)
 .comment       0x00000000       0x27 ../transmitter_test_bsp/\libucosii_bsp.a(alt_read.o)
 .comment       0x00000000       0x27 ../transmitter_test_bsp/\libucosii_bsp.a(alt_release_fd.o)
 .comment       0x00000000       0x27 ../transmitter_test_bsp/\libucosii_bsp.a(alt_sbrk.o)
 .comment       0x00000000       0x27 ../transmitter_test_bsp/\libucosii_bsp.a(alt_write.o)
 .comment       0x00000000       0x27 ../transmitter_test_bsp/\libucosii_bsp.a(alt_env_lock.o)
 .comment       0x00000000       0x27 ../transmitter_test_bsp/\libucosii_bsp.a(alt_malloc_lock.o)
 .comment       0x00000000       0x27 ../transmitter_test_bsp/\libucosii_bsp.a(os_core.o)
 .comment       0x00000000       0x27 ../transmitter_test_bsp/\libucosii_bsp.a(os_dbg.o)
 .comment       0x00000000       0x27 ../transmitter_test_bsp/\libucosii_bsp.a(os_flag.o)
 .comment       0x00000000       0x27 ../transmitter_test_bsp/\libucosii_bsp.a(os_mem.o)
 .comment       0x00000000       0x27 ../transmitter_test_bsp/\libucosii_bsp.a(os_q.o)
 .comment       0x00000000       0x27 ../transmitter_test_bsp/\libucosii_bsp.a(os_sem.o)
 .comment       0x00000000       0x27 ../transmitter_test_bsp/\libucosii_bsp.a(os_task.o)
 .comment       0x00000000       0x27 ../transmitter_test_bsp/\libucosii_bsp.a(os_time.o)
 .comment       0x00000000       0x27 ../transmitter_test_bsp/\libucosii_bsp.a(alt_sys_init.o)
 .comment       0x00000000       0x27 ../transmitter_test_bsp/\libucosii_bsp.a(altera_avalon_epcs_flash_controller.o)
 .comment       0x00000000       0x27 ../transmitter_test_bsp/\libucosii_bsp.a(altera_avalon_jtag_uart_fd.o)
 .comment       0x00000000       0x27 ../transmitter_test_bsp/\libucosii_bsp.a(altera_avalon_jtag_uart_init.o)
 .comment       0x00000000       0x27 ../transmitter_test_bsp/\libucosii_bsp.a(altera_avalon_jtag_uart_ioctl.o)
 .comment       0x00000000       0x27 ../transmitter_test_bsp/\libucosii_bsp.a(altera_avalon_jtag_uart_read.o)
 .comment       0x00000000       0x27 ../transmitter_test_bsp/\libucosii_bsp.a(altera_avalon_jtag_uart_write.o)
 .comment       0x00000000       0x27 ../transmitter_test_bsp/\libucosii_bsp.a(altera_avalon_timer_sc.o)
 .comment       0x00000000       0x27 ../transmitter_test_bsp/\libucosii_bsp.a(epcs_commands.o)
 .comment       0x00000000       0x27 ../transmitter_test_bsp/\libucosii_bsp.a(alt_alarm_start.o)
 .comment       0x00000000       0x27 ../transmitter_test_bsp/\libucosii_bsp.a(alt_dcache_flush_all.o)
 .comment       0x00000000       0x27 ../transmitter_test_bsp/\libucosii_bsp.a(alt_dev_llist_insert.o)
 .comment       0x00000000       0x27 ../transmitter_test_bsp/\libucosii_bsp.a(alt_do_ctors.o)
 .comment       0x00000000       0x27 ../transmitter_test_bsp/\libucosii_bsp.a(alt_do_dtors.o)
 .comment       0x00000000       0x27 ../transmitter_test_bsp/\libucosii_bsp.a(alt_flash_dev.o)
 .comment       0x00000000       0x27 ../transmitter_test_bsp/\libucosii_bsp.a(alt_icache_flush_all.o)
 .comment       0x00000000       0x27 ../transmitter_test_bsp/\libucosii_bsp.a(alt_iic.o)
 .comment       0x00000000       0x27 ../transmitter_test_bsp/\libucosii_bsp.a(alt_iic_isr_register.o)
 .comment       0x00000000       0x27 ../transmitter_test_bsp/\libucosii_bsp.a(alt_io_redirect.o)
 .comment       0x00000000       0x27 ../transmitter_test_bsp/\libucosii_bsp.a(alt_irq_handler.o)
 .comment       0x00000000       0x27 ../transmitter_test_bsp/\libucosii_bsp.a(alt_irq_vars.o)
 .comment       0x00000000       0x27 ../transmitter_test_bsp/\libucosii_bsp.a(alt_open.o)
 .comment       0x00000000       0x27 ../transmitter_test_bsp/\libucosii_bsp.a(alt_tick.o)
 .comment       0x00000000       0x27 ../transmitter_test_bsp/\libucosii_bsp.a(altera_nios2_qsys_irq.o)
 .comment       0x00000000       0x27 ../transmitter_test_bsp/\libucosii_bsp.a(os_cpu_c.o)
 .comment       0x00000000       0x27 ../transmitter_test_bsp/\libucosii_bsp.a(altera_avalon_spi.o)
 .comment       0x00000000       0x27 ../transmitter_test_bsp/\libucosii_bsp.a(alt_find_dev.o)
 .comment       0x00000000       0x27 ../transmitter_test_bsp/\libucosii_bsp.a(alt_find_file.o)
 .comment       0x00000000       0x27 ../transmitter_test_bsp/\libucosii_bsp.a(alt_get_fd.o)
 .comment       0x00000000       0x27 ../transmitter_test_bsp/\libucosii_bsp.a(alt_icache_flush.o)
 .comment       0x00000000       0x27 c:/altera/12.1sp1/nios2eds/bin/gnu/h-i686-mingw32/bin/../lib/gcc/nios2-elf/4.1.2/../../../../nios2-elf/lib\libc.a(lib_a-atexit.o)
 .comment       0x00000000       0x27 c:/altera/12.1sp1/nios2eds/bin/gnu/h-i686-mingw32/bin/../lib/gcc/nios2-elf/4.1.2/../../../../nios2-elf/lib\libc.a(lib_a-exit.o)
 .comment       0x00000000       0x27 c:/altera/12.1sp1/nios2eds/bin/gnu/h-i686-mingw32/bin/../lib/gcc/nios2-elf/4.1.2/../../../../nios2-elf/lib\libc.a(lib_a-memcmp.o)
 .comment       0x00000000       0x27 c:/altera/12.1sp1/nios2eds/bin/gnu/h-i686-mingw32/bin/../lib/gcc/nios2-elf/4.1.2/../../../../nios2-elf/lib\libc.a(lib_a-__atexit.o)
 .comment       0x00000000       0x27 c:/altera/12.1sp1/nios2eds/bin/gnu/h-i686-mingw32/bin/../lib/gcc/nios2-elf/4.1.2/../../../../nios2-elf/lib\libc.a(lib_a-__call_atexit.o)
 .comment       0x00000000       0x27 c:/altera/12.1sp1/nios2eds/bin/gnu/h-i686-mingw32/bin/../lib/gcc/nios2-elf/4.1.2\libgcc.a(lib2-divmod.o)
 .comment       0x00000000       0x27 ../transmitter_test_bsp/\libucosii_bsp.a(alt_exit.o)

.debug
 *(.debug)

.line
 *(.line)

.debug_srcinfo
 *(.debug_srcinfo)

.debug_sfnames
 *(.debug_sfnames)

.debug_aranges  0x00000000      0xbb8
 *(.debug_aranges)
 .debug_aranges
                0x00000000       0x28 ../transmitter_test_bsp//obj/HAL/src/crt0.o
 .debug_aranges
                0x00000028       0x20 obj/default/transmitterInterface.o
 .debug_aranges
                0x00000048       0x20 obj/default/transmitter_test.o
 .debug_aranges
                0x00000068       0x20 c:/altera/12.1sp1/nios2eds/bin/gnu/h-i686-mingw32/bin/../lib/gcc/nios2-elf/4.1.2/../../../../nios2-elf/lib\libstdc++.a(class_type_info.o)
 .debug_aranges
                0x00000088       0x20 c:/altera/12.1sp1/nios2eds/bin/gnu/h-i686-mingw32/bin/../lib/gcc/nios2-elf/4.1.2/../../../../nios2-elf/lib\libstdc++.a(del_op.o)
 .debug_aranges
                0x000000a8       0x20 c:/altera/12.1sp1/nios2eds/bin/gnu/h-i686-mingw32/bin/../lib/gcc/nios2-elf/4.1.2/../../../../nios2-elf/lib\libstdc++.a(si_class_type_info.o)
 .debug_aranges
                0x000000c8       0x20 c:/altera/12.1sp1/nios2eds/bin/gnu/h-i686-mingw32/bin/../lib/gcc/nios2-elf/4.1.2/../../../../nios2-elf/lib\libstdc++.a(tinfo.o)
 .debug_aranges
                0x000000e8       0x20 c:/altera/12.1sp1/nios2eds/bin/gnu/h-i686-mingw32/bin/../lib/gcc/nios2-elf/4.1.2/../../../../nios2-elf/lib\libc.a(lib_a-malloc.o)
 .debug_aranges
                0x00000108       0x20 c:/altera/12.1sp1/nios2eds/bin/gnu/h-i686-mingw32/bin/../lib/gcc/nios2-elf/4.1.2/../../../../nios2-elf/lib\libc.a(lib_a-mallocr.o)
 .debug_aranges
                0x00000128       0x20 c:/altera/12.1sp1/nios2eds/bin/gnu/h-i686-mingw32/bin/../lib/gcc/nios2-elf/4.1.2/../../../../nios2-elf/lib\libc.a(lib_a-puts.o)
 .debug_aranges
                0x00000148       0x20 c:/altera/12.1sp1/nios2eds/bin/gnu/h-i686-mingw32/bin/../lib/gcc/nios2-elf/4.1.2/../../../../nios2-elf/lib\libc.a(lib_a-sbrkr.o)
 .debug_aranges
                0x00000168       0x20 c:/altera/12.1sp1/nios2eds/bin/gnu/h-i686-mingw32/bin/../lib/gcc/nios2-elf/4.1.2/../../../../nios2-elf/lib\libc.a(lib_a-strlen.o)
 .debug_aranges
                0x00000188       0x20 c:/altera/12.1sp1/nios2eds/bin/gnu/h-i686-mingw32/bin/../lib/gcc/nios2-elf/4.1.2/../../../../nios2-elf/lib\libc.a(lib_a-freer.o)
 .debug_aranges
                0x000001a8       0x20 c:/altera/12.1sp1/nios2eds/bin/gnu/h-i686-mingw32/bin/../lib/gcc/nios2-elf/4.1.2/../../../../nios2-elf/lib\libc.a(lib_a-fvwrite.o)
 .debug_aranges
                0x000001c8       0x20 c:/altera/12.1sp1/nios2eds/bin/gnu/h-i686-mingw32/bin/../lib/gcc/nios2-elf/4.1.2/../../../../nios2-elf/lib\libc.a(lib_a-memchr.o)
 .debug_aranges
                0x000001e8       0x20 c:/altera/12.1sp1/nios2eds/bin/gnu/h-i686-mingw32/bin/../lib/gcc/nios2-elf/4.1.2/../../../../nios2-elf/lib\libc.a(lib_a-memcpy.o)
 .debug_aranges
                0x00000208       0x20 c:/altera/12.1sp1/nios2eds/bin/gnu/h-i686-mingw32/bin/../lib/gcc/nios2-elf/4.1.2/../../../../nios2-elf/lib\libc.a(lib_a-memmove.o)
 .debug_aranges
                0x00000228       0x20 c:/altera/12.1sp1/nios2eds/bin/gnu/h-i686-mingw32/bin/../lib/gcc/nios2-elf/4.1.2/../../../../nios2-elf/lib\libc.a(lib_a-reallocr.o)
 .debug_aranges
                0x00000248       0x20 c:/altera/12.1sp1/nios2eds/bin/gnu/h-i686-mingw32/bin/../lib/gcc/nios2-elf/4.1.2/../../../../nios2-elf/lib\libc.a(lib_a-wsetup.o)
 .debug_aranges
                0x00000268       0x20 c:/altera/12.1sp1/nios2eds/bin/gnu/h-i686-mingw32/bin/../lib/gcc/nios2-elf/4.1.2/../../../../nios2-elf/lib\libc.a(lib_a-fflush.o)
 .debug_aranges
                0x00000288       0x20 c:/altera/12.1sp1/nios2eds/bin/gnu/h-i686-mingw32/bin/../lib/gcc/nios2-elf/4.1.2/../../../../nios2-elf/lib\libc.a(lib_a-findfp.o)
 .debug_aranges
                0x000002a8       0x20 c:/altera/12.1sp1/nios2eds/bin/gnu/h-i686-mingw32/bin/../lib/gcc/nios2-elf/4.1.2/../../../../nios2-elf/lib\libc.a(lib_a-fwalk.o)
 .debug_aranges
                0x000002c8       0x20 c:/altera/12.1sp1/nios2eds/bin/gnu/h-i686-mingw32/bin/../lib/gcc/nios2-elf/4.1.2/../../../../nios2-elf/lib\libc.a(lib_a-makebuf.o)
 .debug_aranges
                0x000002e8       0x20 c:/altera/12.1sp1/nios2eds/bin/gnu/h-i686-mingw32/bin/../lib/gcc/nios2-elf/4.1.2/../../../../nios2-elf/lib\libc.a(lib_a-memset.o)
 .debug_aranges
                0x00000308       0x20 c:/altera/12.1sp1/nios2eds/bin/gnu/h-i686-mingw32/bin/../lib/gcc/nios2-elf/4.1.2/../../../../nios2-elf/lib\libc.a(lib_a-stdio.o)
 .debug_aranges
                0x00000328       0x20 c:/altera/12.1sp1/nios2eds/bin/gnu/h-i686-mingw32/bin/../lib/gcc/nios2-elf/4.1.2/../../../../nios2-elf/lib\libc.a(lib_a-writer.o)
 .debug_aranges
                0x00000348       0x20 c:/altera/12.1sp1/nios2eds/bin/gnu/h-i686-mingw32/bin/../lib/gcc/nios2-elf/4.1.2/../../../../nios2-elf/lib\libc.a(lib_a-closer.o)
 .debug_aranges
                0x00000368       0x20 c:/altera/12.1sp1/nios2eds/bin/gnu/h-i686-mingw32/bin/../lib/gcc/nios2-elf/4.1.2/../../../../nios2-elf/lib\libc.a(lib_a-fclose.o)
 .debug_aranges
                0x00000388       0x20 c:/altera/12.1sp1/nios2eds/bin/gnu/h-i686-mingw32/bin/../lib/gcc/nios2-elf/4.1.2/../../../../nios2-elf/lib\libc.a(lib_a-fstatr.o)
 .debug_aranges
                0x000003a8       0x20 c:/altera/12.1sp1/nios2eds/bin/gnu/h-i686-mingw32/bin/../lib/gcc/nios2-elf/4.1.2/../../../../nios2-elf/lib\libc.a(lib_a-isattyr.o)
 .debug_aranges
                0x000003c8       0x20 c:/altera/12.1sp1/nios2eds/bin/gnu/h-i686-mingw32/bin/../lib/gcc/nios2-elf/4.1.2/../../../../nios2-elf/lib\libc.a(lib_a-lseekr.o)
 .debug_aranges
                0x000003e8       0x20 c:/altera/12.1sp1/nios2eds/bin/gnu/h-i686-mingw32/bin/../lib/gcc/nios2-elf/4.1.2/../../../../nios2-elf/lib\libc.a(lib_a-readr.o)
 .debug_aranges
                0x00000408       0x20 ../transmitter_test_bsp/\libucosii_bsp.a(alt_close.o)
 .debug_aranges
                0x00000428       0x20 ../transmitter_test_bsp/\libucosii_bsp.a(alt_dev.o)
 .debug_aranges
                0x00000448       0x20 ../transmitter_test_bsp/\libucosii_bsp.a(alt_fstat.o)
 .debug_aranges
                0x00000468       0x20 ../transmitter_test_bsp/\libucosii_bsp.a(alt_isatty.o)
 .debug_aranges
                0x00000488       0x20 ../transmitter_test_bsp/\libucosii_bsp.a(alt_load.o)
 .debug_aranges
                0x000004a8       0x20 ../transmitter_test_bsp/\libucosii_bsp.a(alt_lseek.o)
 .debug_aranges
                0x000004c8       0x20 ../transmitter_test_bsp/\libucosii_bsp.a(alt_main.o)
 .debug_aranges
                0x000004e8       0x20 ../transmitter_test_bsp/\libucosii_bsp.a(alt_read.o)
 .debug_aranges
                0x00000508       0x20 ../transmitter_test_bsp/\libucosii_bsp.a(alt_release_fd.o)
 .debug_aranges
                0x00000528       0x20 ../transmitter_test_bsp/\libucosii_bsp.a(alt_sbrk.o)
 .debug_aranges
                0x00000548       0x20 ../transmitter_test_bsp/\libucosii_bsp.a(alt_write.o)
 .debug_aranges
                0x00000568       0x20 ../transmitter_test_bsp/\libucosii_bsp.a(alt_env_lock.o)
 .debug_aranges
                0x00000588       0x20 ../transmitter_test_bsp/\libucosii_bsp.a(alt_malloc_lock.o)
 .debug_aranges
                0x000005a8       0x20 ../transmitter_test_bsp/\libucosii_bsp.a(os_core.o)
 .debug_aranges
                0x000005c8       0x20 ../transmitter_test_bsp/\libucosii_bsp.a(os_dbg.o)
 .debug_aranges
                0x000005e8       0x20 ../transmitter_test_bsp/\libucosii_bsp.a(os_flag.o)
 .debug_aranges
                0x00000608       0x20 ../transmitter_test_bsp/\libucosii_bsp.a(os_mem.o)
 .debug_aranges
                0x00000628       0x20 ../transmitter_test_bsp/\libucosii_bsp.a(os_q.o)
 .debug_aranges