Archive member included because of file (symbol)

c:/altera/12.1sp1/nios2eds/bin/gnu/h-i686-mingw32/bin/../lib/gcc/nios2-elf/4.1.2/../../../../nios2-elf/lib\libstdc++.a(class_type_info.o)
                              obj/default/transmitterInterface.o (vtable for __cxxabiv1::__class_type_info)
c:/altera/12.1sp1/nios2eds/bin/gnu/h-i686-mingw32/bin/../lib/gcc/nios2-elf/4.1.2/../../../../nios2-elf/lib\libstdc++.a(del_op.o)
                              obj/default/transmitterInterface.o (operator delete(void*))
c:/altera/12.1sp1/nios2eds/bin/gnu/h-i686-mingw32/bin/../lib/gcc/nios2-elf/4.1.2/../../../../nios2-elf/lib\libstdc++.a(si_class_type_info.o)
                              c:/altera/12.1sp1/nios2eds/bin/gnu/h-i686-mingw32/bin/../lib/gcc/nios2-elf/4.1.2/../../../../nios2-elf/lib\libstdc++.a(class_type_info.o) (vtable for __cxxabiv1::__si_class_type_info)
c:/altera/12.1sp1/nios2eds/bin/gnu/h-i686-mingw32/bin/../lib/gcc/nios2-elf/4.1.2/../../../../nios2-elf/lib\libstdc++.a(tinfo.o)
                              c:/altera/12.1sp1/nios2eds/bin/gnu/h-i686-mingw32/bin/../lib/gcc/nios2-elf/4.1.2/../../../../nios2-elf/lib\libstdc++.a(class_type_info.o) (std::type_info::__is_pointer_p() const)
c:/altera/12.1sp1/nios2eds/bin/gnu/h-i686-mingw32/bin/../lib/gcc/nios2-elf/4.1.2/../../../../nios2-elf/lib\libc.a(lib_a-malloc.o)
                              c:/altera/12.1sp1/nios2eds/bin/gnu/h-i686-mingw32/bin/../lib/gcc/nios2-elf/4.1.2/../../../../nios2-elf/lib\libstdc++.a(del_op.o) (free)
c:/altera/12.1sp1/nios2eds/bin/gnu/h-i686-mingw32/bin/../lib/gcc/nios2-elf/4.1.2/../../../../nios2-elf/lib\libc.a(lib_a-mallocr.o)
                              c:/altera/12.1sp1/nios2eds/bin/gnu/h-i686-mingw32/bin/../lib/gcc/nios2-elf/4.1.2/../../../../nios2-elf/lib\libc.a(lib_a-malloc.o) (_malloc_r)
c:/altera/12.1sp1/nios2eds/bin/gnu/h-i686-mingw32/bin/../lib/gcc/nios2-elf/4.1.2/../../../../nios2-elf/lib\libc.a(lib_a-puts.o)
                              obj/default/transmitter_test.o (puts)
c:/altera/12.1sp1/nios2eds/bin/gnu/h-i686-mingw32/bin/../lib/gcc/nios2-elf/4.1.2/../../../../nios2-elf/lib\libc.a(lib_a-sbrkr.o)
                              c:/altera/12.1sp1/nios2eds/bin/gnu/h-i686-mingw32/bin/../lib/gcc/nios2-elf/4.1.2/../../../../nios2-elf/lib\libc.a(lib_a-mallocr.o) (_sbrk_r)
c:/altera/12.1sp1/nios2eds/bin/gnu/h-i686-mingw32/bin/../lib/gcc/nios2-elf/4.1.2/../../../../nios2-elf/lib\libc.a(lib_a-strlen.o)
                              c:/altera/12.1sp1/nios2eds/bin/gnu/h-i686-mingw32/bin/../lib/gcc/nios2-elf/4.1.2/../../../../nios2-elf/lib\libc.a(lib_a-puts.o) (strlen)
c:/altera/12.1sp1/nios2eds/bin/gnu/h-i686-mingw32/bin/../lib/gcc/nios2-elf/4.1.2/../../../../nios2-elf/lib\libc.a(lib_a-freer.o)
                              c:/altera/12.1sp1/nios2eds/bin/gnu/h-i686-mingw32/bin/../lib/gcc/nios2-elf/4.1.2/../../../../nios2-elf/lib\libc.a(lib_a-malloc.o) (_free_r)
c:/altera/12.1sp1/nios2eds/bin/gnu/h-i686-mingw32/bin/../lib/gcc/nios2-elf/4.1.2/../../../../nios2-elf/lib\libc.a(lib_a-fvwrite.o)
                              c:/altera/12.1sp1/nios2eds/bin/gnu/h-i686-mingw32/bin/../lib/gcc/nios2-elf/4.1.2/../../../../nios2-elf/lib\libc.a(lib_a-puts.o) (__sfvwrite_r)
c:/altera/12.1sp1/nios2eds/bin/gnu/h-i686-mingw32/bin/../lib/gcc/nios2-elf/4.1.2/../../../../nios2-elf/lib\libc.a(lib_a-impure.o)
                              c:/altera/12.1sp1/nios2eds/bin/gnu/h-i686-mingw32/bin/../lib/gcc/nios2-elf/4.1.2/../../../../nios2-elf/lib\libc.a(lib_a-malloc.o) (_impure_ptr)
c:/altera/12.1sp1/nios2eds/bin/gnu/h-i686-mingw32/bin/../lib/gcc/nios2-elf/4.1.2/../../../../nios2-elf/lib\libc.a(lib_a-int_errno.o)
                              c:/altera/12.1sp1/nios2eds/bin/gnu/h-i686-mingw32/bin/../lib/gcc/nios2-elf/4.1.2/../../../../nios2-elf/lib\libc.a(lib_a-sbrkr.o) (errno)
c:/altera/12.1sp1/nios2eds/bin/gnu/h-i686-mingw32/bin/../lib/gcc/nios2-elf/4.1.2/../../../../nios2-elf/lib\libc.a(lib_a-memchr.o)
                              c:/altera/12.1sp1/nios2eds/bin/gnu/h-i686-mingw32/bin/../lib/gcc/nios2-elf/4.1.2/../../../../nios2-elf/lib\libc.a(lib_a-fvwrite.o) (memchr)
c:/altera/12.1sp1/nios2eds/bin/gnu/h-i686-mingw32/bin/../lib/gcc/nios2-elf/4.1.2/../../../../nios2-elf/lib\libc.a(lib_a-memcpy.o)
                              c:/altera/12.1sp1/nios2eds/bin/gnu/h-i686-mingw32/bin/../lib/gcc/nios2-elf/4.1.2/../../../../nios2-elf/lib\libc.a(lib_a-fvwrite.o) (memcpy)
c:/altera/12.1sp1/nios2eds/bin/gnu/h-i686-mingw32/bin/../lib/gcc/nios2-elf/4.1.2/../../../../nios2-elf/lib\libc.a(lib_a-memmove.o)
                              c:/altera/12.1sp1/nios2eds/bin/gnu/h-i686-mingw32/bin/../lib/gcc/nios2-elf/4.1.2/../../../../nios2-elf/lib\libc.a(lib_a-fvwrite.o) (memmove)
c:/altera/12.1sp1/nios2eds/bin/gnu/h-i686-mingw32/bin/../lib/gcc/nios2-elf/4.1.2/../../../../nios2-elf/lib\libc.a(lib_a-reallocr.o)
[...]
Memory Configuration

Name             Origin             Length             Attributes
reset            0x02000000         0x00000020
sdram            0x02000020         0x01ffffe0
epcs_flash_controller 0x04000800         0x00000800
*default*        0x00000000         0xffffffff

Linker script and memory map

LOAD ../transmitter_test_bsp//obj/HAL/src/crt0.o
LOAD obj/default/transmitterInterface.o
LOAD obj/default/transmitter_test.o
LOAD c:/altera/12.1sp1/nios2eds/bin/gnu/h-i686-mingw32/bin/../lib/gcc/nios2-elf/4.1.2/../../../../nios2-elf/lib\libstdc++.a
LOAD c:/altera/12.1sp1/nios2eds/bin/gnu/h-i686-mingw32/bin/../lib/gcc/nios2-elf/4.1.2/../../../../nios2-elf/lib\libm.a
LOAD c:/altera/12.1sp1/nios2eds/bin/gnu/h-i686-mingw32/bin/../lib/gcc/nios2-elf/4.1.2\libgcc.a
START GROUP
LOAD c:/altera/12.1sp1/nios2eds/bin/gnu/h-i686-mingw32/bin/../lib/gcc/nios2-elf/4.1.2/../../../../nios2-elf/lib\libc.a
LOAD c:/altera/12.1sp1/nios2eds/bin/gnu/h-i686-mingw32/bin/../lib/gcc/nios2-elf/4.1.2\libgcc.a
LOAD ../transmitter_test_bsp/\libucosii_bsp.a
END GROUP
LOAD c:/altera/12.1sp1/nios2eds/bin/gnu/h-i686-mingw32/bin/../lib/gcc/nios2-elf/4.1.2\libgcc.a
                0x02000000                __alt_mem_sdram = 0x2000000
                0x04000800                __alt_mem_epcs_flash_controller = 0x4000800

.entry          0x02000000       0x20
 *(.entry)
 .entry         0x02000000       0x20 ../transmitter_test_bsp//obj/HAL/src/crt0.o
                0x02000000                __reset

.exceptions     0x02000020      0x19c
                0x02000020                PROVIDE (__ram_exceptions_start, ABSOLUTE (.))
                0x02000020                . = ALIGN (0x20)
 *(.irq)
 *(.exceptions.entry.label)
 .exceptions.entry.label
                0x02000020        0x0 ../transmitter_test_bsp/\libucosii_bsp.a(alt_irq_entry.o)
                0x02000020                alt_irq_entry
 .exceptions.entry.label
                0x02000020        0x0 ../transmitter_test_bsp/\libucosii_bsp.a(alt_exception_entry.o)
                0x02000020                alt_exception
 *(.exceptions.entry.user)
 *(.exceptions.entry)
 .exceptions.entry
                0x02000020       0x54 ../transmitter_test_bsp/\libucosii_bsp.a(alt_exception_entry.o)
 *(.exceptions.irqtest.user)
 *(.exceptions.irqtest)
 .exceptions.irqtest
                0x02000074       0x10 ../transmitter_test_bsp/\libucosii_bsp.a(alt_irq_entry.o)
 *(.exceptions.irqhandler.user)
 *(.exceptions.irqhandler)
 .exceptions.irqhandler
                0x02000084        0x4 ../transmitter_test_bsp/\libucosii_bsp.a(alt_irq_entry.o)
 *(.exceptions.irqreturn.user)
 *(.exceptions.irqreturn)
 .exceptions.irqreturn
                0x02000088        0x4 ../transmitter_test_bsp/\libucosii_bsp.a(alt_irq_entry.o)
 *(.exceptions.notirq.label)
 .exceptions.notirq.label
                0x0200008c        0x0 ../transmitter_test_bsp/\libucosii_bsp.a(alt_irq_entry.o)
 *(.exceptions.notirq.user)
 *(.exceptions.notirq)
 .exceptions.notirq
                0x0200008c        0x8 ../transmitter_test_bsp/\libucosii_bsp.a(alt_exception_entry.o)
 *(.exceptions.soft.user)
 *(.exceptions.soft)
 *(.exceptions.unknown.user)
 *(.exceptions.unknown)
 .exceptions.unknown
                0x02000094        0x4 ../transmitter_test_bsp/\libucosii_bsp.a(alt_exception_entry.o)
 *(.exceptions.exit.label)
 .exceptions.exit.label
                0x02000098        0x0 ../transmitter_test_bsp/\libucosii_bsp.a(alt_irq_entry.o)
 .exceptions.exit.label
                0x02000098        0x0 ../transmitter_test_bsp/\libucosii_bsp.a(alt_exception_entry.o)
 *(.exceptions.exit.user)
 *(.exceptions.exit)
 .exceptions.exit
                0x02000098       0x54 ../transmitter_test_bsp/\libucosii_bsp.a(alt_exception_entry.o)
 *(.exceptions)
 .exceptions    0x020000ec       0xd0 ../transmitter_test_bsp/\libucosii_bsp.a(alt_irq_handler.o)
                0x020000ec                alt_irq_handler
                0x020001bc                PROVIDE (__ram_exceptions_end, ABSOLUTE (.))
                0x02000020                PROVIDE (__flash_exceptions_start, LOADADDR (.exceptions))

.text           0x020001bc    0x10160
                0x020001bc                PROVIDE (stext, ABSOLUTE (.))
 *(.interp)
 *(.hash)
 *(.dynsym)
 *(.dynstr)
 *(.gnu.version)
 *(.gnu.version_d)
 *(.gnu.version_r)
 *(.rel.init)
 *(.rela.init)
 *(.rel.text .rel.text.* .rel.gnu.linkonce.t.*)
 *(.rela.text .rela.text.* .rela.gnu.linkonce.t.*)
 *(.rel.fini)
 *(.rela.fini)
 *(.rel.rodata .rel.rodata.* .rel.gnu.linkonce.r.*)
 *(.rela.rodata .rela.rodata.* .rela.gnu.linkonce.r.*)
 *(.rel.data .rel.data.* .rel.gnu.linkonce.d.*)
 *(.rela.data .rela.data.* .rela.gnu.linkonce.d.*)
 *(.rel.tdata .rel.tdata.* .rel.gnu.linkonce.td.*)
 *(.rela.tdata .rela.tdata.* .rela.gnu.linkonce.td.*)
 *(.rel.tbss .rel.tbss.* .rel.gnu.linkonce.tb.*)
 *(.rela.tbss .rela.tbss.* .rela.gnu.linkonce.tb.*)
 *(.rel.ctors)
 *(.rela.ctors)
 *(.rel.dtors)
 *(.rela.dtors)
 *(.rel.got)
 *(.rela.got)
 *(.rel.sdata .rel.sdata.* .rel.gnu.linkonce.s.*)
 *(.rela.sdata .rela.sdata.* .rela.gnu.linkonce.s.*)
 *(.rel.sbss .rel.sbss.* .rel.gnu.linkonce.sb.*)
 *(.rela.sbss .rela.sbss.* .rela.gnu.linkonce.sb.*)
 *(.rel.sdata2 .rel.sdata2.* .rel.gnu.linkonce.s2.*)
 *(.rela.sdata2 .rela.sdata2.* .rela.gnu.linkonce.s2.*)
 *(.rel.sbss2 .rel.sbss2.* .rel.gnu.linkonce.sb2.*)
 *(.rela.sbss2 .rela.sbss2.* .rela.gnu.linkonce.sb2.*)
 *(.rel.bss .rel.bss.* .rel.gnu.linkonce.b.*)
 *(.rela.bss .rela.bss.* .rela.gnu.linkonce.b.*)
 *(.rel.plt)
 *(.rela.plt)
 *(.rel.dyn)
 *(.init)
 *(.plt)
 *(.text .stub .text.* .gnu.linkonce.t.*)
 .text          0x020001bc       0x4c ../transmitter_test_bsp//obj/HAL/src/crt0.o
                0x020001bc                _start
 .text          0x02000208      0x450 obj/default/transmitterInterface.o
                0x02000208                TransmitterInterface::TransmitterInterface(void*)
                0x02000248                TransmitterInterface::TransmitterInterface(void*)
                0x02000288                validateTurn(unsigned char, unsigned char)
                0x020002cc                validateMove(unsigned char, unsigned char)
                0x02000310                TransmitterInterface::moveOff()
                0x02000374                TransmitterInterface::moveReverse()
                0x020003d8                TransmitterInterface::moveForward()
                0x0200043c                TransmitterInterface::turnOff()
                0x020004a0                TransmitterInterface::turnRight()
                0x02000504                TransmitterInterface::turnLeft()
                0x02000568                TransmitterInterface::~TransmitterInterface()
                0x020005b8                TransmitterInterface::~TransmitterInterface()
                0x02000608                TransmitterInterface::~TransmitterInterface()
 .text          0x02000658      0x248 obj/default/transmitter_test.o
                0x0200072c                main
                0x02000798                task1(void*)
 .text          0x020008a0      0x1bc c:/altera/12.1sp1/nios2eds/bin/gnu/h-i686-mingw32/bin/../lib/gcc/nios2-elf/4.1.2/../../../../nios2-elf/lib\libstdc++.a(class_type_info.o)
                0x020008a0                __cxxabiv1::__class_type_info::__do_upcast(__cxxabiv1::__class_type_info const*, void**) const
                0x0200090c                __cxxabiv1::__class_type_info::__do_find_public_src(long, void const*, __cxxabiv1::__class_type_info const*, void const*) const
                0x0200092c                __cxxabiv1::__class_type_info::~__class_type_info()
                0x02000960                __cxxabiv1::__class_type_info::~__class_type_info()
                0x02000970                __cxxabiv1::__class_type_info::~__class_type_info()
                0x02000980                __cxxabiv1::__class_type_info::__do_catch(std::type_info const*, void**, unsigned int) const
                0x020009e0                __cxxabiv1::__class_type_info::__do_upcast(__cxxabiv1::__class_type_info const*, void const*, __cxxabiv1::__class_type_info::__upcast_result&) const
                0x02000a10                __cxxabiv1::__class_type_info::__do_dyncast(long, __cxxabiv1::__class_type_info::__sub_kind, __cxxabiv1::__class_type_info const*, void const*, __cxxabiv1::__class_type_info const*, void const*, __cxxabiv1::__class_type_info::__dyncast_result&) const
 .text          0x02000a5c        0xc c:/altera/12.1sp1/nios2eds/bin/gnu/h-i686-mingw32/bin/../lib/gcc/nios2-elf/4.1.2/../../../../nios2-elf/lib\libstdc++.a(del_op.o)
                0x02000a5c                operator delete(void*)
 .text          0x02000a68      0x1c8 c:/altera/12.1sp1/nios2eds/bin/gnu/h-i686-mingw32/bin/../lib/gcc/nios2-elf/4.1.2/../../../../nios2-elf/lib\libstdc++.a(si_class_type_info.o)
                0x02000a68                __cxxabiv1::__si_class_type_info::__do_upcast(__cxxabiv1::__class_type_info const*, void const*, __cxxabiv1::__class_type_info::__upcast_result&) const
                0x02000ae0                __cxxabiv1::__si_class_type_info::~__si_class_type_info()
                0x02000b14                __cxxabiv1::__si_class_type_info::~__si_class_type_info()
                0x02000b24                __cxxabiv1::__si_class_type_info::~__si_class_type_info()
                0x02000b34                __cxxabiv1::__si_class_type_info::__do_find_public_src(long, void const*, __cxxabiv1::__class_type_info const*, void const*) const
                0x02000b68                __cxxabiv1::__si_class_type_info::__do_dyncast(long, __cxxabiv1::__class_type_info::__sub_kind, __cxxabiv1::__class_type_info const*, void const*, __cxxabiv1::__class_type_info const*, void const*, __cxxabiv1::__class_type_info::__dyncast_result&) const
 .text          0x02000c30       0x58 c:/altera/12.1sp1/nios2eds/bin/gnu/h-i686-mingw32/bin/../lib/gcc/nios2-elf/4.1.2/../../../../nios2-elf/lib\libstdc++.a(tinfo.o)
                0x02000c30                std::type_info::__is_pointer_p() const
                0x02000c38                std::type_info::__is_function_p() const
                0x02000c40                std::type_info::__do_catch(std::type_info const*, void**, unsigned int) const
                0x02000c50                std::type_info::__do_upcast(__cxxabiv1::__class_type_info const*, void**) const
                0x02000c58                std::type_info::~type_info()
                0x02000c68                std::type_info::~type_info()
                0x02000c78                std::type_info::~type_info()
 .text          0x02000c88       0x28 c:/altera/12.1sp1/nios2eds/bin/gnu/h-i686-mingw32/bin/../lib/gcc/nios2-elf/4.1.2/../../../../nios2-elf/lib\libc.a(lib_a-malloc.o)
                0x02000c88                free
                0x02000c9c                malloc
 .text          0x02000cb0      0x740 c:/altera/12.1sp1/nios2eds/bin/gnu/h-i686-mingw32/bin/../lib/gcc/nios2-elf/4.1.2/../../../../nios2-elf/lib\libc.a(lib_a-mallocr.o)
                0x02000cb0                _malloc_r
 .text          0x020013f0       0xb4 c:/altera/12.1sp1/nios2eds/bin/gnu/h-i686-mingw32/bin/../lib/gcc/nios2-elf/4.1.2/../../../../nios2-elf/lib\libc.a(lib_a-puts.o)
                0x020013f0                _puts_r
                0x02001490                puts
 .text          0x020014a4       0x70 c:/altera/12.1sp1/nios2eds/bin/gnu/h-i686-mingw32/bin/../lib/gcc/nios2-elf/4.1.2/../../../../nios2-elf/lib\libc.a(lib_a-sbrkr.o)
                0x020014a4                _sbrk_r
 .text          0x02001514       0x74 c:/altera/12.1sp1/nios2eds/bin/gnu/h-i686-mingw32/bin/../lib/gcc/nios2-elf/4.1.2/../../../../nios2-elf/lib\libc.a(lib_a-strlen.o)
                0x02001514                strlen
 .text          0x02001588      0x440 c:/altera/12.1sp1/nios2eds/bin/gnu/h-i686-mingw32/bin/../lib/gcc/nios2-elf/4.1.2/../../../../nios2-elf/lib\libc.a(lib_a-freer.o)
                0x02001588                _malloc_trim_r
                0x020016b4                _free_r
 .text          0x020019c8      0x49c c:/altera/12.1sp1/nios2eds/bin/gnu/h-i686-mingw32/bin/../lib/gcc/nios2-elf/4.1.2/../../../../nios2-elf/lib\libc.a(lib_a-fvwrite.o)
                0x020019c8                __sfvwrite_r
 .text          0x02001e64        0x0 c:/altera/12.1sp1/nios2eds/bin/gnu/h-i686-mingw32/bin/../lib/gcc/nios2-elf/4.1.2/../../../../nios2-elf/lib\libc.a(lib_a-impure.o)
 .text          0x02001e64        0x0 c:/altera/12.1sp1/nios2eds/bin/gnu/h-i686-mingw32/bin/../lib/gcc/nios2-elf/4.1.2/../../../../nios2-elf/lib\libc.a(lib_a-int_errno.o)
 .text          0x02001e64       0xe4 c:/altera/12.1sp1/nios2eds/bin/gnu/h-i686-mingw32/bin/../lib/gcc/nios2-elf/4.1.2/../../../../nios2-elf/lib\libc.a(lib_a-memchr.o)
                0x02001e64                memchr
 .text          0x02001f48       0xa0 c:/altera/12.1sp1/nios2eds/bin/gnu/h-i686-mingw32/bin/../lib/gcc/nios2-elf/4.1.2/../../../../nios2-elf/lib\libc.a(lib_a-memcpy.o)
                0x02001f48                memcpy
 .text          0x02001fe8       0xe0 c:/altera/12.1sp1/nios2eds/bin/gnu/h-i686-mingw32/bin/../lib/gcc/nios2-elf/4.1.2/../../../../nios2-elf/lib\libc.a(lib_a-memmove.o)
                0x02001fe8                memmove
 .text          0x020020c8      0x5f4 c:/altera/12.1sp1/nios2eds/bin/gnu/h-i686-mingw32/bin/../lib/gcc/nios2-elf/4.1.2/../../../../nios2-elf/lib\libc.a(lib_a-reallocr.o)
                0x020020c8                _realloc_r
 .text          0x020026bc      0x13c c:/altera/12.1sp1/nios2eds/bin/gnu/h-i686-mingw32/bin/../lib/gcc/nios2-elf/4.1.2/../../../../nios2-elf/lib\libc.a(lib_a-wsetup.o)
                0x020026bc                __swsetup_r
 .text          0x020027f8      0x230 c:/altera/12.1sp1/nios2eds/bin/gnu/h-i686-mingw32/bin/../lib/gcc/nios2-elf/4.1.2/../../../../nios2-elf/lib\libc.a(lib_a-fflush.o)
                0x020027f8                _fflush_r
                0x020029f4                fflush
 .text          0x02002a28      0x2c0 c:/altera/12.1sp1/nios2eds/bin/gnu/h-i686-mingw32/bin/../lib/gcc/nios2-elf/4.1.2/../../../../nios2-elf/lib\libc.a(lib_a-findfp.o)
                0x02002a80                __sfp_lock_acquire
                0x02002a84                __sfp_lock_release
                0x02002a88                __sinit_lock_acquire
                0x02002a8c                __sinit_lock_release
                0x02002a90                __sinit
                0x02002b44                __fp_unlock_all
                0x02002b5c                __fp_lock_all
                0x02002b74                _cleanup_r
                0x02002b80                _cleanup
                0x02002b90                __sfmoreglue
                0x02002bf8                __sfp
 .text          0x02002ce8      0x180 c:/altera/12.1sp1/nios2eds/bin/gnu/h-i686-mingw32/bin/../lib/gcc/nios2-elf/4.1.2/../../../../nios2-elf/lib\libc.a(lib_a-fwalk.o)
                0x02002ce8                _fwalk_reent
                0x02002db0                _fwalk
 .text          0x02002e68      0x194 c:/altera/12.1sp1/nios2eds/bin/gnu/h-i686-mingw32/bin/../lib/gcc/nios2-elf/4.1.2/../../../../nios2-elf/lib\libc.a(lib_a-makebuf.o)
                0x02002e68                __smakebuf_r
 .text          0x02002ffc       0x98 c:/altera/12.1sp1/nios2eds/bin/gnu/h-i686-mingw32/bin/../lib/gcc/nios2-elf/4.1.2/../../../../nios2-elf/lib\libc.a(lib_a-memset.o)
                0x02002ffc                memset
 .text          0x02003094      0x14c c:/altera/12.1sp1/nios2eds/bin/gnu/h-i686-mingw32/bin/../lib/gcc/nios2-elf/4.1.2/../../../../nios2-elf/lib\libc.a(lib_a-stdio.o)
                0x02003094                __sclose
                0x0200309c                __sseek
                0x02003104                __swrite
                0x02003180                __sread
 .text          0x020031e0       0x78 c:/altera/12.1sp1/nios2eds/bin/gnu/h-i686-mingw32/bin/../lib/gcc/nios2-elf/4.1.2/../../../../nios2-elf/lib\libc.a(lib_a-writer.o)
                0x020031e0                _write_r
 .text          0x02003258       0x70 c:/altera/12.1sp1/nios2eds/bin/gnu/h-i686-mingw32/bin/../lib/gcc/nios2-elf/4.1.2/../../../../nios2-elf/lib\libc.a(lib_a-closer.o)
                0x02003258                _close_r
 .text          0x020032c8      0x124 c:/altera/12.1sp1/nios2eds/bin/gnu/h-i686-mingw32/bin/../lib/gcc/nios2-elf/4.1.2/../../../../nios2-elf/lib\libc.a(lib_a-fclose.o)
                0x020032c8                _fclose_r
                0x020033d8                fclose
 .text          0x020033ec       0x74 c:/altera/12.1sp1/nios2eds/bin/gnu/h-i686-mingw32/bin/../lib/gcc/nios2-elf/4.1.2/../../../../nios2-elf/lib\libc.a(lib_a-fstatr.o)
                0x020033ec                _fstat_r
 .text          0x02003460       0x70 c:/altera/12.1sp1/nios2eds/bin/gnu/h-i686-mingw32/bin/../lib/gcc/nios2-elf/4.1.2/../../../../nios2-elf/lib\libc.a(lib_a-isattyr.o)
                0x02003460                _isatty_r
 .text          0x020034d0       0x78 c:/altera/12.1sp1/nios2eds/bin/gnu/h-i686-mingw32/bin/../lib/gcc/nios2-elf/4.1.2/../../../../nios2-elf/lib\libc.a(lib_a-lseekr.o)
                0x020034d0                _lseek_r
 .text          0x02003548       0x78 c:/altera/12.1sp1/nios2eds/bin/gnu/h-i686-mingw32/bin/../lib/gcc/nios2-elf/4.1.2/../../../../nios2-elf/lib\libc.a(lib_a-readr.o)
                0x02003548                _read_r
 .text          0x020035c0      0x15c ../transmitter_test_bsp/\libucosii_bsp.a(alt_close.o)
                0x020035c0                close
 .text          0x0200371c       0x2c ../transmitter_test_bsp/\libucosii_bsp.a(alt_dev.o)
 .text          0x02003748        0x0 ../transmitter_test_bsp/\libucosii_bsp.a(alt_errno.o)
 .text          0x02003748      0x134 ../transmitter_test_bsp/\libucosii_bsp.a(alt_fstat.o)
                0x02003748                fstat
 .text          0x0200387c      0x120 ../transmitter_test_bsp/\libucosii_bsp.a(alt_isatty.o)
                0x0200387c                isatty
 .text          0x0200399c       0xec ../transmitter_test_bsp/\libucosii_bsp.a(alt_load.o)
                0x0200399c                alt_load
 .text          0x02003a88      0x150 ../transmitter_test_bsp/\libucosii_bsp.a(alt_lseek.o)
                0x02003a88                lseek
 .text          0x02003bd8       0xc8 ../transmitter_test_bsp/\libucosii_bsp.a(alt_main.o)
                0x02003bd8                alt_main
 .text          0x02003ca0      0x180 ../transmitter_test_bsp/\libucosii_bsp.a(alt_read.o)
                0x02003ca0                read
 .text          0x02003e20       0x60 ../transmitter_test_bsp/\libucosii_bsp.a(alt_release_fd.o)
                0x02003e20                alt_release_fd
 .text          0x02003e80       0xbc ../transmitter_test_bsp/\libucosii_bsp.a(alt_sbrk.o)
                0x02003e80                sbrk
 .text          0x02003f3c      0x180 ../transmitter_test_bsp/\libucosii_bsp.a(alt_write.o)
                0x02003f3c                write
 .text          0x020040bc      0x108 ../transmitter_test_bsp/\libucosii_bsp.a(alt_env_lock.o)
                0x020040bc                __env_lock
                0x02004168                __env_unlock
 .text          0x020041c4      0x1d8 ../transmitter_test_bsp/\libucosii_bsp.a(alt_malloc_lock.o)
                0x020041c4                __malloc_lock
                0x020042cc                __malloc_unlock
 .text          0x0200439c     0x2128 ../transmitter_test_bsp/\libucosii_bsp.a(os_core.o)
                0x0200439c                OSEventNameGet
                0x020044cc                OSEventNameSet
                0x02004610                OSEventPendMulti
                0x02004cc4                OSInit
                0x02004d18                OSIntEnter
                0x02004d94                OSIntExit
                0x02004e94                OSSchedLock
                0x02004f20                OSSchedUnlock
                0x02005004                OSStart
                0x02005074                OSStatInit
                0x02005120                OSTimeTick
                0x02005360                OSVersion
                0x02005380                OS_Dummy
                0x0200539c                OS_EventTaskRdy
                0x02005530                OS_EventTaskWait
                0x02005640                OS_EventTaskWaitMulti
                0x02005794                OS_EventTaskRemove
                0x0200584c                OS_EventTaskRemoveMulti
                0x02005950                OS_EventWaitListInit
                0x02005d1c                OS_MemClr
                0x02005d70                OS_MemCopy
                0x02005ddc                OS_Sched
                0x02005f20                OS_StrCopy
                0x02005fa0                OS_StrLen
                0x02005ff8                OS_TaskIdle
                0x02006054                OS_TaskStat
                0x0200611c                OS_TaskStatStkChk
                0x020061e4                OS_TCBInit
 .text          0x020064c4      0x18c ../transmitter_test_bsp/\libucosii_bsp.a(os_dbg.o)
                0x020064c4                OSDebugInit
 .text          0x02006650     0x193c ../transmitter_test_bsp/\libucosii_bsp.a(os_flag.o)
                0x02006650                OSFlagAccept
                0x02006984                OSFlagCreate
                0x02006ac0                OSFlagDel
                0x02006d68                OSFlagNameGet
                0x02006eac                OSFlagNameSet
                0x02007000                OSFlagPend
                0x02007644                OSFlagPendGetFlagsRdy
                0x020076ac                OSFlagPost
                0x02007a54                OSFlagQuery
                0x02007cec                OS_FlagInit
                0x02007ee0                OS_FlagUnlink
 .text          0x02007f8c      0x808 ../transmitter_test_bsp/\libucosii_bsp.a(os_mem.o)
                0x02007f8c                OSMemCreate
                0x020081a8                OSMemGet
                0x020082ac                OSMemNameGet
                0x020083b8                OSMemNameSet
                0x020084d8                OSMemPut
                0x020085c8                OSMemQuery
                0x020086c4                OS_MemInit
 .text          0x02008794     0x1334 ../transmitter_test_bsp/\libucosii_bsp.a(os_q.o)
                0x02008794                OSQAccept
                0x020088e8                OSQCreate
                0x02008afc                OSQDel
                0x02008dfc                OSQFlush
                0x02008ec4                OSQPend
                0x020091e4                OSQPendAbort
                0x02009360                OSQPost
                0x020094e0                OSQPostFront
                0x02009668                OSQPostOpt
                0x0200989c                OSQQuery
                0x02009a1c                OS_QInit
 .text          0x02009ac8      0xbc8 ../transmitter_test_bsp/\libucosii_bsp.a(os_sem.o)
                0x02009ac8                OSSemAccept
                0x02009b88                OSSemCreate
                0x02009c9c                OSSemDel
                0x02009f3c                OSSemPend
                0x0200a1b8                OSSemPendAbort
                0x0200a334                OSSemPost
                0x0200a45c                OSSemQuery
                0x0200a58c                OSSemSet
 .text          0x0200a690     0x1a40 ../transmitter_test_bsp/\libucosii_bsp.a(os_task.o)
                0x0200a690                OSTaskChangePrio
                0x0200ac04                OSTaskCreate
                0x0200add8                OSTaskCreateExt
                0x0200afd8                OSTaskDel
                0x0200b3e4                OSTaskDelReq
                0x0200b554                OSTaskNameGet
                0x0200b70c                OSTaskNameSet
                0x0200b8d0                OSTaskResume
                0x0200bae8                OSTaskStkChk
                0x0200bce4                OSTaskSuspend
                0x0200bf10                OSTaskQuery
                0x0200c054                OS_TaskStkClr
 .text          0x0200c0d0      0x598 ../transmitter_test_bsp/\libucosii_bsp.a(os_time.o)
                0x0200c0d0                OSTimeDly
                0x0200c21c                OSTimeDlyHMSM
                0x0200c390                OSTimeDlyResume
                0x0200c5a0                OSTimeGet
                0x0200c604                OSTimeSet
 .text          0x0200c668       0xd4 ../transmitter_test_bsp/\libucosii_bsp.a(alt_sys_init.o)
                0x0200c668                alt_irq_init
                0x0200c69c                alt_sys_init
 .text          0x0200c73c      0x9e4 ../transmitter_test_bsp/\libucosii_bsp.a(altera_avalon_epcs_flash_controller.o)
                0x0200c73c                alt_epcs_flash_init
                0x0200cb58                alt_epcs_flash_write
                0x0200cdd8                alt_epcs_flash_get_info
                0x0200ce68                alt_epcs_flash_erase_block
                0x0200cf6c                alt_epcs_flash_write_block
                0x0200d088                alt_epcs_flash_read
 .text          0x0200d120      0x148 ../transmitter_test_bsp/\libucosii_bsp.a(altera_avalon_jtag_uart_fd.o)
                0x0200d120                altera_avalon_jtag_uart_read_fd
                0x0200d178                altera_avalon_jtag_uart_write_fd
                0x0200d1d0                altera_avalon_jtag_uart_close_fd
                0x0200d218                altera_avalon_jtag_uart_ioctl_fd
 .text          0x0200d268      0x584 ../transmitter_test_bsp/\libucosii_bsp.a(altera_avalon_jtag_uart_init.o)
                0x0200d268                altera_avalon_jtag_uart_init
                0x0200d778                altera_avalon_jtag_uart_close
 .text          0x0200d7ec       0xf4 ../transmitter_test_bsp/\libucosii_bsp.a(altera_avalon_jtag_uart_ioctl.o)
                0x0200d7ec                altera_avalon_jtag_uart_ioctl
 .text          0x0200d8e0      0x2c0 ../transmitter_test_bsp/\libucosii_bsp.a(altera_avalon_jtag_uart_read.o)
                0x0200d8e0                altera_avalon_jtag_uart_read
 .text          0x0200dba0      0x2dc ../transmitter_test_bsp/\libucosii_bsp.a(altera_avalon_jtag_uart_write.o)
                0x0200dba0                altera_avalon_jtag_uart_write
 .text          0x0200de7c      0x100 ../transmitter_test_bsp/\libucosii_bsp.a(altera_avalon_timer_sc.o)
                0x0200deec                alt_avalon_timer_sc_init
 .text          0x0200df7c      0x6d4 ../transmitter_test_bsp/\libucosii_bsp.a(epcs_commands.o)
                0x0200df7c                epcs_read_status_register
                0x0200dfdc                epcs_sector_erase
                0x0200e144                epcs_read_buffer
                0x0200e290                epcs_write_enable
                0x0200e2e0                epcs_write_status_register
                0x0200e344                epcs_write_buffer
                0x0200e4b4                epcs_read_electronic_signature
                0x0200e520                epcs_read_device_id
                0x0200e5a0                epcs_enter_4_bytes_mode
                0x0200e5f8                epcs_exit_4_bytes_mode
 .text          0x0200e650      0x154 ../transmitter_test_bsp/\libucosii_bsp.a(alt_alarm_start.o)
                0x0200e650                alt_alarm_start
 .text          0x0200e7a4       0x44 ../transmitter_test_bsp/\libucosii_bsp.a(alt_dcache_flush_all.o)
                0x0200e7a4                alt_dcache_flush_all
 .text          0x0200e7e8      0x114 ../transmitter_test_bsp/\libucosii_bsp.a(alt_dev_llist_insert.o)
                0x0200e7e8                alt_dev_llist_insert
 .text          0x0200e8fc       0x64 ../transmitter_test_bsp/\libucosii_bsp.a(alt_do_ctors.o)
                0x0200e8fc                _do_ctors
 .text          0x0200e960       0x64 ../transmitter_test_bsp/\libucosii_bsp.a(alt_do_dtors.o)
                0x0200e960                _do_dtors
 .text          0x0200e9c4       0xd0 ../transmitter_test_bsp/\libucosii_bsp.a(alt_flash_dev.o)
                0x0200e9c4                alt_flash_open_dev
                0x0200ea40                alt_flash_close_dev
 .text          0x0200ea94       0x30 ../transmitter_test_bsp/\libucosii_bsp.a(alt_icache_flush_all.o)
                0x0200ea94                alt_icache_flush_all
 .text          0x0200eac4      0x1d4 ../transmitter_test_bsp/\libucosii_bsp.a(alt_iic.o)
                0x0200eac4                alt_ic_isr_register
                0x0200eb14                alt_ic_irq_enable
                0x0200ebb0                alt_ic_irq_disable
                0x0200ec50                alt_ic_irq_enabled
 .text          0x0200ec98       0xf8 ../transmitter_test_bsp/\libucosii_bsp.a(alt_iic_isr_register.o)
                0x0200ec98                alt_iic_isr_register
 .text          0x0200ed90      0x13c ../transmitter_test_bsp/\libucosii_bsp.a(alt_io_redirect.o)
                0x0200ee54                alt_io_redirect
 .text          0x0200eecc        0x0 ../transmitter_test_bsp/\libucosii_bsp.a(alt_irq_entry.o)
 .text          0x0200eecc        0x0 ../transmitter_test_bsp/\libucosii_bsp.a(alt_irq_handler.o)
 .text          0x0200eecc        0x0 ../transmitter_test_bsp/\libucosii_bsp.a(alt_irq_vars.o)
 .text          0x0200eecc      0x2c4 ../transmitter_test_bsp/\libucosii_bsp.a(alt_open.o)
                0x0200efa8                open
 .text          0x0200f190      0x1a8 ../transmitter_test_bsp/\libucosii_bsp.a(alt_tick.o)
                0x0200f190                alt_alarm_stop
                0x0200f228                alt_tick
 .text          0x0200f338       0x20 ../transmitter_test_bsp/\libucosii_bsp.a(altera_nios2_qsys_irq.o)
                0x0200f338                altera_nios2_qsys_irq_init
 .text          0x0200f358       0xd0 ../transmitter_test_bsp/\libucosii_bsp.a(os_cpu_a.o)
                0x0200f358                OSCtxSw
                0x0200f358                OSIntCtxSw
                0x0200f3e4                OSStartHighRdy
                0x0200f404                OSStartTsk
 .text          0x0200f428      0x418 ../transmitter_test_bsp/\libucosii_bsp.a(os_cpu_c.o)
                0x0200f428                OSTaskStkInit
                0x0200f738                OSTaskCreateHook
                0x0200f758                OSTaskDelHook
                0x0200f778                OSTaskSwHook
                0x0200f794                OSTaskStatHook
                0x0200f7b0                OSTimeTickHook
                0x0200f7cc                OSInitHookBegin
                0x0200f7e8                OSInitHookEnd
                0x0200f804                OSTaskIdleHook
                0x0200f820                OSTCBInitHook
 .text          0x0200f840      0x238 ../transmitter_test_bsp/\libucosii_bsp.a(altera_avalon_spi.o)
                0x0200f840                alt_avalon_spi_command
 .text          0x0200fa78        0x0 ../transmitter_test_bsp/\libucosii_bsp.a(alt_exception_entry.o)
 .text          0x0200fa78       0x94 ../transmitter_test_bsp/\libucosii_bsp.a(alt_find_dev.o)
                0x0200fa78                alt_find_dev
 .text          0x0200fb0c      0x120 ../transmitter_test_bsp/\libucosii_bsp.a(alt_find_file.o)
                0x0200fb0c                alt_find_file
 .text          0x0200fc2c       0xf4 ../transmitter_test_bsp/\libucosii_bsp.a(alt_get_fd.o)
                0x0200fc2c                alt_get_fd
 .text          0x0200fd20       0x90 ../transmitter_test_bsp/\libucosii_bsp.a(alt_icache_flush.o)
                0x0200fd20                alt_icache_flush
 .text          0x0200fdb0       0x14 c:/altera/12.1sp1/nios2eds/bin/gnu/h-i686-mingw32/bin/../lib/gcc/nios2-elf/4.1.2/../../../../nios2-elf/lib\libc.a(lib_a-atexit.o)
                0x0200fdb0                atexit
 .text          0x0200fdc4       0x38 c:/altera/12.1sp1/nios2eds/bin/gnu/h-i686-mingw32/bin/../lib/gcc/nios2-elf/4.1.2/../../../../nios2-elf/lib\libc.a(lib_a-exit.o)
                0x0200fdc4                exit
 .text          0x0200fdfc       0x74 c:/altera/12.1sp1/nios2eds/bin/gnu/h-i686-mingw32/bin/../lib/gcc/nios2-elf/4.1.2/../../../../nios2-elf/lib\libc.a(lib_a-memcmp.o)
                0x0200fdfc                memcmp
 .text          0x0200fe70      0x134 c:/altera/12.1sp1/nios2eds/bin/gnu/h-i686-mingw32/bin/../lib/gcc/nios2-elf/4.1.2/../../../../nios2-elf/lib\libc.a(lib_a-__atexit.o)
                0x0200fe70                __register_exitproc
 .text          0x0200ffa4      0x1b4 c:/altera/12.1sp1/nios2eds/bin/gnu/h-i686-mingw32/bin/../lib/gcc/nios2-elf/4.1.2/../../../../nios2-elf/lib\libc.a(lib_a-__call_atexit.o)
                0x0200ffa8                __call_exitprocs
 .text          0x02010158      0x14c c:/altera/12.1sp1/nios2eds/bin/gnu/h-i686-mingw32/bin/../lib/gcc/nios2-elf/4.1.2\libgcc.a(lib2-divmod.o)
                0x020101d4                __divsi3
                0x02010234                __modsi3
                0x02010294                __udivsi3
                0x0201029c                __umodsi3
 .text          0x020102a4       0x6c ../transmitter_test_bsp/\libucosii_bsp.a(alt_exit.o)
                0x020102e4                _exit
 *(.gnu.warning.*)
 *(.fini)
                0x02010310                PROVIDE (__etext, ABSOLUTE (.))
                0x02010310                PROVIDE (_etext, ABSOLUTE (.))
                0x02010310                PROVIDE (etext, ABSOLUTE (.))
 *(.eh_frame_hdr)
                0x02010310                . = ALIGN (0x4)
                0x02010310                PROVIDE (__preinit_array_start, ABSOLUTE (.))
 *(.preinit_array)
                0x02010310                PROVIDE (__preinit_array_end, ABSOLUTE (.))
                0x02010310                PROVIDE (__init_array_start, ABSOLUTE (.))
 *(.init_array)
                0x02010310                PROVIDE (__init_array_end, ABSOLUTE (.))
                0x02010310                PROVIDE (__fini_array_start, ABSOLUTE (.))
 *(.fini_array)
                0x02010310                PROVIDE (__fini_array_end, ABSOLUTE (.))
 *(.eh_frame)
 *(.gcc_except_table)
 *(.dynamic)
                0x02010310                PROVIDE (__CTOR_LIST__, ABSOLUTE (.))
 *(.ctors)
 .ctors         0x02010310        0x4 obj/default/transmitter_test.o
 *(SORT(.ctors.*))
 .ctors.65535   0x02010314        0x4 c:/altera/12.1sp1/nios2eds/bin/gnu/h-i686-mingw32/bin/../lib/gcc/nios2-elf/4.1.2/../../../../nios2-elf/lib\libc.a(lib_a-__call_atexit.o)
                0x02010318                PROVIDE (__CTOR_END__, ABSOLUTE (.))
                0x02010318                PROVIDE (__DTOR_LIST__, ABSOLUTE (.))
 *(.dtors)
 .dtors         0x02010318        0x4 obj/default/transmitter_test.o
 *(SORT(.dtors.*))
                0x0201031c                PROVIDE (__DTOR_END__, ABSOLUTE (.))
 *(.jcr)
                0x0201031c                . = ALIGN (0x4)

.rodata         0x0201031c      0x2d8
                0x0201031c                PROVIDE (__ram_rodata_start, ABSOLUTE (.))
                0x0201031c                . = ALIGN (0x4)
 *(.rodata .rodata.* .gnu.linkonce.r.*)
 .rodata._ZTV20TransmitterInterface
                0x0201031c       0x10 obj/default/transmitterInterface.o
                0x0201031c                vtable for TransmitterInterface
 .rodata._ZTS20TransmitterInterface
                0x0201032c       0x18 obj/default/transmitterInterface.o
                0x0201032c                typeinfo name for TransmitterInterface
 .rodata        0x02010344       0x50 obj/default/transmitter_test.o
 .rodata._ZTVN10__cxxabiv117__class_type_infoE
                0x02010394       0x2c c:/altera/12.1sp1/nios2eds/bin/gnu/h-i686-mingw32/bin/../lib/gcc/nios2-elf/4.1.2/../../../../nios2-elf/lib\libstdc++.a(class_type_info.o)
                0x02010394                vtable for __cxxabiv1::__class_type_info
 .rodata._ZTSN10__cxxabiv117__class_type_infoE
                0x020103c0       0x24 c:/altera/12.1sp1/nios2eds/bin/gnu/h-i686-mingw32/bin/../lib/gcc/nios2-elf/4.1.2/../../../../nios2-elf/lib\libstdc++.a(class_type_info.o)
                0x020103c0                typeinfo name for __cxxabiv1::__class_type_info
 .rodata._ZTIN10__cxxabiv117__class_type_infoE
                0x020103e4        0xc c:/altera/12.1sp1/nios2eds/bin/gnu/h-i686-mingw32/bin/../lib/gcc/nios2-elf/4.1.2/../../../../nios2-elf/lib\libstdc++.a(class_type_info.o)
                0x020103e4                typeinfo for __cxxabiv1::__class_type_info
 .rodata._ZTVN10__cxxabiv120__si_class_type_infoE
                0x020103f0       0x2c c:/altera/12.1sp1/nios2eds/bin/gnu/h-i686-mingw32/bin/../lib/gcc/nios2-elf/4.1.2/../../../../nios2-elf/lib\libstdc++.a(si_class_type_info.o)
                0x020103f0                vtable for __cxxabiv1::__si_class_type_info
 .rodata._ZTSN10__cxxabiv120__si_class_type_infoE
                0x0201041c       0x28 c:/altera/12.1sp1/nios2eds/bin/gnu/h-i686-mingw32/bin/../lib/gcc/nios2-elf/4.1.2/../../../../nios2-elf/lib\libstdc++.a(si_class_type_info.o)
                0x0201041c                typeinfo name for __cxxabiv1::__si_class_type_info
 .rodata._ZTIN10__cxxabiv120__si_class_type_infoE
                0x02010444        0xc c:/altera/12.1sp1/nios2eds/bin/gnu/h-i686-mingw32/bin/../lib/gcc/nios2-elf/4.1.2/../../../../nios2-elf/lib\libstdc++.a(si_class_type_info.o)
                0x02010444                typeinfo for __cxxabiv1::__si_class_type_info
 .rodata._ZTVSt9type_info
                0x02010450       0x20 c:/altera/12.1sp1/nios2eds/bin/gnu/h-i686-mingw32/bin/../lib/gcc/nios2-elf/4.1.2/../../../../nios2-elf/lib\libstdc++.a(tinfo.o)
                0x02010450                vtable for std::type_info
 .rodata._ZTSSt9type_info
                0x02010470       0x10 c:/altera/12.1sp1/nios2eds/bin/gnu/h-i686-mingw32/bin/../lib/gcc/nios2-elf/4.1.2/../../../../nios2-elf/lib\libstdc++.a(tinfo.o)
                0x02010470                typeinfo name for std::type_info
 .rodata.str1.4
                0x02010480        0x2 c:/altera/12.1sp1/nios2eds/bin/gnu/h-i686-mingw32/bin/../lib/gcc/nios2-elf/4.1.2/../../../../nios2-elf/lib\libc.a(lib_a-puts.o)
                                  0x4 (size before relaxing)
 *fill*         0x02010482        0x2 00
 .rodata.str1.4
                0x02010484        0x4 c:/altera/12.1sp1/nios2eds/bin/gnu/h-i686-mingw32/bin/../lib/gcc/nios2-elf/4.1.2/../../../../nios2-elf/lib\libc.a(lib_a-impure.o)
 .rodata        0x02010488        0xc ../transmitter_test_bsp/\libucosii_bsp.a(alt_dev.o)
 .rodata        0x02010494       0x10 ../transmitter_test_bsp/\libucosii_bsp.a(alt_main.o)
 .rodata        0x020104a4      0x120 ../transmitter_test_bsp/\libucosii_bsp.a(os_core.o)
                0x020104a4                OSUnMapTbl
 .rodata        0x020105c4       0x2c ../transmitter_test_bsp/\libucosii_bsp.a(alt_sys_init.o)
 .rodata        0x020105f0        0x4 ../transmitter_test_bsp/\libucosii_bsp.a(os_cpu_c.o)
 *(.rodata1)
                0x020105f4                . = ALIGN (0x4)
                0x020105f4                PROVIDE (__ram_rodata_end, ABSOLUTE (.))
                0x0201031c                PROVIDE (__flash_rodata_start, LOADADDR (.rodata))

.rwdata         0x020105f4     0x1bb0 load address 0x020121a4
                0x020105f4                PROVIDE (__ram_rwdata_start, ABSOLUTE (.))
                0x020105f4                . = ALIGN (0x4)
 *(.got.plt)
 *(.got)
 *(.data1)
 *(.data .data.* .gnu.linkonce.d.*)
 .data          0x020105f4        0x0 ../transmitter_test_bsp//obj/HAL/src/crt0.o
 .data          0x020105f4        0x0 obj/default/transmitterInterface.o
 .data          0x020105f4        0x0 obj/default/transmitter_test.o
 .data          0x020105f4        0x0 c:/altera/12.1sp1/nios2eds/bin/gnu/h-i686-mingw32/bin/../lib/gcc/nios2-elf/4.1.2/../../../../nios2-elf/lib\libstdc++.a(class_type_info.o)
 .data          0x020105f4        0x0 c:/altera/12.1sp1/nios2eds/bin/gnu/h-i686-mingw32/bin/../lib/gcc/nios2-elf/4.1.2/../../../../nios2-elf/lib\libstdc++.a(del_op.o)
 .data          0x020105f4        0x0 c:/altera/12.1sp1/nios2eds/bin/gnu/h-i686-mingw32/bin/../lib/gcc/nios2-elf/4.1.2/../../../../nios2-elf/lib\libstdc++.a(si_class_type_info.o)
 .data          0x020105f4        0x0 c:/altera/12.1sp1/nios2eds/bin/gnu/h-i686-mingw32/bin/../lib/gcc/nios2-elf/4.1.2/../../../../nios2-elf/lib\libstdc++.a(tinfo.o)
 .data          0x020105f4        0x0 c:/altera/12.1sp1/nios2eds/bin/gnu/h-i686-mingw32/bin/../lib/gcc/nios2-elf/4.1.2/../../../../nios2-elf/lib\libc.a(lib_a-malloc.o)
 .data          0x020105f4      0x408 c:/altera/12.1sp1/nios2eds/bin/gnu/h-i686-mingw32/bin/../lib/gcc/nios2-elf/4.1.2/../../../../nios2-elf/lib\libc.a(lib_a-mallocr.o)
                0x020105f4                __malloc_av_
 .data          0x020109fc        0x0 c:/altera/12.1sp1/nios2eds/bin/gnu/h-i686-mingw32/bin/../lib/gcc/nios2-elf/4.1.2/../../../../nios2-elf/lib\libc.a(lib_a-puts.o)
 .data          0x020109fc        0x0 c:/altera/12.1sp1/nios2eds/bin/gnu/h-i686-mingw32/bin/../lib/gcc/nios2-elf/4.1.2/../../../../nios2-elf/lib\libc.a(lib_a-sbrkr.o)
 .data          0x020109fc        0x0 c:/altera/12.1sp1/nios2eds/bin/gnu/h-i686-mingw32/bin/../lib/gcc/nios2-elf/4.1.2/../../../../nios2-elf/lib\libc.a(lib_a-strlen.o)
 .data          0x020109fc        0x0 c:/altera/12.1sp1/nios2eds/bin/gnu/h-i686-mingw32/bin/../lib/gcc/nios2-elf/4.1.2/../../../../nios2-elf/lib\libc.a(lib_a-freer.o)
 .data          0x020109fc        0x0 c:/altera/12.1sp1/nios2eds/bin/gnu/h-i686-mingw32/bin/../lib/gcc/nios2-elf/4.1.2/../../../../nios2-elf/lib\libc.a(lib_a-fvwrite.o)
 .data          0x020109fc      0x400 c:/altera/12.1sp1/nios2eds/bin/gnu/h-i686-mingw32/bin/../lib/gcc/nios2-elf/4.1.2/../../../../nios2-elf/lib\libc.a(lib_a-impure.o)
 .data          0x02010dfc        0x0 c:/altera/12.1sp1/nios2eds/bin/gnu/h-i686-mingw32/bin/../lib/gcc/nios2-elf/4.1.2/../../../../nios2-elf/lib\libc.a(lib_a-int_errno.o)
 .data          0x02010dfc        0x0 c:/altera/12.1sp1/nios2eds/bin/gnu/h-i686-mingw32/bin/../lib/gcc/nios2-elf/4.1.2/../../../../nios2-elf/lib\libc.a(lib_a-memchr.o)
 .data          0x02010dfc        0x0 c:/altera/12.1sp1/nios2eds/bin/gnu/h-i686-mingw32/bin/../lib/gcc/nios2-elf/4.1.2/../../../../nios2-elf/lib\libc.a(lib_a-memcpy.o)
 .data          0x02010dfc        0x0 c:/altera/12.1sp1/nios2eds/bin/gnu/h-i686-mingw32/bin/../lib/gcc/nios2-elf/4.1.2/../../../../nios2-elf/lib\libc.a(lib_a-memmove.o)
 .data          0x02010dfc        0x0 c:/altera/12.1sp1/nios2eds/bin/gnu/h-i686-mingw32/bin/../lib/gcc/nios2-elf/4.1.2/../../../../nios2-elf/lib\libc.a(lib_a-reallocr.o)
 .data          0x02010dfc        0x0 c:/altera/12.1sp1/nios2eds/bin/gnu/h-i686-mingw32/bin/../lib/gcc/nios2-elf/4.1.2/../../../../nios2-elf/lib\libc.a(lib_a-wsetup.o)
 .data          0x02010dfc        0x0 c:/altera/12.1sp1/nios2eds/bin/gnu/h-i686-mingw32/bin/../lib/gcc/nios2-elf/4.1.2/../../../../nios2-elf/lib\libc.a(lib_a-fflush.o)
 .data          0x02010dfc        0x0 c:/altera/12.1sp1/nios2eds/bin/gnu/h-i686-mingw32/bin/../lib/gcc/nios2-elf/4.1.2/../../../../nios2-elf/lib\libc.a(lib_a-findfp.o)
 .data          0x02010dfc        0x0 c:/altera/12.1sp1/nios2eds/bin/gnu/h-i686-mingw32/bin/../lib/gcc/nios2-elf/4.1.2/../../../../nios2-elf/lib\libc.a(lib_a-fwalk.o)
 .data          0x02010dfc        0x0 c:/altera/12.1sp1/nios2eds/bin/gnu/h-i686-mingw32/bin/../lib/gcc/nios2-elf/4.1.2/../../../../nios2-elf/lib\libc.a(lib_a-makebuf.o)
 .data          0x02010dfc        0x0 c:/altera/12.1sp1/nios2eds/bin/gnu/h-i686-mingw32/bin/../lib/gcc/nios2-elf/4.1.2/../../../../nios2-elf/lib\libc.a(lib_a-memset.o)
 .data          0x02010dfc        0x0 c:/altera/12.1sp1/nios2eds/bin/gnu/h-i686-mingw32/bin/../lib/gcc/nios2-elf/4.1.2/../../../../nios2-elf/lib\libc.a(lib_a-stdio.o)
 .data          0x02010dfc        0x0 c:/altera/12.1sp1/nios2eds/bin/gnu/h-i686-mingw32/bin/../lib/gcc/nios2-elf/4.1.2/../../../../nios2-elf/lib\libc.a(lib_a-writer.o)
 .data          0x02010dfc        0x0 c:/altera/12.1sp1/nios2eds/bin/gnu/h-i686-mingw32/bin/../lib/gcc/nios2-elf/4.1.2/../../../../nios2-elf/lib\libc.a(lib_a-closer.o)
 .data          0x02010dfc        0x0 c:/altera/12.1sp1/nios2eds/bin/gnu/h-i686-mingw32/bin/../lib/gcc/nios2-elf/4.1.2/../../../../nios2-elf/lib\libc.a(lib_a-fclose.o)
 .data          0x02010dfc        0x0 c:/altera/12.1sp1/nios2eds/bin/gnu/h-i686-mingw32/bin/../lib/gcc/nios2-elf/4.1.2/../../../../nios2-elf/lib\libc.a(lib_a-fstatr.o)
 .data          0x02010dfc        0x0 c:/altera/12.1sp1/nios2eds/bin/gnu/h-i686-mingw32/bin/../lib/gcc/nios2-elf/4.1.2/../../../../nios2-elf/lib\libc.a(lib_a-isattyr.o)
 .data          0x02010dfc        0x0 c:/altera/12.1sp1/nios2eds/bin/gnu/h-i686-mingw32/bin/../lib/gcc/nios2-elf/4.1.2/../../../../nios2-elf/lib\libc.a(lib_a-lseekr.o)
 .data          0x02010dfc        0x0 c:/altera/12.1sp1/nios2eds/bin/gnu/h-i686-mingw32/bin/../lib/gcc/nios2-elf/4.1.2/../../../../nios2-elf/lib\libc.a(lib_a-readr.o)
 .data          0x02010dfc        0x0 ../transmitter_test_bsp/\libucosii_bsp.a(alt_close.o)
 .data          0x02010dfc      0x1a8 ../transmitter_test_bsp/\libucosii_bsp.a(alt_dev.o)
                0x02010dfc                alt_dev_null
                0x02010e24                alt_fd_list
 .data          0x02010fa4        0x0 ../transmitter_test_bsp/\libucosii_bsp.a(alt_errno.o)
 .data          0x02010fa4        0x0 ../transmitter_test_bsp/\libucosii_bsp.a(alt_fstat.o)
 .data          0x02010fa4        0x0 ../transmitter_test_bsp/\libucosii_bsp.a(alt_isatty.o)
 .data          0x02010fa4        0x0 ../transmitter_test_bsp/\libucosii_bsp.a(alt_load.o)
 .data          0x02010fa4        0x0 ../transmitter_test_bsp/\libucosii_bsp.a(alt_lseek.o)
 .data          0x02010fa4        0x0 ../transmitter_test_bsp/\libucosii_bsp.a(alt_main.o)
 .data          0x02010fa4        0x0 ../transmitter_test_bsp/\libucosii_bsp.a(alt_read.o)
 .data          0x02010fa4        0x0 ../transmitter_test_bsp/\libucosii_bsp.a(alt_release_fd.o)
 .data          0x02010fa4        0x0 ../transmitter_test_bsp/\libucosii_bsp.a(alt_sbrk.o)
 .data          0x02010fa4        0x0 ../transmitter_test_bsp/\libucosii_bsp.a(alt_write.o)
 .data          0x02010fa4        0x0 ../transmitter_test_bsp/\libucosii_bsp.a(alt_env_lock.o)
 .data          0x02010fa4        0x0 ../transmitter_test_bsp/\libucosii_bsp.a(alt_malloc_lock.o)
 .data          0x02010fa4        0x0 ../transmitter_test_bsp/\libucosii_bsp.a(os_core.o)
 .data          0x02010fa4        0x0 ../transmitter_test_bsp/\libucosii_bsp.a(os_dbg.o)
 .data          0x02010fa4        0x0 ../transmitter_test_bsp/\libucosii_bsp.a(os_flag.o)
 .data          0x02010fa4        0x0 ../transmitter_test_bsp/\libucosii_bsp.a(os_mem.o)
 .data          0x02010fa4        0x0 ../transmitter_test_bsp/\libucosii_bsp.a(os_q.o)
 .data          0x02010fa4        0x0 ../transmitter_test_bsp/\libucosii_bsp.a(os_sem.o)
 .data          0x02010fa4        0x0 ../transmitter_test_bsp/\libucosii_bsp.a(os_task.o)
 .data          0x02010fa4        0x0 ../transmitter_test_bsp/\libucosii_bsp.a(os_time.o)
 .data          0x02010fa4     0x1134 ../transmitter_test_bsp/\libucosii_bsp.a(alt_sys_init.o)
 .data          0x020120d8        0x0 ../transmitter_test_bsp/\libucosii_bsp.a(altera_avalon_epcs_flash_controller.o)
 .data          0x020120d8        0x0 ../transmitter_test_bsp/\libucosii_bsp.a(altera_avalon_jtag_uart_fd.o)
 .data          0x020120d8        0x0 ../transmitter_test_bsp/\libucosii_bsp.a(altera_avalon_jtag_uart_init.o)
 .data          0x020120d8        0x0 ../transmitter_test_bsp/\libucosii_bsp.a(altera_avalon_jtag_uart_ioctl.o)
 .data          0x020120d8        0x0 ../transmitter_test_bsp/\libucosii_bsp.a(altera_avalon_jtag_uart_read.o)
 .data          0x020120d8        0x0 ../transmitter_test_bsp/\libucosii_bsp.a(altera_avalon_jtag_uart_write.o)
 .data          0x020120d8        0x0 ../transmitter_test_bsp/\libucosii_bsp.a(altera_avalon_timer_sc.o)
 .data          0x020120d8        0x0 ../transmitter_test_bsp/\libucosii_bsp.a(epcs_commands.o)
 .data          0x020120d8        0x0 ../transmitter_test_bsp/\libucosii_bsp.a(alt_alarm_start.o)
 .data          0x020120d8        0x0 ../transmitter_test_bsp/\libucosii_bsp.a(alt_dcache_flush_all.o)
 .data          0x020120d8        0x0 ../transmitter_test_bsp/\libucosii_bsp.a(alt_dev_llist_insert.o)
 .data          0x020120d8        0x0 ../transmitter_test_bsp/\libucosii_bsp.a(alt_do_ctors.o)
 .data          0x020120d8        0x0 ../transmitter_test_bsp/\libucosii_bsp.a(alt_do_dtors.o)
 .data          0x020120d8        0x0 ../transmitter_test_bsp/\libucosii_bsp.a(alt_flash_dev.o)
 .data          0x020120d8        0x0 ../transmitter_test_bsp/\libucosii_bsp.a(alt_icache_flush_all.o)
 .data          0x020120d8        0x0 ../transmitter_test_bsp/\libucosii_bsp.a(alt_iic.o)
 .data          0x020120d8        0x0 ../transmitter_test_bsp/\libucosii_bsp.a(alt_iic_isr_register.o)
 .data          0x020120d8        0x0 ../transmitter_test_bsp/\libucosii_bsp.a(alt_io_redirect.o)
 .data          0x020120d8        0x0 ../transmitter_test_bsp/\libucosii_bsp.a(alt_irq_entry.o)
 .data          0x020120d8        0x0 ../transmitter_test_bsp/\libucosii_bsp.a(alt_irq_handler.o)
 .data          0x020120d8        0x0 ../transmitter_test_bsp/\libucosii_bsp.a(alt_irq_vars.o)
 .data          0x020120d8        0x0 ../transmitter_test_bsp/\libucosii_bsp.a(alt_open.o)
 .data          0x020120d8        0x0 ../transmitter_test_bsp/\libucosii_bsp.a(alt_tick.o)
 .data          0x020120d8        0x0 ../transmitter_test_bsp/\libucosii_bsp.a(altera_nios2_qsys_irq.o)
 .data          0x020120d8        0x0 ../transmitter_test_bsp/\libucosii_bsp.a(os_cpu_a.o)
 .data          0x020120d8        0x0 ../transmitter_test_bsp/\libucosii_bsp.a(os_cpu_c.o)
 .data          0x020120d8        0x0 ../transmitter_test_bsp/\libucosii_bsp.a(altera_avalon_spi.o)
 .data          0x020120d8        0x0 ../transmitter_test_bsp/\libucosii_bsp.a(alt_exception_entry.o)
 .data          0x020120d8        0x0 ../transmitter_test_bsp/\libucosii_bsp.a(alt_find_dev.o)
 .data          0x020120d8        0x0 ../transmitter_test_bsp/\libucosii_bsp.a(alt_find_file.o)
 .data          0x020120d8        0x0 ../transmitter_test_bsp/\libucosii_bsp.a(alt_get_fd.o)
 .data          0x020120d8        0x0 ../transmitter_test_bsp/\libucosii_bsp.a(alt_icache_flush.o)
 .data          0x020120d8        0x0 c:/altera/12.1sp1/nios2eds/bin/gnu/h-i686-mingw32/bin/../lib/gcc/nios2-elf/4.1.2/../../../../nios2-elf/lib\libc.a(lib_a-atexit.o)
 .data          0x020120d8        0x0 c:/altera/12.1sp1/nios2eds/bin/gnu/h-i686-mingw32/bin/../lib/gcc/nios2-elf/4.1.2/../../../../nios2-elf/lib\libc.a(lib_a-exit.o)
 .data          0x020120d8        0x0 c:/altera/12.1sp1/nios2eds/bin/gnu/h-i686-mingw32/bin/../lib/gcc/nios2-elf/4.1.2/../../../../nios2-elf/lib\libc.a(lib_a-memcmp.o)
 .data          0x020120d8        0x0 c:/altera/12.1sp1/nios2eds/bin/gnu/h-i686-mingw32/bin/../lib/gcc/nios2-elf/4.1.2/../../../../nios2-elf/lib\libc.a(lib_a-__atexit.o)
 .data          0x020120d8        0x0 c:/altera/12.1sp1/nios2eds/bin/gnu/h-i686-mingw32/bin/../lib/gcc/nios2-elf/4.1.2/../../../../nios2-elf/lib\libc.a(lib_a-__call_atexit.o)
 .data          0x020120d8        0x0 c:/altera/12.1sp1/nios2eds/bin/gnu/h-i686-mingw32/bin/../lib/gcc/nios2-elf/4.1.2\libgcc.a(lib2-divmod.o)
 .data          0x020120d8        0x0 ../transmitter_test_bsp/\libucosii_bsp.a(alt_exit.o)
                0x0201a0d8                _gp = ABSOLUTE ((. + 0x8000))
                0x0201a0d8                PROVIDE (gp, _gp)
 *(.rwdata .rwdata.*)
 *(.sdata .sdata.* .gnu.linkonce.s.*)
 .sdata._ZTI20TransmitterInterface
                0x020120d8        0x8 obj/default/transmitterInterface.o
                0x020120d8                typeinfo for TransmitterInterface
 .sdata._ZTISt9type_info
                0x020120e0        0x8 c:/altera/12.1sp1/nios2eds/bin/gnu/h-i686-mingw32/bin/../lib/gcc/nios2-elf/4.1.2/../../../../nios2-elf/lib\libstdc++.a(tinfo.o)
                0x020120e0                typeinfo for std::type_info
 .sdata         0x020120e8        0x8 c:/altera/12.1sp1/nios2eds/bin/gnu/h-i686-mingw32/bin/../lib/gcc/nios2-elf/4.1.2/../../../../nios2-elf/lib\libc.a(lib_a-mallocr.o)
                0x020120e8                __malloc_trim_threshold
                0x020120ec                __malloc_sbrk_base
 .sdata         0x020120f0        0x8 c:/altera/12.1sp1/nios2eds/bin/gnu/h-i686-mingw32/bin/../lib/gcc/nios2-elf/4.1.2/../../../../nios2-elf/lib\libc.a(lib_a-impure.o)
                0x020120f0                _impure_ptr
                0x020120f4                _global_impure_ptr
 .sdata         0x020120f8       0x14 ../transmitter_test_bsp/\libucosii_bsp.a(alt_dev.o)
                0x020120f8                alt_fs_list
                0x02012100                alt_dev_list
                0x02012108                alt_max_fd
 .sdata         0x0201210c        0x4 ../transmitter_test_bsp/\libucosii_bsp.a(alt_errno.o)
                0x0201210c                alt_errno
 .sdata         0x02012110        0x4 ../transmitter_test_bsp/\libucosii_bsp.a(alt_sbrk.o)
 .sdata         0x02012114        0x4 ../transmitter_test_bsp/\libucosii_bsp.a(alt_env_lock.o)
 .sdata         0x02012118        0x4 ../transmitter_test_bsp/\libucosii_bsp.a(alt_malloc_lock.o)
 .sdata         0x0201211c       0x74 ../transmitter_test_bsp/\libucosii_bsp.a(os_dbg.o)
                0x0201211c                OSDebugEn
                0x02012120                OSEndiannessTest
                0x02012124                OSEventEn
                0x02012126                OSEventMax
                0x02012128                OSEventNameSize
                0x0201212a                OSEventSize
                0x0201212c                OSEventTblSize
                0x0201212e                OSEventMultiEn
                0x02012130                OSFlagEn
                0x02012132                OSFlagGrpSize
                0x02012134                OSFlagNodeSize
                0x02012136                OSFlagWidth
                0x02012138                OSFlagMax
                0x0201213a                OSFlagNameSize
                0x0201213c                OSLowestPrio
                0x0201213e                OSMboxEn
                0x02012140                OSMemEn
                0x02012142                OSMemMax
                0x02012144                OSMemNameSize
                0x02012146                OSMemSize
                0x02012148                OSMemTblSize
                0x0201214a                OSMutexEn
                0x0201214c                OSPtrSize
                0x0201214e                OSQEn
                0x02012150                OSQMax
                0x02012152                OSQSize
                0x02012154                OSRdyTblSize
                0x02012156                OSSemEn
                0x02012158                OSStkWidth
                0x0201215a                OSTaskCreateEn
                0x0201215c                OSTaskCreateExtEn
                0x0201215e                OSTaskDelEn
                0x02012160                OSTaskIdleStkSize
                0x02012162                OSTaskProfileEn
                0x02012164                OSTaskMax
                0x02012166                OSTaskNameSize
                0x02012168                OSTaskStatEn
                0x0201216a                OSTaskStatStkSize
                0x0201216c                OSTaskStatStkChkEn
                0x0201216e                OSTaskSwHookEn
                0x02012170                OSTCBPrioTblMax
                0x02012172                OSTCBSize
                0x02012174                OSTicksPerSec
                0x02012176                OSTimeTickHookEn
                0x02012178                OSVersionNbr
                0x0201217a                OSTmrEn
                0x0201217c                OSTmrCfgMax
                0x0201217e                OSTmrCfgNameSize
                0x02012180                OSTmrCfgWheelSize
                0x02012182                OSTmrCfgTicksPerSec
                0x02012184                OSTmrSize
                0x02012186                OSTmrTblSize
                0x02012188                OSTmrWheelSize
                0x0201218a                OSTmrWheelTblSize
                0x0201218c                OSDataSize
 .sdata         0x02012190        0x8 ../transmitter_test_bsp/\libucosii_bsp.a(alt_flash_dev.o)
                0x02012190                alt_flash_dev_list
 .sdata         0x02012198        0x4 ../transmitter_test_bsp/\libucosii_bsp.a(alt_irq_vars.o)
                0x02012198                alt_priority_mask
 .sdata         0x0201219c        0x8 ../transmitter_test_bsp/\libucosii_bsp.a(alt_tick.o)
                0x0201219c                alt_alarm_list
 *(.sdata2 .sdata2.* .gnu.linkonce.s2.*)
                0x020121a4                . = ALIGN (0x4)
                0x020121a4                _edata = ABSOLUTE (.)
                0x020121a4                PROVIDE (edata, ABSOLUTE (.))
                0x020121a4                PROVIDE (__ram_rwdata_end, ABSOLUTE (.))
                0x020121a4                PROVIDE (__flash_rwdata_start, LOADADDR (.rwdata))

.bss            0x02013d54     0x5570
                0x02013d54                __bss_start = ABSOLUTE (.)
                0x02013d54                PROVIDE (__sbss_start, ABSOLUTE (.))
                0x02013d54                PROVIDE (___sbss_start, ABSOLUTE (.))
 *(.dynsbss)
 *(.sbss .sbss.* .gnu.linkonce.sb.*)
 .sbss          0x02013d54        0x8 obj/default/transmitter_test.o
                0x02013d54                transmit
 .sbss          0x02013d5c        0xc c:/altera/12.1sp1/nios2eds/bin/gnu/h-i686-mingw32/bin/../lib/gcc/nios2-elf/4.1.2/../../../../nios2-elf/lib\libc.a(lib_a-mallocr.o)
                0x02013d5c                __malloc_top_pad
                0x02013d60                __malloc_max_sbrked_mem
                0x02013d64                __malloc_max_total_mem
 .sbss          0x02013d68        0x4 c:/altera/12.1sp1/nios2eds/bin/gnu/h-i686-mingw32/bin/../lib/gcc/nios2-elf/4.1.2/../../../../nios2-elf/lib\libc.a(lib_a-int_errno.o)
                0x02013d68                errno
 .sbss          0x02013d6c        0x4 ../transmitter_test_bsp/\libucosii_bsp.a(alt_dev.o)
                0x02013d6c                alt_fd_list_lock
 .sbss          0x02013d70        0xc ../transmitter_test_bsp/\libucosii_bsp.a(alt_main.o)
                0x02013d70                alt_argc
                0x02013d74                alt_argv
                0x02013d78                alt_envp
 .sbss          0x02013d7c        0x8 ../transmitter_test_bsp/\libucosii_bsp.a(alt_env_lock.o)
                0x02013d80                alt_envsem
 .sbss          0x02013d84        0x8 ../transmitter_test_bsp/\libucosii_bsp.a(alt_malloc_lock.o)
                0x02013d88                alt_heapsem
 .sbss          0x02013d8c       0x50 ../transmitter_test_bsp/\libucosii_bsp.a(os_core.o)
                0x02013d8c                OSLockNesting
                0x02013d8d                OSRunning
                0x02013d90                OSIdleCtr
                0x02013d94                OSPrioHighRdy
                0x02013d95                OSPrioCur
                0x02013d98                OSTCBList
                0x02013d9c                OSTickStepState
                0x02013da0                OSCtxSwCtr
                0x02013da4                OSIdleCtrMax
                0x02013da8                OSTCBFreeList
                0x02013dac                OSCPUUsage
                0x02013dad                OSTaskCtr
                0x02013db0                OSMemFreeList
                0x02013db4                OSTCBHighRdy
                0x02013db8                OSQFreeList
                0x02013dbc                OSRdyGrp
                0x02013dbd                OSRdyTbl
                0x02013dc0                OSEventFreeList
                0x02013dc4                OSIntNesting
                0x02013dc8                OSTCBCur
                0x02013dcc                OSTime
                0x02013dd0                OSFlagFreeList
                0x02013dd4                OSStatRdy
                0x02013dd8                OSIdleCtrRun
 .sbss          0x02013ddc        0x4 ../transmitter_test_bsp/\libucosii_bsp.a(alt_irq_vars.o)
                0x02013ddc                alt_irq_active
 .sbss          0x02013de0        0x8 ../transmitter_test_bsp/\libucosii_bsp.a(alt_tick.o)
                0x02013de0                _alt_tick_rate
                0x02013de4                _alt_nticks
 *(.sbss2 .sbss2.* .gnu.linkonce.sb2.*)
 *(.scommon)
                0x02013de8                PROVIDE (__sbss_end, ABSOLUTE (.))
                0x02013de8                PROVIDE (___sbss_end, ABSOLUTE (.))
 *(.dynbss)
 *(.bss .bss.* .gnu.linkonce.b.*)
 .bss           0x02013de8        0x0 ../transmitter_test_bsp//obj/HAL/src/crt0.o
 .bss           0x02013de8        0x0 obj/default/transmitterInterface.o
 .bss           0x02013de8     0x2000 obj/default/transmitter_test.o
                0x02013de8                task1_stk
 .bss           0x02015de8        0x0 c:/altera/12.1sp1/nios2eds/bin/gnu/h-i686-mingw32/bin/../lib/gcc/nios2-elf/4.1.2/../../../../nios2-elf/lib\libstdc++.a(class_type_info.o)
 .bss           0x02015de8        0x0 c:/altera/12.1sp1/nios2eds/bin/gnu/h-i686-mingw32/bin/../lib/gcc/nios2-elf/4.1.2/../../../../nios2-elf/lib\libstdc++.a(del_op.o)
 .bss           0x02015de8        0x0 c:/altera/12.1sp1/nios2eds/bin/gnu/h-i686-mingw32/bin/../lib/gcc/nios2-elf/4.1.2/../../../../nios2-elf/lib\libstdc++.a(si_class_type_info.o)
 .bss           0x02015de8        0x0 c:/altera/12.1sp1/nios2eds/bin/gnu/h-i686-mingw32/bin/../lib/gcc/nios2-elf/4.1.2/../../../../nios2-elf/lib\libstdc++.a(tinfo.o)
 .bss           0x02015de8        0x0 c:/altera/12.1sp1/nios2eds/bin/gnu/h-i686-mingw32/bin/../lib/gcc/nios2-elf/4.1.2/../../../../nios2-elf/lib\libc.a(lib_a-malloc.o)
 .bss           0x02015de8       0x28 c:/altera/12.1sp1/nios2eds/bin/gnu/h-i686-mingw32/bin/../lib/gcc/nios2-elf/4.1.2/../../../../nios2-elf/lib\libc.a(lib_a-mallocr.o)
                0x02015de8                __malloc_current_mallinfo
 .bss           0x02015e10        0x0 c:/altera/12.1sp1/nios2eds/bin/gnu/h-i686-mingw32/bin/../lib/gcc/nios2-elf/4.1.2/../../../../nios2-elf/lib\libc.a(lib_a-puts.o)
 .bss           0x02015e10        0x0 c:/altera/12.1sp1/nios2eds/bin/gnu/h-i686-mingw32/bin/../lib/gcc/nios2-elf/4.1.2/../../../../nios2-elf/lib\libc.a(lib_a-sbrkr.o)
 .bss           0x02015e10        0x0 c:/altera/12.1sp1/nios2eds/bin/gnu/h-i686-mingw32/bin/../lib/gcc/nios2-elf/4.1.2/../../../../nios2-elf/lib\libc.a(lib_a-strlen.o)
 .bss           0x02015e10        0x0 c:/altera/12.1sp1/nios2eds/bin/gnu/h-i686-mingw32/bin/../lib/gcc/nios2-elf/4.1.2/../../../../nios2-elf/lib\libc.a(lib_a-freer.o)
 .bss           0x02015e10        0x0 c:/altera/12.1sp1/nios2eds/bin/gnu/h-i686-mingw32/bin/../lib/gcc/nios2-elf/4.1.2/../../../../nios2-elf/lib\libc.a(lib_a-fvwrite.o)
 .bss           0x02015e10        0x0 c:/altera/12.1sp1/nios2eds/bin/gnu/h-i686-mingw32/bin/../lib/gcc/nios2-elf/4.1.2/../../../../nios2-elf/lib\libc.a(lib_a-impure.o)
 .bss           0x02015e10        0x0 c:/altera/12.1sp1/nios2eds/bin/gnu/h-i686-mingw32/bin/../lib/gcc/nios2-elf/4.1.2/../../../../nios2-elf/lib\libc.a(lib_a-int_errno.o)
 .bss           0x02015e10        0x0 c:/altera/12.1sp1/nios2eds/bin/gnu/h-i686-mingw32/bin/../lib/gcc/nios2-elf/4.1.2/../../../../nios2-elf/lib\libc.a(lib_a-memchr.o)
 .bss           0x02015e10        0x0 c:/altera/12.1sp1/nios2eds/bin/gnu/h-i686-mingw32/bin/../lib/gcc/nios2-elf/4.1.2/../../../../nios2-elf/lib\libc.a(lib_a-memcpy.o)
 .bss           0x02015e10        0x0 c:/altera/12.1sp1/nios2eds/bin/gnu/h-i686-mingw32/bin/../lib/gcc/nios2-elf/4.1.2/../../../../nios2-elf/lib\libc.a(lib_a-memmove.o)
 .bss           0x02015e10        0x0 c:/altera/12.1sp1/nios2eds/bin/gnu/h-i686-mingw32/bin/../lib/gcc/nios2-elf/4.1.2/../../../../nios2-elf/lib\libc.a(lib_a-reallocr.o)
 .bss           0x02015e10        0x0 c:/altera/12.1sp1/nios2eds/bin/gnu/h-i686-mingw32/bin/../lib/gcc/nios2-elf/4.1.2/../../../../nios2-elf/lib\libc.a(lib_a-wsetup.o)
 .bss           0x02015e10        0x0 c:/altera/12.1sp1/nios2eds/bin/gnu/h-i686-mingw32/bin/../lib/gcc/nios2-elf/4.1.2/../../../../nios2-elf/lib\libc.a(lib_a-fflush.o)
 .bss           0x02015e10        0x0 c:/altera/12.1sp1/nios2eds/bin/gnu/h-i686-mingw32/bin/../lib/gcc/nios2-elf/4.1.2/../../../../nios2-elf/lib\libc.a(lib_a-findfp.o)
 .bss           0x02015e10        0x0 c:/altera/12.1sp1/nios2eds/bin/gnu/h-i686-mingw32/bin/../lib/gcc/nios2-elf/4.1.2/../../../../nios2-elf/lib\libc.a(lib_a-fwalk.o)
 .bss           0x02015e10        0x0 c:/altera/12.1sp1/nios2eds/bin/gnu/h-i686-mingw32/bin/../lib/gcc/nios2-elf/4.1.2/../../../../nios2-elf/lib\libc.a(lib_a-makebuf.o)
 .bss           0x02015e10        0x0 c:/altera/12.1sp1/nios2eds/bin/gnu/h-i686-mingw32/bin/../lib/gcc/nios2-elf/4.1.2/../../../../nios2-elf/lib\libc.a(lib_a-memset.o)
 .bss           0x02015e10        0x0 c:/altera/12.1sp1/nios2eds/bin/gnu/h-i686-mingw32/bin/../lib/gcc/nios2-elf/4.1.2/../../../../nios2-elf/lib\libc.a(lib_a-stdio.o)
 .bss           0x02015e10        0x0 c:/altera/12.1sp1/nios2eds/bin/gnu/h-i686-mingw32/bin/../lib/gcc/nios2-elf/4.1.2/../../../../nios2-elf/lib\libc.a(lib_a-writer.o)
 .bss           0x02015e10        0x0 c:/altera/12.1sp1/nios2eds/bin/gnu/h-i686-mingw32/bin/../lib/gcc/nios2-elf/4.1.2/../../../../nios2-elf/lib\libc.a(lib_a-closer.o)
 .bss           0x02015e10        0x0 c:/altera/12.1sp1/nios2eds/bin/gnu/h-i686-mingw32/bin/../lib/gcc/nios2-elf/4.1.2/../../../../nios2-elf/lib\libc.a(lib_a-fclose.o)
 .bss           0x02015e10        0x0 c:/altera/12.1sp1/nios2eds/bin/gnu/h-i686-mingw32/bin/../lib/gcc/nios2-elf/4.1.2/../../../../nios2-elf/lib\libc.a(lib_a-fstatr.o)
 .bss           0x02015e10        0x0 c:/altera/12.1sp1/nios2eds/bin/gnu/h-i686-mingw32/bin/../lib/gcc/nios2-elf/4.1.2/../../../../nios2-elf/lib\libc.a(lib_a-isattyr.o)
 .bss           0x02015e10        0x0 c:/altera/12.1sp1/nios2eds/bin/gnu/h-i686-mingw32/bin/../lib/gcc/nios2-elf/4.1.2/../../../../nios2-elf/lib\libc.a(lib_a-lseekr.o)
 .bss           0x02015e10        0x0 c:/altera/12.1sp1/nios2eds/bin/gnu/h-i686-mingw32/bin/../lib/gcc/nios2-elf/4.1.2/../../../../nios2-elf/lib\libc.a(lib_a-readr.o)
 .bss           0x02015e10        0x0 ../transmitter_test_bsp/\libucosii_bsp.a(alt_close.o)
 .bss           0x02015e10        0x0 ../transmitter_test_bsp/\libucosii_bsp.a(alt_dev.o)
 .bss           0x02015e10        0x0 ../transmitter_test_bsp/\libucosii_bsp.a(alt_errno.o)
 .bss           0x02015e10        0x0 ../transmitter_test_bsp/\libucosii_bsp.a(alt_fstat.o)
 .bss           0x02015e10        0x0 ../transmitter_test_bsp/\libucosii_bsp.a(alt_isatty.o)
 .bss           0x02015e10        0x0 ../transmitter_test_bsp/\libucosii_bsp.a(alt_load.o)
 .bss           0x02015e10        0x0 ../transmitter_test_bsp/\libucosii_bsp.a(alt_lseek.o)
 .bss           0x02015e10        0x0 ../transmitter_test_bsp/\libucosii_bsp.a(alt_main.o)
 .bss           0x02015e10        0x0 ../transmitter_test_bsp/\libucosii_bsp.a(alt_read.o)
 .bss           0x02015e10        0x0 ../transmitter_test_bsp/\libucosii_bsp.a(alt_release_fd.o)
 .bss           0x02015e10        0x0 ../transmitter_test_bsp/\libucosii_bsp.a(alt_sbrk.o)
 .bss           0x02015e10        0x0 ../transmitter_test_bsp/\libucosii_bsp.a(alt_write.o)
 .bss           0x02015e10        0x0 ../transmitter_test_bsp/\libucosii_bsp.a(alt_env_lock.o)
 .bss           0x02015e10        0x0 ../transmitter_test_bsp/\libucosii_bsp.a(alt_malloc_lock.o)
 .bss           0x02015e10        0x0 ../transmitter_test_bsp/\libucosii_bsp.a(os_core.o)
 .bss           0x02015e10        0x0 ../transmitter_test_bsp/\libucosii_bsp.a(os_dbg.o)
 .bss           0x02015e10        0x0 ../transmitter_test_bsp/\libucosii_bsp.a(os_flag.o)
 .bss           0x02015e10        0x0 ../transmitter_test_bsp/\libucosii_bsp.a(os_mem.o)
 .bss           0x02015e10        0x0 ../transmitter_test_bsp/\libucosii_bsp.a(os_q.o)
 .bss           0x02015e10        0x0 ../transmitter_test_bsp/\libucosii_bsp.a(os_sem.o)
 .bss           0x02015e10        0x0 ../transmitter_test_bsp/\libucosii_bsp.a(os_task.o)
 .bss           0x02015e10        0x0 ../transmitter_test_bsp/\libucosii_bsp.a(os_time.o)
 .bss           0x02015e10        0x0 ../transmitter_test_bsp/\libucosii_bsp.a(alt_sys_init.o)
 .bss           0x02015e10        0x0 ../transmitter_test_bsp/\libucosii_bsp.a(altera_avalon_epcs_flash_controller.o)
 .bss           0x02015e10        0x0 ../transmitter_test_bsp/\libucosii_bsp.a(altera_avalon_jtag_uart_fd.o)
 .bss           0x02015e10        0x0 ../transmitter_test_bsp/\libucosii_bsp.a(altera_avalon_jtag_uart_init.o)
 .bss           0x02015e10        0x0 ../transmitter_test_bsp/\libucosii_bsp.a(altera_avalon_jtag_uart_ioctl.o)
 .bss           0x02015e10        0x0 ../transmitter_test_bsp/\libucosii_bsp.a(altera_avalon_jtag_uart_read.o)
 .bss           0x02015e10        0x0 ../transmitter_test_bsp/\libucosii_bsp.a(altera_avalon_jtag_uart_write.o)
 .bss           0x02015e10        0x0 ../transmitter_test_bsp/\libucosii_bsp.a(altera_avalon_timer_sc.o)
 .bss           0x02015e10        0x0 ../transmitter_test_bsp/\libucosii_bsp.a(epcs_commands.o)
 .bss           0x02015e10        0x0 ../transmitter_test_bsp/\libucosii_bsp.a(alt_alarm_start.o)
 .bss           0x02015e10        0x0 ../transmitter_test_bsp/\libucosii_bsp.a(alt_dcache_flush_all.o)
 .bss           0x02015e10        0x0 ../transmitter_test_bsp/\libucosii_bsp.a(alt_dev_llist_insert.o)
 .bss           0x02015e10        0x0 ../transmitter_test_bsp/\libucosii_bsp.a(alt_do_ctors.o)
 .bss           0x02015e10        0x0 ../transmitter_test_bsp/\libucosii_bsp.a(alt_do_dtors.o)
 .bss           0x02015e10        0x0 ../transmitter_test_bsp/\libucosii_bsp.a(alt_flash_dev.o)
 .bss           0x02015e10        0x0 ../transmitter_test_bsp/\libucosii_bsp.a(alt_icache_flush_all.o)
 .bss           0x02015e10        0x0 ../transmitter_test_bsp/\libucosii_bsp.a(alt_iic.o)
 .bss           0x02015e10        0x0 ../transmitter_test_bsp/\libucosii_bsp.a(alt_iic_isr_register.o)
 .bss           0x02015e10        0x0 ../transmitter_test_bsp/\libucosii_bsp.a(alt_io_redirect.o)
 .bss           0x02015e10        0x0 ../transmitter_test_bsp/\libucosii_bsp.a(alt_irq_entry.o)
 .bss           0x02015e10        0x0 ../transmitter_test_bsp/\libucosii_bsp.a(alt_irq_handler.o)
 .bss           0x02015e10        0x0 ../transmitter_test_bsp/\libucosii_bsp.a(alt_irq_vars.o)
 .bss           0x02015e10        0x0 ../transmitter_test_bsp/\libucosii_bsp.a(alt_open.o)
 .bss           0x02015e10        0x0 ../transmitter_test_bsp/\libucosii_bsp.a(alt_tick.o)
 .bss           0x02015e10        0x0 ../transmitter_test_bsp/\libucosii_bsp.a(altera_nios2_qsys_irq.o)
 .bss           0x02015e10        0x0 ../transmitter_test_bsp/\libucosii_bsp.a(os_cpu_a.o)
 .bss           0x02015e10        0x0 ../transmitter_test_bsp/\libucosii_bsp.a(os_cpu_c.o)
 .bss           0x02015e10        0x0 ../transmitter_test_bsp/\libucosii_bsp.a(altera_avalon_spi.o)
 .bss           0x02015e10        0x0 ../transmitter_test_bsp/\libucosii_bsp.a(alt_exception_entry.o)
 .bss           0x02015e10        0x0 ../transmitter_test_bsp/\libucosii_bsp.a(alt_find_dev.o)
 .bss           0x02015e10        0x0 ../transmitter_test_bsp/\libucosii_bsp.a(alt_find_file.o)
 .bss           0x02015e10        0x0 ../transmitter_test_bsp/\libucosii_bsp.a(alt_get_fd.o)
 .bss           0x02015e10        0x0 ../transmitter_test_bsp/\libucosii_bsp.a(alt_icache_flush.o)
 .bss           0x02015e10        0x0 c:/altera/12.1sp1/nios2eds/bin/gnu/h-i686-mingw32/bin/../lib/gcc/nios2-elf/4.1.2/../../../../nios2-elf/lib\libc.a(lib_a-atexit.o)
 .bss           0x02015e10        0x0 c:/altera/12.1sp1/nios2eds/bin/gnu/h-i686-mingw32/bin/../lib/gcc/nios2-elf/4.1.2/../../../../nios2-elf/lib\libc.a(lib_a-exit.o)
 .bss           0x02015e10        0x0 c:/altera/12.1sp1/nios2eds/bin/gnu/h-i686-mingw32/bin/../lib/gcc/nios2-elf/4.1.2/../../../../nios2-elf/lib\libc.a(lib_a-memcmp.o)
 .bss           0x02015e10        0x0 c:/altera/12.1sp1/nios2eds/bin/gnu/h-i686-mingw32/bin/../lib/gcc/nios2-elf/4.1.2/../../../../nios2-elf/lib\libc.a(lib_a-__atexit.o)
 .bss           0x02015e10        0x0 c:/altera/12.1sp1/nios2eds/bin/gnu/h-i686-mingw32/bin/../lib/gcc/nios2-elf/4.1.2/../../../../nios2-elf/lib\libc.a(lib_a-__call_atexit.o)
 .bss           0x02015e10        0x0 c:/altera/12.1sp1/nios2eds/bin/gnu/h-i686-mingw32/bin/../lib/gcc/nios2-elf/4.1.2\libgcc.a(lib2-divmod.o)
 .bss           0x02015e10        0x0 ../transmitter_test_bsp/\libucosii_bsp.a(alt_exit.o)
 *(COMMON)
 COMMON         0x02015e10     0x3224 ../transmitter_test_bsp/\libucosii_bsp.a(os_core.o)
                0x02015e10                OSFlagTbl
                0x02016180                OSMemTbl
                0x02016db0                OSTaskStatStk
                0x020175b0                OSQTbl
                0x02017790                OSTaskIdleStk
                0x02017f90                OSEventTbl
                0x02018ad0                OSTCBTbl
                0x02018fe0                OSTCBPrioTbl
 COMMON         0x02019034      0x100 ../transmitter_test_bsp/\libucosii_bsp.a(alt_irq_handler.o)
                0x02019034                alt_irq
 COMMON         0x02019134      0x190 c:/altera/12.1sp1/nios2eds/bin/gnu/h-i686-mingw32/bin/../lib/gcc/nios2-elf/4.1.2/../../../../nios2-elf/lib\libc.a(lib_a-atexit.o)
                0x02019134                _atexit0
                0x020192c4                . = ALIGN (0x4)
                0x020192c4                __bss_end = ABSOLUTE (.)

.sdram          0x020192c4        0x0
                0x020192c4                PROVIDE (_alt_partition_sdram_start, ABSOLUTE (.))
 *(.sdram. sdram.*)
                0x020192c4                . = ALIGN (0x4)
                0x020192c4                PROVIDE (_alt_partition_sdram_end, ABSOLUTE (.))
                0x020192c4                _end = ABSOLUTE (.)
                0x020192c4                end = ABSOLUTE (.)
                0x020192c4                __alt_stack_base = ABSOLUTE (.)
                0x020192c4                PROVIDE (_alt_partition_sdram_load_addr, LOADADDR (.sdram))

.epcs_flash_controller
                0x04000800        0x0 load address 0x020192c4
                0x04000800                PROVIDE (_alt_partition_epcs_flash_controller_start, ABSOLUTE (.))
 *(.epcs_flash_controller. epcs_flash_controller.*)
                0x04000800                . = ALIGN (0x4)
                0x04000800                PROVIDE (_alt_partition_epcs_flash_controller_end, ABSOLUTE (.))
                0x020192c4                PROVIDE (_alt_partition_epcs_flash_controller_load_addr, LOADADDR (.epcs_flash_controller))

.stab
 *(.stab)

.stabstr
 *(.stabstr)

.stab.excl
 *(.stab.excl)

.stab.exclstr
 *(.stab.exclstr)

.stab.index
 *(.stab.index)

.stab.indexstr
 *(.stab.indexstr)

.comment        0x00000000       0x26
 *(.comment)
 .comment       0x00000000       0x26 obj/default/transmitterInterface.o
                                 0x27 (size before relaxing)
 .comment       0x00000000       0x27 obj/default/transmitter_test.o
 .comment       0x00000000       0x27 c:/altera/12.1sp1/nios2eds/bin/gnu/h-i686-mingw32/bin/../lib/gcc/nios2-elf/4.1.2/../../../../nios2-elf/lib\libstdc++.a(class_type_info.o)
 .comment       0x00000000       0x27 c:/altera/12.1sp1/nios2eds/bin/gnu/h-i686-mingw32/bin/../lib/gcc/nios2-elf/4.1.2/../../../../nios2-elf/lib\libstdc++.a(del_op.o)
 .comment       0x00000000       0x27 c:/altera/12.1sp1/nios2eds/bin/gnu/h-i686-mingw32/bin/../lib/gcc/nios2-elf/4.1.2/../../../../nios2-elf/lib\libstdc++.a(si_class_type_info.o)
 .comment       0x00000000       0x27 c:/altera/12.1sp1/nios2eds/bin/gnu/h-i686-mingw32/bin/../lib/gcc/nios2-elf/4.1.2/../../../../nios2-elf/lib\libstdc++.a(tinfo.o)
 .comment       0x00000000       0x27 c:/altera/12.1sp1/nios2eds/bin/gnu/h-i686-mingw32/bin/../lib/gcc/nios2-elf/4.1.2/../../../../nios2-elf/lib\libc.a(lib_a-malloc.o)
 .comment       0x00000000       0x27 c:/altera/12.1sp1/nios2eds/bin/gnu/h-i686-mingw32/bin/../lib/gcc/nios2-elf/4.1.2/../../../../nios2-elf/lib\libc.a(lib_a-mallocr.o)
 .comment       0x00000000       0x27 c:/altera/12.1sp1/nios2eds/bin/gnu/h-i686-mingw32/bin/../lib/gcc/nios2-elf/4.1.2/../../../../nios2-elf/lib\libc.a(lib_a-puts.o)
 .comment       0x00000000       0x27 c:/altera/12.1sp1/nios2eds/bin/gnu/h-i686-mingw32/bin/../lib/gcc/nios2-elf/4.1.2/../../../../nios2-elf/lib\libc.a(lib_a-sbrkr.o)
 .comment       0x00000000       0x27 c:/altera/12.1sp1/nios2eds/bin/gnu/h-i686-mingw32/bin/../lib/gcc/nios2-elf/4.1.2/../../../../nios2-elf/lib\libc.a(lib_a-strlen.o)
 .comment       0x00000000       0x27 c:/altera/12.1sp1/nios2eds/bin/gnu/h-i686-mingw32/bin/../lib/gcc/nios2-elf/4.1.2/../../../../nios2-elf/lib\libc.a(lib_a-freer.o)
 .comment       0x00000000       0x27 c:/altera/12.1sp1/nios2eds/bin/gnu/h-i686-mingw32/bin/../lib/gcc/nios2-elf/4.1.2/../../../../nios2-elf/lib\libc.a(lib_a-fvwrite.o)
 .comment       0x00000000       0x27 c:/altera/12.1sp1/nios2eds/bin/gnu/h-i686-mingw32/bin/../lib/gcc/nios2-elf/4.1.2/../../../../nios2-elf/lib\libc.a(lib_a-impure.o)
 .comment       0x00000000       0x27 c:/altera/12.1sp1/nios2eds/bin/gnu/h-i686-mingw32/bin/../lib/gcc/nios2-elf/4.1.2/../../../../nios2-elf/lib\libc.a(lib_a-int_errno.o)
 .comment       0x00000000       0x27 c:/altera/12.1sp1/nios2eds/bin/gnu/h-i686-mingw32/bin/../lib/gcc/nios2-elf/4.1.2/../../../../nios2-elf/lib\libc.a(lib_a-memchr.o)
 .comment       0x00000000       0x27 c:/altera/12.1sp1/nios2eds/bin/gnu/h-i686-mingw32/bin/../lib/gcc/nios2-elf/4.1.2/../../../../nios2-elf/lib\libc.a(lib_a-memcpy.o)
 .comment       0x00000000       0x27 c:/altera/12.1sp1/nios2eds/bin/gnu/h-i686-mingw32/bin/../lib/gcc/nios2-elf/4.1.2/../../../../nios2-elf/lib\libc.a(lib_a-memmove.o)
 .comment       0x00000000       0x27 c:/altera/12.1sp1/nios2eds/bin/gnu/h-i686-mingw32/bin/../lib/gcc/nios2-elf/4.1.2/../../../../nios2-elf/lib\libc.a(lib_a-reallocr.o)
 .comment       0x00000000       0x27 c:/altera/12.1sp1/nios2eds/bin/gnu/h-i686-mingw32/bin/../lib/gcc/nios2-elf/4.1.2/../../../../nios2-elf/lib\libc.a(lib_a-wsetup.o)
 .comment       0x00000000       0x27 c:/altera/12.1sp1/nios2eds/bin/gnu/h-i686-mingw32/bin/../lib/gcc/nios2-elf/4.1.2/../../../../nios2-elf/lib\libc.a(lib_a-fflush.o)
 .comment       0x00000000       0x27 c:/altera/12.1sp1/nios2eds/bin/gnu/h-i686-mingw32/bin/../lib/gcc/nios2-elf/4.1.2/../../../../nios2-elf/lib\libc.a(lib_a-findfp.o)
 .comment       0x00000000       0x27 c:/altera/12.1sp1/nios2eds/bin/gnu/h-i686-mingw32/bin/../lib/gcc/nios2-elf/4.1.2/../../../../nios2-elf/lib\libc.a(lib_a-fwalk.o)
 .comment       0x00000000       0x27 c:/altera/12.1sp1/nios2eds/bin/gnu/h-i686-mingw32/bin/../lib/gcc/nios2-elf/4.1.2/../../../../nios2-elf/lib\libc.a(lib_a-makebuf.o)
 .comment       0x00000000       0x27 c:/altera/12.1sp1/nios2eds/bin/gnu/h-i686-mingw32/bin/../lib/gcc/nios2-elf/4.1.2/../../../../nios2-elf/lib\libc.a(lib_a-memset.o)
 .comment       0x00000000       0x27 c:/altera/12.1sp1/nios2eds/bin/gnu/h-i686-mingw32/bin/../lib/gcc/nios2-elf/4.1.2/../../../../nios2-elf/lib\libc.a(lib_a-stdio.o)
 .comment       0x00000000       0x27 c:/altera/12.1sp1/nios2eds/bin/gnu/h-i686-mingw32/bin/../lib/gcc/nios2-elf/4.1.2/../../../../nios2-elf/lib\libc.a(lib_a-writer.o)
 .comment       0x00000000       0x27 c:/altera/12.1sp1/nios2eds/bin/gnu/h-i686-mingw32/bin/../lib/gcc/nios2-elf/4.1.2/../../../../nios2-elf/lib\libc.a(lib_a-closer.o)
 .comment       0x00000000       0x27 c:/altera/12.1sp1/nios2eds/bin/gnu/h-i686-mingw32/bin/../lib/gcc/nios2-elf/4.1.2/../../../../nios2-elf/lib\libc.a(lib_a-fclose.o)
 .comment       0x00000000       0x27 c:/altera/12.1sp1/nios2eds/bin/gnu/h-i686-mingw32/bin/../lib/gcc/nios2-elf/4.1.2/../../../../nios2-elf/lib\libc.a(lib_a-fstatr.o)
 .comment       0x00000000       0x27 c:/altera/12.1sp1/nios2eds/bin/gnu/h-i686-mingw32/bin/../lib/gcc/nios2-elf/4.1.2/../../../../nios2-elf/lib\libc.a(lib_a-isattyr.o)
 .comment       0x00000000       0x27 c:/altera/12.1sp1/nios2eds/bin/gnu/h-i686-mingw32/bin/../lib/gcc/nios2-elf/4.1.2/../../../../nios2-elf/lib\libc.a(lib_a-lseekr.o)
 .comment       0x00000000       0x27 c:/altera/12.1sp1/nios2eds/bin/gnu/h-i686-mingw32/bin/../lib/gcc/nios2-elf/4.1.2/../../../../nios2-elf/lib\libc.a(lib_a-readr.o)
 .comment       0x00000000       0x27 ../transmitter_test_bsp/\libucosii_bsp.a(alt_close.o)
 .comment       0x00000000       0x27 ../transmitter_test_bsp/\libucosii_bsp.a(alt_dev.o)
 .comment       0x00000000       0x27 ../transmitter_test_bsp/\libucosii_bsp.a(alt_errno.o)
 .comment       0x00000000       0x27 ../transmitter_test_bsp/\libucosii_bsp.a(alt_fstat.o)
 .comment       0x00000000       0x27 ../transmitter_test_bsp/\libucosii_bsp.a(alt_isatty.o)
 .comment       0x00000000       0x27 ../transmitter_test_bsp/\libucosii_bsp.a(alt_load.o)
 .comment       0x00000000       0x27 ../transmitter_test_bsp/\libucosii_bsp.a(alt_lseek.o)
 .comment       0x00000000       0x27 ../transmitter_test_bsp/\libucosii_bsp.a(alt_main.o)
 .comment       0x00000000       0x27 ../transmitter_test_bsp/\libucosii_bsp.a(alt_read.o)
 .comment       0x00000000       0x27 ../transmitter_test_bsp/\libucosii_bsp.a(alt_release_fd.o)
 .comment       0x00000000       0x27 ../transmitter_test_bsp/\libucosii_bsp.a(alt_sbrk.o)
 .comment       0x00000000       0x27 ../transmitter_test_bsp/\libucosii_bsp.a(alt_write.o)
 .comment       0x00000000       0x27 ../transmitter_test_bsp/\libucosii_bsp.a(alt_env_lock.o)
 .comment       0x00000000       0x27 ../transmitter_test_bsp/\libucosii_bsp.a(alt_malloc_lock.o)
 .comment       0x00000000       0x27 ../transmitter_test_bsp/\libucosii_bsp.a(os_core.o)
 .comment       0x00000000       0x27 ../transmitter_test_bsp/\libucosii_bsp.a(os_dbg.o)
 .comment       0x00000000       0x27 ../transmitter_test_bsp/\libucosii_bsp.a(os_flag.o)
 .comment       0x00000000       0x27 ../transmitter_test_bsp/\libucosii_bsp.a(os_mem.o)
 .comment       0x00000000       0x27 ../transmitter_test_bsp/\libucosii_bsp.a(os_q.o)
 .comment       0x00000000       0x27 ../transmitter_test_bsp/\libucosii_bsp.a(os_sem.o)
 .comment       0x00000000       0x27 ../transmitter_test_bsp/\libucosii_bsp.a(os_task.o)
 .comment       0x00000000       0x27 ../transmitter_test_bsp/\libucosii_bsp.a(os_time.o)
 .comment       0x00000000       0x27 ../transmitter_test_bsp/\libucosii_bsp.a(alt_sys_init.o)
 .comment       0x00000000       0x27 ../transmitter_test_bsp/\libucosii_bsp.a(altera_avalon_epcs_flash_controller.o)
 .comment       0x00000000       0x27 ../transmitter_test_bsp/\libucosii_bsp.a(altera_avalon_jtag_uart_fd.o)
 .comment       0x00000000       0x27 ../transmitter_test_bsp/\libucosii_bsp.a(altera_avalon_jtag_uart_init.o)
 .comment       0x00000000       0x27 ../transmitter_test_bsp/\libucosii_bsp.a(altera_avalon_jtag_uart_ioctl.o)
 .comment       0x00000000       0x27 ../transmitter_test_bsp/\libucosii_bsp.a(altera_avalon_jtag_uart_read.o)
 .comment       0x00000000       0x27 ../transmitter_test_bsp/\libucosii_bsp.a(altera_avalon_jtag_uart_write.o)
 .comment       0x00000000       0x27 ../transmitter_test_bsp/\libucosii_bsp.a(altera_avalon_timer_sc.o)
 .comment       0x00000000       0x27 ../transmitter_test_bsp/\libucosii_bsp.a(epcs_commands.o)
 .comment       0x00000000       0x27 ../transmitter_test_bsp/\libucosii_bsp.a(alt_alarm_start.o)
 .comment       0x00000000       0x27 ../transmitter_test_bsp/\libucosii_bsp.a(alt_dcache_flush_all.o)
 .comment       0x00000000       0x27 ../transmitter_test_bsp/\libucosii_bsp.a(alt_dev_llist_insert.o)
 .comment       0x00000000       0x27 ../transmitter_test_bsp/\libucosii_bsp.a(alt_do_ctors.o)
 .comment       0x00000000       0x27 ../transmitter_test_bsp/\libucosii_bsp.a(alt_do_dtors.o)
 .comment       0x00000000       0x27 ../transmitter_test_bsp/\libucosii_bsp.a(alt_flash_dev.o)
 .comment       0x00000000       0x27 ../transmitter_test_bsp/\libucosii_bsp.a(alt_icache_flush_all.o)
 .comment       0x00000000       0x27 ../transmitter_test_bsp/\libucosii_bsp.a(alt_iic.o)
 .comment       0x00000000       0x27 ../transmitter_test_bsp/\libucosii_bsp.a(alt_iic_isr_register.o)
 .comment       0x00000000       0x27 ../transmitter_test_bsp/\libucosii_bsp.a(alt_io_redirect.o)
 .comment       0x00000000       0x27 ../transmitter_test_bsp/\libucosii_bsp.a(alt_irq_handler.o)
 .comment       0x00000000       0x27 ../transmitter_test_bsp/\libucosii_bsp.a(alt_irq_vars.o)
 .comment       0x00000000       0x27 ../transmitter_test_bsp/\libucosii_bsp.a(alt_open.o)
 .comment       0x00000000       0x27 ../transmitter_test_bsp/\libucosii_bsp.a(alt_tick.o)
 .comment       0x00000000       0x27 ../transmitter_test_bsp/\libucosii_bsp.a(altera_nios2_qsys_irq.o)
 .comment       0x00000000       0x27 ../transmitter_test_bsp/\libucosii_bsp.a(os_cpu_c.o)
 .comment       0x00000000       0x27 ../transmitter_test_bsp/\libucosii_bsp.a(altera_avalon_spi.o)
 .comment       0x00000000       0x27 ../transmitter_test_bsp/\libucosii_bsp.a(alt_find_dev.o)
 .comment       0x00000000       0x27 ../transmitter_test_bsp/\libucosii_bsp.a(alt_find_file.o)
 .comment       0x00000000       0x27 ../transmitter_test_bsp/\libucosii_bsp.a(alt_get_fd.o)
 .comment       0x00000000       0x27 ../transmitter_test_bsp/\libucosii_bsp.a(alt_icache_flush.o)
 .comment       0x00000000       0x27 c:/altera/12.1sp1/nios2eds/bin/gnu/h-i686-mingw32/bin/../lib/gcc/nios2-elf/4.1.2/../../../../nios2-elf/lib\libc.a(lib_a-atexit.o)
 .comment       0x00000000       0x27 c:/altera/12.1sp1/nios2eds/bin/gnu/h-i686-mingw32/bin/../lib/gcc/nios2-elf/4.1.2/../../../../nios2-elf/lib\libc.a(lib_a-exit.o)
 .comment       0x00000000       0x27 c:/altera/12.1sp1/nios2eds/bin/gnu/h-i686-mingw32/bin/../lib/gcc/nios2-elf/4.1.2/../../../../nios2-elf/lib\libc.a(lib_a-memcmp.o)
 .comment       0x00000000       0x27 c:/altera/12.1sp1/nios2eds/bin/gnu/h-i686-mingw32/bin/../lib/gcc/nios2-elf/4.1.2/../../../../nios2-elf/lib\libc.a(lib_a-__atexit.o)
 .comment       0x00000000       0x27 c:/altera/12.1sp1/nios2eds/bin/gnu/h-i686-mingw32/bin/../lib/gcc/nios2-elf/4.1.2/../../../../nios2-elf/lib\libc.a(lib_a-__call_atexit.o)
 .comment       0x00000000       0x27 c:/altera/12.1sp1/nios2eds/bin/gnu/h-i686-mingw32/bin/../lib/gcc/nios2-elf/4.1.2\libgcc.a(lib2-divmod.o)
 .comment       0x00000000       0x27 ../transmitter_test_bsp/\libucosii_bsp.a(alt_exit.o)

.debug
 *(.debug)

.line
 *(.line)

.debug_srcinfo
 *(.debug_srcinfo)

.debug_sfnames
 *(.debug_sfnames)

.debug_aranges  0x00000000      0xbb8
 *(.debug_aranges)
 .debug_aranges
                0x00000000       0x28 ../transmitter_test_bsp//obj/HAL/src/crt0.o
 .debug_aranges
                0x00000028       0x20 obj/default/transmitterInterface.o
 .debug_aranges
                0x00000048       0x20 obj/default/transmitter_test.o
 .debug_aranges
                0x00000068       0x20 c:/altera/12.1sp1/nios2eds/bin/gnu/h-i686-mingw32/bin/../lib/gcc/nios2-elf/4.1.2/../../../../nios2-elf/lib\libstdc++.a(class_type_info.o)
 .debug_aranges
                0x00000088       0x20 c:/altera/12.1sp1/nios2eds/bin/gnu/h-i686-mingw32/bin/../lib/gcc/nios2-elf/4.1.2/../../../../nios2-elf/lib\libstdc++.a(del_op.o)
 .debug_aranges
                0x000000a8       0x20 c:/altera/12.1sp1/nios2eds/bin/gnu/h-i686-mingw32/bin/../lib/gcc/nios2-elf/4.1.2/../../../../nios2-elf/lib\libstdc++.a(si_class_type_info.o)
 .debug_aranges
                0x000000c8       0x20 c:/altera/12.1sp1/nios2eds/bin/gnu/h-i686-mingw32/bin/../lib/gcc/nios2-elf/4.1.2/../../../../nios2-elf/lib\libstdc++.a(tinfo.o)
 .debug_aranges
                0x000000e8       0x20 c:/altera/12.1sp1/nios2eds/bin/gnu/h-i686-mingw32/bin/../lib/gcc/nios2-elf/4.1.2/../../../../nios2-elf/lib\libc.a(lib_a-malloc.o)
 .debug_aranges
                0x00000108       0x20 c:/altera/12.1sp1/nios2eds/bin/gnu/h-i686-mingw32/bin/../lib/gcc/nios2-elf/4.1.2/../../../../nios2-elf/lib\libc.a(lib_a-mallocr.o)
 .debug_aranges
                0x00000128       0x20 c:/altera/12.1sp1/nios2eds/bin/gnu/h-i686-mingw32/bin/../lib/gcc/nios2-elf/4.1.2/../../../../nios2-elf/lib\libc.a(lib_a-puts.o)
 .debug_aranges
                0x00000148       0x20 c:/altera/12.1sp1/nios2eds/bin/gnu/h-i686-mingw32/bin/../lib/gcc/nios2-elf/4.1.2/../../../../nios2-elf/lib\libc.a(lib_a-sbrkr.o)
 .debug_aranges
                0x00000168       0x20 c:/altera/12.1sp1/nios2eds/bin/gnu/h-i686-mingw32/bin/../lib/gcc/nios2-elf/4.1.2/../../../../nios2-elf/lib\libc.a(lib_a-strlen.o)
 .debug_aranges
                0x00000188       0x20 c:/altera/12.1sp1/nios2eds/bin/gnu/h-i686-mingw32/bin/../lib/gcc/nios2-elf/4.1.2/../../../../nios2-elf/lib\libc.a(lib_a-freer.o)
 .debug_aranges
                0x000001a8       0x20 c:/altera/12.1sp1/nios2eds/bin/gnu/h-i686-mingw32/bin/../lib/gcc/nios2-elf/4.1.2/../../../../nios2-elf/lib\libc.a(lib_a-fvwrite.o)
 .debug_aranges
                0x000001c8       0x20 c:/altera/12.1sp1/nios2eds/bin/gnu/h-i686-mingw32/bin/../lib/gcc/nios2-elf/4.1.2/../../../../nios2-elf/lib\libc.a(lib_a-memchr.o)
 .debug_aranges
                0x000001e8       0x20 c:/altera/12.1sp1/nios2eds/bin/gnu/h-i686-mingw32/bin/../lib/gcc/nios2-elf/4.1.2/../../../../nios2-elf/lib\libc.a(lib_a-memcpy.o)
 .debug_aranges
                0x00000208       0x20 c:/altera/12.1sp1/nios2eds/bin/gnu/h-i686-mingw32/bin/../lib/gcc/nios2-elf/4.1.2/../../../../nios2-elf/lib\libc.a(lib_a-memmove.o)
 .debug_aranges
                0x00000228       0x20 c:/altera/12.1sp1/nios2eds/bin/gnu/h-i686-mingw32/bin/../lib/gcc/nios2-elf/4.1.2/../../../../nios2-elf/lib\libc.a(lib_a-reallocr.o)
 .debug_aranges
                0x00000248       0x20 c:/altera/12.1sp1/nios2eds/bin/gnu/h-i686-mingw32/bin/../lib/gcc/nios2-elf/4.1.2/../../../../nios2-elf/lib\libc.a(lib_a-wsetup.o)
 .debug_aranges
                0x00000268       0x20 c:/altera/12.1sp1/nios2eds/bin/gnu/h-i686-mingw32/bin/../lib/gcc/nios2-elf/4.1.2/../../../../nios2-elf/lib\libc.a(lib_a-fflush.o)
 .debug_aranges
                0x00000288       0x20 c:/altera/12.1sp1/nios2eds/bin/gnu/h-i686-mingw32/bin/../lib/gcc/nios2-elf/4.1.2/../../../../nios2-elf/lib\libc.a(lib_a-findfp.o)
 .debug_aranges
                0x000002a8       0x20 c:/altera/12.1sp1/nios2eds/bin/gnu/h-i686-mingw32/bin/../lib/gcc/nios2-elf/4.1.2/../../../../nios2-elf/lib\libc.a(lib_a-fwalk.o)
 .debug_aranges
                0x000002c8       0x20 c:/altera/12.1sp1/nios2eds/bin/gnu/h-i686-mingw32/bin/../lib/gcc/nios2-elf/4.1.2/../../../../nios2-elf/lib\libc.a(lib_a-makebuf.o)
 .debug_aranges
                0x000002e8       0x20 c:/altera/12.1sp1/nios2eds/bin/gnu/h-i686-mingw32/bin/../lib/gcc/nios2-elf/4.1.2/../../../../nios2-elf/lib\libc.a(lib_a-memset.o)
 .debug_aranges
                0x00000308       0x20 c:/altera/12.1sp1/nios2eds/bin/gnu/h-i686-mingw32/bin/../lib/gcc/nios2-elf/4.1.2/../../../../nios2-elf/lib\libc.a(lib_a-stdio.o)
 .debug_aranges
                0x00000328       0x20 c:/altera/12.1sp1/nios2eds/bin/gnu/h-i686-mingw32/bin/../lib/gcc/nios2-elf/4.1.2/../../../../nios2-elf/lib\libc.a(lib_a-writer.o)
 .debug_aranges
                0x00000348       0x20 c:/altera/12.1sp1/nios2eds/bin/gnu/h-i686-mingw32/bin/../lib/gcc/nios2-elf/4.1.2/../../../../nios2-elf/lib\libc.a(lib_a-closer.o)
 .debug_aranges
                0x00000368       0x20 c:/altera/12.1sp1/nios2eds/bin/gnu/h-i686-mingw32/bin/../lib/gcc/nios2-elf/4.1.2/../../../../nios2-elf/lib\libc.a(lib_a-fclose.o)
 .debug_aranges
                0x00000388       0x20 c:/altera/12.1sp1/nios2eds/bin/gnu/h-i686-mingw32/bin/../lib/gcc/nios2-elf/4.1.2/../../../../nios2-elf/lib\libc.a(lib_a-fstatr.o)
 .debug_aranges
                0x000003a8       0x20 c:/altera/12.1sp1/nios2eds/bin/gnu/h-i686-mingw32/bin/../lib/gcc/nios2-elf/4.1.2/../../../../nios2-elf/lib\libc.a(lib_a-isattyr.o)
 .debug_aranges
                0x000003c8       0x20 c:/altera/12.1sp1/nios2eds/bin/gnu/h-i686-mingw32/bin/../lib/gcc/nios2-elf/4.1.2/../../../../nios2-elf/lib\libc.a(lib_a-lseekr.o)
 .debug_aranges
                0x000003e8       0x20 c:/altera/12.1sp1/nios2eds/bin/gnu/h-i686-mingw32/bin/../lib/gcc/nios2-elf/4.1.2/../../../../nios2-elf/lib\libc.a(lib_a-readr.o)
 .debug_aranges
                0x00000408       0x20 ../transmitter_test_bsp/\libucosii_bsp.a(alt_close.o)
 .debug_aranges
                0x00000428       0x20 ../transmitter_test_bsp/\libucosii_bsp.a(alt_dev.o)
 .debug_aranges
                0x00000448       0x20 ../transmitter_test_bsp/\libucosii_bsp.a(alt_fstat.o)
 .debug_aranges
                0x00000468       0x20 ../transmitter_test_bsp/\libucosii_bsp.a(alt_isatty.o)
 .debug_aranges
                0x00000488       0x20 ../transmitter_test_bsp/\libucosii_bsp.a(alt_load.o)
 .debug_aranges
                0x000004a8       0x20 ../transmitter_test_bsp/\libucosii_bsp.a(alt_lseek.o)
 .debug_aranges
                0x000004c8       0x20 ../transmitter_test_bsp/\libucosii_bsp.a(alt_main.o)
 .debug_aranges
                0x000004e8       0x20 ../transmitter_test_bsp/\libucosii_bsp.a(alt_read.o)
 .debug_aranges
                0x00000508       0x20 ../transmitter_test_bsp/\libucosii_bsp.a(alt_release_fd.o)
 .debug_aranges
                0x00000528       0x20 ../transmitter_test_bsp/\libucosii_bsp.a(alt_sbrk.o)
 .debug_aranges
                0x00000548       0x20 ../transmitter_test_bsp/\libucosii_bsp.a(alt_write.o)
 .debug_aranges
                0x00000568       0x20 ../transmitter_test_bsp/\libucosii_bsp.a(alt_env_lock.o)
 .debug_aranges
                0x00000588       0x20 ../transmitter_test_bsp/\libucosii_bsp.a(alt_malloc_lock.o)
 .debug_aranges
                0x000005a8       0x20 ../transmitter_test_bsp/\libucosii_bsp.a(os_core.o)
 .debug_aranges
                0x000005c8       0x20 ../transmitter_test_bsp/\libucosii_bsp.a(os_dbg.o)
 .debug_aranges
                0x000005e8       0x20 ../transmitter_test_bsp/\libucosii_bsp.a(os_flag.o)
 .debug_aranges
                0x00000608       0x20 ../transmitter_test_bsp/\libucosii_bsp.a(os_mem.o)
 .debug_aranges
                0x00000628       0x20 ../transmitter_test_bsp/\libucosii_bsp.a(os_q.o)