Archive member included because of file (symbol)

c:/altera/12.1sp1/nios2eds/bin/gnu/h-i686-mingw32/bin/../lib/gcc/nios2-elf/4.1.2/../../../../nios2-elf/lib/mno-hw-mul\libc.a(lib_a-printf.o)
                              obj/default/adc_test.o (printf)
c:/altera/12.1sp1/nios2eds/bin/gnu/h-i686-mingw32/bin/../lib/gcc/nios2-elf/4.1.2/../../../../nios2-elf/lib/mno-hw-mul\libc.a(lib_a-vfprintf.o)
                              c:/altera/12.1sp1/nios2eds/bin/gnu/h-i686-mingw32/bin/../lib/gcc/nios2-elf/4.1.2/../../../../nios2-elf/lib/mno-hw-mul\libc.a(lib_a-printf.o) (___vfprintf_internal_r)
c:/altera/12.1sp1/nios2eds/bin/gnu/h-i686-mingw32/bin/../lib/gcc/nios2-elf/4.1.2/../../../../nios2-elf/lib/mno-hw-mul\libc.a(lib_a-wsetup.o)
                              c:/altera/12.1sp1/nios2eds/bin/gnu/h-i686-mingw32/bin/../lib/gcc/nios2-elf/4.1.2/../../../../nios2-elf/lib/mno-hw-mul\libc.a(lib_a-vfprintf.o) (__swsetup_r)
c:/altera/12.1sp1/nios2eds/bin/gnu/h-i686-mingw32/bin/../lib/gcc/nios2-elf/4.1.2/../../../../nios2-elf/lib/mno-hw-mul\libc.a(lib_a-dtoa.o)
                              c:/altera/12.1sp1/nios2eds/bin/gnu/h-i686-mingw32/bin/../lib/gcc/nios2-elf/4.1.2/../../../../nios2-elf/lib/mno-hw-mul\libc.a(lib_a-vfprintf.o) (_dtoa_r)
c:/altera/12.1sp1/nios2eds/bin/gnu/h-i686-mingw32/bin/../lib/gcc/nios2-elf/4.1.2/../../../../nios2-elf/lib/mno-hw-mul\libc.a(lib_a-fflush.o)
                              c:/altera/12.1sp1/nios2eds/bin/gnu/h-i686-mingw32/bin/../lib/gcc/nios2-elf/4.1.2/../../../../nios2-elf/lib/mno-hw-mul\libc.a(lib_a-vfprintf.o) (_fflush_r)
c:/altera/12.1sp1/nios2eds/bin/gnu/h-i686-mingw32/bin/../lib/gcc/nios2-elf/4.1.2/../../../../nios2-elf/lib/mno-hw-mul\libc.a(lib_a-findfp.o)
                              c:/altera/12.1sp1/nios2eds/bin/gnu/h-i686-mingw32/bin/../lib/gcc/nios2-elf/4.1.2/../../../../nios2-elf/lib/mno-hw-mul\libc.a(lib_a-vfprintf.o) (__sinit)
c:/altera/12.1sp1/nios2eds/bin/gnu/h-i686-mingw32/bin/../lib/gcc/nios2-elf/4.1.2/../../../../nios2-elf/lib/mno-hw-mul\libc.a(lib_a-freer.o)
                              c:/altera/12.1sp1/nios2eds/bin/gnu/h-i686-mingw32/bin/../lib/gcc/nios2-elf/4.1.2/../../../../nios2-elf/lib/mno-hw-mul\libc.a(lib_a-wsetup.o) (_free_r)
c:/altera/12.1sp1/nios2eds/bin/gnu/h-i686-mingw32/bin/../lib/gcc/nios2-elf/4.1.2/../../../../nios2-elf/lib/mno-hw-mul\libc.a(lib_a-fvwrite.o)
                              c:/altera/12.1sp1/nios2eds/bin/gnu/h-i686-mingw32/bin/../lib/gcc/nios2-elf/4.1.2/../../../../nios2-elf/lib/mno-hw-mul\libc.a(lib_a-vfprintf.o) (__sfvwrite_r)
c:/altera/12.1sp1/nios2eds/bin/gnu/h-i686-mingw32/bin/../lib/gcc/nios2-elf/4.1.2/../../../../nios2-elf/lib/mno-hw-mul\libc.a(lib_a-fwalk.o)
                              c:/altera/12.1sp1/nios2eds/bin/gnu/h-i686-mingw32/bin/../lib/gcc/nios2-elf/4.1.2/../../../../nios2-elf/lib/mno-hw-mul\libc.a(lib_a-fflush.o) (_fwalk_reent)
c:/altera/12.1sp1/nios2eds/bin/gnu/h-i686-mingw32/bin/../lib/gcc/nios2-elf/4.1.2/../../../../nios2-elf/lib/mno-hw-mul\libc.a(lib_a-impure.o)
                              c:/altera/12.1sp1/nios2eds/bin/gnu/h-i686-mingw32/bin/../lib/gcc/nios2-elf/4.1.2/../../../../nios2-elf/lib/mno-hw-mul\libc.a(lib_a-printf.o) (_impure_ptr)
c:/altera/12.1sp1/nios2eds/bin/gnu/h-i686-mingw32/bin/../lib/gcc/nios2-elf/4.1.2/../../../../nios2-elf/lib/mno-hw-mul\libc.a(lib_a-locale.o)
                              c:/altera/12.1sp1/nios2eds/bin/gnu/h-i686-mingw32/bin/../lib/gcc/nios2-elf/4.1.2/../../../../nios2-elf/lib/mno-hw-mul\libc.a(lib_a-vfprintf.o) (_localeconv_r)
c:/altera/12.1sp1/nios2eds/bin/gnu/h-i686-mingw32/bin/../lib/gcc/nios2-elf/4.1.2/../../../../nios2-elf/lib/mno-hw-mul\libc.a(lib_a-makebuf.o)
                              c:/altera/12.1sp1/nios2eds/bin/gnu/h-i686-mingw32/bin/../lib/gcc/nios2-elf/4.1.2/../../../../nios2-elf/lib/mno-hw-mul\libc.a(lib_a-wsetup.o) (__smakebuf_r)
c:/altera/12.1sp1/nios2eds/bin/gnu/h-i686-mingw32/bin/../lib/gcc/nios2-elf/4.1.2/../../../../nios2-elf/lib/mno-hw-mul\libc.a(lib_a-mallocr.o)
                              c:/altera/12.1sp1/nios2eds/bin/gnu/h-i686-mingw32/bin/../lib/gcc/nios2-elf/4.1.2/../../../../nios2-elf/lib/mno-hw-mul\libc.a(lib_a-findfp.o) (_malloc_r)
c:/altera/12.1sp1/nios2eds/bin/gnu/h-i686-mingw32/bin/../lib/gcc/nios2-elf/4.1.2/../../../../nios2-elf/lib/mno-hw-mul\libc.a(lib_a-memchr.o)
                              c:/altera/12.1sp1/nios2eds/bin/gnu/h-i686-mingw32/bin/../lib/gcc/nios2-elf/4.1.2/../../../../nios2-elf/lib/mno-hw-mul\libc.a(lib_a-vfprintf.o) (memchr)
c:/altera/12.1sp1/nios2eds/bin/gnu/h-i686-mingw32/bin/../lib/gcc/nios2-elf/4.1.2/../../../../nios2-elf/lib/mno-hw-mul\libc.a(lib_a-memcpy.o)
                              c:/altera/12.1sp1/nios2eds/bin/gnu/h-i686-mingw32/bin/../lib/gcc/nios2-elf/4.1.2/../../../../nios2-elf/lib/mno-hw-mul\libc.a(lib_a-dtoa.o) (memcpy)
c:/altera/12.1sp1/nios2eds/bin/gnu/h-i686-mingw32/bin/../lib/gcc/nios2-elf/4.1.2/../../../../nios2-elf/lib/mno-hw-mul\libc.a(lib_a-memmove.o)
[...]
Memory Configuration

Name             Origin             Length             Attributes
reset            0x00800000         0x00000020
sdram_0          0x00800020         0x007fffe0
onchip_memory    0x01004000         0x00004000
*default*        0x00000000         0xffffffff

Linker script and memory map

LOAD ../adc_test_bsp//obj/HAL/src/crt0.o
LOAD obj/default/adc_test.o
LOAD c:/altera/12.1sp1/nios2eds/bin/gnu/h-i686-mingw32/bin/../lib/gcc/nios2-elf/4.1.2/../../../../nios2-elf/lib/mno-hw-mul\libstdc++.a
LOAD c:/altera/12.1sp1/nios2eds/bin/gnu/h-i686-mingw32/bin/../lib/gcc/nios2-elf/4.1.2/../../../../nios2-elf/lib/mno-hw-mul\libm.a
LOAD c:/altera/12.1sp1/nios2eds/bin/gnu/h-i686-mingw32/bin/../lib/gcc/nios2-elf/4.1.2/mno-hw-mul\libgcc.a
START GROUP
LOAD c:/altera/12.1sp1/nios2eds/bin/gnu/h-i686-mingw32/bin/../lib/gcc/nios2-elf/4.1.2/../../../../nios2-elf/lib/mno-hw-mul\libc.a
LOAD c:/altera/12.1sp1/nios2eds/bin/gnu/h-i686-mingw32/bin/../lib/gcc/nios2-elf/4.1.2/mno-hw-mul\libgcc.a
LOAD ../adc_test_bsp/\libucosii_bsp.a
END GROUP
LOAD c:/altera/12.1sp1/nios2eds/bin/gnu/h-i686-mingw32/bin/../lib/gcc/nios2-elf/4.1.2/mno-hw-mul\libgcc.a
                0x00800000                __alt_mem_sdram_0 = 0x800000
                0x01004000                __alt_mem_onchip_memory = 0x1004000

.entry          0x00800000       0x20
 *(.entry)
 .entry         0x00800000       0x20 ../adc_test_bsp//obj/HAL/src/crt0.o
                0x00800000                __reset

.exceptions     0x00800020      0x19c
                0x00800020                PROVIDE (__ram_exceptions_start, ABSOLUTE (.))
                0x00800020                . = ALIGN (0x20)
 *(.irq)
 *(.exceptions.entry.label)
 .exceptions.entry.label
                0x00800020        0x0 ../adc_test_bsp/\libucosii_bsp.a(alt_irq_entry.o)
                0x00800020                alt_irq_entry
 .exceptions.entry.label
                0x00800020        0x0 ../adc_test_bsp/\libucosii_bsp.a(alt_exception_entry.o)
                0x00800020                alt_exception
 *(.exceptions.entry.user)
 *(.exceptions.entry)
 .exceptions.entry
                0x00800020       0x54 ../adc_test_bsp/\libucosii_bsp.a(alt_exception_entry.o)
 *(.exceptions.irqtest.user)
 *(.exceptions.irqtest)
 .exceptions.irqtest
                0x00800074       0x10 ../adc_test_bsp/\libucosii_bsp.a(alt_irq_entry.o)
 *(.exceptions.irqhandler.user)
 *(.exceptions.irqhandler)
 .exceptions.irqhandler
                0x00800084        0x4 ../adc_test_bsp/\libucosii_bsp.a(alt_irq_entry.o)
 *(.exceptions.irqreturn.user)
 *(.exceptions.irqreturn)
 .exceptions.irqreturn
                0x00800088        0x4 ../adc_test_bsp/\libucosii_bsp.a(alt_irq_entry.o)
 *(.exceptions.notirq.label)
 .exceptions.notirq.label
                0x0080008c        0x0 ../adc_test_bsp/\libucosii_bsp.a(alt_irq_entry.o)
 *(.exceptions.notirq.user)
 *(.exceptions.notirq)
 .exceptions.notirq
                0x0080008c        0x8 ../adc_test_bsp/\libucosii_bsp.a(alt_exception_entry.o)
 *(.exceptions.soft.user)
 *(.exceptions.soft)
 *(.exceptions.unknown.user)
 *(.exceptions.unknown)
 .exceptions.unknown
                0x00800094        0x4 ../adc_test_bsp/\libucosii_bsp.a(alt_exception_entry.o)
 *(.exceptions.exit.label)
 .exceptions.exit.label
                0x00800098        0x0 ../adc_test_bsp/\libucosii_bsp.a(alt_irq_entry.o)
 .exceptions.exit.label
                0x00800098        0x0 ../adc_test_bsp/\libucosii_bsp.a(alt_exception_entry.o)
 *(.exceptions.exit.user)
 *(.exceptions.exit)
 .exceptions.exit
                0x00800098       0x54 ../adc_test_bsp/\libucosii_bsp.a(alt_exception_entry.o)
 *(.exceptions)
 .exceptions    0x008000ec       0xd0 ../adc_test_bsp/\libucosii_bsp.a(alt_irq_handler.o)
                0x008000ec                alt_irq_handler
                0x008001bc                PROVIDE (__ram_exceptions_end, ABSOLUTE (.))
                0x00800020                PROVIDE (__flash_exceptions_start, LOADADDR (.exceptions))

.text           0x008001bc    0x15444
                0x008001bc                PROVIDE (stext, ABSOLUTE (.))
 *(.interp)
 *(.hash)
 *(.dynsym)
 *(.dynstr)
 *(.gnu.version)
 *(.gnu.version_d)
 *(.gnu.version_r)
 *(.rel.init)
 *(.rela.init)
 *(.rel.text .rel.text.* .rel.gnu.linkonce.t.*)
 *(.rela.text .rela.text.* .rela.gnu.linkonce.t.*)
 *(.rel.fini)
 *(.rela.fini)
 *(.rel.rodata .rel.rodata.* .rel.gnu.linkonce.r.*)
 *(.rela.rodata .rela.rodata.* .rela.gnu.linkonce.r.*)
 *(.rel.data .rel.data.* .rel.gnu.linkonce.d.*)
 *(.rela.data .rela.data.* .rela.gnu.linkonce.d.*)
 *(.rel.tdata .rel.tdata.* .rel.gnu.linkonce.td.*)
 *(.rela.tdata .rela.tdata.* .rela.gnu.linkonce.td.*)
 *(.rel.tbss .rel.tbss.* .rel.gnu.linkonce.tb.*)
 *(.rela.tbss .rela.tbss.* .rela.gnu.linkonce.tb.*)
 *(.rel.ctors)
 *(.rela.ctors)
 *(.rel.dtors)
 *(.rela.dtors)
 *(.rel.got)
 *(.rela.got)
 *(.rel.sdata .rel.sdata.* .rel.gnu.linkonce.s.*)
 *(.rela.sdata .rela.sdata.* .rela.gnu.linkonce.s.*)
 *(.rel.sbss .rel.sbss.* .rel.gnu.linkonce.sb.*)
 *(.rela.sbss .rela.sbss.* .rela.gnu.linkonce.sb.*)
 *(.rel.sdata2 .rel.sdata2.* .rel.gnu.linkonce.s2.*)
 *(.rela.sdata2 .rela.sdata2.* .rela.gnu.linkonce.s2.*)
 *(.rel.sbss2 .rel.sbss2.* .rel.gnu.linkonce.sb2.*)
 *(.rela.sbss2 .rela.sbss2.* .rela.gnu.linkonce.sb2.*)
 *(.rel.bss .rel.bss.* .rel.gnu.linkonce.b.*)
 *(.rela.bss .rela.bss.* .rela.gnu.linkonce.b.*)
 *(.rel.plt)
 *(.rela.plt)
 *(.rel.dyn)
 *(.init)
 *(.plt)
 *(.text .stub .text.* .gnu.linkonce.t.*)
 .text          0x008001bc       0x3c ../adc_test_bsp//obj/HAL/src/crt0.o
                0x008001bc                _start
 .text          0x008001f8       0xc0 obj/default/adc_test.o
                0x008001f8                main
 .text          0x008002b8       0x78 c:/altera/12.1sp1/nios2eds/bin/gnu/h-i686-mingw32/bin/../lib/gcc/nios2-elf/4.1.2/../../../../nios2-elf/lib/mno-hw-mul\libc.a(lib_a-printf.o)
                0x008002b8                printf
                0x008002fc                _printf_r
 .text          0x00800330     0x1f40 c:/altera/12.1sp1/nios2eds/bin/gnu/h-i686-mingw32/bin/../lib/gcc/nios2-elf/4.1.2/../../../../nios2-elf/lib/mno-hw-mul\libc.a(lib_a-vfprintf.o)
                0x00800388                ___vfprintf_internal_r
                0x0080224c                __vfprintf_internal
 .text          0x00802270      0x13c c:/altera/12.1sp1/nios2eds/bin/gnu/h-i686-mingw32/bin/../lib/gcc/nios2-elf/4.1.2/../../../../nios2-elf/lib/mno-hw-mul\libc.a(lib_a-wsetup.o)
                0x00802270                __swsetup_r
 .text          0x008023ac     0x17f8 c:/altera/12.1sp1/nios2eds/bin/gnu/h-i686-mingw32/bin/../lib/gcc/nios2-elf/4.1.2/../../../../nios2-elf/lib/mno-hw-mul\libc.a(lib_a-dtoa.o)
                0x008025f0                _dtoa_r
 .text          0x00803ba4      0x230 c:/altera/12.1sp1/nios2eds/bin/gnu/h-i686-mingw32/bin/../lib/gcc/nios2-elf/4.1.2/../../../../nios2-elf/lib/mno-hw-mul\libc.a(lib_a-fflush.o)
                0x00803ba4                _fflush_r
                0x00803da0                fflush
 .text          0x00803dd4      0x2f4 c:/altera/12.1sp1/nios2eds/bin/gnu/h-i686-mingw32/bin/../lib/gcc/nios2-elf/4.1.2/../../../../nios2-elf/lib/mno-hw-mul\libc.a(lib_a-findfp.o)
                0x00803e2c                __sfp_lock_acquire
                0x00803e30                __sfp_lock_release
                0x00803e34                __sinit_lock_acquire
                0x00803e38                __sinit_lock_release
                0x00803e3c                __sinit
                0x00803ef0                __fp_unlock_all
                0x00803f08                __fp_lock_all
                0x00803f20                _cleanup_r
                0x00803f2c                _cleanup
                0x00803f3c                __sfmoreglue
                0x00803fd8                __sfp
 .text          0x008040c8      0x440 c:/altera/12.1sp1/nios2eds/bin/gnu/h-i686-mingw32/bin/../lib/gcc/nios2-elf/4.1.2/../../../../nios2-elf/lib/mno-hw-mul\libc.a(lib_a-freer.o)
                0x008040c8                _malloc_trim_r
                0x008041f4                _free_r
 .text          0x00804508      0x49c c:/altera/12.1sp1/nios2eds/bin/gnu/h-i686-mingw32/bin/../lib/gcc/nios2-elf/4.1.2/../../../../nios2-elf/lib/mno-hw-mul\libc.a(lib_a-fvwrite.o)
                0x00804508                __sfvwrite_r
 .text          0x008049a4      0x180 c:/altera/12.1sp1/nios2eds/bin/gnu/h-i686-mingw32/bin/../lib/gcc/nios2-elf/4.1.2/../../../../nios2-elf/lib/mno-hw-mul\libc.a(lib_a-fwalk.o)
                0x008049a4                _fwalk_reent
                0x00804a6c                _fwalk
 .text          0x00804b24        0x0 c:/altera/12.1sp1/nios2eds/bin/gnu/h-i686-mingw32/bin/../lib/gcc/nios2-elf/4.1.2/../../../../nios2-elf/lib/mno-hw-mul\libc.a(lib_a-impure.o)
 .text          0x00804b24       0xc4 c:/altera/12.1sp1/nios2eds/bin/gnu/h-i686-mingw32/bin/../lib/gcc/nios2-elf/4.1.2/../../../../nios2-elf/lib/mno-hw-mul\libc.a(lib_a-locale.o)
                0x00804b24                __locale_charset
                0x00804b2c                _localeconv_r
                0x00804b38                localeconv
                0x00804b48                _setlocale_r
                0x00804bcc                setlocale
 .text          0x00804be8      0x194 c:/altera/12.1sp1/nios2eds/bin/gnu/h-i686-mingw32/bin/../lib/gcc/nios2-elf/4.1.2/../../../../nios2-elf/lib/mno-hw-mul\libc.a(lib_a-makebuf.o)
                0x00804be8                __smakebuf_r
 .text          0x00804d7c      0x740 c:/altera/12.1sp1/nios2eds/bin/gnu/h-i686-mingw32/bin/../lib/gcc/nios2-elf/4.1.2/../../../../nios2-elf/lib/mno-hw-mul\libc.a(lib_a-mallocr.o)
                0x00804d7c                _malloc_r
 .text          0x008054bc       0xe4 c:/altera/12.1sp1/nios2eds/bin/gnu/h-i686-mingw32/bin/../lib/gcc/nios2-elf/4.1.2/../../../../nios2-elf/lib/mno-hw-mul\libc.a(lib_a-memchr.o)
                0x008054bc                memchr
 .text          0x008055a0       0xa0 c:/altera/12.1sp1/nios2eds/bin/gnu/h-i686-mingw32/bin/../lib/gcc/nios2-elf/4.1.2/../../../../nios2-elf/lib/mno-hw-mul\libc.a(lib_a-memcpy.o)
                0x008055a0                memcpy
 .text          0x00805640       0xe0 c:/altera/12.1sp1/nios2eds/bin/gnu/h-i686-mingw32/bin/../lib/gcc/nios2-elf/4.1.2/../../../../nios2-elf/lib/mno-hw-mul\libc.a(lib_a-memmove.o)
                0x00805640                memmove
 .text          0x00805720       0x98 c:/altera/12.1sp1/nios2eds/bin/gnu/h-i686-mingw32/bin/../lib/gcc/nios2-elf/4.1.2/../../../../nios2-elf/lib/mno-hw-mul\libc.a(lib_a-memset.o)
                0x00805720                memset
 .text          0x008057b8     0x108c c:/altera/12.1sp1/nios2eds/bin/gnu/h-i686-mingw32/bin/../lib/gcc/nios2-elf/4.1.2/../../../../nios2-elf/lib/mno-hw-mul\libc.a(lib_a-mprec.o)
                0x008057b8                _Bfree
                0x008057e0                __hi0bits
                0x00805850                __lo0bits
                0x00805914                __mcmp
                0x00805974                __ulp
                0x008059f4                __b2d
                0x00805b14                __ratio
                0x00805bc4                _mprec_log10
                0x00805c58                __copybits
                0x00805cb0                __any_on
                0x00805d38                _Balloc
                0x00805df4                __d2b
                0x00805f70                __mdiff
                0x008060fc                __lshift
                0x00806248                __multiply
                0x0080649c                __i2b
                0x008064d8                __multadd
                0x00806604                __pow5mult
                0x00806724                __s2b
 .text          0x00806844      0x5f4 c:/altera/12.1sp1/nios2eds/bin/gnu/h-i686-mingw32/bin/../lib/gcc/nios2-elf/4.1.2/../../../../nios2-elf/lib/mno-hw-mul\libc.a(lib_a-reallocr.o)
                0x00806844                _realloc_r
 .text          0x00806e38       0x40 c:/altera/12.1sp1/nios2eds/bin/gnu/h-i686-mingw32/bin/../lib/gcc/nios2-elf/4.1.2/../../../../nios2-elf/lib/mno-hw-mul\libc.a(lib_a-s_isinfd.o)
                0x00806e38                __isinfd
 .text          0x00806e78       0x30 c:/altera/12.1sp1/nios2eds/bin/gnu/h-i686-mingw32/bin/../lib/gcc/nios2-elf/4.1.2/../../../../nios2-elf/lib/mno-hw-mul\libc.a(lib_a-s_isnand.o)
                0x00806e78                __isnand
 .text          0x00806ea8       0x70 c:/altera/12.1sp1/nios2eds/bin/gnu/h-i686-mingw32/bin/../lib/gcc/nios2-elf/4.1.2/../../../../nios2-elf/lib/mno-hw-mul\libc.a(lib_a-sbrkr.o)
                0x00806ea8                _sbrk_r
 .text          0x00806f18      0x14c c:/altera/12.1sp1/nios2eds/bin/gnu/h-i686-mingw32/bin/../lib/gcc/nios2-elf/4.1.2/../../../../nios2-elf/lib/mno-hw-mul\libc.a(lib_a-stdio.o)
                0x00806f18                __sclose
                0x00806f20                __sseek
                0x00806f88                __swrite
                0x00807004                __sread
 .text          0x00807064       0xbc c:/altera/12.1sp1/nios2eds/bin/gnu/h-i686-mingw32/bin/../lib/gcc/nios2-elf/4.1.2/../../../../nios2-elf/lib/mno-hw-mul\libc.a(lib_a-strcmp.o)
                0x00807064                strcmp
 .text          0x00807120       0x74 c:/altera/12.1sp1/nios2eds/bin/gnu/h-i686-mingw32/bin/../lib/gcc/nios2-elf/4.1.2/../../../../nios2-elf/lib/mno-hw-mul\libc.a(lib_a-strlen.o)
                0x00807120                strlen
 .text          0x00807194       0x78 c:/altera/12.1sp1/nios2eds/bin/gnu/h-i686-mingw32/bin/../lib/gcc/nios2-elf/4.1.2/../../../../nios2-elf/lib/mno-hw-mul\libc.a(lib_a-writer.o)
                0x00807194                _write_r
 .text          0x0080720c       0xc8 c:/altera/12.1sp1/nios2eds/bin/gnu/h-i686-mingw32/bin/../lib/gcc/nios2-elf/4.1.2/../../../../nios2-elf/lib/mno-hw-mul\libc.a(lib_a-callocr.o)
                0x0080720c                _calloc_r
 .text          0x008072d4       0x70 c:/altera/12.1sp1/nios2eds/bin/gnu/h-i686-mingw32/bin/../lib/gcc/nios2-elf/4.1.2/../../../../nios2-elf/lib/mno-hw-mul\libc.a(lib_a-closer.o)
                0x008072d4                _close_r
 .text          0x00807344      0x124 c:/altera/12.1sp1/nios2eds/bin/gnu/h-i686-mingw32/bin/../lib/gcc/nios2-elf/4.1.2/../../../../nios2-elf/lib/mno-hw-mul\libc.a(lib_a-fclose.o)
                0x00807344                _fclose_r
                0x00807454                fclose
 .text          0x00807468       0x74 c:/altera/12.1sp1/nios2eds/bin/gnu/h-i686-mingw32/bin/../lib/gcc/nios2-elf/4.1.2/../../../../nios2-elf/lib/mno-hw-mul\libc.a(lib_a-fstatr.o)
                0x00807468                _fstat_r
 .text          0x008074dc        0x0 c:/altera/12.1sp1/nios2eds/bin/gnu/h-i686-mingw32/bin/../lib/gcc/nios2-elf/4.1.2/../../../../nios2-elf/lib/mno-hw-mul\libc.a(lib_a-int_errno.o)
 .text          0x008074dc       0x70 c:/altera/12.1sp1/nios2eds/bin/gnu/h-i686-mingw32/bin/../lib/gcc/nios2-elf/4.1.2/../../../../nios2-elf/lib/mno-hw-mul\libc.a(lib_a-isattyr.o)
                0x008074dc                _isatty_r
 .text          0x0080754c       0x78 c:/altera/12.1sp1/nios2eds/bin/gnu/h-i686-mingw32/bin/../lib/gcc/nios2-elf/4.1.2/../../../../nios2-elf/lib/mno-hw-mul\libc.a(lib_a-lseekr.o)
                0x0080754c                _lseek_r
 .text          0x008075c4       0x78 c:/altera/12.1sp1/nios2eds/bin/gnu/h-i686-mingw32/bin/../lib/gcc/nios2-elf/4.1.2/../../../../nios2-elf/lib/mno-hw-mul\libc.a(lib_a-readr.o)
                0x008075c4                _read_r
 .text          0x0080763c      0x66c c:/altera/12.1sp1/nios2eds/bin/gnu/h-i686-mingw32/bin/../lib/gcc/nios2-elf/4.1.2/mno-hw-mul\libgcc.a(_udivdi3.o)
                0x0080763c                __udivdi3
 .text          0x00807ca8      0x660 c:/altera/12.1sp1/nios2eds/bin/gnu/h-i686-mingw32/bin/../lib/gcc/nios2-elf/4.1.2/mno-hw-mul\libgcc.a(_umoddi3.o)
                0x00807ca8                __umoddi3
 .text          0x00808308      0x504 c:/altera/12.1sp1/nios2eds/bin/gnu/h-i686-mingw32/bin/../lib/gcc/nios2-elf/4.1.2/mno-hw-mul\libgcc.a(_addsub_df.o)
                0x00808718                __subdf3
                0x00808798                __adddf3
 .text          0x0080880c      0x3c4 c:/altera/12.1sp1/nios2eds/bin/gnu/h-i686-mingw32/bin/../lib/gcc/nios2-elf/4.1.2/mno-hw-mul\libgcc.a(_mul_df.o)
                0x0080880c                __muldf3
 .text          0x00808bd0      0x258 c:/altera/12.1sp1/nios2eds/bin/gnu/h-i686-mingw32/bin/../lib/gcc/nios2-elf/4.1.2/mno-hw-mul\libgcc.a(_div_df.o)
                0x00808bd0                __divdf3
 .text          0x00808e28       0x88 c:/altera/12.1sp1/nios2eds/bin/gnu/h-i686-mingw32/bin/../lib/gcc/nios2-elf/4.1.2/mno-hw-mul\libgcc.a(_eq_df.o)
                0x00808e28                __eqdf2
 .text          0x00808eb0       0x88 c:/altera/12.1sp1/nios2eds/bin/gnu/h-i686-mingw32/bin/../lib/gcc/nios2-elf/4.1.2/mno-hw-mul\libgcc.a(_ne_df.o)
                0x00808eb0                __nedf2
 .text          0x00808f38       0x88 c:/altera/12.1sp1/nios2eds/bin/gnu/h-i686-mingw32/bin/../lib/gcc/nios2-elf/4.1.2/mno-hw-mul\libgcc.a(_gt_df.o)
                0x00808f38                __gtdf2
 .text          0x00808fc0       0x88 c:/altera/12.1sp1/nios2eds/bin/gnu/h-i686-mingw32/bin/../lib/gcc/nios2-elf/4.1.2/mno-hw-mul\libgcc.a(_ge_df.o)
                0x00808fc0                __gedf2
 .text          0x00809048       0x88 c:/altera/12.1sp1/nios2eds/bin/gnu/h-i686-mingw32/bin/../lib/gcc/nios2-elf/4.1.2/mno-hw-mul\libgcc.a(_lt_df.o)
                0x00809048                __ltdf2
 .text          0x008090d0       0xf8 c:/altera/12.1sp1/nios2eds/bin/gnu/h-i686-mingw32/bin/../lib/gcc/nios2-elf/4.1.2/mno-hw-mul\libgcc.a(_si_to_df.o)
                0x008090d0                __floatsidf
 .text          0x008091c8       0xd8 c:/altera/12.1sp1/nios2eds/bin/gnu/h-i686-mingw32/bin/../lib/gcc/nios2-elf/4.1.2/mno-hw-mul\libgcc.a(_df_to_si.o)
                0x008091c8                __fixdfsi
 .text          0x008092a0        0x0 c:/altera/12.1sp1/nios2eds/bin/gnu/h-i686-mingw32/bin/../lib/gcc/nios2-elf/4.1.2/mno-hw-mul\libgcc.a(_thenan_df.o)
 .text          0x008092a0      0x194 c:/altera/12.1sp1/nios2eds/bin/gnu/h-i686-mingw32/bin/../lib/gcc/nios2-elf/4.1.2/mno-hw-mul\libgcc.a(_usi_to_df.o)
                0x008092a0                __floatunsidf
 .text          0x00809434      0x14c c:/altera/12.1sp1/nios2eds/bin/gnu/h-i686-mingw32/bin/../lib/gcc/nios2-elf/4.1.2/mno-hw-mul\libgcc.a(lib2-divmod.o)
                0x008094b0                __divsi3
                0x00809510                __modsi3
                0x00809570                __udivsi3
                0x00809578                __umodsi3
 .text          0x00809580       0x38 c:/altera/12.1sp1/nios2eds/bin/gnu/h-i686-mingw32/bin/../lib/gcc/nios2-elf/4.1.2/mno-hw-mul\libgcc.a(lib2-mul.o)
                0x00809580                __mulsi3
 .text          0x008095b8      0x124 c:/altera/12.1sp1/nios2eds/bin/gnu/h-i686-mingw32/bin/../lib/gcc/nios2-elf/4.1.2/mno-hw-mul\libgcc.a(_muldi3.o)
                0x008095b8                __muldi3
 .text          0x008096dc        0x0 c:/altera/12.1sp1/nios2eds/bin/gnu/h-i686-mingw32/bin/../lib/gcc/nios2-elf/4.1.2/mno-hw-mul\libgcc.a(_clz.o)
 .text          0x008096dc       0x80 c:/altera/12.1sp1/nios2eds/bin/gnu/h-i686-mingw32/bin/../lib/gcc/nios2-elf/4.1.2/mno-hw-mul\libgcc.a(_clzsi2.o)
                0x008096dc                __clzsi2
 .text          0x0080975c      0x314 c:/altera/12.1sp1/nios2eds/bin/gnu/h-i686-mingw32/bin/../lib/gcc/nios2-elf/4.1.2/mno-hw-mul\libgcc.a(_pack_df.o)
                0x0080975c                __pack_d
 .text          0x00809a70      0x138 c:/altera/12.1sp1/nios2eds/bin/gnu/h-i686-mingw32/bin/../lib/gcc/nios2-elf/4.1.2/mno-hw-mul\libgcc.a(_unpack_df.o)
                0x00809a70                __unpack_d
 .text          0x00809ba8       0xc8 c:/altera/12.1sp1/nios2eds/bin/gnu/h-i686-mingw32/bin/../lib/gcc/nios2-elf/4.1.2/mno-hw-mul\libgcc.a(_fpcmp_parts_df.o)
                0x00809ba8                __fpcmp_parts_d
 .text          0x00809c70      0x160 ../adc_test_bsp/\libucosii_bsp.a(alt_close.o)
                0x00809c70                close
 .text          0x00809dd0       0x2c ../adc_test_bsp/\libucosii_bsp.a(alt_dev.o)
 .text          0x00809dfc        0x0 ../adc_test_bsp/\libucosii_bsp.a(alt_errno.o)
 .text          0x00809dfc      0x138 ../adc_test_bsp/\libucosii_bsp.a(alt_fstat.o)
                0x00809dfc                fstat
 .text          0x00809f34      0x124 ../adc_test_bsp/\libucosii_bsp.a(alt_isatty.o)
                0x00809f34                isatty
 .text          0x0080a058       0xec ../adc_test_bsp/\libucosii_bsp.a(alt_load.o)
                0x0080a058                alt_load
 .text          0x0080a144      0x154 ../adc_test_bsp/\libucosii_bsp.a(alt_lseek.o)
                0x0080a144                lseek
 .text          0x0080a298       0xc8 ../adc_test_bsp/\libucosii_bsp.a(alt_main.o)
                0x0080a298                alt_main
 .text          0x0080a360      0x184 ../adc_test_bsp/\libucosii_bsp.a(alt_read.o)
                0x0080a360                read
 .text          0x0080a4e4       0x78 ../adc_test_bsp/\libucosii_bsp.a(alt_release_fd.o)
                0x0080a4e4                alt_release_fd
 .text          0x0080a55c       0xbc ../adc_test_bsp/\libucosii_bsp.a(alt_sbrk.o)
                0x0080a55c                sbrk
 .text          0x0080a618      0x184 ../adc_test_bsp/\libucosii_bsp.a(alt_write.o)
                0x0080a618                write
 .text          0x0080a79c      0x108 ../adc_test_bsp/\libucosii_bsp.a(alt_env_lock.o)
                0x0080a79c                __env_lock
                0x0080a848                __env_unlock
 .text          0x0080a8a4      0x1d8 ../adc_test_bsp/\libucosii_bsp.a(alt_malloc_lock.o)
                0x0080a8a4                __malloc_lock
                0x0080a9ac                __malloc_unlock
 .text          0x0080aa7c     0x2128 ../adc_test_bsp/\libucosii_bsp.a(os_core.o)
                0x0080aa7c                OSEventNameGet
                0x0080abac                OSEventNameSet
                0x0080acf0                OSEventPendMulti
                0x0080b3a4                OSInit
                0x0080b3f8                OSIntEnter
                0x0080b474                OSIntExit
                0x0080b574                OSSchedLock
                0x0080b600                OSSchedUnlock
                0x0080b6e4                OSStart
                0x0080b754                OSStatInit
                0x0080b800                OSTimeTick
                0x0080ba40                OSVersion
                0x0080ba60                OS_Dummy
                0x0080ba7c                OS_EventTaskRdy
                0x0080bc10                OS_EventTaskWait
                0x0080bd20                OS_EventTaskWaitMulti
                0x0080be74                OS_EventTaskRemove
                0x0080bf2c                OS_EventTaskRemoveMulti
                0x0080c030                OS_EventWaitListInit
                0x0080c3fc                OS_MemClr
                0x0080c450                OS_MemCopy
                0x0080c4bc                OS_Sched
                0x0080c600                OS_StrCopy
                0x0080c680                OS_StrLen
                0x0080c6d8                OS_TaskIdle
                0x0080c734                OS_TaskStat
                0x0080c7fc                OS_TaskStatStkChk
                0x0080c8c4                OS_TCBInit
 .text          0x0080cba4      0x18c ../adc_test_bsp/\libucosii_bsp.a(os_dbg.o)
                0x0080cba4                OSDebugInit
 .text          0x0080cd30     0x193c ../adc_test_bsp/\libucosii_bsp.a(os_flag.o)
                0x0080cd30                OSFlagAccept
                0x0080d064                OSFlagCreate
                0x0080d1a0                OSFlagDel
                0x0080d448                OSFlagNameGet
                0x0080d58c                OSFlagNameSet
                0x0080d6e0                OSFlagPend
                0x0080dd24                OSFlagPendGetFlagsRdy
                0x0080dd8c                OSFlagPost
                0x0080e134                OSFlagQuery
                0x0080e3cc                OS_FlagInit
                0x0080e5c0                OS_FlagUnlink
 .text          0x0080e66c      0x80c ../adc_test_bsp/\libucosii_bsp.a(os_mem.o)
                0x0080e66c                OSMemCreate
                0x0080e888                OSMemGet
                0x0080e98c                OSMemNameGet
                0x0080ea98                OSMemNameSet
                0x0080ebb8                OSMemPut
                0x0080eca8                OSMemQuery
                0x0080eda4                OS_MemInit
 .text          0x0080ee78     0x1334 ../adc_test_bsp/\libucosii_bsp.a(os_q.o)
                0x0080ee78                OSQAccept
                0x0080efcc                OSQCreate
                0x0080f1e0                OSQDel
                0x0080f4e0                OSQFlush
                0x0080f5a8                OSQPend
                0x0080f8c8                OSQPendAbort
                0x0080fa44                OSQPost
                0x0080fbc4                OSQPostFront
                0x0080fd4c                OSQPostOpt
                0x0080ff80                OSQQuery
                0x00810100                OS_QInit
 .text          0x008101ac      0xbc8 ../adc_test_bsp/\libucosii_bsp.a(os_sem.o)
                0x008101ac                OSSemAccept
                0x0081026c                OSSemCreate
                0x00810380                OSSemDel
                0x00810620                OSSemPend
                0x0081089c                OSSemPendAbort
                0x00810a18                OSSemPost
                0x00810b40                OSSemQuery
                0x00810c70                OSSemSet
 .text          0x00810d74     0x1a40 ../adc_test_bsp/\libucosii_bsp.a(os_task.o)
                0x00810d74                OSTaskChangePrio
                0x008112e8                OSTaskCreate
                0x008114bc                OSTaskCreateExt
                0x008116bc                OSTaskDel
                0x00811ac8                OSTaskDelReq
                0x00811c38                OSTaskNameGet
                0x00811df0                OSTaskNameSet
                0x00811fb4                OSTaskResume
                0x008121cc                OSTaskStkChk
                0x008123c8                OSTaskSuspend
                0x008125f4                OSTaskQuery
                0x00812738                OS_TaskStkClr
 .text          0x008127b4      0x5b4 ../adc_test_bsp/\libucosii_bsp.a(os_time.o)
                0x008127b4                OSTimeDly
                0x00812900                OSTimeDlyHMSM
                0x00812a90                OSTimeDlyResume
                0x00812ca0                OSTimeGet
                0x00812d04                OSTimeSet
 .text          0x00812d68       0xd4 ../adc_test_bsp/\libucosii_bsp.a(alt_sys_init.o)
                0x00812d68                alt_irq_init
                0x00812d9c                alt_sys_init
 .text          0x00812e3c      0x148 ../adc_test_bsp/\libucosii_bsp.a(altera_avalon_jtag_uart_fd.o)
                0x00812e3c                altera_avalon_jtag_uart_read_fd
                0x00812e94                altera_avalon_jtag_uart_write_fd
                0x00812eec                altera_avalon_jtag_uart_close_fd
                0x00812f34                altera_avalon_jtag_uart_ioctl_fd
 .text          0x00812f84      0x584 ../adc_test_bsp/\libucosii_bsp.a(altera_avalon_jtag_uart_init.o)
                0x00812f84                altera_avalon_jtag_uart_init
                0x00813494                altera_avalon_jtag_uart_close
 .text          0x00813508       0xf4 ../adc_test_bsp/\libucosii_bsp.a(altera_avalon_jtag_uart_ioctl.o)
                0x00813508                altera_avalon_jtag_uart_ioctl
 .text          0x008135fc      0x2c0 ../adc_test_bsp/\libucosii_bsp.a(altera_avalon_jtag_uart_read.o)
                0x008135fc                altera_avalon_jtag_uart_read
 .text          0x008138bc      0x2dc ../adc_test_bsp/\libucosii_bsp.a(altera_avalon_jtag_uart_write.o)
                0x008138bc                altera_avalon_jtag_uart_write
 .text          0x00813b98      0x100 ../adc_test_bsp/\libucosii_bsp.a(altera_avalon_timer_sc.o)
                0x00813c08                alt_avalon_timer_sc_init
 .text          0x00813c98      0x180 ../adc_test_bsp/\libucosii_bsp.a(altera_up_avalon_de0_nano_adc.o)
                0x00813c98                alt_up_de0_nano_adc_open_dev
                0x00813cd8                alt_up_de0_nano_adc_read
 .text          0x00813e18      0x154 ../adc_test_bsp/\libucosii_bsp.a(alt_alarm_start.o)
                0x00813e18                alt_alarm_start
 .text          0x00813f6c       0x1c ../adc_test_bsp/\libucosii_bsp.a(alt_dcache_flush_all.o)
                0x00813f6c                alt_dcache_flush_all
 .text          0x00813f88      0x114 ../adc_test_bsp/\libucosii_bsp.a(alt_dev_llist_insert.o)
                0x00813f88                alt_dev_llist_insert
 .text          0x0081409c       0x64 ../adc_test_bsp/\libucosii_bsp.a(alt_do_ctors.o)
                0x0081409c                _do_ctors
 .text          0x00814100       0x64 ../adc_test_bsp/\libucosii_bsp.a(alt_do_dtors.o)
                0x00814100                _do_dtors
 .text          0x00814164       0x94 ../adc_test_bsp/\libucosii_bsp.a(alt_find_dev.o)
                0x00814164                alt_find_dev
 .text          0x008141f8       0x1c ../adc_test_bsp/\libucosii_bsp.a(alt_icache_flush_all.o)
                0x008141f8                alt_icache_flush_all
 .text          0x00814214      0x1d4 ../adc_test_bsp/\libucosii_bsp.a(alt_iic.o)
                0x00814214                alt_ic_isr_register
                0x00814264                alt_ic_irq_enable
                0x00814300                alt_ic_irq_disable
                0x008143a0                alt_ic_irq_enabled
 .text          0x008143e8       0xf8 ../adc_test_bsp/\libucosii_bsp.a(alt_iic_isr_register.o)
                0x008143e8                alt_iic_isr_register
 .text          0x008144e0      0x150 ../adc_test_bsp/\libucosii_bsp.a(alt_io_redirect.o)
                0x008145b8                alt_io_redirect
 .text          0x00814630        0x0 ../adc_test_bsp/\libucosii_bsp.a(alt_irq_entry.o)
 .text          0x00814630        0x0 ../adc_test_bsp/\libucosii_bsp.a(alt_irq_handler.o)
 .text          0x00814630        0x0 ../adc_test_bsp/\libucosii_bsp.a(alt_irq_vars.o)
 .text          0x00814630      0x2e4 ../adc_test_bsp/\libucosii_bsp.a(alt_open.o)
                0x00814728                open
 .text          0x00814914      0x1a8 ../adc_test_bsp/\libucosii_bsp.a(alt_tick.o)
                0x00814914                alt_alarm_stop
                0x008149ac                alt_tick
 .text          0x00814abc       0x20 ../adc_test_bsp/\libucosii_bsp.a(altera_nios2_qsys_irq.o)
                0x00814abc                altera_nios2_qsys_irq_init
 .text          0x00814adc       0xd0 ../adc_test_bsp/\libucosii_bsp.a(os_cpu_a.o)
                0x00814adc                OSCtxSw
                0x00814adc                OSIntCtxSw
                0x00814b68                OSStartHighRdy
                0x00814b88                OSStartTsk
 .text          0x00814bac      0x418 ../adc_test_bsp/\libucosii_bsp.a(os_cpu_c.o)
                0x00814bac                OSTaskStkInit
                0x00814ebc                OSTaskCreateHook
                0x00814edc                OSTaskDelHook
                0x00814efc                OSTaskSwHook
                0x00814f18                OSTaskStatHook
                0x00814f34                OSTimeTickHook
                0x00814f50                OSInitHookBegin
                0x00814f6c                OSInitHookEnd
                0x00814f88                OSTaskIdleHook
                0x00814fa4                OSTCBInitHook
 .text          0x00814fc4        0x0 ../adc_test_bsp/\libucosii_bsp.a(alt_exception_entry.o)
 .text          0x00814fc4      0x120 ../adc_test_bsp/\libucosii_bsp.a(alt_find_file.o)
                0x00814fc4                alt_find_file
 .text          0x008150e4      0x104 ../adc_test_bsp/\libucosii_bsp.a(alt_get_fd.o)
                0x008150e4                alt_get_fd
 .text          0x008151e8       0x14 c:/altera/12.1sp1/nios2eds/bin/gnu/h-i686-mingw32/bin/../lib/gcc/nios2-elf/4.1.2/../../../../nios2-elf/lib/mno-hw-mul\libc.a(lib_a-atexit.o)
                0x008151e8                atexit
 .text          0x008151fc       0x38 c:/altera/12.1sp1/nios2eds/bin/gnu/h-i686-mingw32/bin/../lib/gcc/nios2-elf/4.1.2/../../../../nios2-elf/lib/mno-hw-mul\libc.a(lib_a-exit.o)
                0x008151fc                exit
 .text          0x00815234       0x74 c:/altera/12.1sp1/nios2eds/bin/gnu/h-i686-mingw32/bin/../lib/gcc/nios2-elf/4.1.2/../../../../nios2-elf/lib/mno-hw-mul\libc.a(lib_a-memcmp.o)
                0x00815234                memcmp
 .text          0x008152a8      0x134 c:/altera/12.1sp1/nios2eds/bin/gnu/h-i686-mingw32/bin/../lib/gcc/nios2-elf/4.1.2/../../../../nios2-elf/lib/mno-hw-mul\libc.a(lib_a-__atexit.o)
                0x008152a8                __register_exitproc
 .text          0x008153dc      0x1b4 c:/altera/12.1sp1/nios2eds/bin/gnu/h-i686-mingw32/bin/../lib/gcc/nios2-elf/4.1.2/../../../../nios2-elf/lib/mno-hw-mul\libc.a(lib_a-__call_atexit.o)
                0x008153e0                __call_exitprocs
 .text          0x00815590       0x6c ../adc_test_bsp/\libucosii_bsp.a(alt_exit.o)
                0x008155d0                _exit
 *(.gnu.warning.*)
 *(.fini)
                0x008155fc                PROVIDE (__etext, ABSOLUTE (.))
                0x008155fc                PROVIDE (_etext, ABSOLUTE (.))
                0x008155fc                PROVIDE (etext, ABSOLUTE (.))
 *(.eh_frame_hdr)
                0x008155fc                . = ALIGN (0x4)
                0x008155fc                PROVIDE (__preinit_array_start, ABSOLUTE (.))
 *(.preinit_array)
                0x008155fc                PROVIDE (__preinit_array_end, ABSOLUTE (.))
                0x008155fc                PROVIDE (__init_array_start, ABSOLUTE (.))
 *(.init_array)
                0x008155fc                PROVIDE (__init_array_end, ABSOLUTE (.))
                0x008155fc                PROVIDE (__fini_array_start, ABSOLUTE (.))
 *(.fini_array)
                0x008155fc                PROVIDE (__fini_array_end, ABSOLUTE (.))
 *(.eh_frame)
 *(.gcc_except_table)
 *(.dynamic)
                0x008155fc                PROVIDE (__CTOR_LIST__, ABSOLUTE (.))
 *(.ctors)
 *(SORT(.ctors.*))
 .ctors.65535   0x008155fc        0x4 c:/altera/12.1sp1/nios2eds/bin/gnu/h-i686-mingw32/bin/../lib/gcc/nios2-elf/4.1.2/../../../../nios2-elf/lib/mno-hw-mul\libc.a(lib_a-__call_atexit.o)
                0x00815600                PROVIDE (__CTOR_END__, ABSOLUTE (.))
                0x00815600                PROVIDE (__DTOR_LIST__, ABSOLUTE (.))
 *(.dtors)
 *(SORT(.dtors.*))
                0x00815600                PROVIDE (__DTOR_END__, ABSOLUTE (.))
 *(.jcr)
                0x00815600                . = ALIGN (0x4)

.rodata         0x00815600      0x4a0
                0x00815600                PROVIDE (__ram_rodata_start, ABSOLUTE (.))
                0x00815600                . = ALIGN (0x4)
 *(.rodata .rodata.* .gnu.linkonce.r.*)
 .rodata        0x00815600       0x28 obj/default/adc_test.o
 .rodata.str1.4
                0x00815628       0x5e c:/altera/12.1sp1/nios2eds/bin/gnu/h-i686-mingw32/bin/../lib/gcc/nios2-elf/4.1.2/../../../../nios2-elf/lib/mno-hw-mul\libc.a(lib_a-vfprintf.o)
                                 0x60 (size before relaxing)
 .rodata        0x00815686       0x20 c:/altera/12.1sp1/nios2eds/bin/gnu/h-i686-mingw32/bin/../lib/gcc/nios2-elf/4.1.2/../../../../nios2-elf/lib/mno-hw-mul\libc.a(lib_a-vfprintf.o)
 *fill*         0x008156a6        0x2 00
 .rodata.str1.4
                0x008156a8       0x10 c:/altera/12.1sp1/nios2eds/bin/gnu/h-i686-mingw32/bin/../lib/gcc/nios2-elf/4.1.2/../../../../nios2-elf/lib/mno-hw-mul\libc.a(lib_a-dtoa.o)
                                 0x14 (size before relaxing)
 .rodata.str1.4
                0x008156b8        0x2 c:/altera/12.1sp1/nios2eds/bin/gnu/h-i686-mingw32/bin/../lib/gcc/nios2-elf/4.1.2/../../../../nios2-elf/lib/mno-hw-mul\libc.a(lib_a-impure.o)
                                  0x4 (size before relaxing)
 *fill*         0x008156ba        0x2 00
 .rodata.str1.4
                0x008156bc       0x10 c:/altera/12.1sp1/nios2eds/bin/gnu/h-i686-mingw32/bin/../lib/gcc/nios2-elf/4.1.2/../../../../nios2-elf/lib/mno-hw-mul\libc.a(lib_a-locale.o)
                                 0x18 (size before relaxing)
 .rodata        0x008156cc       0x30 c:/altera/12.1sp1/nios2eds/bin/gnu/h-i686-mingw32/bin/../lib/gcc/nios2-elf/4.1.2/../../../../nios2-elf/lib/mno-hw-mul\libc.a(lib_a-locale.o)
 .rodata        0x008156fc      0x124 c:/altera/12.1sp1/nios2eds/bin/gnu/h-i686-mingw32/bin/../lib/gcc/nios2-elf/4.1.2/../../../../nios2-elf/lib/mno-hw-mul\libc.a(lib_a-mprec.o)
                0x008156fc                __mprec_tens
                0x008157c4                __mprec_bigtens
                0x008157ec                __mprec_tinytens
 .rodata        0x00815820       0x14 c:/altera/12.1sp1/nios2eds/bin/gnu/h-i686-mingw32/bin/../lib/gcc/nios2-elf/4.1.2/mno-hw-mul\libgcc.a(_thenan_df.o)
                0x00815820                __thenan_df
 .rodata        0x00815834      0x100 c:/altera/12.1sp1/nios2eds/bin/gnu/h-i686-mingw32/bin/../lib/gcc/nios2-elf/4.1.2/mno-hw-mul\libgcc.a(_clz.o)
                0x00815834                __clz_tab
 .rodata        0x00815934        0xc ../adc_test_bsp/\libucosii_bsp.a(alt_dev.o)
 .rodata        0x00815940       0x14 ../adc_test_bsp/\libucosii_bsp.a(alt_main.o)
 .rodata        0x00815954      0x120 ../adc_test_bsp/\libucosii_bsp.a(os_core.o)
                0x00815954                OSUnMapTbl
 .rodata        0x00815a74       0x28 ../adc_test_bsp/\libucosii_bsp.a(alt_sys_init.o)
 .rodata        0x00815a9c        0x4 ../adc_test_bsp/\libucosii_bsp.a(os_cpu_c.o)
 *(.rodata1)
                0x00815aa0                . = ALIGN (0x4)
                0x00815aa0                PROVIDE (__ram_rodata_end, ABSOLUTE (.))
                0x00815600                PROVIDE (__flash_rodata_start, LOADADDR (.rodata))

.rwdata         0x00815aa0     0x1b10 load address 0x008175b0
                0x00815aa0                PROVIDE (__ram_rwdata_start, ABSOLUTE (.))
                0x00815aa0                . = ALIGN (0x4)
 *(.got.plt)
 *(.got)
 *(.data1)
 *(.data .data.* .gnu.linkonce.d.*)
 .data          0x00815aa0        0x0 ../adc_test_bsp//obj/HAL/src/crt0.o
 .data          0x00815aa0        0x0 obj/default/adc_test.o
 .data          0x00815aa0        0x0 c:/altera/12.1sp1/nios2eds/bin/gnu/h-i686-mingw32/bin/../lib/gcc/nios2-elf/4.1.2/../../../../nios2-elf/lib/mno-hw-mul\libc.a(lib_a-printf.o)
 .data          0x00815aa0        0x0 c:/altera/12.1sp1/nios2eds/bin/gnu/h-i686-mingw32/bin/../lib/gcc/nios2-elf/4.1.2/../../../../nios2-elf/lib/mno-hw-mul\libc.a(lib_a-vfprintf.o)
 .data          0x00815aa0        0x0 c:/altera/12.1sp1/nios2eds/bin/gnu/h-i686-mingw32/bin/../lib/gcc/nios2-elf/4.1.2/../../../../nios2-elf/lib/mno-hw-mul\libc.a(lib_a-wsetup.o)
 .data          0x00815aa0        0x0 c:/altera/12.1sp1/nios2eds/bin/gnu/h-i686-mingw32/bin/../lib/gcc/nios2-elf/4.1.2/../../../../nios2-elf/lib/mno-hw-mul\libc.a(lib_a-dtoa.o)
 .data          0x00815aa0        0x0 c:/altera/12.1sp1/nios2eds/bin/gnu/h-i686-mingw32/bin/../lib/gcc/nios2-elf/4.1.2/../../../../nios2-elf/lib/mno-hw-mul\libc.a(lib_a-fflush.o)
 .data          0x00815aa0        0x0 c:/altera/12.1sp1/nios2eds/bin/gnu/h-i686-mingw32/bin/../lib/gcc/nios2-elf/4.1.2/../../../../nios2-elf/lib/mno-hw-mul\libc.a(lib_a-findfp.o)
 .data          0x00815aa0        0x0 c:/altera/12.1sp1/nios2eds/bin/gnu/h-i686-mingw32/bin/../lib/gcc/nios2-elf/4.1.2/../../../../nios2-elf/lib/mno-hw-mul\libc.a(lib_a-freer.o)
 .data          0x00815aa0        0x0 c:/altera/12.1sp1/nios2eds/bin/gnu/h-i686-mingw32/bin/../lib/gcc/nios2-elf/4.1.2/../../../../nios2-elf/lib/mno-hw-mul\libc.a(lib_a-fvwrite.o)
 .data          0x00815aa0        0x0 c:/altera/12.1sp1/nios2eds/bin/gnu/h-i686-mingw32/bin/../lib/gcc/nios2-elf/4.1.2/../../../../nios2-elf/lib/mno-hw-mul\libc.a(lib_a-fwalk.o)
 .data          0x00815aa0      0x400 c:/altera/12.1sp1/nios2eds/bin/gnu/h-i686-mingw32/bin/../lib/gcc/nios2-elf/4.1.2/../../../../nios2-elf/lib/mno-hw-mul\libc.a(lib_a-impure.o)
 .data          0x00815ea0        0xc c:/altera/12.1sp1/nios2eds/bin/gnu/h-i686-mingw32/bin/../lib/gcc/nios2-elf/4.1.2/../../../../nios2-elf/lib/mno-hw-mul\libc.a(lib_a-locale.o)
                0x00815ea0                __lc_ctype
 .data          0x00815eac        0x0 c:/altera/12.1sp1/nios2eds/bin/gnu/h-i686-mingw32/bin/../lib/gcc/nios2-elf/4.1.2/../../../../nios2-elf/lib/mno-hw-mul\libc.a(lib_a-makebuf.o)
 .data          0x00815eac      0x408 c:/altera/12.1sp1/nios2eds/bin/gnu/h-i686-mingw32/bin/../lib/gcc/nios2-elf/4.1.2/../../../../nios2-elf/lib/mno-hw-mul\libc.a(lib_a-mallocr.o)
                0x00815eac                __malloc_av_
 .data          0x008162b4        0x0 c:/altera/12.1sp1/nios2eds/bin/gnu/h-i686-mingw32/bin/../lib/gcc/nios2-elf/4.1.2/../../../../nios2-elf/lib/mno-hw-mul\libc.a(lib_a-memchr.o)
 .data          0x008162b4        0x0 c:/altera/12.1sp1/nios2eds/bin/gnu/h-i686-mingw32/bin/../lib/gcc/nios2-elf/4.1.2/../../../../nios2-elf/lib/mno-hw-mul\libc.a(lib_a-memcpy.o)
 .data          0x008162b4        0x0 c:/altera/12.1sp1/nios2eds/bin/gnu/h-i686-mingw32/bin/../lib/gcc/nios2-elf/4.1.2/../../../../nios2-elf/lib/mno-hw-mul\libc.a(lib_a-memmove.o)
 .data          0x008162b4        0x0 c:/altera/12.1sp1/nios2eds/bin/gnu/h-i686-mingw32/bin/../lib/gcc/nios2-elf/4.1.2/../../../../nios2-elf/lib/mno-hw-mul\libc.a(lib_a-memset.o)
 .data          0x008162b4        0x0 c:/altera/12.1sp1/nios2eds/bin/gnu/h-i686-mingw32/bin/../lib/gcc/nios2-elf/4.1.2/../../../../nios2-elf/lib/mno-hw-mul\libc.a(lib_a-mprec.o)
 .data          0x008162b4        0x0 c:/altera/12.1sp1/nios2eds/bin/gnu/h-i686-mingw32/bin/../lib/gcc/nios2-elf/4.1.2/../../../../nios2-elf/lib/mno-hw-mul\libc.a(lib_a-reallocr.o)
 .data          0x008162b4        0x0 c:/altera/12.1sp1/nios2eds/bin/gnu/h-i686-mingw32/bin/../lib/gcc/nios2-elf/4.1.2/../../../../nios2-elf/lib/mno-hw-mul\libc.a(lib_a-s_isinfd.o)
 .data          0x008162b4        0x0 c:/altera/12.1sp1/nios2eds/bin/gnu/h-i686-mingw32/bin/../lib/gcc/nios2-elf/4.1.2/../../../../nios2-elf/lib/mno-hw-mul\libc.a(lib_a-s_isnand.o)
 .data          0x008162b4        0x0 c:/altera/12.1sp1/nios2eds/bin/gnu/h-i686-mingw32/bin/../lib/gcc/nios2-elf/4.1.2/../../../../nios2-elf/lib/mno-hw-mul\libc.a(lib_a-sbrkr.o)
 .data          0x008162b4        0x0 c:/altera/12.1sp1/nios2eds/bin/gnu/h-i686-mingw32/bin/../lib/gcc/nios2-elf/4.1.2/../../../../nios2-elf/lib/mno-hw-mul\libc.a(lib_a-stdio.o)
 .data          0x008162b4        0x0 c:/altera/12.1sp1/nios2eds/bin/gnu/h-i686-mingw32/bin/../lib/gcc/nios2-elf/4.1.2/../../../../nios2-elf/lib/mno-hw-mul\libc.a(lib_a-strcmp.o)
 .data          0x008162b4        0x0 c:/altera/12.1sp1/nios2eds/bin/gnu/h-i686-mingw32/bin/../lib/gcc/nios2-elf/4.1.2/../../../../nios2-elf/lib/mno-hw-mul\libc.a(lib_a-strlen.o)
 .data          0x008162b4        0x0 c:/altera/12.1sp1/nios2eds/bin/gnu/h-i686-mingw32/bin/../lib/gcc/nios2-elf/4.1.2/../../../../nios2-elf/lib/mno-hw-mul\libc.a(lib_a-writer.o)
 .data          0x008162b4        0x0 c:/altera/12.1sp1/nios2eds/bin/gnu/h-i686-mingw32/bin/../lib/gcc/nios2-elf/4.1.2/../../../../nios2-elf/lib/mno-hw-mul\libc.a(lib_a-callocr.o)
 .data          0x008162b4        0x0 c:/altera/12.1sp1/nios2eds/bin/gnu/h-i686-mingw32/bin/../lib/gcc/nios2-elf/4.1.2/../../../../nios2-elf/lib/mno-hw-mul\libc.a(lib_a-closer.o)
 .data          0x008162b4        0x0 c:/altera/12.1sp1/nios2eds/bin/gnu/h-i686-mingw32/bin/../lib/gcc/nios2-elf/4.1.2/../../../../nios2-elf/lib/mno-hw-mul\libc.a(lib_a-fclose.o)
 .data          0x008162b4        0x0 c:/altera/12.1sp1/nios2eds/bin/gnu/h-i686-mingw32/bin/../lib/gcc/nios2-elf/4.1.2/../../../../nios2-elf/lib/mno-hw-mul\libc.a(lib_a-fstatr.o)
 .data          0x008162b4        0x0 c:/altera/12.1sp1/nios2eds/bin/gnu/h-i686-mingw32/bin/../lib/gcc/nios2-elf/4.1.2/../../../../nios2-elf/lib/mno-hw-mul\libc.a(lib_a-int_errno.o)
 .data          0x008162b4        0x0 c:/altera/12.1sp1/nios2eds/bin/gnu/h-i686-mingw32/bin/../lib/gcc/nios2-elf/4.1.2/../../../../nios2-elf/lib/mno-hw-mul\libc.a(lib_a-isattyr.o)
 .data          0x008162b4        0x0 c:/altera/12.1sp1/nios2eds/bin/gnu/h-i686-mingw32/bin/../lib/gcc/nios2-elf/4.1.2/../../../../nios2-elf/lib/mno-hw-mul\libc.a(lib_a-lseekr.o)
 .data          0x008162b4        0x0 c:/altera/12.1sp1/nios2eds/bin/gnu/h-i686-mingw32/bin/../lib/gcc/nios2-elf/4.1.2/../../../../nios2-elf/lib/mno-hw-mul\libc.a(lib_a-readr.o)
 .data          0x008162b4        0x0 c:/altera/12.1sp1/nios2eds/bin/gnu/h-i686-mingw32/bin/../lib/gcc/nios2-elf/4.1.2/mno-hw-mul\libgcc.a(_udivdi3.o)
 .data          0x008162b4        0x0 c:/altera/12.1sp1/nios2eds/bin/gnu/h-i686-mingw32/bin/../lib/gcc/nios2-elf/4.1.2/mno-hw-mul\libgcc.a(_umoddi3.o)
 .data          0x008162b4        0x0 c:/altera/12.1sp1/nios2eds/bin/gnu/h-i686-mingw32/bin/../lib/gcc/nios2-elf/4.1.2/mno-hw-mul\libgcc.a(_addsub_df.o)
 .data          0x008162b4        0x0 c:/altera/12.1sp1/nios2eds/bin/gnu/h-i686-mingw32/bin/../lib/gcc/nios2-elf/4.1.2/mno-hw-mul\libgcc.a(_mul_df.o)
 .data          0x008162b4        0x0 c:/altera/12.1sp1/nios2eds/bin/gnu/h-i686-mingw32/bin/../lib/gcc/nios2-elf/4.1.2/mno-hw-mul\libgcc.a(_div_df.o)
 .data          0x008162b4        0x0 c:/altera/12.1sp1/nios2eds/bin/gnu/h-i686-mingw32/bin/../lib/gcc/nios2-elf/4.1.2/mno-hw-mul\libgcc.a(_eq_df.o)
 .data          0x008162b4        0x0 c:/altera/12.1sp1/nios2eds/bin/gnu/h-i686-mingw32/bin/../lib/gcc/nios2-elf/4.1.2/mno-hw-mul\libgcc.a(_ne_df.o)
 .data          0x008162b4        0x0 c:/altera/12.1sp1/nios2eds/bin/gnu/h-i686-mingw32/bin/../lib/gcc/nios2-elf/4.1.2/mno-hw-mul\libgcc.a(_gt_df.o)
 .data          0x008162b4        0x0 c:/altera/12.1sp1/nios2eds/bin/gnu/h-i686-mingw32/bin/../lib/gcc/nios2-elf/4.1.2/mno-hw-mul\libgcc.a(_ge_df.o)
 .data          0x008162b4        0x0 c:/altera/12.1sp1/nios2eds/bin/gnu/h-i686-mingw32/bin/../lib/gcc/nios2-elf/4.1.2/mno-hw-mul\libgcc.a(_lt_df.o)
 .data          0x008162b4        0x0 c:/altera/12.1sp1/nios2eds/bin/gnu/h-i686-mingw32/bin/../lib/gcc/nios2-elf/4.1.2/mno-hw-mul\libgcc.a(_si_to_df.o)
 .data          0x008162b4        0x0 c:/altera/12.1sp1/nios2eds/bin/gnu/h-i686-mingw32/bin/../lib/gcc/nios2-elf/4.1.2/mno-hw-mul\libgcc.a(_df_to_si.o)
 .data          0x008162b4        0x0 c:/altera/12.1sp1/nios2eds/bin/gnu/h-i686-mingw32/bin/../lib/gcc/nios2-elf/4.1.2/mno-hw-mul\libgcc.a(_thenan_df.o)
 .data          0x008162b4        0x0 c:/altera/12.1sp1/nios2eds/bin/gnu/h-i686-mingw32/bin/../lib/gcc/nios2-elf/4.1.2/mno-hw-mul\libgcc.a(_usi_to_df.o)
 .data          0x008162b4        0x0 c:/altera/12.1sp1/nios2eds/bin/gnu/h-i686-mingw32/bin/../lib/gcc/nios2-elf/4.1.2/mno-hw-mul\libgcc.a(lib2-divmod.o)
 .data          0x008162b4        0x0 c:/altera/12.1sp1/nios2eds/bin/gnu/h-i686-mingw32/bin/../lib/gcc/nios2-elf/4.1.2/mno-hw-mul\libgcc.a(lib2-mul.o)
 .data          0x008162b4        0x0 c:/altera/12.1sp1/nios2eds/bin/gnu/h-i686-mingw32/bin/../lib/gcc/nios2-elf/4.1.2/mno-hw-mul\libgcc.a(_muldi3.o)
 .data          0x008162b4        0x0 c:/altera/12.1sp1/nios2eds/bin/gnu/h-i686-mingw32/bin/../lib/gcc/nios2-elf/4.1.2/mno-hw-mul\libgcc.a(_clz.o)
 .data          0x008162b4        0x0 c:/altera/12.1sp1/nios2eds/bin/gnu/h-i686-mingw32/bin/../lib/gcc/nios2-elf/4.1.2/mno-hw-mul\libgcc.a(_clzsi2.o)
 .data          0x008162b4        0x0 c:/altera/12.1sp1/nios2eds/bin/gnu/h-i686-mingw32/bin/../lib/gcc/nios2-elf/4.1.2/mno-hw-mul\libgcc.a(_pack_df.o)
 .data          0x008162b4        0x0 c:/altera/12.1sp1/nios2eds/bin/gnu/h-i686-mingw32/bin/../lib/gcc/nios2-elf/4.1.2/mno-hw-mul\libgcc.a(_unpack_df.o)
 .data          0x008162b4        0x0 c:/altera/12.1sp1/nios2eds/bin/gnu/h-i686-mingw32/bin/../lib/gcc/nios2-elf/4.1.2/mno-hw-mul\libgcc.a(_fpcmp_parts_df.o)
 .data          0x008162b4        0x0 ../adc_test_bsp/\libucosii_bsp.a(alt_close.o)
 .data          0x008162b4      0x1a8 ../adc_test_bsp/\libucosii_bsp.a(alt_dev.o)
                0x008162b4                alt_dev_null
                0x008162dc                alt_fd_list
 .data          0x0081645c        0x0 ../adc_test_bsp/\libucosii_bsp.a(alt_errno.o)
 .data          0x0081645c        0x0 ../adc_test_bsp/\libucosii_bsp.a(alt_fstat.o)
 .data          0x0081645c        0x0 ../adc_test_bsp/\libucosii_bsp.a(alt_isatty.o)
 .data          0x0081645c        0x0 ../adc_test_bsp/\libucosii_bsp.a(alt_load.o)
 .data          0x0081645c        0x0 ../adc_test_bsp/\libucosii_bsp.a(alt_lseek.o)
 .data          0x0081645c        0x0 ../adc_test_bsp/\libucosii_bsp.a(alt_main.o)
 .data          0x0081645c        0x0 ../adc_test_bsp/\libucosii_bsp.a(alt_read.o)
 .data          0x0081645c        0x0 ../adc_test_bsp/\libucosii_bsp.a(alt_release_fd.o)
 .data          0x0081645c        0x0 ../adc_test_bsp/\libucosii_bsp.a(alt_sbrk.o)
 .data          0x0081645c        0x0 ../adc_test_bsp/\libucosii_bsp.a(alt_write.o)
 .data          0x0081645c        0x0 ../adc_test_bsp/\libucosii_bsp.a(alt_env_lock.o)
 .data          0x0081645c        0x0 ../adc_test_bsp/\libucosii_bsp.a(alt_malloc_lock.o)
 .data          0x0081645c        0x0 ../adc_test_bsp/\libucosii_bsp.a(os_core.o)
 .data          0x0081645c        0x0 ../adc_test_bsp/\libucosii_bsp.a(os_dbg.o)
 .data          0x0081645c        0x0 ../adc_test_bsp/\libucosii_bsp.a(os_flag.o)
 .data          0x0081645c        0x0 ../adc_test_bsp/\libucosii_bsp.a(os_mem.o)
 .data          0x0081645c        0x0 ../adc_test_bsp/\libucosii_bsp.a(os_q.o)
 .data          0x0081645c        0x0 ../adc_test_bsp/\libucosii_bsp.a(os_sem.o)
 .data          0x0081645c        0x0 ../adc_test_bsp/\libucosii_bsp.a(os_task.o)
 .data          0x0081645c        0x0 ../adc_test_bsp/\libucosii_bsp.a(os_time.o)
 .data          0x0081645c     0x1098 ../adc_test_bsp/\libucosii_bsp.a(alt_sys_init.o)
 .data          0x008174f4        0x0 ../adc_test_bsp/\libucosii_bsp.a(altera_avalon_jtag_uart_fd.o)
 .data          0x008174f4        0x0 ../adc_test_bsp/\libucosii_bsp.a(altera_avalon_jtag_uart_init.o)
 .data          0x008174f4        0x0 ../adc_test_bsp/\libucosii_bsp.a(altera_avalon_jtag_uart_ioctl.o)
 .data          0x008174f4        0x0 ../adc_test_bsp/\libucosii_bsp.a(altera_avalon_jtag_uart_read.o)
 .data          0x008174f4        0x0 ../adc_test_bsp/\libucosii_bsp.a(altera_avalon_jtag_uart_write.o)
 .data          0x008174f4        0x0 ../adc_test_bsp/\libucosii_bsp.a(altera_avalon_timer_sc.o)
 .data          0x008174f4        0x0 ../adc_test_bsp/\libucosii_bsp.a(altera_up_avalon_de0_nano_adc.o)
 .data          0x008174f4        0x0 ../adc_test_bsp/\libucosii_bsp.a(alt_alarm_start.o)
 .data          0x008174f4        0x0 ../adc_test_bsp/\libucosii_bsp.a(alt_dcache_flush_all.o)
 .data          0x008174f4        0x0 ../adc_test_bsp/\libucosii_bsp.a(alt_dev_llist_insert.o)
 .data          0x008174f4        0x0 ../adc_test_bsp/\libucosii_bsp.a(alt_do_ctors.o)
 .data          0x008174f4        0x0 ../adc_test_bsp/\libucosii_bsp.a(alt_do_dtors.o)
 .data          0x008174f4        0x0 ../adc_test_bsp/\libucosii_bsp.a(alt_find_dev.o)
 .data          0x008174f4        0x0 ../adc_test_bsp/\libucosii_bsp.a(alt_icache_flush_all.o)
 .data          0x008174f4        0x0 ../adc_test_bsp/\libucosii_bsp.a(alt_iic.o)
 .data          0x008174f4        0x0 ../adc_test_bsp/\libucosii_bsp.a(alt_iic_isr_register.o)
 .data          0x008174f4        0x0 ../adc_test_bsp/\libucosii_bsp.a(alt_io_redirect.o)
 .data          0x008174f4        0x0 ../adc_test_bsp/\libucosii_bsp.a(alt_irq_entry.o)
 .data          0x008174f4        0x0 ../adc_test_bsp/\libucosii_bsp.a(alt_irq_handler.o)
 .data          0x008174f4        0x0 ../adc_test_bsp/\libucosii_bsp.a(alt_irq_vars.o)
 .data          0x008174f4        0x0 ../adc_test_bsp/\libucosii_bsp.a(alt_open.o)
 .data          0x008174f4        0x0 ../adc_test_bsp/\libucosii_bsp.a(alt_tick.o)
 .data          0x008174f4        0x0 ../adc_test_bsp/\libucosii_bsp.a(altera_nios2_qsys_irq.o)
 .data          0x008174f4        0x0 ../adc_test_bsp/\libucosii_bsp.a(os_cpu_a.o)
 .data          0x008174f4        0x0 ../adc_test_bsp/\libucosii_bsp.a(os_cpu_c.o)
 .data          0x008174f4        0x0 ../adc_test_bsp/\libucosii_bsp.a(alt_exception_entry.o)
 .data          0x008174f4        0x0 ../adc_test_bsp/\libucosii_bsp.a(alt_find_file.o)
 .data          0x008174f4        0x0 ../adc_test_bsp/\libucosii_bsp.a(alt_get_fd.o)
 .data          0x008174f4        0x0 c:/altera/12.1sp1/nios2eds/bin/gnu/h-i686-mingw32/bin/../lib/gcc/nios2-elf/4.1.2/../../../../nios2-elf/lib/mno-hw-mul\libc.a(lib_a-atexit.o)
 .data          0x008174f4        0x0 c:/altera/12.1sp1/nios2eds/bin/gnu/h-i686-mingw32/bin/../lib/gcc/nios2-elf/4.1.2/../../../../nios2-elf/lib/mno-hw-mul\libc.a(lib_a-exit.o)
 .data          0x008174f4        0x0 c:/altera/12.1sp1/nios2eds/bin/gnu/h-i686-mingw32/bin/../lib/gcc/nios2-elf/4.1.2/../../../../nios2-elf/lib/mno-hw-mul\libc.a(lib_a-memcmp.o)
 .data          0x008174f4        0x0 c:/altera/12.1sp1/nios2eds/bin/gnu/h-i686-mingw32/bin/../lib/gcc/nios2-elf/4.1.2/../../../../nios2-elf/lib/mno-hw-mul\libc.a(lib_a-__atexit.o)
 .data          0x008174f4        0x0 c:/altera/12.1sp1/nios2eds/bin/gnu/h-i686-mingw32/bin/../lib/gcc/nios2-elf/4.1.2/../../../../nios2-elf/lib/mno-hw-mul\libc.a(lib_a-__call_atexit.o)
 .data          0x008174f4        0x0 ../adc_test_bsp/\libucosii_bsp.a(alt_exit.o)
                0x0081f4f4                _gp = ABSOLUTE ((. + 0x8000))
                0x0081f4f4                PROVIDE (gp, _gp)
 *(.rwdata .rwdata.*)
 *(.sdata .sdata.* .gnu.linkonce.s.*)
 .sdata         0x008174f4        0x8 c:/altera/12.1sp1/nios2eds/bin/gnu/h-i686-mingw32/bin/../lib/gcc/nios2-elf/4.1.2/../../../../nios2-elf/lib/mno-hw-mul\libc.a(lib_a-impure.o)
                0x008174f4                _impure_ptr
                0x008174f8                _global_impure_ptr
 .sdata         0x008174fc        0x8 c:/altera/12.1sp1/nios2eds/bin/gnu/h-i686-mingw32/bin/../lib/gcc/nios2-elf/4.1.2/../../../../nios2-elf/lib/mno-hw-mul\libc.a(lib_a-locale.o)
                0x008174fc                __mb_cur_max
 .sdata         0x00817504        0x8 c:/altera/12.1sp1/nios2eds/bin/gnu/h-i686-mingw32/bin/../lib/gcc/nios2-elf/4.1.2/../../../../nios2-elf/lib/mno-hw-mul\libc.a(lib_a-mallocr.o)
                0x00817504                __malloc_trim_threshold
                0x00817508                __malloc_sbrk_base
 .sdata         0x0081750c       0x14 ../adc_test_bsp/\libucosii_bsp.a(alt_dev.o)
                0x0081750c                alt_fs_list
                0x00817514                alt_dev_list
                0x0081751c                alt_max_fd
 .sdata         0x00817520        0x4 ../adc_test_bsp/\libucosii_bsp.a(alt_errno.o)
                0x00817520                alt_errno
 .sdata         0x00817524        0x4 ../adc_test_bsp/\libucosii_bsp.a(alt_sbrk.o)
 .sdata         0x00817528        0x4 ../adc_test_bsp/\libucosii_bsp.a(alt_env_lock.o)
 .sdata         0x0081752c        0x4 ../adc_test_bsp/\libucosii_bsp.a(alt_malloc_lock.o)
 .sdata         0x00817530       0x74 ../adc_test_bsp/\libucosii_bsp.a(os_dbg.o)
                0x00817530                OSDebugEn
                0x00817534                OSEndiannessTest
                0x00817538                OSEventEn
                0x0081753a                OSEventMax
                0x0081753c                OSEventNameSize
                0x0081753e                OSEventSize
                0x00817540                OSEventTblSize
                0x00817542                OSEventMultiEn
                0x00817544                OSFlagEn
                0x00817546                OSFlagGrpSize
                0x00817548                OSFlagNodeSize
                0x0081754a                OSFlagWidth
                0x0081754c                OSFlagMax
                0x0081754e                OSFlagNameSize
                0x00817550                OSLowestPrio
                0x00817552                OSMboxEn
                0x00817554                OSMemEn
                0x00817556                OSMemMax
                0x00817558                OSMemNameSize
                0x0081755a                OSMemSize
                0x0081755c                OSMemTblSize
                0x0081755e                OSMutexEn
                0x00817560                OSPtrSize
                0x00817562                OSQEn
                0x00817564                OSQMax
                0x00817566                OSQSize
                0x00817568                OSRdyTblSize
                0x0081756a                OSSemEn
                0x0081756c                OSStkWidth
                0x0081756e                OSTaskCreateEn
                0x00817570                OSTaskCreateExtEn
                0x00817572                OSTaskDelEn
                0x00817574                OSTaskIdleStkSize
                0x00817576                OSTaskProfileEn
                0x00817578                OSTaskMax
                0x0081757a                OSTaskNameSize
                0x0081757c                OSTaskStatEn
                0x0081757e                OSTaskStatStkSize
                0x00817580                OSTaskStatStkChkEn
                0x00817582                OSTaskSwHookEn
                0x00817584                OSTCBPrioTblMax
                0x00817586                OSTCBSize
                0x00817588                OSTicksPerSec
                0x0081758a                OSTimeTickHookEn
                0x0081758c                OSVersionNbr
                0x0081758e                OSTmrEn
                0x00817590                OSTmrCfgMax
                0x00817592                OSTmrCfgNameSize
                0x00817594                OSTmrCfgWheelSize
                0x00817596                OSTmrCfgTicksPerSec
                0x00817598                OSTmrSize
                0x0081759a                OSTmrTblSize
                0x0081759c                OSTmrWheelSize
                0x0081759e                OSTmrWheelTblSize
                0x008175a0                OSDataSize
 .sdata         0x008175a4        0x4 ../adc_test_bsp/\libucosii_bsp.a(alt_irq_vars.o)
                0x008175a4                alt_priority_mask
 .sdata         0x008175a8        0x8 ../adc_test_bsp/\libucosii_bsp.a(alt_tick.o)
                0x008175a8                alt_alarm_list
 *(.sdata2 .sdata2.* .gnu.linkonce.s2.*)
                0x008175b0                . = ALIGN (0x4)
                0x008175b0                _edata = ABSOLUTE (.)
                0x008175b0                PROVIDE (edata, ABSOLUTE (.))
                0x008175b0                PROVIDE (__ram_rwdata_end, ABSOLUTE (.))
                0x008175b0                PROVIDE (__flash_rwdata_start, LOADADDR (.rwdata))

.bss            0x008190c0     0x3574
                0x008190c0                __bss_start = ABSOLUTE (.)
                0x008190c0                PROVIDE (__sbss_start, ABSOLUTE (.))
                0x008190c0                PROVIDE (___sbss_start, ABSOLUTE (.))
 *(.dynsbss)
 *(.sbss .sbss.* .gnu.linkonce.sb.*)
 .sbss          0x008190c0        0xc c:/altera/12.1sp1/nios2eds/bin/gnu/h-i686-mingw32/bin/../lib/gcc/nios2-elf/4.1.2/../../../../nios2-elf/lib/mno-hw-mul\libc.a(lib_a-locale.o)
                0x008190c0                __nlocale_changed
                0x008190c4                __mlocale_changed
                0x008190c8                _PathLocale
 .sbss          0x008190cc        0xc c:/altera/12.1sp1/nios2eds/bin/gnu/h-i686-mingw32/bin/../lib/gcc/nios2-elf/4.1.2/../../../../nios2-elf/lib/mno-hw-mul\libc.a(lib_a-mallocr.o)
                0x008190cc                __malloc_top_pad
                0x008190d0                __malloc_max_sbrked_mem
                0x008190d4                __malloc_max_total_mem
 .sbss          0x008190d8        0x4 c:/altera/12.1sp1/nios2eds/bin/gnu/h-i686-mingw32/bin/../lib/gcc/nios2-elf/4.1.2/../../../../nios2-elf/lib/mno-hw-mul\libc.a(lib_a-int_errno.o)
                0x008190d8                errno
 .sbss          0x008190dc        0x4 ../adc_test_bsp/\libucosii_bsp.a(alt_dev.o)
                0x008190dc                alt_fd_list_lock
 .sbss          0x008190e0        0xc ../adc_test_bsp/\libucosii_bsp.a(alt_main.o)
                0x008190e0                alt_argc
                0x008190e4                alt_argv
                0x008190e8                alt_envp
 .sbss          0x008190ec        0x8 ../adc_test_bsp/\libucosii_bsp.a(alt_env_lock.o)
                0x008190f0                alt_envsem
 .sbss          0x008190f4        0x8 ../adc_test_bsp/\libucosii_bsp.a(alt_malloc_lock.o)
                0x008190f8                alt_heapsem
 .sbss          0x008190fc       0x50 ../adc_test_bsp/\libucosii_bsp.a(os_core.o)
                0x008190fc                OSLockNesting
                0x008190fd                OSRunning
                0x00819100                OSIdleCtr
                0x00819104                OSPrioHighRdy
                0x00819105                OSPrioCur
                0x00819108                OSTCBList
                0x0081910c                OSTickStepState
                0x00819110                OSCtxSwCtr
                0x00819114                OSIdleCtrMax
                0x00819118                OSTCBFreeList
                0x0081911c                OSCPUUsage
                0x0081911d                OSTaskCtr
                0x00819120                OSMemFreeList
                0x00819124                OSTCBHighRdy
                0x00819128                OSQFreeList
                0x0081912c                OSRdyGrp
                0x0081912d                OSRdyTbl
                0x00819130                OSEventFreeList
                0x00819134                OSIntNesting
                0x00819138                OSTCBCur
                0x0081913c                OSTime
                0x00819140                OSFlagFreeList
                0x00819144                OSStatRdy
                0x00819148                OSIdleCtrRun
 .sbss          0x0081914c        0x4 ../adc_test_bsp/\libucosii_bsp.a(alt_irq_vars.o)
                0x0081914c                alt_irq_active
 .sbss          0x00819150        0x8 ../adc_test_bsp/\libucosii_bsp.a(alt_tick.o)
                0x00819150                _alt_tick_rate
                0x00819154                _alt_nticks
 *(.sbss2 .sbss2.* .gnu.linkonce.sb2.*)
 *(.scommon)
                0x00819158                PROVIDE (__sbss_end, ABSOLUTE (.))
                0x00819158                PROVIDE (___sbss_end, ABSOLUTE (.))
 *(.dynbss)
 *(.bss .bss.* .gnu.linkonce.b.*)
 .bss           0x00819158        0x0 ../adc_test_bsp//obj/HAL/src/crt0.o
 .bss           0x00819158        0x0 obj/default/adc_test.o
 .bss           0x00819158        0x0 c:/altera/12.1sp1/nios2eds/bin/gnu/h-i686-mingw32/bin/../lib/gcc/nios2-elf/4.1.2/../../../../nios2-elf/lib/mno-hw-mul\libc.a(lib_a-printf.o)
 .bss           0x00819158        0x0 c:/altera/12.1sp1/nios2eds/bin/gnu/h-i686-mingw32/bin/../lib/gcc/nios2-elf/4.1.2/../../../../nios2-elf/lib/mno-hw-mul\libc.a(lib_a-vfprintf.o)
 .bss           0x00819158        0x0 c:/altera/12.1sp1/nios2eds/bin/gnu/h-i686-mingw32/bin/../lib/gcc/nios2-elf/4.1.2/../../../../nios2-elf/lib/mno-hw-mul\libc.a(lib_a-wsetup.o)
 .bss           0x00819158        0x0 c:/altera/12.1sp1/nios2eds/bin/gnu/h-i686-mingw32/bin/../lib/gcc/nios2-elf/4.1.2/../../../../nios2-elf/lib/mno-hw-mul\libc.a(lib_a-dtoa.o)
 .bss           0x00819158        0x0 c:/altera/12.1sp1/nios2eds/bin/gnu/h-i686-mingw32/bin/../lib/gcc/nios2-elf/4.1.2/../../../../nios2-elf/lib/mno-hw-mul\libc.a(lib_a-fflush.o)
 .bss           0x00819158        0x0 c:/altera/12.1sp1/nios2eds/bin/gnu/h-i686-mingw32/bin/../lib/gcc/nios2-elf/4.1.2/../../../../nios2-elf/lib/mno-hw-mul\libc.a(lib_a-findfp.o)
 .bss           0x00819158        0x0 c:/altera/12.1sp1/nios2eds/bin/gnu/h-i686-mingw32/bin/../lib/gcc/nios2-elf/4.1.2/../../../../nios2-elf/lib/mno-hw-mul\libc.a(lib_a-freer.o)
 .bss           0x00819158        0x0 c:/altera/12.1sp1/nios2eds/bin/gnu/h-i686-mingw32/bin/../lib/gcc/nios2-elf/4.1.2/../../../../nios2-elf/lib/mno-hw-mul\libc.a(lib_a-fvwrite.o)
 .bss           0x00819158        0x0 c:/altera/12.1sp1/nios2eds/bin/gnu/h-i686-mingw32/bin/../lib/gcc/nios2-elf/4.1.2/../../../../nios2-elf/lib/mno-hw-mul\libc.a(lib_a-fwalk.o)
 .bss           0x00819158        0x0 c:/altera/12.1sp1/nios2eds/bin/gnu/h-i686-mingw32/bin/../lib/gcc/nios2-elf/4.1.2/../../../../nios2-elf/lib/mno-hw-mul\libc.a(lib_a-impure.o)
 .bss           0x00819158        0x0 c:/altera/12.1sp1/nios2eds/bin/gnu/h-i686-mingw32/bin/../lib/gcc/nios2-elf/4.1.2/../../../../nios2-elf/lib/mno-hw-mul\libc.a(lib_a-locale.o)
 .bss           0x00819158        0x0 c:/altera/12.1sp1/nios2eds/bin/gnu/h-i686-mingw32/bin/../lib/gcc/nios2-elf/4.1.2/../../../../nios2-elf/lib/mno-hw-mul\libc.a(lib_a-makebuf.o)
 .bss           0x00819158       0x28 c:/altera/12.1sp1/nios2eds/bin/gnu/h-i686-mingw32/bin/../lib/gcc/nios2-elf/4.1.2/../../../../nios2-elf/lib/mno-hw-mul\libc.a(lib_a-mallocr.o)
                0x00819158                __malloc_current_mallinfo
 .bss           0x00819180        0x0 c:/altera/12.1sp1/nios2eds/bin/gnu/h-i686-mingw32/bin/../lib/gcc/nios2-elf/4.1.2/../../../../nios2-elf/lib/mno-hw-mul\libc.a(lib_a-memchr.o)
 .bss           0x00819180        0x0 c:/altera/12.1sp1/nios2eds/bin/gnu/h-i686-mingw32/bin/../lib/gcc/nios2-elf/4.1.2/../../../../nios2-elf/lib/mno-hw-mul\libc.a(lib_a-memcpy.o)
 .bss           0x00819180        0x0 c:/altera/12.1sp1/nios2eds/bin/gnu/h-i686-mingw32/bin/../lib/gcc/nios2-elf/4.1.2/../../../../nios2-elf/lib/mno-hw-mul\libc.a(lib_a-memmove.o)
 .bss           0x00819180        0x0 c:/altera/12.1sp1/nios2eds/bin/gnu/h-i686-mingw32/bin/../lib/gcc/nios2-elf/4.1.2/../../../../nios2-elf/lib/mno-hw-mul\libc.a(lib_a-memset.o)
 .bss           0x00819180        0x0 c:/altera/12.1sp1/nios2eds/bin/gnu/h-i686-mingw32/bin/../lib/gcc/nios2-elf/4.1.2/../../../../nios2-elf/lib/mno-hw-mul\libc.a(lib_a-mprec.o)
 .bss           0x00819180        0x0 c:/altera/12.1sp1/nios2eds/bin/gnu/h-i686-mingw32/bin/../lib/gcc/nios2-elf/4.1.2/../../../../nios2-elf/lib/mno-hw-mul\libc.a(lib_a-reallocr.o)
 .bss           0x00819180        0x0 c:/altera/12.1sp1/nios2eds/bin/gnu/h-i686-mingw32/bin/../lib/gcc/nios2-elf/4.1.2/../../../../nios2-elf/lib/mno-hw-mul\libc.a(lib_a-s_isinfd.o)
 .bss           0x00819180        0x0 c:/altera/12.1sp1/nios2eds/bin/gnu/h-i686-mingw32/bin/../lib/gcc/nios2-elf/4.1.2/../../../../nios2-elf/lib/mno-hw-mul\libc.a(lib_a-s_isnand.o)
 .bss           0x00819180        0x0 c:/altera/12.1sp1/nios2eds/bin/gnu/h-i686-mingw32/bin/../lib/gcc/nios2-elf/4.1.2/../../../../nios2-elf/lib/mno-hw-mul\libc.a(lib_a-sbrkr.o)
 .bss           0x00819180        0x0 c:/altera/12.1sp1/nios2eds/bin/gnu/h-i686-mingw32/bin/../lib/gcc/nios2-elf/4.1.2/../../../../nios2-elf/lib/mno-hw-mul\libc.a(lib_a-stdio.o)
 .bss           0x00819180        0x0 c:/altera/12.1sp1/nios2eds/bin/gnu/h-i686-mingw32/bin/../lib/gcc/nios2-elf/4.1.2/../../../../nios2-elf/lib/mno-hw-mul\libc.a(lib_a-strcmp.o)
 .bss           0x00819180        0x0 c:/altera/12.1sp1/nios2eds/bin/gnu/h-i686-mingw32/bin/../lib/gcc/nios2-elf/4.1.2/../../../../nios2-elf/lib/mno-hw-mul\libc.a(lib_a-strlen.o)
 .bss           0x00819180        0x0 c:/altera/12.1sp1/nios2eds/bin/gnu/h-i686-mingw32/bin/../lib/gcc/nios2-elf/4.1.2/../../../../nios2-elf/lib/mno-hw-mul\libc.a(lib_a-writer.o)
 .bss           0x00819180        0x0 c:/altera/12.1sp1/nios2eds/bin/gnu/h-i686-mingw32/bin/../lib/gcc/nios2-elf/4.1.2/../../../../nios2-elf/lib/mno-hw-mul\libc.a(lib_a-callocr.o)
 .bss           0x00819180        0x0 c:/altera/12.1sp1/nios2eds/bin/gnu/h-i686-mingw32/bin/../lib/gcc/nios2-elf/4.1.2/../../../../nios2-elf/lib/mno-hw-mul\libc.a(lib_a-closer.o)
 .bss           0x00819180        0x0 c:/altera/12.1sp1/nios2eds/bin/gnu/h-i686-mingw32/bin/../lib/gcc/nios2-elf/4.1.2/../../../../nios2-elf/lib/mno-hw-mul\libc.a(lib_a-fclose.o)
 .bss           0x00819180        0x0 c:/altera/12.1sp1/nios2eds/bin/gnu/h-i686-mingw32/bin/../lib/gcc/nios2-elf/4.1.2/../../../../nios2-elf/lib/mno-hw-mul\libc.a(lib_a-fstatr.o)
 .bss           0x00819180        0x0 c:/altera/12.1sp1/nios2eds/bin/gnu/h-i686-mingw32/bin/../lib/gcc/nios2-elf/4.1.2/../../../../nios2-elf/lib/mno-hw-mul\libc.a(lib_a-int_errno.o)
 .bss           0x00819180        0x0 c:/altera/12.1sp1/nios2eds/bin/gnu/h-i686-mingw32/bin/../lib/gcc/nios2-elf/4.1.2/../../../../nios2-elf/lib/mno-hw-mul\libc.a(lib_a-isattyr.o)
 .bss           0x00819180        0x0 c:/altera/12.1sp1/nios2eds/bin/gnu/h-i686-mingw32/bin/../lib/gcc/nios2-elf/4.1.2/../../../../nios2-elf/lib/mno-hw-mul\libc.a(lib_a-lseekr.o)
 .bss           0x00819180        0x0 c:/altera/12.1sp1/nios2eds/bin/gnu/h-i686-mingw32/bin/../lib/gcc/nios2-elf/4.1.2/../../../../nios2-elf/lib/mno-hw-mul\libc.a(lib_a-readr.o)
 .bss           0x00819180        0x0 c:/altera/12.1sp1/nios2eds/bin/gnu/h-i686-mingw32/bin/../lib/gcc/nios2-elf/4.1.2/mno-hw-mul\libgcc.a(_udivdi3.o)
 .bss           0x00819180        0x0 c:/altera/12.1sp1/nios2eds/bin/gnu/h-i686-mingw32/bin/../lib/gcc/nios2-elf/4.1.2/mno-hw-mul\libgcc.a(_umoddi3.o)
 .bss           0x00819180        0x0 c:/altera/12.1sp1/nios2eds/bin/gnu/h-i686-mingw32/bin/../lib/gcc/nios2-elf/4.1.2/mno-hw-mul\libgcc.a(_addsub_df.o)
 .bss           0x00819180        0x0 c:/altera/12.1sp1/nios2eds/bin/gnu/h-i686-mingw32/bin/../lib/gcc/nios2-elf/4.1.2/mno-hw-mul\libgcc.a(_mul_df.o)
 .bss           0x00819180        0x0 c:/altera/12.1sp1/nios2eds/bin/gnu/h-i686-mingw32/bin/../lib/gcc/nios2-elf/4.1.2/mno-hw-mul\libgcc.a(_div_df.o)
 .bss           0x00819180        0x0 c:/altera/12.1sp1/nios2eds/bin/gnu/h-i686-mingw32/bin/../lib/gcc/nios2-elf/4.1.2/mno-hw-mul\libgcc.a(_eq_df.o)
 .bss           0x00819180        0x0 c:/altera/12.1sp1/nios2eds/bin/gnu/h-i686-mingw32/bin/../lib/gcc/nios2-elf/4.1.2/mno-hw-mul\libgcc.a(_ne_df.o)
 .bss           0x00819180        0x0 c:/altera/12.1sp1/nios2eds/bin/gnu/h-i686-mingw32/bin/../lib/gcc/nios2-elf/4.1.2/mno-hw-mul\libgcc.a(_gt_df.o)
 .bss           0x00819180        0x0 c:/altera/12.1sp1/nios2eds/bin/gnu/h-i686-mingw32/bin/../lib/gcc/nios2-elf/4.1.2/mno-hw-mul\libgcc.a(_ge_df.o)
 .bss           0x00819180        0x0 c:/altera/12.1sp1/nios2eds/bin/gnu/h-i686-mingw32/bin/../lib/gcc/nios2-elf/4.1.2/mno-hw-mul\libgcc.a(_lt_df.o)
 .bss           0x00819180        0x0 c:/altera/12.1sp1/nios2eds/bin/gnu/h-i686-mingw32/bin/../lib/gcc/nios2-elf/4.1.2/mno-hw-mul\libgcc.a(_si_to_df.o)
 .bss           0x00819180        0x0 c:/altera/12.1sp1/nios2eds/bin/gnu/h-i686-mingw32/bin/../lib/gcc/nios2-elf/4.1.2/mno-hw-mul\libgcc.a(_df_to_si.o)
 .bss           0x00819180        0x0 c:/altera/12.1sp1/nios2eds/bin/gnu/h-i686-mingw32/bin/../lib/gcc/nios2-elf/4.1.2/mno-hw-mul\libgcc.a(_thenan_df.o)
 .bss           0x00819180        0x0 c:/altera/12.1sp1/nios2eds/bin/gnu/h-i686-mingw32/bin/../lib/gcc/nios2-elf/4.1.2/mno-hw-mul\libgcc.a(_usi_to_df.o)
 .bss           0x00819180        0x0 c:/altera/12.1sp1/nios2eds/bin/gnu/h-i686-mingw32/bin/../lib/gcc/nios2-elf/4.1.2/mno-hw-mul\libgcc.a(lib2-divmod.o)
 .bss           0x00819180        0x0 c:/altera/12.1sp1/nios2eds/bin/gnu/h-i686-mingw32/bin/../lib/gcc/nios2-elf/4.1.2/mno-hw-mul\libgcc.a(lib2-mul.o)
 .bss           0x00819180        0x0 c:/altera/12.1sp1/nios2eds/bin/gnu/h-i686-mingw32/bin/../lib/gcc/nios2-elf/4.1.2/mno-hw-mul\libgcc.a(_muldi3.o)
 .bss           0x00819180        0x0 c:/altera/12.1sp1/nios2eds/bin/gnu/h-i686-mingw32/bin/../lib/gcc/nios2-elf/4.1.2/mno-hw-mul\libgcc.a(_clz.o)
 .bss           0x00819180        0x0 c:/altera/12.1sp1/nios2eds/bin/gnu/h-i686-mingw32/bin/../lib/gcc/nios2-elf/4.1.2/mno-hw-mul\libgcc.a(_clzsi2.o)
 .bss           0x00819180        0x0 c:/altera/12.1sp1/nios2eds/bin/gnu/h-i686-mingw32/bin/../lib/gcc/nios2-elf/4.1.2/mno-hw-mul\libgcc.a(_pack_df.o)
 .bss           0x00819180        0x0 c:/altera/12.1sp1/nios2eds/bin/gnu/h-i686-mingw32/bin/../lib/gcc/nios2-elf/4.1.2/mno-hw-mul\libgcc.a(_unpack_df.o)
 .bss           0x00819180        0x0 c:/altera/12.1sp1/nios2eds/bin/gnu/h-i686-mingw32/bin/../lib/gcc/nios2-elf/4.1.2/mno-hw-mul\libgcc.a(_fpcmp_parts_df.o)
 .bss           0x00819180        0x0 ../adc_test_bsp/\libucosii_bsp.a(alt_close.o)
 .bss           0x00819180        0x0 ../adc_test_bsp/\libucosii_bsp.a(alt_dev.o)
 .bss           0x00819180        0x0 ../adc_test_bsp/\libucosii_bsp.a(alt_errno.o)
 .bss           0x00819180        0x0 ../adc_test_bsp/\libucosii_bsp.a(alt_fstat.o)
 .bss           0x00819180        0x0 ../adc_test_bsp/\libucosii_bsp.a(alt_isatty.o)
 .bss           0x00819180        0x0 ../adc_test_bsp/\libucosii_bsp.a(alt_load.o)
 .bss           0x00819180        0x0 ../adc_test_bsp/\libucosii_bsp.a(alt_lseek.o)
 .bss           0x00819180        0x0 ../adc_test_bsp/\libucosii_bsp.a(alt_main.o)
 .bss           0x00819180        0x0 ../adc_test_bsp/\libucosii_bsp.a(alt_read.o)
 .bss           0x00819180        0x0 ../adc_test_bsp/\libucosii_bsp.a(alt_release_fd.o)
 .bss           0x00819180        0x0 ../adc_test_bsp/\libucosii_bsp.a(alt_sbrk.o)
 .bss           0x00819180        0x0 ../adc_test_bsp/\libucosii_bsp.a(alt_write.o)
 .bss           0x00819180        0x0 ../adc_test_bsp/\libucosii_bsp.a(alt_env_lock.o)
 .bss           0x00819180        0x0 ../adc_test_bsp/\libucosii_bsp.a(alt_malloc_lock.o)
 .bss           0x00819180        0x0 ../adc_test_bsp/\libucosii_bsp.a(os_core.o)
 .bss           0x00819180        0x0 ../adc_test_bsp/\libucosii_bsp.a(os_dbg.o)
 .bss           0x00819180        0x0 ../adc_test_bsp/\libucosii_bsp.a(os_flag.o)
 .bss           0x00819180        0x0 ../adc_test_bsp/\libucosii_bsp.a(os_mem.o)
 .bss           0x00819180        0x0 ../adc_test_bsp/\libucosii_bsp.a(os_q.o)
 .bss           0x00819180        0x0 ../adc_test_bsp/\libucosii_bsp.a(os_sem.o)
 .bss           0x00819180        0x0 ../adc_test_bsp/\libucosii_bsp.a(os_task.o)
 .bss           0x00819180        0x0 ../adc_test_bsp/\libucosii_bsp.a(os_time.o)
 .bss           0x00819180        0x0 ../adc_test_bsp/\libucosii_bsp.a(alt_sys_init.o)
 .bss           0x00819180        0x0 ../adc_test_bsp/\libucosii_bsp.a(altera_avalon_jtag_uart_fd.o)
 .bss           0x00819180        0x0 ../adc_test_bsp/\libucosii_bsp.a(altera_avalon_jtag_uart_init.o)
 .bss           0x00819180        0x0 ../adc_test_bsp/\libucosii_bsp.a(altera_avalon_jtag_uart_ioctl.o)
 .bss           0x00819180        0x0 ../adc_test_bsp/\libucosii_bsp.a(altera_avalon_jtag_uart_read.o)
 .bss           0x00819180        0x0 ../adc_test_bsp/\libucosii_bsp.a(altera_avalon_jtag_uart_write.o)
 .bss           0x00819180        0x0 ../adc_test_bsp/\libucosii_bsp.a(altera_avalon_timer_sc.o)
 .bss           0x00819180        0x0 ../adc_test_bsp/\libucosii_bsp.a(altera_up_avalon_de0_nano_adc.o)
 .bss           0x00819180        0x0 ../adc_test_bsp/\libucosii_bsp.a(alt_alarm_start.o)
 .bss           0x00819180        0x0 ../adc_test_bsp/\libucosii_bsp.a(alt_dcache_flush_all.o)
 .bss           0x00819180        0x0 ../adc_test_bsp/\libucosii_bsp.a(alt_dev_llist_insert.o)
 .bss           0x00819180        0x0 ../adc_test_bsp/\libucosii_bsp.a(alt_do_ctors.o)
 .bss           0x00819180        0x0 ../adc_test_bsp/\libucosii_bsp.a(alt_do_dtors.o)
 .bss           0x00819180        0x0 ../adc_test_bsp/\libucosii_bsp.a(alt_find_dev.o)
 .bss           0x00819180        0x0 ../adc_test_bsp/\libucosii_bsp.a(alt_icache_flush_all.o)
 .bss           0x00819180        0x0 ../adc_test_bsp/\libucosii_bsp.a(alt_iic.o)
 .bss           0x00819180        0x0 ../adc_test_bsp/\libucosii_bsp.a(alt_iic_isr_register.o)
 .bss           0x00819180        0x0 ../adc_test_bsp/\libucosii_bsp.a(alt_io_redirect.o)
 .bss           0x00819180        0x0 ../adc_test_bsp/\libucosii_bsp.a(alt_irq_entry.o)
 .bss           0x00819180        0x0 ../adc_test_bsp/\libucosii_bsp.a(alt_irq_handler.o)
 .bss           0x00819180        0x0 ../adc_test_bsp/\libucosii_bsp.a(alt_irq_vars.o)
 .bss           0x00819180        0x0 ../adc_test_bsp/\libucosii_bsp.a(alt_open.o)
 .bss           0x00819180        0x0 ../adc_test_bsp/\libucosii_bsp.a(alt_tick.o)
 .bss           0x00819180        0x0 ../adc_test_bsp/\libucosii_bsp.a(altera_nios2_qsys_irq.o)
 .bss           0x00819180        0x0 ../adc_test_bsp/\libucosii_bsp.a(os_cpu_a.o)
 .bss           0x00819180        0x0 ../adc_test_bsp/\libucosii_bsp.a(os_cpu_c.o)
 .bss           0x00819180        0x0 ../adc_test_bsp/\libucosii_bsp.a(alt_exception_entry.o)
 .bss           0x00819180        0x0 ../adc_test_bsp/\libucosii_bsp.a(alt_find_file.o)
 .bss           0x00819180        0x0 ../adc_test_bsp/\libucosii_bsp.a(alt_get_fd.o)
 .bss           0x00819180        0x0 c:/altera/12.1sp1/nios2eds/bin/gnu/h-i686-mingw32/bin/../lib/gcc/nios2-elf/4.1.2/../../../../nios2-elf/lib/mno-hw-mul\libc.a(lib_a-atexit.o)
 .bss           0x00819180        0x0 c:/altera/12.1sp1/nios2eds/bin/gnu/h-i686-mingw32/bin/../lib/gcc/nios2-elf/4.1.2/../../../../nios2-elf/lib/mno-hw-mul\libc.a(lib_a-exit.o)
 .bss           0x00819180        0x0 c:/altera/12.1sp1/nios2eds/bin/gnu/h-i686-mingw32/bin/../lib/gcc/nios2-elf/4.1.2/../../../../nios2-elf/lib/mno-hw-mul\libc.a(lib_a-memcmp.o)
 .bss           0x00819180        0x0 c:/altera/12.1sp1/nios2eds/bin/gnu/h-i686-mingw32/bin/../lib/gcc/nios2-elf/4.1.2/../../../../nios2-elf/lib/mno-hw-mul\libc.a(lib_a-__atexit.o)
 .bss           0x00819180        0x0 c:/altera/12.1sp1/nios2eds/bin/gnu/h-i686-mingw32/bin/../lib/gcc/nios2-elf/4.1.2/../../../../nios2-elf/lib/mno-hw-mul\libc.a(lib_a-__call_atexit.o)
 .bss           0x00819180        0x0 ../adc_test_bsp/\libucosii_bsp.a(alt_exit.o)
 *(COMMON)
 COMMON         0x00819180     0x3224 ../adc_test_bsp/\libucosii_bsp.a(os_core.o)
                0x00819180                OSFlagTbl
                0x008194f0                OSMemTbl
                0x0081a120                OSTaskStatStk
                0x0081a920                OSQTbl
                0x0081ab00                OSTaskIdleStk
                0x0081b300                OSEventTbl
                0x0081be40                OSTCBTbl
                0x0081c350                OSTCBPrioTbl
 COMMON         0x0081c3a4      0x100 ../adc_test_bsp/\libucosii_bsp.a(alt_irq_handler.o)
                0x0081c3a4                alt_irq
 COMMON         0x0081c4a4      0x190 c:/altera/12.1sp1/nios2eds/bin/gnu/h-i686-mingw32/bin/../lib/gcc/nios2-elf/4.1.2/../../../../nios2-elf/lib/mno-hw-mul\libc.a(lib_a-atexit.o)
                0x0081c4a4                _atexit0
                0x0081c634                . = ALIGN (0x4)
                0x0081c634                __bss_end = ABSOLUTE (.)

.sdram_0        0x0081c634        0x0
                0x0081c634                PROVIDE (_alt_partition_sdram_0_start, ABSOLUTE (.))
 *(.sdram_0. sdram_0.*)
                0x0081c634                . = ALIGN (0x4)
                0x0081c634                PROVIDE (_alt_partition_sdram_0_end, ABSOLUTE (.))
                0x0081c634                _end = ABSOLUTE (.)
                0x0081c634                end = ABSOLUTE (.)
                0x0081c634                __alt_stack_base = ABSOLUTE (.)
                0x0081c634                PROVIDE (_alt_partition_sdram_0_load_addr, LOADADDR (.sdram_0))

.onchip_memory  0x01004000        0x0 load address 0x0081c634
                0x01004000                PROVIDE (_alt_partition_onchip_memory_start, ABSOLUTE (.))
 *(.onchip_memory. onchip_memory.*)
                0x01004000                . = ALIGN (0x4)
                0x01004000                PROVIDE (_alt_partition_onchip_memory_end, ABSOLUTE (.))
                0x0081c634                PROVIDE (_alt_partition_onchip_memory_load_addr, LOADADDR (.onchip_memory))

.stab
 *(.stab)

.stabstr
 *(.stabstr)

.stab.excl
 *(.stab.excl)

.stab.exclstr
 *(.stab.exclstr)

.stab.index
 *(.stab.index)

.stab.indexstr
 *(.stab.indexstr)

.comment        0x00000000       0x26
 *(.comment)
 .comment       0x00000000       0x26 obj/default/adc_test.o
                                 0x27 (size before relaxing)
 .comment       0x00000000       0x27 c:/altera/12.1sp1/nios2eds/bin/gnu/h-i686-mingw32/bin/../lib/gcc/nios2-elf/4.1.2/../../../../nios2-elf/lib/mno-hw-mul\libc.a(lib_a-printf.o)
 .comment       0x00000000       0x27 c:/altera/12.1sp1/nios2eds/bin/gnu/h-i686-mingw32/bin/../lib/gcc/nios2-elf/4.1.2/../../../../nios2-elf/lib/mno-hw-mul\libc.a(lib_a-vfprintf.o)
 .comment       0x00000000       0x27 c:/altera/12.1sp1/nios2eds/bin/gnu/h-i686-mingw32/bin/../lib/gcc/nios2-elf/4.1.2/../../../../nios2-elf/lib/mno-hw-mul\libc.a(lib_a-wsetup.o)
 .comment       0x00000000       0x27 c:/altera/12.1sp1/nios2eds/bin/gnu/h-i686-mingw32/bin/../lib/gcc/nios2-elf/4.1.2/../../../../nios2-elf/lib/mno-hw-mul\libc.a(lib_a-dtoa.o)
 .comment       0x00000000       0x27 c:/altera/12.1sp1/nios2eds/bin/gnu/h-i686-mingw32/bin/../lib/gcc/nios2-elf/4.1.2/../../../../nios2-elf/lib/mno-hw-mul\libc.a(lib_a-fflush.o)
 .comment       0x00000000       0x27 c:/altera/12.1sp1/nios2eds/bin/gnu/h-i686-mingw32/bin/../lib/gcc/nios2-elf/4.1.2/../../../../nios2-elf/lib/mno-hw-mul\libc.a(lib_a-findfp.o)
 .comment       0x00000000       0x27 c:/altera/12.1sp1/nios2eds/bin/gnu/h-i686-mingw32/bin/../lib/gcc/nios2-elf/4.1.2/../../../../nios2-elf/lib/mno-hw-mul\libc.a(lib_a-freer.o)
 .comment       0x00000000       0x27 c:/altera/12.1sp1/nios2eds/bin/gnu/h-i686-mingw32/bin/../lib/gcc/nios2-elf/4.1.2/../../../../nios2-elf/lib/mno-hw-mul\libc.a(lib_a-fvwrite.o)
 .comment       0x00000000       0x27 c:/altera/12.1sp1/nios2eds/bin/gnu/h-i686-mingw32/bin/../lib/gcc/nios2-elf/4.1.2/../../../../nios2-elf/lib/mno-hw-mul\libc.a(lib_a-fwalk.o)
 .comment       0x00000000       0x27 c:/altera/12.1sp1/nios2eds/bin/gnu/h-i686-mingw32/bin/../lib/gcc/nios2-elf/4.1.2/../../../../nios2-elf/lib/mno-hw-mul\libc.a(lib_a-impure.o)
 .comment       0x00000000       0x27 c:/altera/12.1sp1/nios2eds/bin/gnu/h-i686-mingw32/bin/../lib/gcc/nios2-elf/4.1.2/../../../../nios2-elf/lib/mno-hw-mul\libc.a(lib_a-locale.o)
 .comment       0x00000000       0x27 c:/altera/12.1sp1/nios2eds/bin/gnu/h-i686-mingw32/bin/../lib/gcc/nios2-elf/4.1.2/../../../../nios2-elf/lib/mno-hw-mul\libc.a(lib_a-makebuf.o)
 .comment       0x00000000       0x27 c:/altera/12.1sp1/nios2eds/bin/gnu/h-i686-mingw32/bin/../lib/gcc/nios2-elf/4.1.2/../../../../nios2-elf/lib/mno-hw-mul\libc.a(lib_a-mallocr.o)
 .comment       0x00000000       0x27 c:/altera/12.1sp1/nios2eds/bin/gnu/h-i686-mingw32/bin/../lib/gcc/nios2-elf/4.1.2/../../../../nios2-elf/lib/mno-hw-mul\libc.a(lib_a-memchr.o)
 .comment       0x00000000       0x27 c:/altera/12.1sp1/nios2eds/bin/gnu/h-i686-mingw32/bin/../lib/gcc/nios2-elf/4.1.2/../../../../nios2-elf/lib/mno-hw-mul\libc.a(lib_a-memcpy.o)
 .comment       0x00000000       0x27 c:/altera/12.1sp1/nios2eds/bin/gnu/h-i686-mingw32/bin/../lib/gcc/nios2-elf/4.1.2/../../../../nios2-elf/lib/mno-hw-mul\libc.a(lib_a-memmove.o)
 .comment       0x00000000       0x27 c:/altera/12.1sp1/nios2eds/bin/gnu/h-i686-mingw32/bin/../lib/gcc/nios2-elf/4.1.2/../../../../nios2-elf/lib/mno-hw-mul\libc.a(lib_a-memset.o)
 .comment       0x00000000       0x27 c:/altera/12.1sp1/nios2eds/bin/gnu/h-i686-mingw32/bin/../lib/gcc/nios2-elf/4.1.2/../../../../nios2-elf/lib/mno-hw-mul\libc.a(lib_a-mprec.o)
 .comment       0x00000000       0x27 c:/altera/12.1sp1/nios2eds/bin/gnu/h-i686-mingw32/bin/../lib/gcc/nios2-elf/4.1.2/../../../../nios2-elf/lib/mno-hw-mul\libc.a(lib_a-reallocr.o)
 .comment       0x00000000       0x27 c:/altera/12.1sp1/nios2eds/bin/gnu/h-i686-mingw32/bin/../lib/gcc/nios2-elf/4.1.2/../../../../nios2-elf/lib/mno-hw-mul\libc.a(lib_a-s_isinfd.o)
 .comment       0x00000000       0x27 c:/altera/12.1sp1/nios2eds/bin/gnu/h-i686-mingw32/bin/../lib/gcc/nios2-elf/4.1.2/../../../../nios2-elf/lib/mno-hw-mul\libc.a(lib_a-s_isnand.o)
 .comment       0x00000000       0x27 c:/altera/12.1sp1/nios2eds/bin/gnu/h-i686-mingw32/bin/../lib/gcc/nios2-elf/4.1.2/../../../../nios2-elf/lib/mno-hw-mul\libc.a(lib_a-sbrkr.o)
 .comment       0x00000000       0x27 c:/altera/12.1sp1/nios2eds/bin/gnu/h-i686-mingw32/bin/../lib/gcc/nios2-elf/4.1.2/../../../../nios2-elf/lib/mno-hw-mul\libc.a(lib_a-stdio.o)
 .comment       0x00000000       0x27 c:/altera/12.1sp1/nios2eds/bin/gnu/h-i686-mingw32/bin/../lib/gcc/nios2-elf/4.1.2/../../../../nios2-elf/lib/mno-hw-mul\libc.a(lib_a-strcmp.o)
 .comment       0x00000000       0x27 c:/altera/12.1sp1/nios2eds/bin/gnu/h-i686-mingw32/bin/../lib/gcc/nios2-elf/4.1.2/../../../../nios2-elf/lib/mno-hw-mul\libc.a(lib_a-strlen.o)
 .comment       0x00000000       0x27 c:/altera/12.1sp1/nios2eds/bin/gnu/h-i686-mingw32/bin/../lib/gcc/nios2-elf/4.1.2/../../../../nios2-elf/lib/mno-hw-mul\libc.a(lib_a-writer.o)
 .comment       0x00000000       0x27 c:/altera/12.1sp1/nios2eds/bin/gnu/h-i686-mingw32/bin/../lib/gcc/nios2-elf/4.1.2/../../../../nios2-elf/lib/mno-hw-mul\libc.a(lib_a-callocr.o)
 .comment       0x00000000       0x27 c:/altera/12.1sp1/nios2eds/bin/gnu/h-i686-mingw32/bin/../lib/gcc/nios2-elf/4.1.2/../../../../nios2-elf/lib/mno-hw-mul\libc.a(lib_a-closer.o)
 .comment       0x00000000       0x27 c:/altera/12.1sp1/nios2eds/bin/gnu/h-i686-mingw32/bin/../lib/gcc/nios2-elf/4.1.2/../../../../nios2-elf/lib/mno-hw-mul\libc.a(lib_a-fclose.o)
 .comment       0x00000000       0x27 c:/altera/12.1sp1/nios2eds/bin/gnu/h-i686-mingw32/bin/../lib/gcc/nios2-elf/4.1.2/../../../../nios2-elf/lib/mno-hw-mul\libc.a(lib_a-fstatr.o)
 .comment       0x00000000       0x27 c:/altera/12.1sp1/nios2eds/bin/gnu/h-i686-mingw32/bin/../lib/gcc/nios2-elf/4.1.2/../../../../nios2-elf/lib/mno-hw-mul\libc.a(lib_a-int_errno.o)
 .comment       0x00000000       0x27 c:/altera/12.1sp1/nios2eds/bin/gnu/h-i686-mingw32/bin/../lib/gcc/nios2-elf/4.1.2/../../../../nios2-elf/lib/mno-hw-mul\libc.a(lib_a-isattyr.o)
 .comment       0x00000000       0x27 c:/altera/12.1sp1/nios2eds/bin/gnu/h-i686-mingw32/bin/../lib/gcc/nios2-elf/4.1.2/../../../../nios2-elf/lib/mno-hw-mul\libc.a(lib_a-lseekr.o)
 .comment       0x00000000       0x27 c:/altera/12.1sp1/nios2eds/bin/gnu/h-i686-mingw32/bin/../lib/gcc/nios2-elf/4.1.2/../../../../nios2-elf/lib/mno-hw-mul\libc.a(lib_a-readr.o)
 .comment       0x00000000       0x27 c:/altera/12.1sp1/nios2eds/bin/gnu/h-i686-mingw32/bin/../lib/gcc/nios2-elf/4.1.2/mno-hw-mul\libgcc.a(_udivdi3.o)
 .comment       0x00000000       0x27 c:/altera/12.1sp1/nios2eds/bin/gnu/h-i686-mingw32/bin/../lib/gcc/nios2-elf/4.1.2/mno-hw-mul\libgcc.a(_umoddi3.o)
 .comment       0x00000000       0x27 c:/altera/12.1sp1/nios2eds/bin/gnu/h-i686-mingw32/bin/../lib/gcc/nios2-elf/4.1.2/mno-hw-mul\libgcc.a(_addsub_df.o)
 .comment       0x00000000       0x27 c:/altera/12.1sp1/nios2eds/bin/gnu/h-i686-mingw32/bin/../lib/gcc/nios2-elf/4.1.2/mno-hw-mul\libgcc.a(_mul_df.o)
 .comment       0x00000000       0x27 c:/altera/12.1sp1/nios2eds/bin/gnu/h-i686-mingw32/bin/../lib/gcc/nios2-elf/4.1.2/mno-hw-mul\libgcc.a(_div_df.o)
 .comment       0x00000000       0x27 c:/altera/12.1sp1/nios2eds/bin/gnu/h-i686-mingw32/bin/../lib/gcc/nios2-elf/4.1.2/mno-hw-mul\libgcc.a(_eq_df.o)
 .comment       0x00000000       0x27 c:/altera/12.1sp1/nios2eds/bin/gnu/h-i686-mingw32/bin/../lib/gcc/nios2-elf/4.1.2/mno-hw-mul\libgcc.a(_ne_df.o)
 .comment       0x00000000       0x27 c:/altera/12.1sp1/nios2eds/bin/gnu/h-i686-mingw32/bin/../lib/gcc/nios2-elf/4.1.2/mno-hw-mul\libgcc.a(_gt_df.o)
 .comment       0x00000000       0x27 c:/altera/12.1sp1/nios2eds/bin/gnu/h-i686-mingw32/bin/../lib/gcc/nios2-elf/4.1.2/mno-hw-mul\libgcc.a(_ge_df.o)
 .comment       0x00000000       0x27 c:/altera/12.1sp1/nios2eds/bin/gnu/h-i686-mingw32/bin/../lib/gcc/nios2-elf/4.1.2/mno-hw-mul\libgcc.a(_lt_df.o)
 .comment       0x00000000       0x27 c:/altera/12.1sp1/nios2eds/bin/gnu/h-i686-mingw32/bin/../lib/gcc/nios2-elf/4.1.2/mno-hw-mul\libgcc.a(_si_to_df.o)
 .comment       0x00000000       0x27 c:/altera/12.1sp1/nios2eds/bin/gnu/h-i686-mingw32/bin/../lib/gcc/nios2-elf/4.1.2/mno-hw-mul\libgcc.a(_df_to_si.o)
 .comment       0x00000000       0x27 c:/altera/12.1sp1/nios2eds/bin/gnu/h-i686-mingw32/bin/../lib/gcc/nios2-elf/4.1.2/mno-hw-mul\libgcc.a(_thenan_df.o)
 .comment       0x00000000       0x27 c:/altera/12.1sp1/nios2eds/bin/gnu/h-i686-mingw32/bin/../lib/gcc/nios2-elf/4.1.2/mno-hw-mul\libgcc.a(_usi_to_df.o)
 .comment       0x00000000       0x27 c:/altera/12.1sp1/nios2eds/bin/gnu/h-i686-mingw32/bin/../lib/gcc/nios2-elf/4.1.2/mno-hw-mul\libgcc.a(lib2-divmod.o)
 .comment       0x00000000       0x27 c:/altera/12.1sp1/nios2eds/bin/gnu/h-i686-mingw32/bin/../lib/gcc/nios2-elf/4.1.2/mno-hw-mul\libgcc.a(lib2-mul.o)
 .comment       0x00000000       0x27 c:/altera/12.1sp1/nios2eds/bin/gnu/h-i686-mingw32/bin/../lib/gcc/nios2-elf/4.1.2/mno-hw-mul\libgcc.a(_muldi3.o)
 .comment       0x00000000       0x27 c:/altera/12.1sp1/nios2eds/bin/gnu/h-i686-mingw32/bin/../lib/gcc/nios2-elf/4.1.2/mno-hw-mul\libgcc.a(_clz.o)
 .comment       0x00000000       0x27 c:/altera/12.1sp1/nios2eds/bin/gnu/h-i686-mingw32/bin/../lib/gcc/nios2-elf/4.1.2/mno-hw-mul\libgcc.a(_clzsi2.o)
 .comment       0x00000000       0x27 c:/altera/12.1sp1/nios2eds/bin/gnu/h-i686-mingw32/bin/../lib/gcc/nios2-elf/4.1.2/mno-hw-mul\libgcc.a(_pack_df.o)
 .comment       0x00000000       0x27 c:/altera/12.1sp1/nios2eds/bin/gnu/h-i686-mingw32/bin/../lib/gcc/nios2-elf/4.1.2/mno-hw-mul\libgcc.a(_unpack_df.o)
 .comment       0x00000000       0x27 c:/altera/12.1sp1/nios2eds/bin/gnu/h-i686-mingw32/bin/../lib/gcc/nios2-elf/4.1.2/mno-hw-mul\libgcc.a(_fpcmp_parts_df.o)
 .comment       0x00000000       0x27 ../adc_test_bsp/\libucosii_bsp.a(alt_close.o)
 .comment       0x00000000       0x27 ../adc_test_bsp/\libucosii_bsp.a(alt_dev.o)
 .comment       0x00000000       0x27 ../adc_test_bsp/\libucosii_bsp.a(alt_errno.o)
 .comment       0x00000000       0x27 ../adc_test_bsp/\libucosii_bsp.a(alt_fstat.o)
 .comment       0x00000000       0x27 ../adc_test_bsp/\libucosii_bsp.a(alt_isatty.o)
 .comment       0x00000000       0x27 ../adc_test_bsp/\libucosii_bsp.a(alt_load.o)
 .comment       0x00000000       0x27 ../adc_test_bsp/\libucosii_bsp.a(alt_lseek.o)
 .comment       0x00000000       0x27 ../adc_test_bsp/\libucosii_bsp.a(alt_main.o)
 .comment       0x00000000       0x27 ../adc_test_bsp/\libucosii_bsp.a(alt_read.o)
 .comment       0x00000000       0x27 ../adc_test_bsp/\libucosii_bsp.a(alt_release_fd.o)
 .comment       0x00000000       0x27 ../adc_test_bsp/\libucosii_bsp.a(alt_sbrk.o)
 .comment       0x00000000       0x27 ../adc_test_bsp/\libucosii_bsp.a(alt_write.o)
 .comment       0x00000000       0x27 ../adc_test_bsp/\libucosii_bsp.a(alt_env_lock.o)
 .comment       0x00000000       0x27 ../adc_test_bsp/\libucosii_bsp.a(alt_malloc_lock.o)
 .comment       0x00000000       0x27 ../adc_test_bsp/\libucosii_bsp.a(os_core.o)
 .comment       0x00000000       0x27 ../adc_test_bsp/\libucosii_bsp.a(os_dbg.o)
 .comment       0x00000000       0x27 ../adc_test_bsp/\libucosii_bsp.a(os_flag.o)
 .comment       0x00000000       0x27 ../adc_test_bsp/\libucosii_bsp.a(os_mem.o)
 .comment       0x00000000       0x27 ../adc_test_bsp/\libucosii_bsp.a(os_q.o)
 .comment       0x00000000       0x27 ../adc_test_bsp/\libucosii_bsp.a(os_sem.o)
 .comment       0x00000000       0x27 ../adc_test_bsp/\libucosii_bsp.a(os_task.o)
 .comment       0x00000000       0x27 ../adc_test_bsp/\libucosii_bsp.a(os_time.o)
 .comment       0x00000000       0x27 ../adc_test_bsp/\libucosii_bsp.a(alt_sys_init.o)
 .comment       0x00000000       0x27 ../adc_test_bsp/\libucosii_bsp.a(altera_avalon_jtag_uart_fd.o)
 .comment       0x00000000       0x27 ../adc_test_bsp/\libucosii_bsp.a(altera_avalon_jtag_uart_init.o)
 .comment       0x00000000       0x27 ../adc_test_bsp/\libucosii_bsp.a(altera_avalon_jtag_uart_ioctl.o)
 .comment       0x00000000       0x27 ../adc_test_bsp/\libucosii_bsp.a(altera_avalon_jtag_uart_read.o)
 .comment       0x00000000       0x27 ../adc_test_bsp/\libucosii_bsp.a(altera_avalon_jtag_uart_write.o)
 .comment       0x00000000       0x27 ../adc_test_bsp/\libucosii_bsp.a(altera_avalon_timer_sc.o)
 .comment       0x00000000       0x27 ../adc_test_bsp/\libucosii_bsp.a(altera_up_avalon_de0_nano_adc.o)
 .comment       0x00000000       0x27 ../adc_test_bsp/\libucosii_bsp.a(alt_alarm_start.o)
 .comment       0x00000000       0x27 ../adc_test_bsp/\libucosii_bsp.a(alt_dcache_flush_all.o)
 .comment       0x00000000       0x27 ../adc_test_bsp/\libucosii_bsp.a(alt_dev_llist_insert.o)
 .comment       0x00000000       0x27 ../adc_test_bsp/\libucosii_bsp.a(alt_do_ctors.o)
 .comment       0x00000000       0x27 ../adc_test_bsp/\libucosii_bsp.a(alt_do_dtors.o)
 .comment       0x00000000       0x27 ../adc_test_bsp/\libucosii_bsp.a(alt_find_dev.o)
 .comment       0x00000000       0x27 ../adc_test_bsp/\libucosii_bsp.a(alt_icache_flush_all.o)
 .comment       0x00000000       0x27 ../adc_test_bsp/\libucosii_bsp.a(alt_iic.o)
 .comment       0x00000000       0x27 ../adc_test_bsp/\libucosii_bsp.a(alt_iic_isr_register.o)
 .comment       0x00000000       0x27 ../adc_test_bsp/\libucosii_bsp.a(alt_io_redirect.o)
 .comment       0x00000000       0x27 ../adc_test_bsp/\libucosii_bsp.a(alt_irq_handler.o)
 .comment       0x00000000       0x27 ../adc_test_bsp/\libucosii_bsp.a(alt_irq_vars.o)
 .comment       0x00000000       0x27 ../adc_test_bsp/\libucosii_bsp.a(alt_open.o)
 .comment       0x00000000       0x27 ../adc_test_bsp/\libucosii_bsp.a(alt_tick.o)
 .comment       0x00000000       0x27 ../adc_test_bsp/\libucosii_bsp.a(altera_nios2_qsys_irq.o)
 .comment       0x00000000       0x27 ../adc_test_bsp/\libucosii_bsp.a(os_cpu_c.o)
 .comment       0x00000000       0x27 ../adc_test_bsp/\libucosii_bsp.a(alt_find_file.o)
 .comment       0x00000000       0x27 ../adc_test_bsp/\libucosii_bsp.a(alt_get_fd.o)