Archive member included because of file (symbol)

c:/altera/12.1sp1/nios2eds/bin/gnu/h-i686-mingw32/bin/../lib/gcc/nios2-elf/4.1.2\libgcc.a(lib2-divmod.o)
                              obj/default/i2c_opencores.o (__udivsi3)
c:/altera/12.1sp1/nios2eds/bin/gnu/h-i686-mingw32/bin/../lib/gcc/nios2-elf/4.1.2/../../../../nios2-elf/lib\libc.a(lib_a-printf.o)
                              obj/default/i2c_test.o (printf)
c:/altera/12.1sp1/nios2eds/bin/gnu/h-i686-mingw32/bin/../lib/gcc/nios2-elf/4.1.2/../../../../nios2-elf/lib\libc.a(lib_a-vfprintf.o)
                              c:/altera/12.1sp1/nios2eds/bin/gnu/h-i686-mingw32/bin/../lib/gcc/nios2-elf/4.1.2/../../../../nios2-elf/lib\libc.a(lib_a-printf.o) (___vfprintf_internal_r)
c:/altera/12.1sp1/nios2eds/bin/gnu/h-i686-mingw32/bin/../lib/gcc/nios2-elf/4.1.2/../../../../nios2-elf/lib\libc.a(lib_a-wsetup.o)
                              c:/altera/12.1sp1/nios2eds/bin/gnu/h-i686-mingw32/bin/../lib/gcc/nios2-elf/4.1.2/../../../../nios2-elf/lib\libc.a(lib_a-vfprintf.o) (__swsetup_r)
c:/altera/12.1sp1/nios2eds/bin/gnu/h-i686-mingw32/bin/../lib/gcc/nios2-elf/4.1.2/../../../../nios2-elf/lib\libc.a(lib_a-dtoa.o)
                              c:/altera/12.1sp1/nios2eds/bin/gnu/h-i686-mingw32/bin/../lib/gcc/nios2-elf/4.1.2/../../../../nios2-elf/lib\libc.a(lib_a-vfprintf.o) (_dtoa_r)
c:/altera/12.1sp1/nios2eds/bin/gnu/h-i686-mingw32/bin/../lib/gcc/nios2-elf/4.1.2/../../../../nios2-elf/lib\libc.a(lib_a-fflush.o)
                              c:/altera/12.1sp1/nios2eds/bin/gnu/h-i686-mingw32/bin/../lib/gcc/nios2-elf/4.1.2/../../../../nios2-elf/lib\libc.a(lib_a-vfprintf.o) (_fflush_r)
c:/altera/12.1sp1/nios2eds/bin/gnu/h-i686-mingw32/bin/../lib/gcc/nios2-elf/4.1.2/../../../../nios2-elf/lib\libc.a(lib_a-findfp.o)
                              c:/altera/12.1sp1/nios2eds/bin/gnu/h-i686-mingw32/bin/../lib/gcc/nios2-elf/4.1.2/../../../../nios2-elf/lib\libc.a(lib_a-vfprintf.o) (__sinit)
c:/altera/12.1sp1/nios2eds/bin/gnu/h-i686-mingw32/bin/../lib/gcc/nios2-elf/4.1.2/../../../../nios2-elf/lib\libc.a(lib_a-freer.o)
                              c:/altera/12.1sp1/nios2eds/bin/gnu/h-i686-mingw32/bin/../lib/gcc/nios2-elf/4.1.2/../../../../nios2-elf/lib\libc.a(lib_a-wsetup.o) (_free_r)
c:/altera/12.1sp1/nios2eds/bin/gnu/h-i686-mingw32/bin/../lib/gcc/nios2-elf/4.1.2/../../../../nios2-elf/lib\libc.a(lib_a-fvwrite.o)
                              c:/altera/12.1sp1/nios2eds/bin/gnu/h-i686-mingw32/bin/../lib/gcc/nios2-elf/4.1.2/../../../../nios2-elf/lib\libc.a(lib_a-vfprintf.o) (__sfvwrite_r)
c:/altera/12.1sp1/nios2eds/bin/gnu/h-i686-mingw32/bin/../lib/gcc/nios2-elf/4.1.2/../../../../nios2-elf/lib\libc.a(lib_a-fwalk.o)
                              c:/altera/12.1sp1/nios2eds/bin/gnu/h-i686-mingw32/bin/../lib/gcc/nios2-elf/4.1.2/../../../../nios2-elf/lib\libc.a(lib_a-fflush.o) (_fwalk_reent)
c:/altera/12.1sp1/nios2eds/bin/gnu/h-i686-mingw32/bin/../lib/gcc/nios2-elf/4.1.2/../../../../nios2-elf/lib\libc.a(lib_a-impure.o)
                              c:/altera/12.1sp1/nios2eds/bin/gnu/h-i686-mingw32/bin/../lib/gcc/nios2-elf/4.1.2/../../../../nios2-elf/lib\libc.a(lib_a-printf.o) (_impure_ptr)
c:/altera/12.1sp1/nios2eds/bin/gnu/h-i686-mingw32/bin/../lib/gcc/nios2-elf/4.1.2/../../../../nios2-elf/lib\libc.a(lib_a-locale.o)
                              c:/altera/12.1sp1/nios2eds/bin/gnu/h-i686-mingw32/bin/../lib/gcc/nios2-elf/4.1.2/../../../../nios2-elf/lib\libc.a(lib_a-vfprintf.o) (_localeconv_r)
c:/altera/12.1sp1/nios2eds/bin/gnu/h-i686-mingw32/bin/../lib/gcc/nios2-elf/4.1.2/../../../../nios2-elf/lib\libc.a(lib_a-makebuf.o)
                              c:/altera/12.1sp1/nios2eds/bin/gnu/h-i686-mingw32/bin/../lib/gcc/nios2-elf/4.1.2/../../../../nios2-elf/lib\libc.a(lib_a-wsetup.o) (__smakebuf_r)
c:/altera/12.1sp1/nios2eds/bin/gnu/h-i686-mingw32/bin/../lib/gcc/nios2-elf/4.1.2/../../../../nios2-elf/lib\libc.a(lib_a-mallocr.o)
                              c:/altera/12.1sp1/nios2eds/bin/gnu/h-i686-mingw32/bin/../lib/gcc/nios2-elf/4.1.2/../../../../nios2-elf/lib\libc.a(lib_a-findfp.o) (_malloc_r)
c:/altera/12.1sp1/nios2eds/bin/gnu/h-i686-mingw32/bin/../lib/gcc/nios2-elf/4.1.2/../../../../nios2-elf/lib\libc.a(lib_a-memchr.o)
                              c:/altera/12.1sp1/nios2eds/bin/gnu/h-i686-mingw32/bin/../lib/gcc/nios2-elf/4.1.2/../../../../nios2-elf/lib\libc.a(lib_a-vfprintf.o) (memchr)
c:/altera/12.1sp1/nios2eds/bin/gnu/h-i686-mingw32/bin/../lib/gcc/nios2-elf/4.1.2/../../../../nios2-elf/lib\libc.a(lib_a-memcpy.o)
                              c:/altera/12.1sp1/nios2eds/bin/gnu/h-i686-mingw32/bin/../lib/gcc/nios2-elf/4.1.2/../../../../nios2-elf/lib\libc.a(lib_a-dtoa.o) (memcpy)
c:/altera/12.1sp1/nios2eds/bin/gnu/h-i686-mingw32/bin/../lib/gcc/nios2-elf/4.1.2/../../../../nios2-elf/lib\libc.a(lib_a-memmove.o)
                              c:/altera/12.1sp1/nios2eds/bin/gnu/h-i686-mingw32/bin/../lib/gcc/nios2-elf/4.1.2/../../../../nios2-elf/lib\libc.a(lib_a-fvwrite.o) (memmove)
[...]
Memory Configuration

Name             Origin             Length             Attributes
reset            0x02000000         0x00000020
sdram            0x02000020         0x01ffffe0
epcs_flash_controller 0x04000800         0x00000800
*default*        0x00000000         0xffffffff

Linker script and memory map

LOAD ../alt_i2c_test_2_bsp//obj/HAL/src/crt0.o
LOAD obj/default/i2c_opencores.o
LOAD obj/default/i2c_test.o
LOAD c:/altera/12.1sp1/nios2eds/bin/gnu/h-i686-mingw32/bin/../lib/gcc/nios2-elf/4.1.2/../../../../nios2-elf/lib\libstdc++.a
LOAD c:/altera/12.1sp1/nios2eds/bin/gnu/h-i686-mingw32/bin/../lib/gcc/nios2-elf/4.1.2/../../../../nios2-elf/lib\libm.a
LOAD c:/altera/12.1sp1/nios2eds/bin/gnu/h-i686-mingw32/bin/../lib/gcc/nios2-elf/4.1.2\libgcc.a
START GROUP
LOAD c:/altera/12.1sp1/nios2eds/bin/gnu/h-i686-mingw32/bin/../lib/gcc/nios2-elf/4.1.2/../../../../nios2-elf/lib\libc.a
LOAD c:/altera/12.1sp1/nios2eds/bin/gnu/h-i686-mingw32/bin/../lib/gcc/nios2-elf/4.1.2\libgcc.a
LOAD ../alt_i2c_test_2_bsp/\libucosii_bsp.a
END GROUP
LOAD c:/altera/12.1sp1/nios2eds/bin/gnu/h-i686-mingw32/bin/../lib/gcc/nios2-elf/4.1.2\libgcc.a
                0x02000000                __alt_mem_sdram = 0x2000000
                0x04000800                __alt_mem_epcs_flash_controller = 0x4000800

.entry          0x02000000       0x20
 *(.entry)
 .entry         0x02000000       0x20 ../alt_i2c_test_2_bsp//obj/HAL/src/crt0.o
                0x02000000                __reset

.exceptions     0x02000020      0x19c
                0x02000020                PROVIDE (__ram_exceptions_start, ABSOLUTE (.))
                0x02000020                . = ALIGN (0x20)
 *(.irq)
 *(.exceptions.entry.label)
 .exceptions.entry.label
                0x02000020        0x0 ../alt_i2c_test_2_bsp/\libucosii_bsp.a(alt_irq_entry.o)
                0x02000020                alt_irq_entry
 .exceptions.entry.label
                0x02000020        0x0 ../alt_i2c_test_2_bsp/\libucosii_bsp.a(alt_exception_entry.o)
                0x02000020                alt_exception
 *(.exceptions.entry.user)
 *(.exceptions.entry)
 .exceptions.entry
                0x02000020       0x54 ../alt_i2c_test_2_bsp/\libucosii_bsp.a(alt_exception_entry.o)
 *(.exceptions.irqtest.user)
 *(.exceptions.irqtest)
 .exceptions.irqtest
                0x02000074       0x10 ../alt_i2c_test_2_bsp/\libucosii_bsp.a(alt_irq_entry.o)
 *(.exceptions.irqhandler.user)
 *(.exceptions.irqhandler)
 .exceptions.irqhandler
                0x02000084        0x4 ../alt_i2c_test_2_bsp/\libucosii_bsp.a(alt_irq_entry.o)
 *(.exceptions.irqreturn.user)
 *(.exceptions.irqreturn)
 .exceptions.irqreturn
                0x02000088        0x4 ../alt_i2c_test_2_bsp/\libucosii_bsp.a(alt_irq_entry.o)
 *(.exceptions.notirq.label)
 .exceptions.notirq.label
                0x0200008c        0x0 ../alt_i2c_test_2_bsp/\libucosii_bsp.a(alt_irq_entry.o)
 *(.exceptions.notirq.user)
 *(.exceptions.notirq)
 .exceptions.notirq
                0x0200008c        0x8 ../alt_i2c_test_2_bsp/\libucosii_bsp.a(alt_exception_entry.o)
 *(.exceptions.soft.user)
 *(.exceptions.soft)
 *(.exceptions.unknown.user)
 *(.exceptions.unknown)
 .exceptions.unknown
                0x02000094        0x4 ../alt_i2c_test_2_bsp/\libucosii_bsp.a(alt_exception_entry.o)
 *(.exceptions.exit.label)
 .exceptions.exit.label
                0x02000098        0x0 ../alt_i2c_test_2_bsp/\libucosii_bsp.a(alt_irq_entry.o)
 .exceptions.exit.label
                0x02000098        0x0 ../alt_i2c_test_2_bsp/\libucosii_bsp.a(alt_exception_entry.o)
 *(.exceptions.exit.user)
 *(.exceptions.exit)
 .exceptions.exit
                0x02000098       0x54 ../alt_i2c_test_2_bsp/\libucosii_bsp.a(alt_exception_entry.o)
 *(.exceptions)
 .exceptions    0x020000ec       0xd0 ../alt_i2c_test_2_bsp/\libucosii_bsp.a(alt_irq_handler.o)
                0x020000ec                alt_irq_handler
                0x020001bc                PROVIDE (__ram_exceptions_end, ABSOLUTE (.))
                0x02000020                PROVIDE (__flash_exceptions_start, LOADADDR (.exceptions))

.text           0x020001bc    0x166b4
                0x020001bc                PROVIDE (stext, ABSOLUTE (.))
 *(.interp)
 *(.hash)
 *(.dynsym)
 *(.dynstr)
 *(.gnu.version)
 *(.gnu.version_d)
 *(.gnu.version_r)
 *(.rel.init)
 *(.rela.init)
 *(.rel.text .rel.text.* .rel.gnu.linkonce.t.*)
 *(.rela.text .rela.text.* .rela.gnu.linkonce.t.*)
 *(.rel.fini)
 *(.rela.fini)
 *(.rel.rodata .rel.rodata.* .rel.gnu.linkonce.r.*)
 *(.rela.rodata .rela.rodata.* .rela.gnu.linkonce.r.*)
 *(.rel.data .rel.data.* .rel.gnu.linkonce.d.*)
 *(.rela.data .rela.data.* .rela.gnu.linkonce.d.*)
 *(.rel.tdata .rel.tdata.* .rel.gnu.linkonce.td.*)
 *(.rela.tdata .rela.tdata.* .rela.gnu.linkonce.td.*)
 *(.rel.tbss .rel.tbss.* .rel.gnu.linkonce.tb.*)
 *(.rela.tbss .rela.tbss.* .rela.gnu.linkonce.tb.*)
 *(.rel.ctors)
 *(.rela.ctors)
 *(.rel.dtors)
 *(.rela.dtors)
 *(.rel.got)
 *(.rela.got)
 *(.rel.sdata .rel.sdata.* .rel.gnu.linkonce.s.*)
 *(.rela.sdata .rela.sdata.* .rela.gnu.linkonce.s.*)
 *(.rel.sbss .rel.sbss.* .rel.gnu.linkonce.sb.*)
 *(.rela.sbss .rela.sbss.* .rela.gnu.linkonce.sb.*)
 *(.rel.sdata2 .rel.sdata2.* .rel.gnu.linkonce.s2.*)
 *(.rela.sdata2 .rela.sdata2.* .rela.gnu.linkonce.s2.*)
 *(.rel.sbss2 .rel.sbss2.* .rel.gnu.linkonce.sb2.*)
 *(.rela.sbss2 .rela.sbss2.* .rela.gnu.linkonce.sb2.*)
 *(.rel.bss .rel.bss.* .rel.gnu.linkonce.b.*)
 *(.rela.bss .rela.bss.* .rela.gnu.linkonce.b.*)
 *(.rel.plt)
 *(.rela.plt)
 *(.rel.dyn)
 *(.init)
 *(.plt)
 *(.text .stub .text.* .gnu.linkonce.t.*)
 .text          0x020001bc       0x4c ../alt_i2c_test_2_bsp//obj/HAL/src/crt0.o
                0x020001bc                _start
 .text          0x02000208      0x28c obj/default/i2c_opencores.o
                0x02000208                I2C_init
                0x020002b4                I2C_start
                0x02000360                I2C_read
                0x020003e0                I2C_write
 .text          0x02000494      0x138 obj/default/i2c_test.o
                0x02000494                main
                0x02000500                task1(void*)
 .text          0x020005cc      0x14c c:/altera/12.1sp1/nios2eds/bin/gnu/h-i686-mingw32/bin/../lib/gcc/nios2-elf/4.1.2\libgcc.a(lib2-divmod.o)
                0x02000648                __divsi3
                0x020006a8                __modsi3
                0x02000708                __udivsi3
                0x02000710                __umodsi3
 .text          0x02000718       0x78 c:/altera/12.1sp1/nios2eds/bin/gnu/h-i686-mingw32/bin/../lib/gcc/nios2-elf/4.1.2/../../../../nios2-elf/lib\libc.a(lib_a-printf.o)
                0x02000718                printf
                0x0200075c                _printf_r
 .text          0x02000790     0x1f28 c:/altera/12.1sp1/nios2eds/bin/gnu/h-i686-mingw32/bin/../lib/gcc/nios2-elf/4.1.2/../../../../nios2-elf/lib\libc.a(lib_a-vfprintf.o)
                0x020007e8                ___vfprintf_internal_r
                0x02002694                __vfprintf_internal
 .text          0x020026b8      0x13c c:/altera/12.1sp1/nios2eds/bin/gnu/h-i686-mingw32/bin/../lib/gcc/nios2-elf/4.1.2/../../../../nios2-elf/lib\libc.a(lib_a-wsetup.o)
                0x020026b8                __swsetup_r
 .text          0x020027f4     0x17cc c:/altera/12.1sp1/nios2eds/bin/gnu/h-i686-mingw32/bin/../lib/gcc/nios2-elf/4.1.2/../../../../nios2-elf/lib\libc.a(lib_a-dtoa.o)
                0x02002a0c                _dtoa_r
 .text          0x02003fc0      0x230 c:/altera/12.1sp1/nios2eds/bin/gnu/h-i686-mingw32/bin/../lib/gcc/nios2-elf/4.1.2/../../../../nios2-elf/lib\libc.a(lib_a-fflush.o)
                0x02003fc0                _fflush_r
                0x020041bc                fflush
 .text          0x020041f0      0x2c0 c:/altera/12.1sp1/nios2eds/bin/gnu/h-i686-mingw32/bin/../lib/gcc/nios2-elf/4.1.2/../../../../nios2-elf/lib\libc.a(lib_a-findfp.o)
                0x02004248                __sfp_lock_acquire
                0x0200424c                __sfp_lock_release
                0x02004250                __sinit_lock_acquire
                0x02004254                __sinit_lock_release
                0x02004258                __sinit
                0x0200430c                __fp_unlock_all
                0x02004324                __fp_lock_all
                0x0200433c                _cleanup_r
                0x02004348                _cleanup
                0x02004358                __sfmoreglue
                0x020043c0                __sfp
 .text          0x020044b0      0x440 c:/altera/12.1sp1/nios2eds/bin/gnu/h-i686-mingw32/bin/../lib/gcc/nios2-elf/4.1.2/../../../../nios2-elf/lib\libc.a(lib_a-freer.o)
                0x020044b0                _malloc_trim_r
                0x020045dc                _free_r
 .text          0x020048f0      0x49c c:/altera/12.1sp1/nios2eds/bin/gnu/h-i686-mingw32/bin/../lib/gcc/nios2-elf/4.1.2/../../../../nios2-elf/lib\libc.a(lib_a-fvwrite.o)
                0x020048f0                __sfvwrite_r
 .text          0x02004d8c      0x180 c:/altera/12.1sp1/nios2eds/bin/gnu/h-i686-mingw32/bin/../lib/gcc/nios2-elf/4.1.2/../../../../nios2-elf/lib\libc.a(lib_a-fwalk.o)
                0x02004d8c                _fwalk_reent
                0x02004e54                _fwalk
 .text          0x02004f0c        0x0 c:/altera/12.1sp1/nios2eds/bin/gnu/h-i686-mingw32/bin/../lib/gcc/nios2-elf/4.1.2/../../../../nios2-elf/lib\libc.a(lib_a-impure.o)
 .text          0x02004f0c       0xc4 c:/altera/12.1sp1/nios2eds/bin/gnu/h-i686-mingw32/bin/../lib/gcc/nios2-elf/4.1.2/../../../../nios2-elf/lib\libc.a(lib_a-locale.o)
                0x02004f0c                __locale_charset
                0x02004f14                _localeconv_r
                0x02004f20                localeconv
                0x02004f30                _setlocale_r
                0x02004fb4                setlocale
 .text          0x02004fd0      0x194 c:/altera/12.1sp1/nios2eds/bin/gnu/h-i686-mingw32/bin/../lib/gcc/nios2-elf/4.1.2/../../../../nios2-elf/lib\libc.a(lib_a-makebuf.o)
                0x02004fd0                __smakebuf_r
 .text          0x02005164      0x740 c:/altera/12.1sp1/nios2eds/bin/gnu/h-i686-mingw32/bin/../lib/gcc/nios2-elf/4.1.2/../../../../nios2-elf/lib\libc.a(lib_a-mallocr.o)
                0x02005164                _malloc_r
 .text          0x020058a4       0xe4 c:/altera/12.1sp1/nios2eds/bin/gnu/h-i686-mingw32/bin/../lib/gcc/nios2-elf/4.1.2/../../../../nios2-elf/lib\libc.a(lib_a-memchr.o)
                0x020058a4                memchr
 .text          0x02005988       0xa0 c:/altera/12.1sp1/nios2eds/bin/gnu/h-i686-mingw32/bin/../lib/gcc/nios2-elf/4.1.2/../../../../nios2-elf/lib\libc.a(lib_a-memcpy.o)
                0x02005988                memcpy
 .text          0x02005a28       0xe0 c:/altera/12.1sp1/nios2eds/bin/gnu/h-i686-mingw32/bin/../lib/gcc/nios2-elf/4.1.2/../../../../nios2-elf/lib\libc.a(lib_a-memmove.o)
                0x02005a28                memmove
 .text          0x02005b08       0x98 c:/altera/12.1sp1/nios2eds/bin/gnu/h-i686-mingw32/bin/../lib/gcc/nios2-elf/4.1.2/../../../../nios2-elf/lib\libc.a(lib_a-memset.o)
                0x02005b08                memset
 .text          0x02005ba0      0xff4 c:/altera/12.1sp1/nios2eds/bin/gnu/h-i686-mingw32/bin/../lib/gcc/nios2-elf/4.1.2/../../../../nios2-elf/lib\libc.a(lib_a-mprec.o)
                0x02005ba0                _Bfree
                0x02005bc8                __hi0bits
                0x02005c38                __lo0bits
                0x02005cfc                __mcmp
                0x02005d5c                __ulp
                0x02005ddc                __b2d
                0x02005efc                __ratio
                0x02005fac                _mprec_log10
                0x02006040                __copybits
                0x02006098                __any_on
                0x02006120                _Balloc
                0x020061dc                __d2b
                0x02006358                __mdiff
                0x020064e4                __lshift
                0x02006630                __multiply
                0x02006818                __i2b
                0x02006854                __multadd
                0x02006954                __pow5mult
                0x02006a74                __s2b
 .text          0x02006b94      0x5f4 c:/altera/12.1sp1/nios2eds/bin/gnu/h-i686-mingw32/bin/../lib/gcc/nios2-elf/4.1.2/../../../../nios2-elf/lib\libc.a(lib_a-reallocr.o)
                0x02006b94                _realloc_r
 .text          0x02007188       0x40 c:/altera/12.1sp1/nios2eds/bin/gnu/h-i686-mingw32/bin/../lib/gcc/nios2-elf/4.1.2/../../../../nios2-elf/lib\libc.a(lib_a-s_isinfd.o)
                0x02007188                __isinfd
 .text          0x020071c8       0x30 c:/altera/12.1sp1/nios2eds/bin/gnu/h-i686-mingw32/bin/../lib/gcc/nios2-elf/4.1.2/../../../../nios2-elf/lib\libc.a(lib_a-s_isnand.o)
                0x020071c8                __isnand
 .text          0x020071f8       0x70 c:/altera/12.1sp1/nios2eds/bin/gnu/h-i686-mingw32/bin/../lib/gcc/nios2-elf/4.1.2/../../../../nios2-elf/lib\libc.a(lib_a-sbrkr.o)
                0x020071f8                _sbrk_r
 .text          0x02007268      0x14c c:/altera/12.1sp1/nios2eds/bin/gnu/h-i686-mingw32/bin/../lib/gcc/nios2-elf/4.1.2/../../../../nios2-elf/lib\libc.a(lib_a-stdio.o)
                0x02007268                __sclose
                0x02007270                __sseek
                0x020072d8                __swrite
                0x02007354                __sread
 .text          0x020073b4       0xbc c:/altera/12.1sp1/nios2eds/bin/gnu/h-i686-mingw32/bin/../lib/gcc/nios2-elf/4.1.2/../../../../nios2-elf/lib\libc.a(lib_a-strcmp.o)
                0x020073b4                strcmp
 .text          0x02007470       0x74 c:/altera/12.1sp1/nios2eds/bin/gnu/h-i686-mingw32/bin/../lib/gcc/nios2-elf/4.1.2/../../../../nios2-elf/lib\libc.a(lib_a-strlen.o)
                0x02007470                strlen
 .text          0x020074e4       0x78 c:/altera/12.1sp1/nios2eds/bin/gnu/h-i686-mingw32/bin/../lib/gcc/nios2-elf/4.1.2/../../../../nios2-elf/lib\libc.a(lib_a-writer.o)
                0x020074e4                _write_r
 .text          0x0200755c       0xb4 c:/altera/12.1sp1/nios2eds/bin/gnu/h-i686-mingw32/bin/../lib/gcc/nios2-elf/4.1.2/../../../../nios2-elf/lib\libc.a(lib_a-callocr.o)
                0x0200755c                _calloc_r
 .text          0x02007610       0x70 c:/altera/12.1sp1/nios2eds/bin/gnu/h-i686-mingw32/bin/../lib/gcc/nios2-elf/4.1.2/../../../../nios2-elf/lib\libc.a(lib_a-closer.o)
                0x02007610                _close_r
 .text          0x02007680      0x124 c:/altera/12.1sp1/nios2eds/bin/gnu/h-i686-mingw32/bin/../lib/gcc/nios2-elf/4.1.2/../../../../nios2-elf/lib\libc.a(lib_a-fclose.o)
                0x02007680                _fclose_r
                0x02007790                fclose
 .text          0x020077a4       0x74 c:/altera/12.1sp1/nios2eds/bin/gnu/h-i686-mingw32/bin/../lib/gcc/nios2-elf/4.1.2/../../../../nios2-elf/lib\libc.a(lib_a-fstatr.o)
                0x020077a4                _fstat_r
 .text          0x02007818        0x0 c:/altera/12.1sp1/nios2eds/bin/gnu/h-i686-mingw32/bin/../lib/gcc/nios2-elf/4.1.2/../../../../nios2-elf/lib\libc.a(lib_a-int_errno.o)
 .text          0x02007818       0x70 c:/altera/12.1sp1/nios2eds/bin/gnu/h-i686-mingw32/bin/../lib/gcc/nios2-elf/4.1.2/../../../../nios2-elf/lib\libc.a(lib_a-isattyr.o)
                0x02007818                _isatty_r
 .text          0x02007888       0x78 c:/altera/12.1sp1/nios2eds/bin/gnu/h-i686-mingw32/bin/../lib/gcc/nios2-elf/4.1.2/../../../../nios2-elf/lib\libc.a(lib_a-lseekr.o)
                0x02007888                _lseek_r
 .text          0x02007900       0x78 c:/altera/12.1sp1/nios2eds/bin/gnu/h-i686-mingw32/bin/../lib/gcc/nios2-elf/4.1.2/../../../../nios2-elf/lib\libc.a(lib_a-readr.o)
                0x02007900                _read_r
 .text          0x02007978      0x5dc c:/altera/12.1sp1/nios2eds/bin/gnu/h-i686-mingw32/bin/../lib/gcc/nios2-elf/4.1.2\libgcc.a(_udivdi3.o)
                0x02007978                __udivdi3
 .text          0x02007f54      0x5b0 c:/altera/12.1sp1/nios2eds/bin/gnu/h-i686-mingw32/bin/../lib/gcc/nios2-elf/4.1.2\libgcc.a(_umoddi3.o)
                0x02007f54                __umoddi3
 .text          0x02008504      0x504 c:/altera/12.1sp1/nios2eds/bin/gnu/h-i686-mingw32/bin/../lib/gcc/nios2-elf/4.1.2\libgcc.a(_addsub_df.o)
                0x02008914                __subdf3
                0x02008994                __adddf3
 .text          0x02008a08      0x3c4 c:/altera/12.1sp1/nios2eds/bin/gnu/h-i686-mingw32/bin/../lib/gcc/nios2-elf/4.1.2\libgcc.a(_mul_df.o)
                0x02008a08                __muldf3
 .text          0x02008dcc      0x258 c:/altera/12.1sp1/nios2eds/bin/gnu/h-i686-mingw32/bin/../lib/gcc/nios2-elf/4.1.2\libgcc.a(_div_df.o)
                0x02008dcc                __divdf3
 .text          0x02009024       0x88 c:/altera/12.1sp1/nios2eds/bin/gnu/h-i686-mingw32/bin/../lib/gcc/nios2-elf/4.1.2\libgcc.a(_eq_df.o)
                0x02009024                __eqdf2
 .text          0x020090ac       0x88 c:/altera/12.1sp1/nios2eds/bin/gnu/h-i686-mingw32/bin/../lib/gcc/nios2-elf/4.1.2\libgcc.a(_ne_df.o)
                0x020090ac                __nedf2
 .text          0x02009134       0x88 c:/altera/12.1sp1/nios2eds/bin/gnu/h-i686-mingw32/bin/../lib/gcc/nios2-elf/4.1.2\libgcc.a(_gt_df.o)
                0x02009134                __gtdf2
 .text          0x020091bc       0x88 c:/altera/12.1sp1/nios2eds/bin/gnu/h-i686-mingw32/bin/../lib/gcc/nios2-elf/4.1.2\libgcc.a(_ge_df.o)
                0x020091bc                __gedf2
 .text          0x02009244       0x88 c:/altera/12.1sp1/nios2eds/bin/gnu/h-i686-mingw32/bin/../lib/gcc/nios2-elf/4.1.2\libgcc.a(_lt_df.o)
                0x02009244                __ltdf2
 .text          0x020092cc       0xf8 c:/altera/12.1sp1/nios2eds/bin/gnu/h-i686-mingw32/bin/../lib/gcc/nios2-elf/4.1.2\libgcc.a(_si_to_df.o)
                0x020092cc                __floatsidf
 .text          0x020093c4       0xd8 c:/altera/12.1sp1/nios2eds/bin/gnu/h-i686-mingw32/bin/../lib/gcc/nios2-elf/4.1.2\libgcc.a(_df_to_si.o)
                0x020093c4                __fixdfsi
 .text          0x0200949c        0x0 c:/altera/12.1sp1/nios2eds/bin/gnu/h-i686-mingw32/bin/../lib/gcc/nios2-elf/4.1.2\libgcc.a(_thenan_df.o)
 .text          0x0200949c      0x194 c:/altera/12.1sp1/nios2eds/bin/gnu/h-i686-mingw32/bin/../lib/gcc/nios2-elf/4.1.2\libgcc.a(_usi_to_df.o)
                0x0200949c                __floatunsidf
 .text          0x02009630       0x98 c:/altera/12.1sp1/nios2eds/bin/gnu/h-i686-mingw32/bin/../lib/gcc/nios2-elf/4.1.2\libgcc.a(_muldi3.o)
                0x02009630                __muldi3
 .text          0x020096c8        0x0 c:/altera/12.1sp1/nios2eds/bin/gnu/h-i686-mingw32/bin/../lib/gcc/nios2-elf/4.1.2\libgcc.a(_clz.o)
 .text          0x020096c8       0x80 c:/altera/12.1sp1/nios2eds/bin/gnu/h-i686-mingw32/bin/../lib/gcc/nios2-elf/4.1.2\libgcc.a(_clzsi2.o)
                0x020096c8                __clzsi2
 .text          0x02009748      0x314 c:/altera/12.1sp1/nios2eds/bin/gnu/h-i686-mingw32/bin/../lib/gcc/nios2-elf/4.1.2\libgcc.a(_pack_df.o)
                0x02009748                __pack_d
 .text          0x02009a5c      0x138 c:/altera/12.1sp1/nios2eds/bin/gnu/h-i686-mingw32/bin/../lib/gcc/nios2-elf/4.1.2\libgcc.a(_unpack_df.o)
                0x02009a5c                __unpack_d
 .text          0x02009b94       0xc8 c:/altera/12.1sp1/nios2eds/bin/gnu/h-i686-mingw32/bin/../lib/gcc/nios2-elf/4.1.2\libgcc.a(_fpcmp_parts_df.o)
                0x02009b94                __fpcmp_parts_d
 .text          0x02009c5c      0x15c ../alt_i2c_test_2_bsp/\libucosii_bsp.a(alt_close.o)
                0x02009c5c                close
 .text          0x02009db8       0x2c ../alt_i2c_test_2_bsp/\libucosii_bsp.a(alt_dev.o)
 .text          0x02009de4        0x0 ../alt_i2c_test_2_bsp/\libucosii_bsp.a(alt_errno.o)
 .text          0x02009de4      0x134 ../alt_i2c_test_2_bsp/\libucosii_bsp.a(alt_fstat.o)
                0x02009de4                fstat
 .text          0x02009f18      0x120 ../alt_i2c_test_2_bsp/\libucosii_bsp.a(alt_isatty.o)
                0x02009f18                isatty
 .text          0x0200a038       0xec ../alt_i2c_test_2_bsp/\libucosii_bsp.a(alt_load.o)
                0x0200a038                alt_load
 .text          0x0200a124      0x150 ../alt_i2c_test_2_bsp/\libucosii_bsp.a(alt_lseek.o)
                0x0200a124                lseek
 .text          0x0200a274       0xc8 ../alt_i2c_test_2_bsp/\libucosii_bsp.a(alt_main.o)
                0x0200a274                alt_main
 .text          0x0200a33c      0x180 ../alt_i2c_test_2_bsp/\libucosii_bsp.a(alt_read.o)
                0x0200a33c                read
 .text          0x0200a4bc       0x60 ../alt_i2c_test_2_bsp/\libucosii_bsp.a(alt_release_fd.o)
                0x0200a4bc                alt_release_fd
 .text          0x0200a51c       0xbc ../alt_i2c_test_2_bsp/\libucosii_bsp.a(alt_sbrk.o)
                0x0200a51c                sbrk
 .text          0x0200a5d8      0x180 ../alt_i2c_test_2_bsp/\libucosii_bsp.a(alt_write.o)
                0x0200a5d8                write
 .text          0x0200a758      0x108 ../alt_i2c_test_2_bsp/\libucosii_bsp.a(alt_env_lock.o)
                0x0200a758                __env_lock
                0x0200a804                __env_unlock
 .text          0x0200a860      0x1d8 ../alt_i2c_test_2_bsp/\libucosii_bsp.a(alt_malloc_lock.o)
                0x0200a860                __malloc_lock
                0x0200a968                __malloc_unlock
 .text          0x0200aa38     0x2128 ../alt_i2c_test_2_bsp/\libucosii_bsp.a(os_core.o)
                0x0200aa38                OSEventNameGet
                0x0200ab68                OSEventNameSet
                0x0200acac                OSEventPendMulti
                0x0200b360                OSInit
                0x0200b3b4                OSIntEnter
                0x0200b430                OSIntExit
                0x0200b530                OSSchedLock
                0x0200b5bc                OSSchedUnlock
                0x0200b6a0                OSStart
                0x0200b710                OSStatInit
                0x0200b7bc                OSTimeTick
                0x0200b9fc                OSVersion
                0x0200ba1c                OS_Dummy
                0x0200ba38                OS_EventTaskRdy
                0x0200bbcc                OS_EventTaskWait
                0x0200bcdc                OS_EventTaskWaitMulti
                0x0200be30                OS_EventTaskRemove
                0x0200bee8                OS_EventTaskRemoveMulti
                0x0200bfec                OS_EventWaitListInit
                0x0200c3b8                OS_MemClr
                0x0200c40c                OS_MemCopy
                0x0200c478                OS_Sched
                0x0200c5bc                OS_StrCopy
                0x0200c63c                OS_StrLen
                0x0200c694                OS_TaskIdle
                0x0200c6f0                OS_TaskStat
                0x0200c7b8                OS_TaskStatStkChk
                0x0200c880                OS_TCBInit
 .text          0x0200cb60      0x18c ../alt_i2c_test_2_bsp/\libucosii_bsp.a(os_dbg.o)
                0x0200cb60                OSDebugInit
 .text          0x0200ccec     0x193c ../alt_i2c_test_2_bsp/\libucosii_bsp.a(os_flag.o)
                0x0200ccec                OSFlagAccept
                0x0200d020                OSFlagCreate
                0x0200d15c                OSFlagDel
                0x0200d404                OSFlagNameGet
                0x0200d548                OSFlagNameSet
                0x0200d69c                OSFlagPend
                0x0200dce0                OSFlagPendGetFlagsRdy
                0x0200dd48                OSFlagPost
                0x0200e0f0                OSFlagQuery
                0x0200e388                OS_FlagInit
                0x0200e57c                OS_FlagUnlink
 .text          0x0200e628      0x808 ../alt_i2c_test_2_bsp/\libucosii_bsp.a(os_mem.o)
                0x0200e628                OSMemCreate
                0x0200e844                OSMemGet
                0x0200e948                OSMemNameGet
                0x0200ea54                OSMemNameSet
                0x0200eb74                OSMemPut
                0x0200ec64                OSMemQuery
                0x0200ed60                OS_MemInit
 .text          0x0200ee30     0x1334 ../alt_i2c_test_2_bsp/\libucosii_bsp.a(os_q.o)
                0x0200ee30                OSQAccept
                0x0200ef84                OSQCreate
                0x0200f198                OSQDel
                0x0200f498                OSQFlush
                0x0200f560                OSQPend
                0x0200f880                OSQPendAbort
                0x0200f9fc                OSQPost
                0x0200fb7c                OSQPostFront
                0x0200fd04                OSQPostOpt
                0x0200ff38                OSQQuery
                0x020100b8                OS_QInit
 .text          0x02010164      0xbc8 ../alt_i2c_test_2_bsp/\libucosii_bsp.a(os_sem.o)
                0x02010164                OSSemAccept
                0x02010224                OSSemCreate
                0x02010338                OSSemDel
                0x020105d8                OSSemPend
                0x02010854                OSSemPendAbort
                0x020109d0                OSSemPost
                0x02010af8                OSSemQuery
                0x02010c28                OSSemSet
 .text          0x02010d2c     0x1a40 ../alt_i2c_test_2_bsp/\libucosii_bsp.a(os_task.o)
                0x02010d2c                OSTaskChangePrio
                0x020112a0                OSTaskCreate
                0x02011474                OSTaskCreateExt
                0x02011674                OSTaskDel
                0x02011a80                OSTaskDelReq
                0x02011bf0                OSTaskNameGet
                0x02011da8                OSTaskNameSet
                0x02011f6c                OSTaskResume
                0x02012184                OSTaskStkChk
                0x02012380                OSTaskSuspend
                0x020125ac                OSTaskQuery
                0x020126f0                OS_TaskStkClr
 .text          0x0201276c      0x598 ../alt_i2c_test_2_bsp/\libucosii_bsp.a(os_time.o)
                0x0201276c                OSTimeDly
                0x020128b8                OSTimeDlyHMSM
                0x02012a2c                OSTimeDlyResume
                0x02012c3c                OSTimeGet
                0x02012ca0                OSTimeSet
 .text          0x02012d04       0xe0 ../alt_i2c_test_2_bsp/\libucosii_bsp.a(alt_sys_init.o)
                0x02012d04                alt_irq_init
                0x02012d38                alt_sys_init
 .text          0x02012de4      0x9e4 ../alt_i2c_test_2_bsp/\libucosii_bsp.a(altera_avalon_epcs_flash_controller.o)
                0x02012de4                alt_epcs_flash_init
                0x02013200                alt_epcs_flash_write
                0x02013480                alt_epcs_flash_get_info
                0x02013510                alt_epcs_flash_erase_block
                0x02013614                alt_epcs_flash_write_block
                0x02013730                alt_epcs_flash_read
 .text          0x020137c8      0x148 ../alt_i2c_test_2_bsp/\libucosii_bsp.a(altera_avalon_jtag_uart_fd.o)
                0x020137c8                altera_avalon_jtag_uart_read_fd
                0x02013820                altera_avalon_jtag_uart_write_fd
                0x02013878                altera_avalon_jtag_uart_close_fd
                0x020138c0                altera_avalon_jtag_uart_ioctl_fd
 .text          0x02013910      0x584 ../alt_i2c_test_2_bsp/\libucosii_bsp.a(altera_avalon_jtag_uart_init.o)
                0x02013910                altera_avalon_jtag_uart_init
                0x02013e20                altera_avalon_jtag_uart_close
 .text          0x02013e94       0xf4 ../alt_i2c_test_2_bsp/\libucosii_bsp.a(altera_avalon_jtag_uart_ioctl.o)
                0x02013e94                altera_avalon_jtag_uart_ioctl
 .text          0x02013f88      0x2c0 ../alt_i2c_test_2_bsp/\libucosii_bsp.a(altera_avalon_jtag_uart_read.o)
                0x02013f88                altera_avalon_jtag_uart_read
 .text          0x02014248      0x2dc ../alt_i2c_test_2_bsp/\libucosii_bsp.a(altera_avalon_jtag_uart_write.o)
                0x02014248                altera_avalon_jtag_uart_write
 .text          0x02014524      0x100 ../alt_i2c_test_2_bsp/\libucosii_bsp.a(altera_avalon_timer_sc.o)
                0x02014594                alt_avalon_timer_sc_init
 .text          0x02014624      0x6d4 ../alt_i2c_test_2_bsp/\libucosii_bsp.a(epcs_commands.o)
                0x02014624                epcs_read_status_register
                0x02014684                epcs_sector_erase
                0x020147ec                epcs_read_buffer
                0x02014938                epcs_write_enable
                0x02014988                epcs_write_status_register
                0x020149ec                epcs_write_buffer
                0x02014b5c                epcs_read_electronic_signature
                0x02014bc8                epcs_read_device_id
                0x02014c48                epcs_enter_4_bytes_mode
                0x02014ca0                epcs_exit_4_bytes_mode
 .text          0x02014cf8      0x154 ../alt_i2c_test_2_bsp/\libucosii_bsp.a(alt_alarm_start.o)
                0x02014cf8                alt_alarm_start
 .text          0x02014e4c       0x44 ../alt_i2c_test_2_bsp/\libucosii_bsp.a(alt_dcache_flush_all.o)
                0x02014e4c                alt_dcache_flush_all
 .text          0x02014e90      0x114 ../alt_i2c_test_2_bsp/\libucosii_bsp.a(alt_dev_llist_insert.o)
                0x02014e90                alt_dev_llist_insert
 .text          0x02014fa4       0x64 ../alt_i2c_test_2_bsp/\libucosii_bsp.a(alt_do_ctors.o)
                0x02014fa4                _do_ctors
 .text          0x02015008       0x64 ../alt_i2c_test_2_bsp/\libucosii_bsp.a(alt_do_dtors.o)
                0x02015008                _do_dtors
 .text          0x0201506c       0xd0 ../alt_i2c_test_2_bsp/\libucosii_bsp.a(alt_flash_dev.o)
                0x0201506c                alt_flash_open_dev
                0x020150e8                alt_flash_close_dev
 .text          0x0201513c       0x30 ../alt_i2c_test_2_bsp/\libucosii_bsp.a(alt_icache_flush_all.o)
                0x0201513c                alt_icache_flush_all
 .text          0x0201516c      0x1d4 ../alt_i2c_test_2_bsp/\libucosii_bsp.a(alt_iic.o)
                0x0201516c                alt_ic_isr_register
                0x020151bc                alt_ic_irq_enable
                0x02015258                alt_ic_irq_disable
                0x020152f8                alt_ic_irq_enabled
 .text          0x02015340       0xf8 ../alt_i2c_test_2_bsp/\libucosii_bsp.a(alt_iic_isr_register.o)
                0x02015340                alt_iic_isr_register
 .text          0x02015438      0x13c ../alt_i2c_test_2_bsp/\libucosii_bsp.a(alt_io_redirect.o)
                0x020154fc                alt_io_redirect
 .text          0x02015574        0x0 ../alt_i2c_test_2_bsp/\libucosii_bsp.a(alt_irq_entry.o)
 .text          0x02015574        0x0 ../alt_i2c_test_2_bsp/\libucosii_bsp.a(alt_irq_handler.o)
 .text          0x02015574        0x0 ../alt_i2c_test_2_bsp/\libucosii_bsp.a(alt_irq_vars.o)
 .text          0x02015574      0x2c4 ../alt_i2c_test_2_bsp/\libucosii_bsp.a(alt_open.o)
                0x02015650                open
 .text          0x02015838      0x1a8 ../alt_i2c_test_2_bsp/\libucosii_bsp.a(alt_tick.o)
                0x02015838                alt_alarm_stop
                0x020158d0                alt_tick
 .text          0x020159e0       0x20 ../alt_i2c_test_2_bsp/\libucosii_bsp.a(altera_nios2_qsys_irq.o)
                0x020159e0                altera_nios2_qsys_irq_init
 .text          0x02015a00       0xd0 ../alt_i2c_test_2_bsp/\libucosii_bsp.a(os_cpu_a.o)
                0x02015a00                OSCtxSw
                0x02015a00                OSIntCtxSw
                0x02015a8c                OSStartHighRdy
                0x02015aac                OSStartTsk
 .text          0x02015ad0      0x418 ../alt_i2c_test_2_bsp/\libucosii_bsp.a(os_cpu_c.o)
                0x02015ad0                OSTaskStkInit
                0x02015de0                OSTaskCreateHook
                0x02015e00                OSTaskDelHook
                0x02015e20                OSTaskSwHook
                0x02015e3c                OSTaskStatHook
                0x02015e58                OSTimeTickHook
                0x02015e74                OSInitHookBegin
                0x02015e90                OSInitHookEnd
                0x02015eac                OSTaskIdleHook
                0x02015ec8                OSTCBInitHook
 .text          0x02015ee8      0x238 ../alt_i2c_test_2_bsp/\libucosii_bsp.a(altera_avalon_spi.o)
                0x02015ee8                alt_avalon_spi_command
 .text          0x02016120        0x0 ../alt_i2c_test_2_bsp/\libucosii_bsp.a(alt_exception_entry.o)
 .text          0x02016120       0x94 ../alt_i2c_test_2_bsp/\libucosii_bsp.a(alt_find_dev.o)
                0x02016120                alt_find_dev
 .text          0x020161b4      0x120 ../alt_i2c_test_2_bsp/\libucosii_bsp.a(alt_find_file.o)
                0x020161b4                alt_find_file
 .text          0x020162d4       0xf4 ../alt_i2c_test_2_bsp/\libucosii_bsp.a(alt_get_fd.o)
                0x020162d4                alt_get_fd
 .text          0x020163c8       0x90 ../alt_i2c_test_2_bsp/\libucosii_bsp.a(alt_icache_flush.o)
                0x020163c8                alt_icache_flush
 .text          0x02016458       0x14 c:/altera/12.1sp1/nios2eds/bin/gnu/h-i686-mingw32/bin/../lib/gcc/nios2-elf/4.1.2/../../../../nios2-elf/lib\libc.a(lib_a-atexit.o)
                0x02016458                atexit
 .text          0x0201646c       0x38 c:/altera/12.1sp1/nios2eds/bin/gnu/h-i686-mingw32/bin/../lib/gcc/nios2-elf/4.1.2/../../../../nios2-elf/lib\libc.a(lib_a-exit.o)
                0x0201646c                exit
 .text          0x020164a4       0x74 c:/altera/12.1sp1/nios2eds/bin/gnu/h-i686-mingw32/bin/../lib/gcc/nios2-elf/4.1.2/../../../../nios2-elf/lib\libc.a(lib_a-memcmp.o)
                0x020164a4                memcmp
 .text          0x02016518      0x134 c:/altera/12.1sp1/nios2eds/bin/gnu/h-i686-mingw32/bin/../lib/gcc/nios2-elf/4.1.2/../../../../nios2-elf/lib\libc.a(lib_a-__atexit.o)
                0x02016518                __register_exitproc
 .text          0x0201664c      0x1b4 c:/altera/12.1sp1/nios2eds/bin/gnu/h-i686-mingw32/bin/../lib/gcc/nios2-elf/4.1.2/../../../../nios2-elf/lib\libc.a(lib_a-__call_atexit.o)
                0x02016650                __call_exitprocs
 .text          0x02016800       0x6c ../alt_i2c_test_2_bsp/\libucosii_bsp.a(alt_exit.o)
                0x02016840                _exit
 *(.gnu.warning.*)
 *(.fini)
                0x0201686c                PROVIDE (__etext, ABSOLUTE (.))
                0x0201686c                PROVIDE (_etext, ABSOLUTE (.))
                0x0201686c                PROVIDE (etext, ABSOLUTE (.))
 *(.eh_frame_hdr)
                0x0201686c                . = ALIGN (0x4)
                0x0201686c                PROVIDE (__preinit_array_start, ABSOLUTE (.))
 *(.preinit_array)
                0x0201686c                PROVIDE (__preinit_array_end, ABSOLUTE (.))
                0x0201686c                PROVIDE (__init_array_start, ABSOLUTE (.))
 *(.init_array)
                0x0201686c                PROVIDE (__init_array_end, ABSOLUTE (.))
                0x0201686c                PROVIDE (__fini_array_start, ABSOLUTE (.))
 *(.fini_array)
                0x0201686c                PROVIDE (__fini_array_end, ABSOLUTE (.))
 *(.eh_frame)
 *(.gcc_except_table)
 *(.dynamic)
                0x0201686c                PROVIDE (__CTOR_LIST__, ABSOLUTE (.))
 *(.ctors)
 *(SORT(.ctors.*))
 .ctors.65535   0x0201686c        0x4 c:/altera/12.1sp1/nios2eds/bin/gnu/h-i686-mingw32/bin/../lib/gcc/nios2-elf/4.1.2/../../../../nios2-elf/lib\libc.a(lib_a-__call_atexit.o)
                0x02016870                PROVIDE (__CTOR_END__, ABSOLUTE (.))
                0x02016870                PROVIDE (__DTOR_LIST__, ABSOLUTE (.))
 *(.dtors)
 *(SORT(.dtors.*))
                0x02016870                PROVIDE (__DTOR_END__, ABSOLUTE (.))
 *(.jcr)
                0x02016870                . = ALIGN (0x4)

.rodata         0x02016870      0x49c
                0x02016870                PROVIDE (__ram_rodata_start, ABSOLUTE (.))
                0x02016870                . = ALIGN (0x4)
 *(.rodata .rodata.* .gnu.linkonce.r.*)
 .rodata        0x02016870       0x10 obj/default/i2c_test.o
 .rodata.str1.4
                0x02016880       0x5e c:/altera/12.1sp1/nios2eds/bin/gnu/h-i686-mingw32/bin/../lib/gcc/nios2-elf/4.1.2/../../../../nios2-elf/lib\libc.a(lib_a-vfprintf.o)
                                 0x60 (size before relaxing)
 .rodata        0x020168de       0x20 c:/altera/12.1sp1/nios2eds/bin/gnu/h-i686-mingw32/bin/../lib/gcc/nios2-elf/4.1.2/../../../../nios2-elf/lib\libc.a(lib_a-vfprintf.o)
 *fill*         0x020168fe        0x2 00
 .rodata.str1.4
                0x02016900       0x10 c:/altera/12.1sp1/nios2eds/bin/gnu/h-i686-mingw32/bin/../lib/gcc/nios2-elf/4.1.2/../../../../nios2-elf/lib\libc.a(lib_a-dtoa.o)
                                 0x14 (size before relaxing)
 .rodata.str1.4
                0x02016910        0x2 c:/altera/12.1sp1/nios2eds/bin/gnu/h-i686-mingw32/bin/../lib/gcc/nios2-elf/4.1.2/../../../../nios2-elf/lib\libc.a(lib_a-impure.o)
                                  0x4 (size before relaxing)
 *fill*         0x02016912        0x2 00
 .rodata.str1.4
                0x02016914       0x10 c:/altera/12.1sp1/nios2eds/bin/gnu/h-i686-mingw32/bin/../lib/gcc/nios2-elf/4.1.2/../../../../nios2-elf/lib\libc.a(lib_a-locale.o)
                                 0x18 (size before relaxing)
 .rodata        0x02016924       0x30 c:/altera/12.1sp1/nios2eds/bin/gnu/h-i686-mingw32/bin/../lib/gcc/nios2-elf/4.1.2/../../../../nios2-elf/lib\libc.a(lib_a-locale.o)
 .rodata        0x02016954      0x124 c:/altera/12.1sp1/nios2eds/bin/gnu/h-i686-mingw32/bin/../lib/gcc/nios2-elf/4.1.2/../../../../nios2-elf/lib\libc.a(lib_a-mprec.o)
                0x02016954                __mprec_tens
                0x02016a1c                __mprec_bigtens
                0x02016a44                __mprec_tinytens
 .rodata        0x02016a78       0x14 c:/altera/12.1sp1/nios2eds/bin/gnu/h-i686-mingw32/bin/../lib/gcc/nios2-elf/4.1.2\libgcc.a(_thenan_df.o)
                0x02016a78                __thenan_df
 .rodata        0x02016a8c      0x100 c:/altera/12.1sp1/nios2eds/bin/gnu/h-i686-mingw32/bin/../lib/gcc/nios2-elf/4.1.2\libgcc.a(_clz.o)
                0x02016a8c                __clz_tab
 .rodata        0x02016b8c        0xc ../alt_i2c_test_2_bsp/\libucosii_bsp.a(alt_dev.o)
 .rodata        0x02016b98       0x10 ../alt_i2c_test_2_bsp/\libucosii_bsp.a(alt_main.o)
 .rodata        0x02016ba8      0x120 ../alt_i2c_test_2_bsp/\libucosii_bsp.a(os_core.o)
                0x02016ba8                OSUnMapTbl
 .rodata        0x02016cc8       0x40 ../alt_i2c_test_2_bsp/\libucosii_bsp.a(alt_sys_init.o)
 .rodata        0x02016d08        0x4 ../alt_i2c_test_2_bsp/\libucosii_bsp.a(os_cpu_c.o)
 *(.rodata1)
                0x02016d0c                . = ALIGN (0x4)
                0x02016d0c                PROVIDE (__ram_rodata_end, ABSOLUTE (.))
                0x02016870                PROVIDE (__flash_rodata_start, LOADADDR (.rodata))

.rwdata         0x02016d0c     0x1be0 load address 0x020188ec
                0x02016d0c                PROVIDE (__ram_rwdata_start, ABSOLUTE (.))
                0x02016d0c                . = ALIGN (0x4)
 *(.got.plt)
 *(.got)
 *(.data1)
 *(.data .data.* .gnu.linkonce.d.*)
 .data          0x02016d0c        0x0 ../alt_i2c_test_2_bsp//obj/HAL/src/crt0.o
 .data          0x02016d0c        0x0 obj/default/i2c_opencores.o
 .data          0x02016d0c        0x0 obj/default/i2c_test.o
 .data          0x02016d0c        0x0 c:/altera/12.1sp1/nios2eds/bin/gnu/h-i686-mingw32/bin/../lib/gcc/nios2-elf/4.1.2\libgcc.a(lib2-divmod.o)
 .data          0x02016d0c        0x0 c:/altera/12.1sp1/nios2eds/bin/gnu/h-i686-mingw32/bin/../lib/gcc/nios2-elf/4.1.2/../../../../nios2-elf/lib\libc.a(lib_a-printf.o)
 .data          0x02016d0c        0x0 c:/altera/12.1sp1/nios2eds/bin/gnu/h-i686-mingw32/bin/../lib/gcc/nios2-elf/4.1.2/../../../../nios2-elf/lib\libc.a(lib_a-vfprintf.o)
 .data          0x02016d0c        0x0 c:/altera/12.1sp1/nios2eds/bin/gnu/h-i686-mingw32/bin/../lib/gcc/nios2-elf/4.1.2/../../../../nios2-elf/lib\libc.a(lib_a-wsetup.o)
 .data          0x02016d0c        0x0 c:/altera/12.1sp1/nios2eds/bin/gnu/h-i686-mingw32/bin/../lib/gcc/nios2-elf/4.1.2/../../../../nios2-elf/lib\libc.a(lib_a-dtoa.o)
 .data          0x02016d0c        0x0 c:/altera/12.1sp1/nios2eds/bin/gnu/h-i686-mingw32/bin/../lib/gcc/nios2-elf/4.1.2/../../../../nios2-elf/lib\libc.a(lib_a-fflush.o)
 .data          0x02016d0c        0x0 c:/altera/12.1sp1/nios2eds/bin/gnu/h-i686-mingw32/bin/../lib/gcc/nios2-elf/4.1.2/../../../../nios2-elf/lib\libc.a(lib_a-findfp.o)
 .data          0x02016d0c        0x0 c:/altera/12.1sp1/nios2eds/bin/gnu/h-i686-mingw32/bin/../lib/gcc/nios2-elf/4.1.2/../../../../nios2-elf/lib\libc.a(lib_a-freer.o)
 .data          0x02016d0c        0x0 c:/altera/12.1sp1/nios2eds/bin/gnu/h-i686-mingw32/bin/../lib/gcc/nios2-elf/4.1.2/../../../../nios2-elf/lib\libc.a(lib_a-fvwrite.o)
 .data          0x02016d0c        0x0 c:/altera/12.1sp1/nios2eds/bin/gnu/h-i686-mingw32/bin/../lib/gcc/nios2-elf/4.1.2/../../../../nios2-elf/lib\libc.a(lib_a-fwalk.o)
 .data          0x02016d0c      0x400 c:/altera/12.1sp1/nios2eds/bin/gnu/h-i686-mingw32/bin/../lib/gcc/nios2-elf/4.1.2/../../../../nios2-elf/lib\libc.a(lib_a-impure.o)
 .data          0x0201710c        0xc c:/altera/12.1sp1/nios2eds/bin/gnu/h-i686-mingw32/bin/../lib/gcc/nios2-elf/4.1.2/../../../../nios2-elf/lib\libc.a(lib_a-locale.o)
                0x0201710c                __lc_ctype
 .data          0x02017118        0x0 c:/altera/12.1sp1/nios2eds/bin/gnu/h-i686-mingw32/bin/../lib/gcc/nios2-elf/4.1.2/../../../../nios2-elf/lib\libc.a(lib_a-makebuf.o)
 .data          0x02017118      0x408 c:/altera/12.1sp1/nios2eds/bin/gnu/h-i686-mingw32/bin/../lib/gcc/nios2-elf/4.1.2/../../../../nios2-elf/lib\libc.a(lib_a-mallocr.o)
                0x02017118                __malloc_av_
 .data          0x02017520        0x0 c:/altera/12.1sp1/nios2eds/bin/gnu/h-i686-mingw32/bin/../lib/gcc/nios2-elf/4.1.2/../../../../nios2-elf/lib\libc.a(lib_a-memchr.o)
 .data          0x02017520        0x0 c:/altera/12.1sp1/nios2eds/bin/gnu/h-i686-mingw32/bin/../lib/gcc/nios2-elf/4.1.2/../../../../nios2-elf/lib\libc.a(lib_a-memcpy.o)
 .data          0x02017520        0x0 c:/altera/12.1sp1/nios2eds/bin/gnu/h-i686-mingw32/bin/../lib/gcc/nios2-elf/4.1.2/../../../../nios2-elf/lib\libc.a(lib_a-memmove.o)
 .data          0x02017520        0x0 c:/altera/12.1sp1/nios2eds/bin/gnu/h-i686-mingw32/bin/../lib/gcc/nios2-elf/4.1.2/../../../../nios2-elf/lib\libc.a(lib_a-memset.o)
 .data          0x02017520        0x0 c:/altera/12.1sp1/nios2eds/bin/gnu/h-i686-mingw32/bin/../lib/gcc/nios2-elf/4.1.2/../../../../nios2-elf/lib\libc.a(lib_a-mprec.o)
 .data          0x02017520        0x0 c:/altera/12.1sp1/nios2eds/bin/gnu/h-i686-mingw32/bin/../lib/gcc/nios2-elf/4.1.2/../../../../nios2-elf/lib\libc.a(lib_a-reallocr.o)
 .data          0x02017520        0x0 c:/altera/12.1sp1/nios2eds/bin/gnu/h-i686-mingw32/bin/../lib/gcc/nios2-elf/4.1.2/../../../../nios2-elf/lib\libc.a(lib_a-s_isinfd.o)
 .data          0x02017520        0x0 c:/altera/12.1sp1/nios2eds/bin/gnu/h-i686-mingw32/bin/../lib/gcc/nios2-elf/4.1.2/../../../../nios2-elf/lib\libc.a(lib_a-s_isnand.o)
 .data          0x02017520        0x0 c:/altera/12.1sp1/nios2eds/bin/gnu/h-i686-mingw32/bin/../lib/gcc/nios2-elf/4.1.2/../../../../nios2-elf/lib\libc.a(lib_a-sbrkr.o)
 .data          0x02017520        0x0 c:/altera/12.1sp1/nios2eds/bin/gnu/h-i686-mingw32/bin/../lib/gcc/nios2-elf/4.1.2/../../../../nios2-elf/lib\libc.a(lib_a-stdio.o)
 .data          0x02017520        0x0 c:/altera/12.1sp1/nios2eds/bin/gnu/h-i686-mingw32/bin/../lib/gcc/nios2-elf/4.1.2/../../../../nios2-elf/lib\libc.a(lib_a-strcmp.o)
 .data          0x02017520        0x0 c:/altera/12.1sp1/nios2eds/bin/gnu/h-i686-mingw32/bin/../lib/gcc/nios2-elf/4.1.2/../../../../nios2-elf/lib\libc.a(lib_a-strlen.o)
 .data          0x02017520        0x0 c:/altera/12.1sp1/nios2eds/bin/gnu/h-i686-mingw32/bin/../lib/gcc/nios2-elf/4.1.2/../../../../nios2-elf/lib\libc.a(lib_a-writer.o)
 .data          0x02017520        0x0 c:/altera/12.1sp1/nios2eds/bin/gnu/h-i686-mingw32/bin/../lib/gcc/nios2-elf/4.1.2/../../../../nios2-elf/lib\libc.a(lib_a-callocr.o)
 .data          0x02017520        0x0 c:/altera/12.1sp1/nios2eds/bin/gnu/h-i686-mingw32/bin/../lib/gcc/nios2-elf/4.1.2/../../../../nios2-elf/lib\libc.a(lib_a-closer.o)
 .data          0x02017520        0x0 c:/altera/12.1sp1/nios2eds/bin/gnu/h-i686-mingw32/bin/../lib/gcc/nios2-elf/4.1.2/../../../../nios2-elf/lib\libc.a(lib_a-fclose.o)
 .data          0x02017520        0x0 c:/altera/12.1sp1/nios2eds/bin/gnu/h-i686-mingw32/bin/../lib/gcc/nios2-elf/4.1.2/../../../../nios2-elf/lib\libc.a(lib_a-fstatr.o)
 .data          0x02017520        0x0 c:/altera/12.1sp1/nios2eds/bin/gnu/h-i686-mingw32/bin/../lib/gcc/nios2-elf/4.1.2/../../../../nios2-elf/lib\libc.a(lib_a-int_errno.o)
 .data          0x02017520        0x0 c:/altera/12.1sp1/nios2eds/bin/gnu/h-i686-mingw32/bin/../lib/gcc/nios2-elf/4.1.2/../../../../nios2-elf/lib\libc.a(lib_a-isattyr.o)
 .data          0x02017520        0x0 c:/altera/12.1sp1/nios2eds/bin/gnu/h-i686-mingw32/bin/../lib/gcc/nios2-elf/4.1.2/../../../../nios2-elf/lib\libc.a(lib_a-lseekr.o)
 .data          0x02017520        0x0 c:/altera/12.1sp1/nios2eds/bin/gnu/h-i686-mingw32/bin/../lib/gcc/nios2-elf/4.1.2/../../../../nios2-elf/lib\libc.a(lib_a-readr.o)
 .data          0x02017520        0x0 c:/altera/12.1sp1/nios2eds/bin/gnu/h-i686-mingw32/bin/../lib/gcc/nios2-elf/4.1.2\libgcc.a(_udivdi3.o)
 .data          0x02017520        0x0 c:/altera/12.1sp1/nios2eds/bin/gnu/h-i686-mingw32/bin/../lib/gcc/nios2-elf/4.1.2\libgcc.a(_umoddi3.o)
 .data          0x02017520        0x0 c:/altera/12.1sp1/nios2eds/bin/gnu/h-i686-mingw32/bin/../lib/gcc/nios2-elf/4.1.2\libgcc.a(_addsub_df.o)
 .data          0x02017520        0x0 c:/altera/12.1sp1/nios2eds/bin/gnu/h-i686-mingw32/bin/../lib/gcc/nios2-elf/4.1.2\libgcc.a(_mul_df.o)
 .data          0x02017520        0x0 c:/altera/12.1sp1/nios2eds/bin/gnu/h-i686-mingw32/bin/../lib/gcc/nios2-elf/4.1.2\libgcc.a(_div_df.o)
 .data          0x02017520        0x0 c:/altera/12.1sp1/nios2eds/bin/gnu/h-i686-mingw32/bin/../lib/gcc/nios2-elf/4.1.2\libgcc.a(_eq_df.o)
 .data          0x02017520        0x0 c:/altera/12.1sp1/nios2eds/bin/gnu/h-i686-mingw32/bin/../lib/gcc/nios2-elf/4.1.2\libgcc.a(_ne_df.o)
 .data          0x02017520        0x0 c:/altera/12.1sp1/nios2eds/bin/gnu/h-i686-mingw32/bin/../lib/gcc/nios2-elf/4.1.2\libgcc.a(_gt_df.o)
 .data          0x02017520        0x0 c:/altera/12.1sp1/nios2eds/bin/gnu/h-i686-mingw32/bin/../lib/gcc/nios2-elf/4.1.2\libgcc.a(_ge_df.o)
 .data          0x02017520        0x0 c:/altera/12.1sp1/nios2eds/bin/gnu/h-i686-mingw32/bin/../lib/gcc/nios2-elf/4.1.2\libgcc.a(_lt_df.o)
 .data          0x02017520        0x0 c:/altera/12.1sp1/nios2eds/bin/gnu/h-i686-mingw32/bin/../lib/gcc/nios2-elf/4.1.2\libgcc.a(_si_to_df.o)
 .data          0x02017520        0x0 c:/altera/12.1sp1/nios2eds/bin/gnu/h-i686-mingw32/bin/../lib/gcc/nios2-elf/4.1.2\libgcc.a(_df_to_si.o)
 .data          0x02017520        0x0 c:/altera/12.1sp1/nios2eds/bin/gnu/h-i686-mingw32/bin/../lib/gcc/nios2-elf/4.1.2\libgcc.a(_thenan_df.o)
 .data          0x02017520        0x0 c:/altera/12.1sp1/nios2eds/bin/gnu/h-i686-mingw32/bin/../lib/gcc/nios2-elf/4.1.2\libgcc.a(_usi_to_df.o)
 .data          0x02017520        0x0 c:/altera/12.1sp1/nios2eds/bin/gnu/h-i686-mingw32/bin/../lib/gcc/nios2-elf/4.1.2\libgcc.a(_muldi3.o)
 .data          0x02017520        0x0 c:/altera/12.1sp1/nios2eds/bin/gnu/h-i686-mingw32/bin/../lib/gcc/nios2-elf/4.1.2\libgcc.a(_clz.o)
 .data          0x02017520        0x0 c:/altera/12.1sp1/nios2eds/bin/gnu/h-i686-mingw32/bin/../lib/gcc/nios2-elf/4.1.2\libgcc.a(_clzsi2.o)
 .data          0x02017520        0x0 c:/altera/12.1sp1/nios2eds/bin/gnu/h-i686-mingw32/bin/../lib/gcc/nios2-elf/4.1.2\libgcc.a(_pack_df.o)
 .data          0x02017520        0x0 c:/altera/12.1sp1/nios2eds/bin/gnu/h-i686-mingw32/bin/../lib/gcc/nios2-elf/4.1.2\libgcc.a(_unpack_df.o)
 .data          0x02017520        0x0 c:/altera/12.1sp1/nios2eds/bin/gnu/h-i686-mingw32/bin/../lib/gcc/nios2-elf/4.1.2\libgcc.a(_fpcmp_parts_df.o)
 .data          0x02017520        0x0 ../alt_i2c_test_2_bsp/\libucosii_bsp.a(alt_close.o)
 .data          0x02017520      0x1a8 ../alt_i2c_test_2_bsp/\libucosii_bsp.a(alt_dev.o)
                0x02017520                alt_dev_null
                0x02017548                alt_fd_list
 .data          0x020176c8        0x0 ../alt_i2c_test_2_bsp/\libucosii_bsp.a(alt_errno.o)
 .data          0x020176c8        0x0 ../alt_i2c_test_2_bsp/\libucosii_bsp.a(alt_fstat.o)
 .data          0x020176c8        0x0 ../alt_i2c_test_2_bsp/\libucosii_bsp.a(alt_isatty.o)
 .data          0x020176c8        0x0 ../alt_i2c_test_2_bsp/\libucosii_bsp.a(alt_load.o)
 .data          0x020176c8        0x0 ../alt_i2c_test_2_bsp/\libucosii_bsp.a(alt_lseek.o)
 .data          0x020176c8        0x0 ../alt_i2c_test_2_bsp/\libucosii_bsp.a(alt_main.o)
 .data          0x020176c8        0x0 ../alt_i2c_test_2_bsp/\libucosii_bsp.a(alt_read.o)
 .data          0x020176c8        0x0 ../alt_i2c_test_2_bsp/\libucosii_bsp.a(alt_release_fd.o)
 .data          0x020176c8        0x0 ../alt_i2c_test_2_bsp/\libucosii_bsp.a(alt_sbrk.o)
 .data          0x020176c8        0x0 ../alt_i2c_test_2_bsp/\libucosii_bsp.a(alt_write.o)
 .data          0x020176c8        0x0 ../alt_i2c_test_2_bsp/\libucosii_bsp.a(alt_env_lock.o)
 .data          0x020176c8        0x0 ../alt_i2c_test_2_bsp/\libucosii_bsp.a(alt_malloc_lock.o)
 .data          0x020176c8        0x0 ../alt_i2c_test_2_bsp/\libucosii_bsp.a(os_core.o)
 .data          0x020176c8        0x0 ../alt_i2c_test_2_bsp/\libucosii_bsp.a(os_dbg.o)
 .data          0x020176c8        0x0 ../alt_i2c_test_2_bsp/\libucosii_bsp.a(os_flag.o)
 .data          0x020176c8        0x0 ../alt_i2c_test_2_bsp/\libucosii_bsp.a(os_mem.o)
 .data          0x020176c8        0x0 ../alt_i2c_test_2_bsp/\libucosii_bsp.a(os_q.o)
 .data          0x020176c8        0x0 ../alt_i2c_test_2_bsp/\libucosii_bsp.a(os_sem.o)
 .data          0x020176c8        0x0 ../alt_i2c_test_2_bsp/\libucosii_bsp.a(os_task.o)
 .data          0x020176c8        0x0 ../alt_i2c_test_2_bsp/\libucosii_bsp.a(os_time.o)
 .data          0x020176c8     0x1160 ../alt_i2c_test_2_bsp/\libucosii_bsp.a(alt_sys_init.o)
 .data          0x02018828        0x0 ../alt_i2c_test_2_bsp/\libucosii_bsp.a(altera_avalon_epcs_flash_controller.o)
 .data          0x02018828        0x0 ../alt_i2c_test_2_bsp/\libucosii_bsp.a(altera_avalon_jtag_uart_fd.o)
 .data          0x02018828        0x0 ../alt_i2c_test_2_bsp/\libucosii_bsp.a(altera_avalon_jtag_uart_init.o)
 .data          0x02018828        0x0 ../alt_i2c_test_2_bsp/\libucosii_bsp.a(altera_avalon_jtag_uart_ioctl.o)
 .data          0x02018828        0x0 ../alt_i2c_test_2_bsp/\libucosii_bsp.a(altera_avalon_jtag_uart_read.o)
 .data          0x02018828        0x0 ../alt_i2c_test_2_bsp/\libucosii_bsp.a(altera_avalon_jtag_uart_write.o)
 .data          0x02018828        0x0 ../alt_i2c_test_2_bsp/\libucosii_bsp.a(altera_avalon_timer_sc.o)
 .data          0x02018828        0x0 ../alt_i2c_test_2_bsp/\libucosii_bsp.a(epcs_commands.o)
 .data          0x02018828        0x0 ../alt_i2c_test_2_bsp/\libucosii_bsp.a(alt_alarm_start.o)
 .data          0x02018828        0x0 ../alt_i2c_test_2_bsp/\libucosii_bsp.a(alt_dcache_flush_all.o)
 .data          0x02018828        0x0 ../alt_i2c_test_2_bsp/\libucosii_bsp.a(alt_dev_llist_insert.o)
 .data          0x02018828        0x0 ../alt_i2c_test_2_bsp/\libucosii_bsp.a(alt_do_ctors.o)
 .data          0x02018828        0x0 ../alt_i2c_test_2_bsp/\libucosii_bsp.a(alt_do_dtors.o)
 .data          0x02018828        0x0 ../alt_i2c_test_2_bsp/\libucosii_bsp.a(alt_flash_dev.o)
 .data          0x02018828        0x0 ../alt_i2c_test_2_bsp/\libucosii_bsp.a(alt_icache_flush_all.o)
 .data          0x02018828        0x0 ../alt_i2c_test_2_bsp/\libucosii_bsp.a(alt_iic.o)
 .data          0x02018828        0x0 ../alt_i2c_test_2_bsp/\libucosii_bsp.a(alt_iic_isr_register.o)
 .data          0x02018828        0x0 ../alt_i2c_test_2_bsp/\libucosii_bsp.a(alt_io_redirect.o)
 .data          0x02018828        0x0 ../alt_i2c_test_2_bsp/\libucosii_bsp.a(alt_irq_entry.o)
 .data          0x02018828        0x0 ../alt_i2c_test_2_bsp/\libucosii_bsp.a(alt_irq_handler.o)
 .data          0x02018828        0x0 ../alt_i2c_test_2_bsp/\libucosii_bsp.a(alt_irq_vars.o)
 .data          0x02018828        0x0 ../alt_i2c_test_2_bsp/\libucosii_bsp.a(alt_open.o)
 .data          0x02018828        0x0 ../alt_i2c_test_2_bsp/\libucosii_bsp.a(alt_tick.o)
 .data          0x02018828        0x0 ../alt_i2c_test_2_bsp/\libucosii_bsp.a(altera_nios2_qsys_irq.o)
 .data          0x02018828        0x0 ../alt_i2c_test_2_bsp/\libucosii_bsp.a(os_cpu_a.o)
 .data          0x02018828        0x0 ../alt_i2c_test_2_bsp/\libucosii_bsp.a(os_cpu_c.o)
 .data          0x02018828        0x0 ../alt_i2c_test_2_bsp/\libucosii_bsp.a(altera_avalon_spi.o)
 .data          0x02018828        0x0 ../alt_i2c_test_2_bsp/\libucosii_bsp.a(alt_exception_entry.o)
 .data          0x02018828        0x0 ../alt_i2c_test_2_bsp/\libucosii_bsp.a(alt_find_dev.o)
 .data          0x02018828        0x0 ../alt_i2c_test_2_bsp/\libucosii_bsp.a(alt_find_file.o)
 .data          0x02018828        0x0 ../alt_i2c_test_2_bsp/\libucosii_bsp.a(alt_get_fd.o)
 .data          0x02018828        0x0 ../alt_i2c_test_2_bsp/\libucosii_bsp.a(alt_icache_flush.o)
 .data          0x02018828        0x0 c:/altera/12.1sp1/nios2eds/bin/gnu/h-i686-mingw32/bin/../lib/gcc/nios2-elf/4.1.2/../../../../nios2-elf/lib\libc.a(lib_a-atexit.o)
 .data          0x02018828        0x0 c:/altera/12.1sp1/nios2eds/bin/gnu/h-i686-mingw32/bin/../lib/gcc/nios2-elf/4.1.2/../../../../nios2-elf/lib\libc.a(lib_a-exit.o)
 .data          0x02018828        0x0 c:/altera/12.1sp1/nios2eds/bin/gnu/h-i686-mingw32/bin/../lib/gcc/nios2-elf/4.1.2/../../../../nios2-elf/lib\libc.a(lib_a-memcmp.o)
 .data          0x02018828        0x0 c:/altera/12.1sp1/nios2eds/bin/gnu/h-i686-mingw32/bin/../lib/gcc/nios2-elf/4.1.2/../../../../nios2-elf/lib\libc.a(lib_a-__atexit.o)
 .data          0x02018828        0x0 c:/altera/12.1sp1/nios2eds/bin/gnu/h-i686-mingw32/bin/../lib/gcc/nios2-elf/4.1.2/../../../../nios2-elf/lib\libc.a(lib_a-__call_atexit.o)
 .data          0x02018828        0x0 ../alt_i2c_test_2_bsp/\libucosii_bsp.a(alt_exit.o)
                0x02020828                _gp = ABSOLUTE ((. + 0x8000))
                0x02020828                PROVIDE (gp, _gp)
 *(.rwdata .rwdata.*)
 *(.sdata .sdata.* .gnu.linkonce.s.*)
 .sdata         0x02018828        0x8 c:/altera/12.1sp1/nios2eds/bin/gnu/h-i686-mingw32/bin/../lib/gcc/nios2-elf/4.1.2/../../../../nios2-elf/lib\libc.a(lib_a-impure.o)
                0x02018828                _impure_ptr
                0x0201882c                _global_impure_ptr
 .sdata         0x02018830        0x8 c:/altera/12.1sp1/nios2eds/bin/gnu/h-i686-mingw32/bin/../lib/gcc/nios2-elf/4.1.2/../../../../nios2-elf/lib\libc.a(lib_a-locale.o)
                0x02018830                __mb_cur_max
 .sdata         0x02018838        0x8 c:/altera/12.1sp1/nios2eds/bin/gnu/h-i686-mingw32/bin/../lib/gcc/nios2-elf/4.1.2/../../../../nios2-elf/lib\libc.a(lib_a-mallocr.o)
                0x02018838                __malloc_trim_threshold
                0x0201883c                __malloc_sbrk_base
 .sdata         0x02018840       0x14 ../alt_i2c_test_2_bsp/\libucosii_bsp.a(alt_dev.o)
                0x02018840                alt_fs_list
                0x02018848                alt_dev_list
                0x02018850                alt_max_fd
 .sdata         0x02018854        0x4 ../alt_i2c_test_2_bsp/\libucosii_bsp.a(alt_errno.o)
                0x02018854                alt_errno
 .sdata         0x02018858        0x4 ../alt_i2c_test_2_bsp/\libucosii_bsp.a(alt_sbrk.o)
 .sdata         0x0201885c        0x4 ../alt_i2c_test_2_bsp/\libucosii_bsp.a(alt_env_lock.o)
 .sdata         0x02018860        0x4 ../alt_i2c_test_2_bsp/\libucosii_bsp.a(alt_malloc_lock.o)
 .sdata         0x02018864       0x74 ../alt_i2c_test_2_bsp/\libucosii_bsp.a(os_dbg.o)
                0x02018864                OSDebugEn
                0x02018868                OSEndiannessTest
                0x0201886c                OSEventEn
                0x0201886e                OSEventMax
                0x02018870                OSEventNameSize
                0x02018872                OSEventSize
                0x02018874                OSEventTblSize
                0x02018876                OSEventMultiEn
                0x02018878                OSFlagEn
                0x0201887a                OSFlagGrpSize
                0x0201887c                OSFlagNodeSize
                0x0201887e                OSFlagWidth
                0x02018880                OSFlagMax
                0x02018882                OSFlagNameSize
                0x02018884                OSLowestPrio
                0x02018886                OSMboxEn
                0x02018888                OSMemEn
                0x0201888a                OSMemMax
                0x0201888c                OSMemNameSize
                0x0201888e                OSMemSize
                0x02018890                OSMemTblSize
                0x02018892                OSMutexEn
                0x02018894                OSPtrSize
                0x02018896                OSQEn
                0x02018898                OSQMax
                0x0201889a                OSQSize
                0x0201889c                OSRdyTblSize
                0x0201889e                OSSemEn
                0x020188a0                OSStkWidth
                0x020188a2                OSTaskCreateEn
                0x020188a4                OSTaskCreateExtEn
                0x020188a6                OSTaskDelEn
                0x020188a8                OSTaskIdleStkSize
                0x020188aa                OSTaskProfileEn
                0x020188ac                OSTaskMax
                0x020188ae                OSTaskNameSize
                0x020188b0                OSTaskStatEn
                0x020188b2                OSTaskStatStkSize
                0x020188b4                OSTaskStatStkChkEn
                0x020188b6                OSTaskSwHookEn
                0x020188b8                OSTCBPrioTblMax
                0x020188ba                OSTCBSize
                0x020188bc                OSTicksPerSec
                0x020188be                OSTimeTickHookEn
                0x020188c0                OSVersionNbr
                0x020188c2                OSTmrEn
                0x020188c4                OSTmrCfgMax
                0x020188c6                OSTmrCfgNameSize
                0x020188c8                OSTmrCfgWheelSize
                0x020188ca                OSTmrCfgTicksPerSec
                0x020188cc                OSTmrSize
                0x020188ce                OSTmrTblSize
                0x020188d0                OSTmrWheelSize
                0x020188d2                OSTmrWheelTblSize
                0x020188d4                OSDataSize
 .sdata         0x020188d8        0x8 ../alt_i2c_test_2_bsp/\libucosii_bsp.a(alt_flash_dev.o)
                0x020188d8                alt_flash_dev_list
 .sdata         0x020188e0        0x4 ../alt_i2c_test_2_bsp/\libucosii_bsp.a(alt_irq_vars.o)
                0x020188e0                alt_priority_mask
 .sdata         0x020188e4        0x8 ../alt_i2c_test_2_bsp/\libucosii_bsp.a(alt_tick.o)
                0x020188e4                alt_alarm_list
 *(.sdata2 .sdata2.* .gnu.linkonce.s2.*)
                0x020188ec                . = ALIGN (0x4)
                0x020188ec                _edata = ABSOLUTE (.)
                0x020188ec                PROVIDE (edata, ABSOLUTE (.))
                0x020188ec                PROVIDE (__ram_rwdata_end, ABSOLUTE (.))
                0x020188ec                PROVIDE (__flash_rwdata_start, LOADADDR (.rwdata))

.bss            0x0201a4cc     0x7574
                0x0201a4cc                __bss_start = ABSOLUTE (.)
                0x0201a4cc                PROVIDE (__sbss_start, ABSOLUTE (.))
                0x0201a4cc                PROVIDE (___sbss_start, ABSOLUTE (.))
 *(.dynsbss)
 *(.sbss .sbss.* .gnu.linkonce.sb.*)
 .sbss          0x0201a4cc        0xc c:/altera/12.1sp1/nios2eds/bin/gnu/h-i686-mingw32/bin/../lib/gcc/nios2-elf/4.1.2/../../../../nios2-elf/lib\libc.a(lib_a-locale.o)
                0x0201a4cc                __nlocale_changed
                0x0201a4d0                __mlocale_changed
                0x0201a4d4                _PathLocale
 .sbss          0x0201a4d8        0xc c:/altera/12.1sp1/nios2eds/bin/gnu/h-i686-mingw32/bin/../lib/gcc/nios2-elf/4.1.2/../../../../nios2-elf/lib\libc.a(lib_a-mallocr.o)
                0x0201a4d8                __malloc_top_pad
                0x0201a4dc                __malloc_max_sbrked_mem
                0x0201a4e0                __malloc_max_total_mem
 .sbss          0x0201a4e4        0x4 c:/altera/12.1sp1/nios2eds/bin/gnu/h-i686-mingw32/bin/../lib/gcc/nios2-elf/4.1.2/../../../../nios2-elf/lib\libc.a(lib_a-int_errno.o)
                0x0201a4e4                errno
 .sbss          0x0201a4e8        0x4 ../alt_i2c_test_2_bsp/\libucosii_bsp.a(alt_dev.o)
                0x0201a4e8                alt_fd_list_lock
 .sbss          0x0201a4ec        0xc ../alt_i2c_test_2_bsp/\libucosii_bsp.a(alt_main.o)
                0x0201a4ec                alt_argc
                0x0201a4f0                alt_argv
                0x0201a4f4                alt_envp
 .sbss          0x0201a4f8        0x8 ../alt_i2c_test_2_bsp/\libucosii_bsp.a(alt_env_lock.o)
                0x0201a4fc                alt_envsem
 .sbss          0x0201a500        0x8 ../alt_i2c_test_2_bsp/\libucosii_bsp.a(alt_malloc_lock.o)
                0x0201a504                alt_heapsem
 .sbss          0x0201a508       0x50 ../alt_i2c_test_2_bsp/\libucosii_bsp.a(os_core.o)
                0x0201a508                OSLockNesting
                0x0201a509                OSRunning
                0x0201a50c                OSIdleCtr
                0x0201a510                OSPrioHighRdy
                0x0201a511                OSPrioCur
                0x0201a514                OSTCBList
                0x0201a518                OSTickStepState
                0x0201a51c                OSCtxSwCtr
                0x0201a520                OSIdleCtrMax
                0x0201a524                OSTCBFreeList
                0x0201a528                OSCPUUsage
                0x0201a529                OSTaskCtr
                0x0201a52c                OSMemFreeList
                0x0201a530                OSTCBHighRdy
                0x0201a534                OSQFreeList
                0x0201a538                OSRdyGrp
                0x0201a539                OSRdyTbl
                0x0201a53c                OSEventFreeList
                0x0201a540                OSIntNesting
                0x0201a544                OSTCBCur
                0x0201a548                OSTime
                0x0201a54c                OSFlagFreeList
                0x0201a550                OSStatRdy
                0x0201a554                OSIdleCtrRun
 .sbss          0x0201a558        0x4 ../alt_i2c_test_2_bsp/\libucosii_bsp.a(alt_irq_vars.o)
                0x0201a558                alt_irq_active
 .sbss          0x0201a55c        0x8 ../alt_i2c_test_2_bsp/\libucosii_bsp.a(alt_tick.o)
                0x0201a55c                _alt_tick_rate
                0x0201a560                _alt_nticks
 *(.sbss2 .sbss2.* .gnu.linkonce.sb2.*)
 *(.scommon)
                0x0201a564                PROVIDE (__sbss_end, ABSOLUTE (.))
                0x0201a564                PROVIDE (___sbss_end, ABSOLUTE (.))
 *(.dynbss)
 *(.bss .bss.* .gnu.linkonce.b.*)
 .bss           0x0201a564        0x0 ../alt_i2c_test_2_bsp//obj/HAL/src/crt0.o
 .bss           0x0201a564        0x0 obj/default/i2c_opencores.o
 .bss           0x0201a564     0x4000 obj/default/i2c_test.o
                0x0201a564                task1_stk
                0x0201c564                task2_stk
 .bss           0x0201e564        0x0 c:/altera/12.1sp1/nios2eds/bin/gnu/h-i686-mingw32/bin/../lib/gcc/nios2-elf/4.1.2\libgcc.a(lib2-divmod.o)
 .bss           0x0201e564        0x0 c:/altera/12.1sp1/nios2eds/bin/gnu/h-i686-mingw32/bin/../lib/gcc/nios2-elf/4.1.2/../../../../nios2-elf/lib\libc.a(lib_a-printf.o)
 .bss           0x0201e564        0x0 c:/altera/12.1sp1/nios2eds/bin/gnu/h-i686-mingw32/bin/../lib/gcc/nios2-elf/4.1.2/../../../../nios2-elf/lib\libc.a(lib_a-vfprintf.o)
 .bss           0x0201e564        0x0 c:/altera/12.1sp1/nios2eds/bin/gnu/h-i686-mingw32/bin/../lib/gcc/nios2-elf/4.1.2/../../../../nios2-elf/lib\libc.a(lib_a-wsetup.o)
 .bss           0x0201e564        0x0 c:/altera/12.1sp1/nios2eds/bin/gnu/h-i686-mingw32/bin/../lib/gcc/nios2-elf/4.1.2/../../../../nios2-elf/lib\libc.a(lib_a-dtoa.o)
 .bss           0x0201e564        0x0 c:/altera/12.1sp1/nios2eds/bin/gnu/h-i686-mingw32/bin/../lib/gcc/nios2-elf/4.1.2/../../../../nios2-elf/lib\libc.a(lib_a-fflush.o)
 .bss           0x0201e564        0x0 c:/altera/12.1sp1/nios2eds/bin/gnu/h-i686-mingw32/bin/../lib/gcc/nios2-elf/4.1.2/../../../../nios2-elf/lib\libc.a(lib_a-findfp.o)
 .bss           0x0201e564        0x0 c:/altera/12.1sp1/nios2eds/bin/gnu/h-i686-mingw32/bin/../lib/gcc/nios2-elf/4.1.2/../../../../nios2-elf/lib\libc.a(lib_a-freer.o)
 .bss           0x0201e564        0x0 c:/altera/12.1sp1/nios2eds/bin/gnu/h-i686-mingw32/bin/../lib/gcc/nios2-elf/4.1.2/../../../../nios2-elf/lib\libc.a(lib_a-fvwrite.o)
 .bss           0x0201e564        0x0 c:/altera/12.1sp1/nios2eds/bin/gnu/h-i686-mingw32/bin/../lib/gcc/nios2-elf/4.1.2/../../../../nios2-elf/lib\libc.a(lib_a-fwalk.o)
 .bss           0x0201e564        0x0 c:/altera/12.1sp1/nios2eds/bin/gnu/h-i686-mingw32/bin/../lib/gcc/nios2-elf/4.1.2/../../../../nios2-elf/lib\libc.a(lib_a-impure.o)
 .bss           0x0201e564        0x0 c:/altera/12.1sp1/nios2eds/bin/gnu/h-i686-mingw32/bin/../lib/gcc/nios2-elf/4.1.2/../../../../nios2-elf/lib\libc.a(lib_a-locale.o)
 .bss           0x0201e564        0x0 c:/altera/12.1sp1/nios2eds/bin/gnu/h-i686-mingw32/bin/../lib/gcc/nios2-elf/4.1.2/../../../../nios2-elf/lib\libc.a(lib_a-makebuf.o)
 .bss           0x0201e564       0x28 c:/altera/12.1sp1/nios2eds/bin/gnu/h-i686-mingw32/bin/../lib/gcc/nios2-elf/4.1.2/../../../../nios2-elf/lib\libc.a(lib_a-mallocr.o)
                0x0201e564                __malloc_current_mallinfo
 .bss           0x0201e58c        0x0 c:/altera/12.1sp1/nios2eds/bin/gnu/h-i686-mingw32/bin/../lib/gcc/nios2-elf/4.1.2/../../../../nios2-elf/lib\libc.a(lib_a-memchr.o)
 .bss           0x0201e58c        0x0 c:/altera/12.1sp1/nios2eds/bin/gnu/h-i686-mingw32/bin/../lib/gcc/nios2-elf/4.1.2/../../../../nios2-elf/lib\libc.a(lib_a-memcpy.o)
 .bss           0x0201e58c        0x0 c:/altera/12.1sp1/nios2eds/bin/gnu/h-i686-mingw32/bin/../lib/gcc/nios2-elf/4.1.2/../../../../nios2-elf/lib\libc.a(lib_a-memmove.o)
 .bss           0x0201e58c        0x0 c:/altera/12.1sp1/nios2eds/bin/gnu/h-i686-mingw32/bin/../lib/gcc/nios2-elf/4.1.2/../../../../nios2-elf/lib\libc.a(lib_a-memset.o)
 .bss           0x0201e58c        0x0 c:/altera/12.1sp1/nios2eds/bin/gnu/h-i686-mingw32/bin/../lib/gcc/nios2-elf/4.1.2/../../../../nios2-elf/lib\libc.a(lib_a-mprec.o)
 .bss           0x0201e58c        0x0 c:/altera/12.1sp1/nios2eds/bin/gnu/h-i686-mingw32/bin/../lib/gcc/nios2-elf/4.1.2/../../../../nios2-elf/lib\libc.a(lib_a-reallocr.o)
 .bss           0x0201e58c        0x0 c:/altera/12.1sp1/nios2eds/bin/gnu/h-i686-mingw32/bin/../lib/gcc/nios2-elf/4.1.2/../../../../nios2-elf/lib\libc.a(lib_a-s_isinfd.o)
 .bss           0x0201e58c        0x0 c:/altera/12.1sp1/nios2eds/bin/gnu/h-i686-mingw32/bin/../lib/gcc/nios2-elf/4.1.2/../../../../nios2-elf/lib\libc.a(lib_a-s_isnand.o)
 .bss           0x0201e58c        0x0 c:/altera/12.1sp1/nios2eds/bin/gnu/h-i686-mingw32/bin/../lib/gcc/nios2-elf/4.1.2/../../../../nios2-elf/lib\libc.a(lib_a-sbrkr.o)
 .bss           0x0201e58c        0x0 c:/altera/12.1sp1/nios2eds/bin/gnu/h-i686-mingw32/bin/../lib/gcc/nios2-elf/4.1.2/../../../../nios2-elf/lib\libc.a(lib_a-stdio.o)
 .bss           0x0201e58c        0x0 c:/altera/12.1sp1/nios2eds/bin/gnu/h-i686-mingw32/bin/../lib/gcc/nios2-elf/4.1.2/../../../../nios2-elf/lib\libc.a(lib_a-strcmp.o)
 .bss           0x0201e58c        0x0 c:/altera/12.1sp1/nios2eds/bin/gnu/h-i686-mingw32/bin/../lib/gcc/nios2-elf/4.1.2/../../../../nios2-elf/lib\libc.a(lib_a-strlen.o)
 .bss           0x0201e58c        0x0 c:/altera/12.1sp1/nios2eds/bin/gnu/h-i686-mingw32/bin/../lib/gcc/nios2-elf/4.1.2/../../../../nios2-elf/lib\libc.a(lib_a-writer.o)
 .bss           0x0201e58c        0x0 c:/altera/12.1sp1/nios2eds/bin/gnu/h-i686-mingw32/bin/../lib/gcc/nios2-elf/4.1.2/../../../../nios2-elf/lib\libc.a(lib_a-callocr.o)
 .bss           0x0201e58c        0x0 c:/altera/12.1sp1/nios2eds/bin/gnu/h-i686-mingw32/bin/../lib/gcc/nios2-elf/4.1.2/../../../../nios2-elf/lib\libc.a(lib_a-closer.o)
 .bss           0x0201e58c        0x0 c:/altera/12.1sp1/nios2eds/bin/gnu/h-i686-mingw32/bin/../lib/gcc/nios2-elf/4.1.2/../../../../nios2-elf/lib\libc.a(lib_a-fclose.o)
 .bss           0x0201e58c        0x0 c:/altera/12.1sp1/nios2eds/bin/gnu/h-i686-mingw32/bin/../lib/gcc/nios2-elf/4.1.2/../../../../nios2-elf/lib\libc.a(lib_a-fstatr.o)
 .bss           0x0201e58c        0x0 c:/altera/12.1sp1/nios2eds/bin/gnu/h-i686-mingw32/bin/../lib/gcc/nios2-elf/4.1.2/../../../../nios2-elf/lib\libc.a(lib_a-int_errno.o)
 .bss           0x0201e58c        0x0 c:/altera/12.1sp1/nios2eds/bin/gnu/h-i686-mingw32/bin/../lib/gcc/nios2-elf/4.1.2/../../../../nios2-elf/lib\libc.a(lib_a-isattyr.o)
 .bss           0x0201e58c        0x0 c:/altera/12.1sp1/nios2eds/bin/gnu/h-i686-mingw32/bin/../lib/gcc/nios2-elf/4.1.2/../../../../nios2-elf/lib\libc.a(lib_a-lseekr.o)
 .bss           0x0201e58c        0x0 c:/altera/12.1sp1/nios2eds/bin/gnu/h-i686-mingw32/bin/../lib/gcc/nios2-elf/4.1.2/../../../../nios2-elf/lib\libc.a(lib_a-readr.o)
 .bss           0x0201e58c        0x0 c:/altera/12.1sp1/nios2eds/bin/gnu/h-i686-mingw32/bin/../lib/gcc/nios2-elf/4.1.2\libgcc.a(_udivdi3.o)
 .bss           0x0201e58c        0x0 c:/altera/12.1sp1/nios2eds/bin/gnu/h-i686-mingw32/bin/../lib/gcc/nios2-elf/4.1.2\libgcc.a(_umoddi3.o)
 .bss           0x0201e58c        0x0 c:/altera/12.1sp1/nios2eds/bin/gnu/h-i686-mingw32/bin/../lib/gcc/nios2-elf/4.1.2\libgcc.a(_addsub_df.o)
 .bss           0x0201e58c        0x0 c:/altera/12.1sp1/nios2eds/bin/gnu/h-i686-mingw32/bin/../lib/gcc/nios2-elf/4.1.2\libgcc.a(_mul_df.o)
 .bss           0x0201e58c        0x0 c:/altera/12.1sp1/nios2eds/bin/gnu/h-i686-mingw32/bin/../lib/gcc/nios2-elf/4.1.2\libgcc.a(_div_df.o)
 .bss           0x0201e58c        0x0 c:/altera/12.1sp1/nios2eds/bin/gnu/h-i686-mingw32/bin/../lib/gcc/nios2-elf/4.1.2\libgcc.a(_eq_df.o)
 .bss           0x0201e58c        0x0 c:/altera/12.1sp1/nios2eds/bin/gnu/h-i686-mingw32/bin/../lib/gcc/nios2-elf/4.1.2\libgcc.a(_ne_df.o)
 .bss           0x0201e58c        0x0 c:/altera/12.1sp1/nios2eds/bin/gnu/h-i686-mingw32/bin/../lib/gcc/nios2-elf/4.1.2\libgcc.a(_gt_df.o)
 .bss           0x0201e58c        0x0 c:/altera/12.1sp1/nios2eds/bin/gnu/h-i686-mingw32/bin/../lib/gcc/nios2-elf/4.1.2\libgcc.a(_ge_df.o)
 .bss           0x0201e58c        0x0 c:/altera/12.1sp1/nios2eds/bin/gnu/h-i686-mingw32/bin/../lib/gcc/nios2-elf/4.1.2\libgcc.a(_lt_df.o)
 .bss           0x0201e58c        0x0 c:/altera/12.1sp1/nios2eds/bin/gnu/h-i686-mingw32/bin/../lib/gcc/nios2-elf/4.1.2\libgcc.a(_si_to_df.o)
 .bss           0x0201e58c        0x0 c:/altera/12.1sp1/nios2eds/bin/gnu/h-i686-mingw32/bin/../lib/gcc/nios2-elf/4.1.2\libgcc.a(_df_to_si.o)
 .bss           0x0201e58c        0x0 c:/altera/12.1sp1/nios2eds/bin/gnu/h-i686-mingw32/bin/../lib/gcc/nios2-elf/4.1.2\libgcc.a(_thenan_df.o)
 .bss           0x0201e58c        0x0 c:/altera/12.1sp1/nios2eds/bin/gnu/h-i686-mingw32/bin/../lib/gcc/nios2-elf/4.1.2\libgcc.a(_usi_to_df.o)
 .bss           0x0201e58c        0x0 c:/altera/12.1sp1/nios2eds/bin/gnu/h-i686-mingw32/bin/../lib/gcc/nios2-elf/4.1.2\libgcc.a(_muldi3.o)
 .bss           0x0201e58c        0x0 c:/altera/12.1sp1/nios2eds/bin/gnu/h-i686-mingw32/bin/../lib/gcc/nios2-elf/4.1.2\libgcc.a(_clz.o)
 .bss           0x0201e58c        0x0 c:/altera/12.1sp1/nios2eds/bin/gnu/h-i686-mingw32/bin/../lib/gcc/nios2-elf/4.1.2\libgcc.a(_clzsi2.o)
 .bss           0x0201e58c        0x0 c:/altera/12.1sp1/nios2eds/bin/gnu/h-i686-mingw32/bin/../lib/gcc/nios2-elf/4.1.2\libgcc.a(_pack_df.o)
 .bss           0x0201e58c        0x0 c:/altera/12.1sp1/nios2eds/bin/gnu/h-i686-mingw32/bin/../lib/gcc/nios2-elf/4.1.2\libgcc.a(_unpack_df.o)
 .bss           0x0201e58c        0x0 c:/altera/12.1sp1/nios2eds/bin/gnu/h-i686-mingw32/bin/../lib/gcc/nios2-elf/4.1.2\libgcc.a(_fpcmp_parts_df.o)
 .bss           0x0201e58c        0x0 ../alt_i2c_test_2_bsp/\libucosii_bsp.a(alt_close.o)
 .bss           0x0201e58c        0x0 ../alt_i2c_test_2_bsp/\libucosii_bsp.a(alt_dev.o)
 .bss           0x0201e58c        0x0 ../alt_i2c_test_2_bsp/\libucosii_bsp.a(alt_errno.o)
 .bss           0x0201e58c        0x0 ../alt_i2c_test_2_bsp/\libucosii_bsp.a(alt_fstat.o)
 .bss           0x0201e58c        0x0 ../alt_i2c_test_2_bsp/\libucosii_bsp.a(alt_isatty.o)
 .bss           0x0201e58c        0x0 ../alt_i2c_test_2_bsp/\libucosii_bsp.a(alt_load.o)
 .bss           0x0201e58c        0x0 ../alt_i2c_test_2_bsp/\libucosii_bsp.a(alt_lseek.o)
 .bss           0x0201e58c        0x0 ../alt_i2c_test_2_bsp/\libucosii_bsp.a(alt_main.o)
 .bss           0x0201e58c        0x0 ../alt_i2c_test_2_bsp/\libucosii_bsp.a(alt_read.o)
 .bss           0x0201e58c        0x0 ../alt_i2c_test_2_bsp/\libucosii_bsp.a(alt_release_fd.o)
 .bss           0x0201e58c        0x0 ../alt_i2c_test_2_bsp/\libucosii_bsp.a(alt_sbrk.o)
 .bss           0x0201e58c        0x0 ../alt_i2c_test_2_bsp/\libucosii_bsp.a(alt_write.o)
 .bss           0x0201e58c        0x0 ../alt_i2c_test_2_bsp/\libucosii_bsp.a(alt_env_lock.o)
 .bss           0x0201e58c        0x0 ../alt_i2c_test_2_bsp/\libucosii_bsp.a(alt_malloc_lock.o)
 .bss           0x0201e58c        0x0 ../alt_i2c_test_2_bsp/\libucosii_bsp.a(os_core.o)
 .bss           0x0201e58c        0x0 ../alt_i2c_test_2_bsp/\libucosii_bsp.a(os_dbg.o)
 .bss           0x0201e58c        0x0 ../alt_i2c_test_2_bsp/\libucosii_bsp.a(os_flag.o)
 .bss           0x0201e58c        0x0 ../alt_i2c_test_2_bsp/\libucosii_bsp.a(os_mem.o)
 .bss           0x0201e58c        0x0 ../alt_i2c_test_2_bsp/\libucosii_bsp.a(os_q.o)
 .bss           0x0201e58c        0x0 ../alt_i2c_test_2_bsp/\libucosii_bsp.a(os_sem.o)
 .bss           0x0201e58c        0x0 ../alt_i2c_test_2_bsp/\libucosii_bsp.a(os_task.o)
 .bss           0x0201e58c        0x0 ../alt_i2c_test_2_bsp/\libucosii_bsp.a(os_time.o)
 .bss           0x0201e58c        0x0 ../alt_i2c_test_2_bsp/\libucosii_bsp.a(alt_sys_init.o)
 .bss           0x0201e58c        0x0 ../alt_i2c_test_2_bsp/\libucosii_bsp.a(altera_avalon_epcs_flash_controller.o)
 .bss           0x0201e58c        0x0 ../alt_i2c_test_2_bsp/\libucosii_bsp.a(altera_avalon_jtag_uart_fd.o)
 .bss           0x0201e58c        0x0 ../alt_i2c_test_2_bsp/\libucosii_bsp.a(altera_avalon_jtag_uart_init.o)
 .bss           0x0201e58c        0x0 ../alt_i2c_test_2_bsp/\libucosii_bsp.a(altera_avalon_jtag_uart_ioctl.o)
 .bss           0x0201e58c        0x0 ../alt_i2c_test_2_bsp/\libucosii_bsp.a(altera_avalon_jtag_uart_read.o)
 .bss           0x0201e58c        0x0 ../alt_i2c_test_2_bsp/\libucosii_bsp.a(altera_avalon_jtag_uart_write.o)
 .bss           0x0201e58c        0x0 ../alt_i2c_test_2_bsp/\libucosii_bsp.a(altera_avalon_timer_sc.o)
 .bss           0x0201e58c        0x0 ../alt_i2c_test_2_bsp/\libucosii_bsp.a(epcs_commands.o)
 .bss           0x0201e58c        0x0 ../alt_i2c_test_2_bsp/\libucosii_bsp.a(alt_alarm_start.o)
 .bss           0x0201e58c        0x0 ../alt_i2c_test_2_bsp/\libucosii_bsp.a(alt_dcache_flush_all.o)
 .bss           0x0201e58c        0x0 ../alt_i2c_test_2_bsp/\libucosii_bsp.a(alt_dev_llist_insert.o)
 .bss           0x0201e58c        0x0 ../alt_i2c_test_2_bsp/\libucosii_bsp.a(alt_do_ctors.o)
 .bss           0x0201e58c        0x0 ../alt_i2c_test_2_bsp/\libucosii_bsp.a(alt_do_dtors.o)
 .bss           0x0201e58c        0x0 ../alt_i2c_test_2_bsp/\libucosii_bsp.a(alt_flash_dev.o)
 .bss           0x0201e58c        0x0 ../alt_i2c_test_2_bsp/\libucosii_bsp.a(alt_icache_flush_all.o)
 .bss           0x0201e58c        0x0 ../alt_i2c_test_2_bsp/\libucosii_bsp.a(alt_iic.o)
 .bss           0x0201e58c        0x0 ../alt_i2c_test_2_bsp/\libucosii_bsp.a(alt_iic_isr_register.o)
 .bss           0x0201e58c        0x0 ../alt_i2c_test_2_bsp/\libucosii_bsp.a(alt_io_redirect.o)
 .bss           0x0201e58c        0x0 ../alt_i2c_test_2_bsp/\libucosii_bsp.a(alt_irq_entry.o)
 .bss           0x0201e58c        0x0 ../alt_i2c_test_2_bsp/\libucosii_bsp.a(alt_irq_handler.o)
 .bss           0x0201e58c        0x0 ../alt_i2c_test_2_bsp/\libucosii_bsp.a(alt_irq_vars.o)
 .bss           0x0201e58c        0x0 ../alt_i2c_test_2_bsp/\libucosii_bsp.a(alt_open.o)
 .bss           0x0201e58c        0x0 ../alt_i2c_test_2_bsp/\libucosii_bsp.a(alt_tick.o)
 .bss           0x0201e58c        0x0 ../alt_i2c_test_2_bsp/\libucosii_bsp.a(altera_nios2_qsys_irq.o)
 .bss           0x0201e58c        0x0 ../alt_i2c_test_2_bsp/\libucosii_bsp.a(os_cpu_a.o)
 .bss           0x0201e58c        0x0 ../alt_i2c_test_2_bsp/\libucosii_bsp.a(os_cpu_c.o)
 .bss           0x0201e58c        0x0 ../alt_i2c_test_2_bsp/\libucosii_bsp.a(altera_avalon_spi.o)
 .bss           0x0201e58c        0x0 ../alt_i2c_test_2_bsp/\libucosii_bsp.a(alt_exception_entry.o)
 .bss           0x0201e58c        0x0 ../alt_i2c_test_2_bsp/\libucosii_bsp.a(alt_find_dev.o)
 .bss           0x0201e58c        0x0 ../alt_i2c_test_2_bsp/\libucosii_bsp.a(alt_find_file.o)
 .bss           0x0201e58c        0x0 ../alt_i2c_test_2_bsp/\libucosii_bsp.a(alt_get_fd.o)
 .bss           0x0201e58c        0x0 ../alt_i2c_test_2_bsp/\libucosii_bsp.a(alt_icache_flush.o)
 .bss           0x0201e58c        0x0 c:/altera/12.1sp1/nios2eds/bin/gnu/h-i686-mingw32/bin/../lib/gcc/nios2-elf/4.1.2/../../../../nios2-elf/lib\libc.a(lib_a-atexit.o)
 .bss           0x0201e58c        0x0 c:/altera/12.1sp1/nios2eds/bin/gnu/h-i686-mingw32/bin/../lib/gcc/nios2-elf/4.1.2/../../../../nios2-elf/lib\libc.a(lib_a-exit.o)
 .bss           0x0201e58c        0x0 c:/altera/12.1sp1/nios2eds/bin/gnu/h-i686-mingw32/bin/../lib/gcc/nios2-elf/4.1.2/../../../../nios2-elf/lib\libc.a(lib_a-memcmp.o)
 .bss           0x0201e58c        0x0 c:/altera/12.1sp1/nios2eds/bin/gnu/h-i686-mingw32/bin/../lib/gcc/nios2-elf/4.1.2/../../../../nios2-elf/lib\libc.a(lib_a-__atexit.o)
 .bss           0x0201e58c        0x0 c:/altera/12.1sp1/nios2eds/bin/gnu/h-i686-mingw32/bin/../lib/gcc/nios2-elf/4.1.2/../../../../nios2-elf/lib\libc.a(lib_a-__call_atexit.o)
 .bss           0x0201e58c        0x0 ../alt_i2c_test_2_bsp/\libucosii_bsp.a(alt_exit.o)
 *(COMMON)
 COMMON         0x0201e58c     0x3224 ../alt_i2c_test_2_bsp/\libucosii_bsp.a(os_core.o)
                0x0201e58c                OSFlagTbl
                0x0201e8fc                OSMemTbl
                0x0201f52c                OSTaskStatStk
                0x0201fd2c                OSQTbl
                0x0201ff0c                OSTaskIdleStk
                0x0202070c                OSEventTbl
                0x0202124c                OSTCBTbl
                0x0202175c                OSTCBPrioTbl
 COMMON         0x020217b0      0x100 ../alt_i2c_test_2_bsp/\libucosii_bsp.a(alt_irq_handler.o)
                0x020217b0                alt_irq
 COMMON         0x020218b0      0x190 c:/altera/12.1sp1/nios2eds/bin/gnu/h-i686-mingw32/bin/../lib/gcc/nios2-elf/4.1.2/../../../../nios2-elf/lib\libc.a(lib_a-atexit.o)
                0x020218b0                _atexit0
                0x02021a40                . = ALIGN (0x4)
                0x02021a40                __bss_end = ABSOLUTE (.)

.sdram          0x02021a40        0x0
                0x02021a40                PROVIDE (_alt_partition_sdram_start, ABSOLUTE (.))
 *(.sdram. sdram.*)
                0x02021a40                . = ALIGN (0x4)
                0x02021a40                PROVIDE (_alt_partition_sdram_end, ABSOLUTE (.))
                0x02021a40                _end = ABSOLUTE (.)
                0x02021a40                end = ABSOLUTE (.)
                0x02021a40                __alt_stack_base = ABSOLUTE (.)
                0x02021a40                PROVIDE (_alt_partition_sdram_load_addr, LOADADDR (.sdram))

.epcs_flash_controller
                0x04000800        0x0 load address 0x02021a40
                0x04000800                PROVIDE (_alt_partition_epcs_flash_controller_start, ABSOLUTE (.))
 *(.epcs_flash_controller. epcs_flash_controller.*)
                0x04000800                . = ALIGN (0x4)
                0x04000800                PROVIDE (_alt_partition_epcs_flash_controller_end, ABSOLUTE (.))
                0x02021a40                PROVIDE (_alt_partition_epcs_flash_controller_load_addr, LOADADDR (.epcs_flash_controller))

.stab
 *(.stab)

.stabstr
 *(.stabstr)

.stab.excl
 *(.stab.excl)

.stab.exclstr
 *(.stab.exclstr)

.stab.index
 *(.stab.index)

.stab.indexstr
 *(.stab.indexstr)

.comment        0x00000000       0x26
 *(.comment)
 .comment       0x00000000       0x26 obj/default/i2c_opencores.o
                                 0x27 (size before relaxing)
 .comment       0x00000000       0x27 obj/default/i2c_test.o
 .comment       0x00000000       0x27 c:/altera/12.1sp1/nios2eds/bin/gnu/h-i686-mingw32/bin/../lib/gcc/nios2-elf/4.1.2\libgcc.a(lib2-divmod.o)
 .comment       0x00000000       0x27 c:/altera/12.1sp1/nios2eds/bin/gnu/h-i686-mingw32/bin/../lib/gcc/nios2-elf/4.1.2/../../../../nios2-elf/lib\libc.a(lib_a-printf.o)
 .comment       0x00000000       0x27 c:/altera/12.1sp1/nios2eds/bin/gnu/h-i686-mingw32/bin/../lib/gcc/nios2-elf/4.1.2/../../../../nios2-elf/lib\libc.a(lib_a-vfprintf.o)
 .comment       0x00000000       0x27 c:/altera/12.1sp1/nios2eds/bin/gnu/h-i686-mingw32/bin/../lib/gcc/nios2-elf/4.1.2/../../../../nios2-elf/lib\libc.a(lib_a-wsetup.o)
 .comment       0x00000000       0x27 c:/altera/12.1sp1/nios2eds/bin/gnu/h-i686-mingw32/bin/../lib/gcc/nios2-elf/4.1.2/../../../../nios2-elf/lib\libc.a(lib_a-dtoa.o)
 .comment       0x00000000       0x27 c:/altera/12.1sp1/nios2eds/bin/gnu/h-i686-mingw32/bin/../lib/gcc/nios2-elf/4.1.2/../../../../nios2-elf/lib\libc.a(lib_a-fflush.o)
 .comment       0x00000000       0x27 c:/altera/12.1sp1/nios2eds/bin/gnu/h-i686-mingw32/bin/../lib/gcc/nios2-elf/4.1.2/../../../../nios2-elf/lib\libc.a(lib_a-findfp.o)
 .comment       0x00000000       0x27 c:/altera/12.1sp1/nios2eds/bin/gnu/h-i686-mingw32/bin/../lib/gcc/nios2-elf/4.1.2/../../../../nios2-elf/lib\libc.a(lib_a-freer.o)
 .comment       0x00000000       0x27 c:/altera/12.1sp1/nios2eds/bin/gnu/h-i686-mingw32/bin/../lib/gcc/nios2-elf/4.1.2/../../../../nios2-elf/lib\libc.a(lib_a-fvwrite.o)
 .comment       0x00000000       0x27 c:/altera/12.1sp1/nios2eds/bin/gnu/h-i686-mingw32/bin/../lib/gcc/nios2-elf/4.1.2/../../../../nios2-elf/lib\libc.a(lib_a-fwalk.o)
 .comment       0x00000000       0x27 c:/altera/12.1sp1/nios2eds/bin/gnu/h-i686-mingw32/bin/../lib/gcc/nios2-elf/4.1.2/../../../../nios2-elf/lib\libc.a(lib_a-impure.o)
 .comment       0x00000000       0x27 c:/altera/12.1sp1/nios2eds/bin/gnu/h-i686-mingw32/bin/../lib/gcc/nios2-elf/4.1.2/../../../../nios2-elf/lib\libc.a(lib_a-locale.o)
 .comment       0x00000000       0x27 c:/altera/12.1sp1/nios2eds/bin/gnu/h-i686-mingw32/bin/../lib/gcc/nios2-elf/4.1.2/../../../../nios2-elf/lib\libc.a(lib_a-makebuf.o)
 .comment       0x00000000       0x27 c:/altera/12.1sp1/nios2eds/bin/gnu/h-i686-mingw32/bin/../lib/gcc/nios2-elf/4.1.2/../../../../nios2-elf/lib\libc.a(lib_a-mallocr.o)
 .comment       0x00000000       0x27 c:/altera/12.1sp1/nios2eds/bin/gnu/h-i686-mingw32/bin/../lib/gcc/nios2-elf/4.1.2/../../../../nios2-elf/lib\libc.a(lib_a-memchr.o)
 .comment       0x00000000       0x27 c:/altera/12.1sp1/nios2eds/bin/gnu/h-i686-mingw32/bin/../lib/gcc/nios2-elf/4.1.2/../../../../nios2-elf/lib\libc.a(lib_a-memcpy.o)
 .comment       0x00000000       0x27 c:/altera/12.1sp1/nios2eds/bin/gnu/h-i686-mingw32/bin/../lib/gcc/nios2-elf/4.1.2/../../../../nios2-elf/lib\libc.a(lib_a-memmove.o)
 .comment       0x00000000       0x27 c:/altera/12.1sp1/nios2eds/bin/gnu/h-i686-mingw32/bin/../lib/gcc/nios2-elf/4.1.2/../../../../nios2-elf/lib\libc.a(lib_a-memset.o)
 .comment       0x00000000       0x27 c:/altera/12.1sp1/nios2eds/bin/gnu/h-i686-mingw32/bin/../lib/gcc/nios2-elf/4.1.2/../../../../nios2-elf/lib\libc.a(lib_a-mprec.o)
 .comment       0x00000000       0x27 c:/altera/12.1sp1/nios2eds/bin/gnu/h-i686-mingw32/bin/../lib/gcc/nios2-elf/4.1.2/../../../../nios2-elf/lib\libc.a(lib_a-reallocr.o)
 .comment       0x00000000       0x27 c:/altera/12.1sp1/nios2eds/bin/gnu/h-i686-mingw32/bin/../lib/gcc/nios2-elf/4.1.2/../../../../nios2-elf/lib\libc.a(lib_a-s_isinfd.o)
 .comment       0x00000000       0x27 c:/altera/12.1sp1/nios2eds/bin/gnu/h-i686-mingw32/bin/../lib/gcc/nios2-elf/4.1.2/../../../../nios2-elf/lib\libc.a(lib_a-s_isnand.o)
 .comment       0x00000000       0x27 c:/altera/12.1sp1/nios2eds/bin/gnu/h-i686-mingw32/bin/../lib/gcc/nios2-elf/4.1.2/../../../../nios2-elf/lib\libc.a(lib_a-sbrkr.o)
 .comment       0x00000000       0x27 c:/altera/12.1sp1/nios2eds/bin/gnu/h-i686-mingw32/bin/../lib/gcc/nios2-elf/4.1.2/../../../../nios2-elf/lib\libc.a(lib_a-stdio.o)
 .comment       0x00000000       0x27 c:/altera/12.1sp1/nios2eds/bin/gnu/h-i686-mingw32/bin/../lib/gcc/nios2-elf/4.1.2/../../../../nios2-elf/lib\libc.a(lib_a-strcmp.o)
 .comment       0x00000000       0x27 c:/altera/12.1sp1/nios2eds/bin/gnu/h-i686-mingw32/bin/../lib/gcc/nios2-elf/4.1.2/../../../../nios2-elf/lib\libc.a(lib_a-strlen.o)
 .comment       0x00000000       0x27 c:/altera/12.1sp1/nios2eds/bin/gnu/h-i686-mingw32/bin/../lib/gcc/nios2-elf/4.1.2/../../../../nios2-elf/lib\libc.a(lib_a-writer.o)
 .comment       0x00000000       0x27 c:/altera/12.1sp1/nios2eds/bin/gnu/h-i686-mingw32/bin/../lib/gcc/nios2-elf/4.1.2/../../../../nios2-elf/lib\libc.a(lib_a-callocr.o)
 .comment       0x00000000       0x27 c:/altera/12.1sp1/nios2eds/bin/gnu/h-i686-mingw32/bin/../lib/gcc/nios2-elf/4.1.2/../../../../nios2-elf/lib\libc.a(lib_a-closer.o)
 .comment       0x00000000       0x27 c:/altera/12.1sp1/nios2eds/bin/gnu/h-i686-mingw32/bin/../lib/gcc/nios2-elf/4.1.2/../../../../nios2-elf/lib\libc.a(lib_a-fclose.o)
 .comment       0x00000000       0x27 c:/altera/12.1sp1/nios2eds/bin/gnu/h-i686-mingw32/bin/../lib/gcc/nios2-elf/4.1.2/../../../../nios2-elf/lib\libc.a(lib_a-fstatr.o)
 .comment       0x00000000       0x27 c:/altera/12.1sp1/nios2eds/bin/gnu/h-i686-mingw32/bin/../lib/gcc/nios2-elf/4.1.2/../../../../nios2-elf/lib\libc.a(lib_a-int_errno.o)
 .comment       0x00000000       0x27 c:/altera/12.1sp1/nios2eds/bin/gnu/h-i686-mingw32/bin/../lib/gcc/nios2-elf/4.1.2/../../../../nios2-elf/lib\libc.a(lib_a-isattyr.o)
 .comment       0x00000000       0x27 c:/altera/12.1sp1/nios2eds/bin/gnu/h-i686-mingw32/bin/../lib/gcc/nios2-elf/4.1.2/../../../../nios2-elf/lib\libc.a(lib_a-lseekr.o)
 .comment       0x00000000       0x27 c:/altera/12.1sp1/nios2eds/bin/gnu/h-i686-mingw32/bin/../lib/gcc/nios2-elf/4.1.2/../../../../nios2-elf/lib\libc.a(lib_a-readr.o)
 .comment       0x00000000       0x27 c:/altera/12.1sp1/nios2eds/bin/gnu/h-i686-mingw32/bin/../lib/gcc/nios2-elf/4.1.2\libgcc.a(_udivdi3.o)
 .comment       0x00000000       0x27 c:/altera/12.1sp1/nios2eds/bin/gnu/h-i686-mingw32/bin/../lib/gcc/nios2-elf/4.1.2\libgcc.a(_umoddi3.o)
 .comment       0x00000000       0x27 c:/altera/12.1sp1/nios2eds/bin/gnu/h-i686-mingw32/bin/../lib/gcc/nios2-elf/4.1.2\libgcc.a(_addsub_df.o)
 .comment       0x00000000       0x27 c:/altera/12.1sp1/nios2eds/bin/gnu/h-i686-mingw32/bin/../lib/gcc/nios2-elf/4.1.2\libgcc.a(_mul_df.o)
 .comment       0x00000000       0x27 c:/altera/12.1sp1/nios2eds/bin/gnu/h-i686-mingw32/bin/../lib/gcc/nios2-elf/4.1.2\libgcc.a(_div_df.o)
 .comment       0x00000000       0x27 c:/altera/12.1sp1/nios2eds/bin/gnu/h-i686-mingw32/bin/../lib/gcc/nios2-elf/4.1.2\libgcc.a(_eq_df.o)
 .comment       0x00000000       0x27 c:/altera/12.1sp1/nios2eds/bin/gnu/h-i686-mingw32/bin/../lib/gcc/nios2-elf/4.1.2\libgcc.a(_ne_df.o)
 .comment       0x00000000       0x27 c:/altera/12.1sp1/nios2eds/bin/gnu/h-i686-mingw32/bin/../lib/gcc/nios2-elf/4.1.2\libgcc.a(_gt_df.o)
 .comment       0x00000000       0x27 c:/altera/12.1sp1/nios2eds/bin/gnu/h-i686-mingw32/bin/../lib/gcc/nios2-elf/4.1.2\libgcc.a(_ge_df.o)
 .comment       0x00000000       0x27 c:/altera/12.1sp1/nios2eds/bin/gnu/h-i686-mingw32/bin/../lib/gcc/nios2-elf/4.1.2\libgcc.a(_lt_df.o)
 .comment       0x00000000       0x27 c:/altera/12.1sp1/nios2eds/bin/gnu/h-i686-mingw32/bin/../lib/gcc/nios2-elf/4.1.2\libgcc.a(_si_to_df.o)
 .comment       0x00000000       0x27 c:/altera/12.1sp1/nios2eds/bin/gnu/h-i686-mingw32/bin/../lib/gcc/nios2-elf/4.1.2\libgcc.a(_df_to_si.o)
 .comment       0x00000000       0x27 c:/altera/12.1sp1/nios2eds/bin/gnu/h-i686-mingw32/bin/../lib/gcc/nios2-elf/4.1.2\libgcc.a(_thenan_df.o)
 .comment       0x00000000       0x27 c:/altera/12.1sp1/nios2eds/bin/gnu/h-i686-mingw32/bin/../lib/gcc/nios2-elf/4.1.2\libgcc.a(_usi_to_df.o)
 .comment       0x00000000       0x27 c:/altera/12.1sp1/nios2eds/bin/gnu/h-i686-mingw32/bin/../lib/gcc/nios2-elf/4.1.2\libgcc.a(_muldi3.o)
 .comment       0x00000000       0x27 c:/altera/12.1sp1/nios2eds/bin/gnu/h-i686-mingw32/bin/../lib/gcc/nios2-elf/4.1.2\libgcc.a(_clz.o)
 .comment       0x00000000       0x27 c:/altera/12.1sp1/nios2eds/bin/gnu/h-i686-mingw32/bin/../lib/gcc/nios2-elf/4.1.2\libgcc.a(_clzsi2.o)
 .comment       0x00000000       0x27 c:/altera/12.1sp1/nios2eds/bin/gnu/h-i686-mingw32/bin/../lib/gcc/nios2-elf/4.1.2\libgcc.a(_pack_df.o)
 .comment       0x00000000       0x27 c:/altera/12.1sp1/nios2eds/bin/gnu/h-i686-mingw32/bin/../lib/gcc/nios2-elf/4.1.2\libgcc.a(_unpack_df.o)
 .comment       0x00000000       0x27 c:/altera/12.1sp1/nios2eds/bin/gnu/h-i686-mingw32/bin/../lib/gcc/nios2-elf/4.1.2\libgcc.a(_fpcmp_parts_df.o)
 .comment       0x00000000       0x27 ../alt_i2c_test_2_bsp/\libucosii_bsp.a(alt_close.o)
 .comment       0x00000000       0x27 ../alt_i2c_test_2_bsp/\libucosii_bsp.a(alt_dev.o)
 .comment       0x00000000       0x27 ../alt_i2c_test_2_bsp/\libucosii_bsp.a(alt_errno.o)
 .comment       0x00000000       0x27 ../alt_i2c_test_2_bsp/\libucosii_bsp.a(alt_fstat.o)
 .comment       0x00000000       0x27 ../alt_i2c_test_2_bsp/\libucosii_bsp.a(alt_isatty.o)
 .comment       0x00000000       0x27 ../alt_i2c_test_2_bsp/\libucosii_bsp.a(alt_load.o)
 .comment       0x00000000       0x27 ../alt_i2c_test_2_bsp/\libucosii_bsp.a(alt_lseek.o)
 .comment       0x00000000       0x27 ../alt_i2c_test_2_bsp/\libucosii_bsp.a(alt_main.o)
 .comment       0x00000000       0x27 ../alt_i2c_test_2_bsp/\libucosii_bsp.a(alt_read.o)
 .comment       0x00000000       0x27 ../alt_i2c_test_2_bsp/\libucosii_bsp.a(alt_release_fd.o)
 .comment       0x00000000       0x27 ../alt_i2c_test_2_bsp/\libucosii_bsp.a(alt_sbrk.o)
 .comment       0x00000000       0x27 ../alt_i2c_test_2_bsp/\libucosii_bsp.a(alt_write.o)
 .comment       0x00000000       0x27 ../alt_i2c_test_2_bsp/\libucosii_bsp.a(alt_env_lock.o)
 .comment       0x00000000       0x27 ../alt_i2c_test_2_bsp/\libucosii_bsp.a(alt_malloc_lock.o)
 .comment       0x00000000       0x27 ../alt_i2c_test_2_bsp/\libucosii_bsp.a(os_core.o)
 .comment       0x00000000       0x27 ../alt_i2c_test_2_bsp/\libucosii_bsp.a(os_dbg.o)
 .comment       0x00000000       0x27 ../alt_i2c_test_2_bsp/\libucosii_bsp.a(os_flag.o)
 .comment       0x00000000       0x27 ../alt_i2c_test_2_bsp/\libucosii_bsp.a(os_mem.o)
 .comment       0x00000000       0x27 ../alt_i2c_test_2_bsp/\libucosii_bsp.a(os_q.o)
 .comment       0x00000000       0x27 ../alt_i2c_test_2_bsp/\libucosii_bsp.a(os_sem.o)
 .comment       0x00000000       0x27 ../alt_i2c_test_2_bsp/\libucosii_bsp.a(os_task.o)
 .comment       0x00000000       0x27 ../alt_i2c_test_2_bsp/\libucosii_bsp.a(os_time.o)
 .comment       0x00000000       0x27 ../alt_i2c_test_2_bsp/\libucosii_bsp.a(alt_sys_init.o)
 .comment       0x00000000       0x27 ../alt_i2c_test_2_bsp/\libucosii_bsp.a(altera_avalon_epcs_flash_controller.o)
 .comment       0x00000000       0x27 ../alt_i2c_test_2_bsp/\libucosii_bsp.a(altera_avalon_jtag_uart_fd.o)
 .comment       0x00000000       0x27 ../alt_i2c_test_2_bsp/\libucosii_bsp.a(altera_avalon_jtag_uart_init.o)
 .comment       0x00000000       0x27 ../alt_i2c_test_2_bsp/\libucosii_bsp.a(altera_avalon_jtag_uart_ioctl.o)
 .comment       0x00000000       0x27 ../alt_i2c_test_2_bsp/\libucosii_bsp.a(altera_avalon_jtag_uart_read.o)
 .comment       0x00000000       0x27 ../alt_i2c_test_2_bsp/\libucosii_bsp.a(altera_avalon_jtag_uart_write.o)
 .comment       0x00000000       0x27 ../alt_i2c_test_2_bsp/\libucosii_bsp.a(altera_avalon_timer_sc.o)
 .comment       0x00000000       0x27 ../alt_i2c_test_2_bsp/\libucosii_bsp.a(epcs_commands.o)
 .comment       0x00000000       0x27 ../alt_i2c_test_2_bsp/\libucosii_bsp.a(alt_alarm_start.o)
 .comment       0x00000000       0x27 ../alt_i2c_test_2_bsp/\libucosii_bsp.a(alt_dcache_flush_all.o)
 .comment       0x00000000       0x27 ../alt_i2c_test_2_bsp/\libucosii_bsp.a(alt_dev_llist_insert.o)
 .comment       0x00000000       0x27 ../alt_i2c_test_2_bsp/\libucosii_bsp.a(alt_do_ctors.o)