Archive member included because of file (symbol)

c:/altera/12.1sp1/nios2eds/bin/gnu/h-i686-mingw32/bin/../lib/gcc/nios2-elf/4.1.2/../../../../nios2-elf/lib/mno-hw-mul\libc.a(lib_a-puts.o)
                              obj/default/hello_ucosii.o (puts)
c:/altera/12.1sp1/nios2eds/bin/gnu/h-i686-mingw32/bin/../lib/gcc/nios2-elf/4.1.2/../../../../nios2-elf/lib/mno-hw-mul\libc.a(lib_a-strlen.o)
                              c:/altera/12.1sp1/nios2eds/bin/gnu/h-i686-mingw32/bin/../lib/gcc/nios2-elf/4.1.2/../../../../nios2-elf/lib/mno-hw-mul\libc.a(lib_a-puts.o) (strlen)
c:/altera/12.1sp1/nios2eds/bin/gnu/h-i686-mingw32/bin/../lib/gcc/nios2-elf/4.1.2/../../../../nios2-elf/lib/mno-hw-mul\libc.a(lib_a-fvwrite.o)
                              c:/altera/12.1sp1/nios2eds/bin/gnu/h-i686-mingw32/bin/../lib/gcc/nios2-elf/4.1.2/../../../../nios2-elf/lib/mno-hw-mul\libc.a(lib_a-puts.o) (__sfvwrite_r)
c:/altera/12.1sp1/nios2eds/bin/gnu/h-i686-mingw32/bin/../lib/gcc/nios2-elf/4.1.2/../../../../nios2-elf/lib/mno-hw-mul\libc.a(lib_a-impure.o)
                              c:/altera/12.1sp1/nios2eds/bin/gnu/h-i686-mingw32/bin/../lib/gcc/nios2-elf/4.1.2/../../../../nios2-elf/lib/mno-hw-mul\libc.a(lib_a-puts.o) (_impure_ptr)
c:/altera/12.1sp1/nios2eds/bin/gnu/h-i686-mingw32/bin/../lib/gcc/nios2-elf/4.1.2/../../../../nios2-elf/lib/mno-hw-mul\libc.a(lib_a-mallocr.o)
                              c:/altera/12.1sp1/nios2eds/bin/gnu/h-i686-mingw32/bin/../lib/gcc/nios2-elf/4.1.2/../../../../nios2-elf/lib/mno-hw-mul\libc.a(lib_a-fvwrite.o) (_malloc_r)
c:/altera/12.1sp1/nios2eds/bin/gnu/h-i686-mingw32/bin/../lib/gcc/nios2-elf/4.1.2/../../../../nios2-elf/lib/mno-hw-mul\libc.a(lib_a-memchr.o)
                              c:/altera/12.1sp1/nios2eds/bin/gnu/h-i686-mingw32/bin/../lib/gcc/nios2-elf/4.1.2/../../../../nios2-elf/lib/mno-hw-mul\libc.a(lib_a-fvwrite.o) (memchr)
c:/altera/12.1sp1/nios2eds/bin/gnu/h-i686-mingw32/bin/../lib/gcc/nios2-elf/4.1.2/../../../../nios2-elf/lib/mno-hw-mul\libc.a(lib_a-memcpy.o)
                              c:/altera/12.1sp1/nios2eds/bin/gnu/h-i686-mingw32/bin/../lib/gcc/nios2-elf/4.1.2/../../../../nios2-elf/lib/mno-hw-mul\libc.a(lib_a-fvwrite.o) (memcpy)
c:/altera/12.1sp1/nios2eds/bin/gnu/h-i686-mingw32/bin/../lib/gcc/nios2-elf/4.1.2/../../../../nios2-elf/lib/mno-hw-mul\libc.a(lib_a-memmove.o)
                              c:/altera/12.1sp1/nios2eds/bin/gnu/h-i686-mingw32/bin/../lib/gcc/nios2-elf/4.1.2/../../../../nios2-elf/lib/mno-hw-mul\libc.a(lib_a-fvwrite.o) (memmove)
c:/altera/12.1sp1/nios2eds/bin/gnu/h-i686-mingw32/bin/../lib/gcc/nios2-elf/4.1.2/../../../../nios2-elf/lib/mno-hw-mul\libc.a(lib_a-reallocr.o)
                              c:/altera/12.1sp1/nios2eds/bin/gnu/h-i686-mingw32/bin/../lib/gcc/nios2-elf/4.1.2/../../../../nios2-elf/lib/mno-hw-mul\libc.a(lib_a-fvwrite.o) (_realloc_r)
c:/altera/12.1sp1/nios2eds/bin/gnu/h-i686-mingw32/bin/../lib/gcc/nios2-elf/4.1.2/../../../../nios2-elf/lib/mno-hw-mul\libc.a(lib_a-sbrkr.o)
                              c:/altera/12.1sp1/nios2eds/bin/gnu/h-i686-mingw32/bin/../lib/gcc/nios2-elf/4.1.2/../../../../nios2-elf/lib/mno-hw-mul\libc.a(lib_a-mallocr.o) (_sbrk_r)
c:/altera/12.1sp1/nios2eds/bin/gnu/h-i686-mingw32/bin/../lib/gcc/nios2-elf/4.1.2/../../../../nios2-elf/lib/mno-hw-mul\libc.a(lib_a-wsetup.o)
                              c:/altera/12.1sp1/nios2eds/bin/gnu/h-i686-mingw32/bin/../lib/gcc/nios2-elf/4.1.2/../../../../nios2-elf/lib/mno-hw-mul\libc.a(lib_a-fvwrite.o) (__swsetup_r)
c:/altera/12.1sp1/nios2eds/bin/gnu/h-i686-mingw32/bin/../lib/gcc/nios2-elf/4.1.2/../../../../nios2-elf/lib/mno-hw-mul\libc.a(lib_a-fflush.o)
                              c:/altera/12.1sp1/nios2eds/bin/gnu/h-i686-mingw32/bin/../lib/gcc/nios2-elf/4.1.2/../../../../nios2-elf/lib/mno-hw-mul\libc.a(lib_a-fvwrite.o) (_fflush_r)
c:/altera/12.1sp1/nios2eds/bin/gnu/h-i686-mingw32/bin/../lib/gcc/nios2-elf/4.1.2/../../../../nios2-elf/lib/mno-hw-mul\libc.a(lib_a-findfp.o)
                              c:/altera/12.1sp1/nios2eds/bin/gnu/h-i686-mingw32/bin/../lib/gcc/nios2-elf/4.1.2/../../../../nios2-elf/lib/mno-hw-mul\libc.a(lib_a-wsetup.o) (__sinit)
c:/altera/12.1sp1/nios2eds/bin/gnu/h-i686-mingw32/bin/../lib/gcc/nios2-elf/4.1.2/../../../../nios2-elf/lib/mno-hw-mul\libc.a(lib_a-freer.o)
                              c:/altera/12.1sp1/nios2eds/bin/gnu/h-i686-mingw32/bin/../lib/gcc/nios2-elf/4.1.2/../../../../nios2-elf/lib/mno-hw-mul\libc.a(lib_a-fvwrite.o) (_free_r)
c:/altera/12.1sp1/nios2eds/bin/gnu/h-i686-mingw32/bin/../lib/gcc/nios2-elf/4.1.2/../../../../nios2-elf/lib/mno-hw-mul\libc.a(lib_a-fwalk.o)
                              c:/altera/12.1sp1/nios2eds/bin/gnu/h-i686-mingw32/bin/../lib/gcc/nios2-elf/4.1.2/../../../../nios2-elf/lib/mno-hw-mul\libc.a(lib_a-fflush.o) (_fwalk_reent)
c:/altera/12.1sp1/nios2eds/bin/gnu/h-i686-mingw32/bin/../lib/gcc/nios2-elf/4.1.2/../../../../nios2-elf/lib/mno-hw-mul\libc.a(lib_a-int_errno.o)
[...]
Memory Configuration

Name             Origin             Length             Attributes
sdram_0          0x00800000         0x00800000
reset            0x01004000         0x00000020
onchip_memory2_0 0x01004020         0x00003fe0
*default*        0x00000000         0xffffffff

Linker script and memory map

LOAD ../HelloWorld2_bsp//obj/HAL/src/crt0.o
LOAD obj/default/hello_ucosii.o
LOAD c:/altera/12.1sp1/nios2eds/bin/gnu/h-i686-mingw32/bin/../lib/gcc/nios2-elf/4.1.2/../../../../nios2-elf/lib/mno-hw-mul\libstdc++.a
LOAD c:/altera/12.1sp1/nios2eds/bin/gnu/h-i686-mingw32/bin/../lib/gcc/nios2-elf/4.1.2/../../../../nios2-elf/lib/mno-hw-mul\libm.a
LOAD c:/altera/12.1sp1/nios2eds/bin/gnu/h-i686-mingw32/bin/../lib/gcc/nios2-elf/4.1.2/mno-hw-mul\libgcc.a
START GROUP
LOAD c:/altera/12.1sp1/nios2eds/bin/gnu/h-i686-mingw32/bin/../lib/gcc/nios2-elf/4.1.2/../../../../nios2-elf/lib/mno-hw-mul\libc.a
LOAD c:/altera/12.1sp1/nios2eds/bin/gnu/h-i686-mingw32/bin/../lib/gcc/nios2-elf/4.1.2/mno-hw-mul\libgcc.a
LOAD ../HelloWorld2_bsp/\libucosii_bsp.a
END GROUP
LOAD c:/altera/12.1sp1/nios2eds/bin/gnu/h-i686-mingw32/bin/../lib/gcc/nios2-elf/4.1.2/mno-hw-mul\libgcc.a
                0x00800000                __alt_mem_sdram_0 = 0x800000
                0x01004000                __alt_mem_onchip_memory2_0 = 0x1004000

.entry          0x01004000       0x20
 *(.entry)
 .entry         0x01004000       0x20 ../HelloWorld2_bsp//obj/HAL/src/crt0.o
                0x01004000                __reset

.exceptions     0x01004020      0x19c
                0x01004020                PROVIDE (__ram_exceptions_start, ABSOLUTE (.))
                0x01004020                . = ALIGN (0x20)
 *(.irq)
 *(.exceptions.entry.label)
 .exceptions.entry.label
                0x01004020        0x0 ../HelloWorld2_bsp/\libucosii_bsp.a(alt_irq_entry.o)
                0x01004020                alt_irq_entry
 .exceptions.entry.label
                0x01004020        0x0 ../HelloWorld2_bsp/\libucosii_bsp.a(alt_exception_entry.o)
                0x01004020                alt_exception
 *(.exceptions.entry.user)
 *(.exceptions.entry)
 .exceptions.entry
                0x01004020       0x54 ../HelloWorld2_bsp/\libucosii_bsp.a(alt_exception_entry.o)
 *(.exceptions.irqtest.user)
 *(.exceptions.irqtest)
 .exceptions.irqtest
                0x01004074       0x10 ../HelloWorld2_bsp/\libucosii_bsp.a(alt_irq_entry.o)
 *(.exceptions.irqhandler.user)
 *(.exceptions.irqhandler)
 .exceptions.irqhandler
                0x01004084        0x4 ../HelloWorld2_bsp/\libucosii_bsp.a(alt_irq_entry.o)
 *(.exceptions.irqreturn.user)
 *(.exceptions.irqreturn)
 .exceptions.irqreturn
                0x01004088        0x4 ../HelloWorld2_bsp/\libucosii_bsp.a(alt_irq_entry.o)
 *(.exceptions.notirq.label)
 .exceptions.notirq.label
                0x0100408c        0x0 ../HelloWorld2_bsp/\libucosii_bsp.a(alt_irq_entry.o)
 *(.exceptions.notirq.user)
 *(.exceptions.notirq)
 .exceptions.notirq
                0x0100408c        0x8 ../HelloWorld2_bsp/\libucosii_bsp.a(alt_exception_entry.o)
 *(.exceptions.soft.user)
 *(.exceptions.soft)
 *(.exceptions.unknown.user)
 *(.exceptions.unknown)
 .exceptions.unknown
                0x01004094        0x4 ../HelloWorld2_bsp/\libucosii_bsp.a(alt_exception_entry.o)
 *(.exceptions.exit.label)
 .exceptions.exit.label
                0x01004098        0x0 ../HelloWorld2_bsp/\libucosii_bsp.a(alt_irq_entry.o)
 .exceptions.exit.label
                0x01004098        0x0 ../HelloWorld2_bsp/\libucosii_bsp.a(alt_exception_entry.o)
 *(.exceptions.exit.user)
 *(.exceptions.exit)
 .exceptions.exit
                0x01004098       0x54 ../HelloWorld2_bsp/\libucosii_bsp.a(alt_exception_entry.o)
 *(.exceptions)
 .exceptions    0x010040ec       0xd0 ../HelloWorld2_bsp/\libucosii_bsp.a(alt_irq_handler.o)
                0x010040ec                alt_irq_handler
                0x010041bc                PROVIDE (__ram_exceptions_end, ABSOLUTE (.))
                0x01004020                PROVIDE (__flash_exceptions_start, LOADADDR (.exceptions))

.text           0x00800000     0xe430
                0x00800000                PROVIDE (stext, ABSOLUTE (.))
 *(.interp)
 *(.hash)
 *(.dynsym)
 *(.dynstr)
 *(.gnu.version)
 *(.gnu.version_d)
 *(.gnu.version_r)
 *(.rel.init)
 *(.rela.init)
 *(.rel.text .rel.text.* .rel.gnu.linkonce.t.*)
 *(.rela.text .rela.text.* .rela.gnu.linkonce.t.*)
 *(.rel.fini)
 *(.rela.fini)
 *(.rel.rodata .rel.rodata.* .rel.gnu.linkonce.r.*)
 *(.rela.rodata .rela.rodata.* .rela.gnu.linkonce.r.*)
 *(.rel.data .rel.data.* .rel.gnu.linkonce.d.*)
 *(.rela.data .rela.data.* .rela.gnu.linkonce.d.*)
 *(.rel.tdata .rel.tdata.* .rel.gnu.linkonce.td.*)
 *(.rela.tdata .rela.tdata.* .rela.gnu.linkonce.td.*)
 *(.rel.tbss .rel.tbss.* .rel.gnu.linkonce.tb.*)
 *(.rela.tbss .rela.tbss.* .rela.gnu.linkonce.tb.*)
 *(.rel.ctors)
 *(.rela.ctors)
 *(.rel.dtors)
 *(.rela.dtors)
 *(.rel.got)
 *(.rela.got)
 *(.rel.sdata .rel.sdata.* .rel.gnu.linkonce.s.*)
 *(.rela.sdata .rela.sdata.* .rela.gnu.linkonce.s.*)
 *(.rel.sbss .rel.sbss.* .rel.gnu.linkonce.sb.*)
 *(.rela.sbss .rela.sbss.* .rela.gnu.linkonce.sb.*)
 *(.rel.sdata2 .rel.sdata2.* .rel.gnu.linkonce.s2.*)
 *(.rela.sdata2 .rela.sdata2.* .rela.gnu.linkonce.s2.*)
 *(.rel.sbss2 .rel.sbss2.* .rel.gnu.linkonce.sb2.*)
 *(.rela.sbss2 .rela.sbss2.* .rela.gnu.linkonce.sb2.*)
 *(.rel.bss .rel.bss.* .rel.gnu.linkonce.b.*)
 *(.rela.bss .rela.bss.* .rela.gnu.linkonce.b.*)
 *(.rel.plt)
 *(.rela.plt)
 *(.rel.dyn)
 *(.init)
 *(.plt)
 *(.text .stub .text.* .gnu.linkonce.t.*)
 .text          0x00800000       0x3c ../HelloWorld2_bsp//obj/HAL/src/crt0.o
                0x00800000                _start
 .text          0x0080003c      0x11c obj/default/hello_ucosii.o
                0x0080003c                task1
                0x00800074                task2
                0x008000ac                main
 .text          0x00800158       0xb4 c:/altera/12.1sp1/nios2eds/bin/gnu/h-i686-mingw32/bin/../lib/gcc/nios2-elf/4.1.2/../../../../nios2-elf/lib/mno-hw-mul\libc.a(lib_a-puts.o)
                0x00800158                _puts_r
                0x008001f8                puts
 .text          0x0080020c       0x74 c:/altera/12.1sp1/nios2eds/bin/gnu/h-i686-mingw32/bin/../lib/gcc/nios2-elf/4.1.2/../../../../nios2-elf/lib/mno-hw-mul\libc.a(lib_a-strlen.o)
                0x0080020c                strlen
 .text          0x00800280      0x49c c:/altera/12.1sp1/nios2eds/bin/gnu/h-i686-mingw32/bin/../lib/gcc/nios2-elf/4.1.2/../../../../nios2-elf/lib/mno-hw-mul\libc.a(lib_a-fvwrite.o)
                0x00800280                __sfvwrite_r
 .text          0x0080071c        0x0 c:/altera/12.1sp1/nios2eds/bin/gnu/h-i686-mingw32/bin/../lib/gcc/nios2-elf/4.1.2/../../../../nios2-elf/lib/mno-hw-mul\libc.a(lib_a-impure.o)
 .text          0x0080071c      0x740 c:/altera/12.1sp1/nios2eds/bin/gnu/h-i686-mingw32/bin/../lib/gcc/nios2-elf/4.1.2/../../../../nios2-elf/lib/mno-hw-mul\libc.a(lib_a-mallocr.o)
                0x0080071c                _malloc_r
 .text          0x00800e5c       0xe4 c:/altera/12.1sp1/nios2eds/bin/gnu/h-i686-mingw32/bin/../lib/gcc/nios2-elf/4.1.2/../../../../nios2-elf/lib/mno-hw-mul\libc.a(lib_a-memchr.o)
                0x00800e5c                memchr
 .text          0x00800f40       0xa0 c:/altera/12.1sp1/nios2eds/bin/gnu/h-i686-mingw32/bin/../lib/gcc/nios2-elf/4.1.2/../../../../nios2-elf/lib/mno-hw-mul\libc.a(lib_a-memcpy.o)
                0x00800f40                memcpy
 .text          0x00800fe0       0xe0 c:/altera/12.1sp1/nios2eds/bin/gnu/h-i686-mingw32/bin/../lib/gcc/nios2-elf/4.1.2/../../../../nios2-elf/lib/mno-hw-mul\libc.a(lib_a-memmove.o)
                0x00800fe0                memmove
 .text          0x008010c0      0x5f4 c:/altera/12.1sp1/nios2eds/bin/gnu/h-i686-mingw32/bin/../lib/gcc/nios2-elf/4.1.2/../../../../nios2-elf/lib/mno-hw-mul\libc.a(lib_a-reallocr.o)
                0x008010c0                _realloc_r
 .text          0x008016b4       0x70 c:/altera/12.1sp1/nios2eds/bin/gnu/h-i686-mingw32/bin/../lib/gcc/nios2-elf/4.1.2/../../../../nios2-elf/lib/mno-hw-mul\libc.a(lib_a-sbrkr.o)
                0x008016b4                _sbrk_r
 .text          0x00801724      0x13c c:/altera/12.1sp1/nios2eds/bin/gnu/h-i686-mingw32/bin/../lib/gcc/nios2-elf/4.1.2/../../../../nios2-elf/lib/mno-hw-mul\libc.a(lib_a-wsetup.o)
                0x00801724                __swsetup_r
 .text          0x00801860      0x230 c:/altera/12.1sp1/nios2eds/bin/gnu/h-i686-mingw32/bin/../lib/gcc/nios2-elf/4.1.2/../../../../nios2-elf/lib/mno-hw-mul\libc.a(lib_a-fflush.o)
                0x00801860                _fflush_r
                0x00801a5c                fflush
 .text          0x00801a90      0x2f4 c:/altera/12.1sp1/nios2eds/bin/gnu/h-i686-mingw32/bin/../lib/gcc/nios2-elf/4.1.2/../../../../nios2-elf/lib/mno-hw-mul\libc.a(lib_a-findfp.o)
                0x00801ae8                __sfp_lock_acquire
                0x00801aec                __sfp_lock_release
                0x00801af0                __sinit_lock_acquire
                0x00801af4                __sinit_lock_release
                0x00801af8                __sinit
                0x00801bac                __fp_unlock_all
                0x00801bc4                __fp_lock_all
                0x00801bdc                _cleanup_r
                0x00801be8                _cleanup
                0x00801bf8                __sfmoreglue
                0x00801c94                __sfp
 .text          0x00801d84      0x440 c:/altera/12.1sp1/nios2eds/bin/gnu/h-i686-mingw32/bin/../lib/gcc/nios2-elf/4.1.2/../../../../nios2-elf/lib/mno-hw-mul\libc.a(lib_a-freer.o)
                0x00801d84                _malloc_trim_r
                0x00801eb0                _free_r
 .text          0x008021c4      0x180 c:/altera/12.1sp1/nios2eds/bin/gnu/h-i686-mingw32/bin/../lib/gcc/nios2-elf/4.1.2/../../../../nios2-elf/lib/mno-hw-mul\libc.a(lib_a-fwalk.o)
                0x008021c4                _fwalk_reent
                0x0080228c                _fwalk
 .text          0x00802344        0x0 c:/altera/12.1sp1/nios2eds/bin/gnu/h-i686-mingw32/bin/../lib/gcc/nios2-elf/4.1.2/../../../../nios2-elf/lib/mno-hw-mul\libc.a(lib_a-int_errno.o)
 .text          0x00802344      0x194 c:/altera/12.1sp1/nios2eds/bin/gnu/h-i686-mingw32/bin/../lib/gcc/nios2-elf/4.1.2/../../../../nios2-elf/lib/mno-hw-mul\libc.a(lib_a-makebuf.o)
                0x00802344                __smakebuf_r
 .text          0x008024d8       0x98 c:/altera/12.1sp1/nios2eds/bin/gnu/h-i686-mingw32/bin/../lib/gcc/nios2-elf/4.1.2/../../../../nios2-elf/lib/mno-hw-mul\libc.a(lib_a-memset.o)
                0x008024d8                memset
 .text          0x00802570      0x14c c:/altera/12.1sp1/nios2eds/bin/gnu/h-i686-mingw32/bin/../lib/gcc/nios2-elf/4.1.2/../../../../nios2-elf/lib/mno-hw-mul\libc.a(lib_a-stdio.o)
                0x00802570                __sclose
                0x00802578                __sseek
                0x008025e0                __swrite
                0x0080265c                __sread
 .text          0x008026bc       0x78 c:/altera/12.1sp1/nios2eds/bin/gnu/h-i686-mingw32/bin/../lib/gcc/nios2-elf/4.1.2/../../../../nios2-elf/lib/mno-hw-mul\libc.a(lib_a-writer.o)
                0x008026bc                _write_r
 .text          0x00802734       0x70 c:/altera/12.1sp1/nios2eds/bin/gnu/h-i686-mingw32/bin/../lib/gcc/nios2-elf/4.1.2/../../../../nios2-elf/lib/mno-hw-mul\libc.a(lib_a-closer.o)
                0x00802734                _close_r
 .text          0x008027a4      0x124 c:/altera/12.1sp1/nios2eds/bin/gnu/h-i686-mingw32/bin/../lib/gcc/nios2-elf/4.1.2/../../../../nios2-elf/lib/mno-hw-mul\libc.a(lib_a-fclose.o)
                0x008027a4                _fclose_r
                0x008028b4                fclose
 .text          0x008028c8       0x74 c:/altera/12.1sp1/nios2eds/bin/gnu/h-i686-mingw32/bin/../lib/gcc/nios2-elf/4.1.2/../../../../nios2-elf/lib/mno-hw-mul\libc.a(lib_a-fstatr.o)
                0x008028c8                _fstat_r
 .text          0x0080293c       0x70 c:/altera/12.1sp1/nios2eds/bin/gnu/h-i686-mingw32/bin/../lib/gcc/nios2-elf/4.1.2/../../../../nios2-elf/lib/mno-hw-mul\libc.a(lib_a-isattyr.o)
                0x0080293c                _isatty_r
 .text          0x008029ac       0x78 c:/altera/12.1sp1/nios2eds/bin/gnu/h-i686-mingw32/bin/../lib/gcc/nios2-elf/4.1.2/../../../../nios2-elf/lib/mno-hw-mul\libc.a(lib_a-lseekr.o)
                0x008029ac                _lseek_r
 .text          0x00802a24       0x78 c:/altera/12.1sp1/nios2eds/bin/gnu/h-i686-mingw32/bin/../lib/gcc/nios2-elf/4.1.2/../../../../nios2-elf/lib/mno-hw-mul\libc.a(lib_a-readr.o)
                0x00802a24                _read_r
 .text          0x00802a9c       0x38 c:/altera/12.1sp1/nios2eds/bin/gnu/h-i686-mingw32/bin/../lib/gcc/nios2-elf/4.1.2/mno-hw-mul\libgcc.a(lib2-mul.o)
                0x00802a9c                __mulsi3
 .text          0x00802ad4      0x160 ../HelloWorld2_bsp/\libucosii_bsp.a(alt_close.o)
                0x00802ad4                close
 .text          0x00802c34       0x2c ../HelloWorld2_bsp/\libucosii_bsp.a(alt_dev.o)
 .text          0x00802c60        0x0 ../HelloWorld2_bsp/\libucosii_bsp.a(alt_errno.o)
 .text          0x00802c60      0x138 ../HelloWorld2_bsp/\libucosii_bsp.a(alt_fstat.o)
                0x00802c60                fstat
 .text          0x00802d98      0x124 ../HelloWorld2_bsp/\libucosii_bsp.a(alt_isatty.o)
                0x00802d98                isatty
 .text          0x00802ebc       0xec ../HelloWorld2_bsp/\libucosii_bsp.a(alt_load.o)
                0x00802ebc                alt_load
 .text          0x00802fa8      0x154 ../HelloWorld2_bsp/\libucosii_bsp.a(alt_lseek.o)
                0x00802fa8                lseek
 .text          0x008030fc       0xc8 ../HelloWorld2_bsp/\libucosii_bsp.a(alt_main.o)
                0x008030fc                alt_main
 .text          0x008031c4      0x184 ../HelloWorld2_bsp/\libucosii_bsp.a(alt_read.o)
                0x008031c4                read
 .text          0x00803348       0x78 ../HelloWorld2_bsp/\libucosii_bsp.a(alt_release_fd.o)
                0x00803348                alt_release_fd
 .text          0x008033c0       0xbc ../HelloWorld2_bsp/\libucosii_bsp.a(alt_sbrk.o)
                0x008033c0                sbrk
 .text          0x0080347c      0x184 ../HelloWorld2_bsp/\libucosii_bsp.a(alt_write.o)
                0x0080347c                write
 .text          0x00803600      0x108 ../HelloWorld2_bsp/\libucosii_bsp.a(alt_env_lock.o)
                0x00803600                __env_lock
                0x008036ac                __env_unlock
 .text          0x00803708      0x1d8 ../HelloWorld2_bsp/\libucosii_bsp.a(alt_malloc_lock.o)
                0x00803708                __malloc_lock
                0x00803810                __malloc_unlock
 .text          0x008038e0     0x2128 ../HelloWorld2_bsp/\libucosii_bsp.a(os_core.o)
                0x008038e0                OSEventNameGet
                0x00803a10                OSEventNameSet
                0x00803b54                OSEventPendMulti
                0x00804208                OSInit
                0x0080425c                OSIntEnter
                0x008042d8                OSIntExit
                0x008043d8                OSSchedLock
                0x00804464                OSSchedUnlock
                0x00804548                OSStart
                0x008045b8                OSStatInit
                0x00804664                OSTimeTick
                0x008048a4                OSVersion
                0x008048c4                OS_Dummy
                0x008048e0                OS_EventTaskRdy
                0x00804a74                OS_EventTaskWait
                0x00804b84                OS_EventTaskWaitMulti
                0x00804cd8                OS_EventTaskRemove
                0x00804d90                OS_EventTaskRemoveMulti
                0x00804e94                OS_EventWaitListInit
                0x00805260                OS_MemClr
                0x008052b4                OS_MemCopy
                0x00805320                OS_Sched
                0x00805464                OS_StrCopy
                0x008054e4                OS_StrLen
                0x0080553c                OS_TaskIdle
                0x00805598                OS_TaskStat
                0x00805660                OS_TaskStatStkChk
                0x00805728                OS_TCBInit
 .text          0x00805a08      0x18c ../HelloWorld2_bsp/\libucosii_bsp.a(os_dbg.o)
                0x00805a08                OSDebugInit
 .text          0x00805b94     0x193c ../HelloWorld2_bsp/\libucosii_bsp.a(os_flag.o)
                0x00805b94                OSFlagAccept
                0x00805ec8                OSFlagCreate
                0x00806004                OSFlagDel
                0x008062ac                OSFlagNameGet
                0x008063f0                OSFlagNameSet
                0x00806544                OSFlagPend
                0x00806b88                OSFlagPendGetFlagsRdy
                0x00806bf0                OSFlagPost
                0x00806f98                OSFlagQuery
                0x00807230                OS_FlagInit
                0x00807424                OS_FlagUnlink
 .text          0x008074d0      0x80c ../HelloWorld2_bsp/\libucosii_bsp.a(os_mem.o)
                0x008074d0                OSMemCreate
                0x008076ec                OSMemGet
                0x008077f0                OSMemNameGet
                0x008078fc                OSMemNameSet
                0x00807a1c                OSMemPut
                0x00807b0c                OSMemQuery
                0x00807c08                OS_MemInit
 .text          0x00807cdc     0x1334 ../HelloWorld2_bsp/\libucosii_bsp.a(os_q.o)
                0x00807cdc                OSQAccept
                0x00807e30                OSQCreate
                0x00808044                OSQDel
                0x00808344                OSQFlush
                0x0080840c                OSQPend
                0x0080872c                OSQPendAbort
                0x008088a8                OSQPost
                0x00808a28                OSQPostFront
                0x00808bb0                OSQPostOpt
                0x00808de4                OSQQuery
                0x00808f64                OS_QInit
 .text          0x00809010      0xbc8 ../HelloWorld2_bsp/\libucosii_bsp.a(os_sem.o)
                0x00809010                OSSemAccept
                0x008090d0                OSSemCreate
                0x008091e4                OSSemDel
                0x00809484                OSSemPend
                0x00809700                OSSemPendAbort
                0x0080987c                OSSemPost
                0x008099a4                OSSemQuery
                0x00809ad4                OSSemSet
 .text          0x00809bd8     0x1a40 ../HelloWorld2_bsp/\libucosii_bsp.a(os_task.o)
                0x00809bd8                OSTaskChangePrio
                0x0080a14c                OSTaskCreate
                0x0080a320                OSTaskCreateExt
                0x0080a520                OSTaskDel
                0x0080a92c                OSTaskDelReq
                0x0080aa9c                OSTaskNameGet
                0x0080ac54                OSTaskNameSet
                0x0080ae18                OSTaskResume
                0x0080b030                OSTaskStkChk
                0x0080b22c                OSTaskSuspend
                0x0080b458                OSTaskQuery
                0x0080b59c                OS_TaskStkClr
 .text          0x0080b618      0x5bc ../HelloWorld2_bsp/\libucosii_bsp.a(os_time.o)
                0x0080b618                OSTimeDly
                0x0080b764                OSTimeDlyHMSM
                0x0080b8fc                OSTimeDlyResume
                0x0080bb0c                OSTimeGet
                0x0080bb70                OSTimeSet
 .text          0x0080bbd4       0xcc ../HelloWorld2_bsp/\libucosii_bsp.a(alt_sys_init.o)
                0x0080bbd4                alt_irq_init
                0x0080bc08                alt_sys_init
 .text          0x0080bca0      0x148 ../HelloWorld2_bsp/\libucosii_bsp.a(altera_avalon_jtag_uart_fd.o)
                0x0080bca0                altera_avalon_jtag_uart_read_fd
                0x0080bcf8                altera_avalon_jtag_uart_write_fd
                0x0080bd50                altera_avalon_jtag_uart_close_fd
                0x0080bd98                altera_avalon_jtag_uart_ioctl_fd
 .text          0x0080bde8      0x584 ../HelloWorld2_bsp/\libucosii_bsp.a(altera_avalon_jtag_uart_init.o)
                0x0080bde8                altera_avalon_jtag_uart_init
                0x0080c2f8                altera_avalon_jtag_uart_close
 .text          0x0080c36c       0xf4 ../HelloWorld2_bsp/\libucosii_bsp.a(altera_avalon_jtag_uart_ioctl.o)
                0x0080c36c                altera_avalon_jtag_uart_ioctl
 .text          0x0080c460      0x2c0 ../HelloWorld2_bsp/\libucosii_bsp.a(altera_avalon_jtag_uart_read.o)
                0x0080c460                altera_avalon_jtag_uart_read
 .text          0x0080c720      0x2dc ../HelloWorld2_bsp/\libucosii_bsp.a(altera_avalon_jtag_uart_write.o)
                0x0080c720                altera_avalon_jtag_uart_write
 .text          0x0080c9fc      0x100 ../HelloWorld2_bsp/\libucosii_bsp.a(altera_avalon_timer_sc.o)
                0x0080ca6c                alt_avalon_timer_sc_init
 .text          0x0080cafc      0x154 ../HelloWorld2_bsp/\libucosii_bsp.a(alt_alarm_start.o)
                0x0080cafc                alt_alarm_start
 .text          0x0080cc50       0x1c ../HelloWorld2_bsp/\libucosii_bsp.a(alt_dcache_flush_all.o)
                0x0080cc50                alt_dcache_flush_all
 .text          0x0080cc6c      0x114 ../HelloWorld2_bsp/\libucosii_bsp.a(alt_dev_llist_insert.o)
                0x0080cc6c                alt_dev_llist_insert
 .text          0x0080cd80       0x64 ../HelloWorld2_bsp/\libucosii_bsp.a(alt_do_ctors.o)
                0x0080cd80                _do_ctors
 .text          0x0080cde4       0x64 ../HelloWorld2_bsp/\libucosii_bsp.a(alt_do_dtors.o)
                0x0080cde4                _do_dtors
 .text          0x0080ce48       0x1c ../HelloWorld2_bsp/\libucosii_bsp.a(alt_icache_flush_all.o)
                0x0080ce48                alt_icache_flush_all
 .text          0x0080ce64      0x1d4 ../HelloWorld2_bsp/\libucosii_bsp.a(alt_iic.o)
                0x0080ce64                alt_ic_isr_register
                0x0080ceb4                alt_ic_irq_enable
                0x0080cf50                alt_ic_irq_disable
                0x0080cff0                alt_ic_irq_enabled
 .text          0x0080d038       0xf8 ../HelloWorld2_bsp/\libucosii_bsp.a(alt_iic_isr_register.o)
                0x0080d038                alt_iic_isr_register
 .text          0x0080d130      0x150 ../HelloWorld2_bsp/\libucosii_bsp.a(alt_io_redirect.o)
                0x0080d208                alt_io_redirect
 .text          0x0080d280        0x0 ../HelloWorld2_bsp/\libucosii_bsp.a(alt_irq_entry.o)
 .text          0x0080d280        0x0 ../HelloWorld2_bsp/\libucosii_bsp.a(alt_irq_handler.o)
 .text          0x0080d280        0x0 ../HelloWorld2_bsp/\libucosii_bsp.a(alt_irq_vars.o)
 .text          0x0080d280      0x2e4 ../HelloWorld2_bsp/\libucosii_bsp.a(alt_open.o)
                0x0080d378                open
 .text          0x0080d564      0x1a8 ../HelloWorld2_bsp/\libucosii_bsp.a(alt_tick.o)
                0x0080d564                alt_alarm_stop
                0x0080d5fc                alt_tick
 .text          0x0080d70c       0x20 ../HelloWorld2_bsp/\libucosii_bsp.a(altera_nios2_qsys_irq.o)
                0x0080d70c                altera_nios2_qsys_irq_init
 .text          0x0080d72c       0xd0 ../HelloWorld2_bsp/\libucosii_bsp.a(os_cpu_a.o)
                0x0080d72c                OSCtxSw
                0x0080d72c                OSIntCtxSw
                0x0080d7b8                OSStartHighRdy
                0x0080d7d8                OSStartTsk
 .text          0x0080d7fc      0x418 ../HelloWorld2_bsp/\libucosii_bsp.a(os_cpu_c.o)
                0x0080d7fc                OSTaskStkInit
                0x0080db0c                OSTaskCreateHook
                0x0080db2c                OSTaskDelHook
                0x0080db4c                OSTaskSwHook
                0x0080db68                OSTaskStatHook
                0x0080db84                OSTimeTickHook
                0x0080dba0                OSInitHookBegin
                0x0080dbbc                OSInitHookEnd
                0x0080dbd8                OSTaskIdleHook
                0x0080dbf4                OSTCBInitHook
 .text          0x0080dc14        0x0 ../HelloWorld2_bsp/\libucosii_bsp.a(alt_exception_entry.o)
 .text          0x0080dc14       0x94 ../HelloWorld2_bsp/\libucosii_bsp.a(alt_find_dev.o)
                0x0080dc14                alt_find_dev
 .text          0x0080dca8      0x120 ../HelloWorld2_bsp/\libucosii_bsp.a(alt_find_file.o)
                0x0080dca8                alt_find_file
 .text          0x0080ddc8      0x104 ../HelloWorld2_bsp/\libucosii_bsp.a(alt_get_fd.o)
                0x0080ddc8                alt_get_fd
 .text          0x0080decc       0x14 c:/altera/12.1sp1/nios2eds/bin/gnu/h-i686-mingw32/bin/../lib/gcc/nios2-elf/4.1.2/../../../../nios2-elf/lib/mno-hw-mul\libc.a(lib_a-atexit.o)
                0x0080decc                atexit
 .text          0x0080dee0       0x38 c:/altera/12.1sp1/nios2eds/bin/gnu/h-i686-mingw32/bin/../lib/gcc/nios2-elf/4.1.2/../../../../nios2-elf/lib/mno-hw-mul\libc.a(lib_a-exit.o)
                0x0080dee0                exit
 .text          0x0080df18       0x74 c:/altera/12.1sp1/nios2eds/bin/gnu/h-i686-mingw32/bin/../lib/gcc/nios2-elf/4.1.2/../../../../nios2-elf/lib/mno-hw-mul\libc.a(lib_a-memcmp.o)
                0x0080df18                memcmp
 .text          0x0080df8c      0x134 c:/altera/12.1sp1/nios2eds/bin/gnu/h-i686-mingw32/bin/../lib/gcc/nios2-elf/4.1.2/../../../../nios2-elf/lib/mno-hw-mul\libc.a(lib_a-__atexit.o)
                0x0080df8c                __register_exitproc
 .text          0x0080e0c0      0x1b4 c:/altera/12.1sp1/nios2eds/bin/gnu/h-i686-mingw32/bin/../lib/gcc/nios2-elf/4.1.2/../../../../nios2-elf/lib/mno-hw-mul\libc.a(lib_a-__call_atexit.o)
                0x0080e0c4                __call_exitprocs
 .text          0x0080e274      0x14c c:/altera/12.1sp1/nios2eds/bin/gnu/h-i686-mingw32/bin/../lib/gcc/nios2-elf/4.1.2/mno-hw-mul\libgcc.a(lib2-divmod.o)
                0x0080e2f0                __divsi3
                0x0080e350                __modsi3
                0x0080e3b0                __udivsi3
                0x0080e3b8                __umodsi3
 .text          0x0080e3c0       0x6c ../HelloWorld2_bsp/\libucosii_bsp.a(alt_exit.o)
                0x0080e400                _exit
 *(.gnu.warning.*)
 *(.fini)
                0x0080e42c                PROVIDE (__etext, ABSOLUTE (.))
                0x0080e42c                PROVIDE (_etext, ABSOLUTE (.))
                0x0080e42c                PROVIDE (etext, ABSOLUTE (.))
 *(.eh_frame_hdr)
                0x0080e42c                . = ALIGN (0x4)
                0x0080e42c                PROVIDE (__preinit_array_start, ABSOLUTE (.))
 *(.preinit_array)
                0x0080e42c                PROVIDE (__preinit_array_end, ABSOLUTE (.))
                0x0080e42c                PROVIDE (__init_array_start, ABSOLUTE (.))
 *(.init_array)
                0x0080e42c                PROVIDE (__init_array_end, ABSOLUTE (.))
                0x0080e42c                PROVIDE (__fini_array_start, ABSOLUTE (.))
 *(.fini_array)
                0x0080e42c                PROVIDE (__fini_array_end, ABSOLUTE (.))
 *(.eh_frame)
 *(.gcc_except_table)
 *(.dynamic)
                0x0080e42c                PROVIDE (__CTOR_LIST__, ABSOLUTE (.))
 *(.ctors)
 *(SORT(.ctors.*))
 .ctors.65535   0x0080e42c        0x4 c:/altera/12.1sp1/nios2eds/bin/gnu/h-i686-mingw32/bin/../lib/gcc/nios2-elf/4.1.2/../../../../nios2-elf/lib/mno-hw-mul\libc.a(lib_a-__call_atexit.o)
                0x0080e430                PROVIDE (__CTOR_END__, ABSOLUTE (.))
                0x0080e430                PROVIDE (__DTOR_LIST__, ABSOLUTE (.))
 *(.dtors)
 *(SORT(.dtors.*))
                0x0080e430                PROVIDE (__DTOR_END__, ABSOLUTE (.))
 *(.jcr)
                0x0080e430                . = ALIGN (0x4)

.rodata         0x0080e430      0x188
                0x0080e430                PROVIDE (__ram_rodata_start, ABSOLUTE (.))
                0x0080e430                . = ALIGN (0x4)
 *(.rodata .rodata.* .gnu.linkonce.r.*)
 .rodata        0x0080e430       0x28 obj/default/hello_ucosii.o
 .rodata.str1.4
                0x0080e458        0x2 c:/altera/12.1sp1/nios2eds/bin/gnu/h-i686-mingw32/bin/../lib/gcc/nios2-elf/4.1.2/../../../../nios2-elf/lib/mno-hw-mul\libc.a(lib_a-puts.o)
                                  0x4 (size before relaxing)
 *fill*         0x0080e45a        0x2 00
 .rodata.str1.4
                0x0080e45c        0x4 c:/altera/12.1sp1/nios2eds/bin/gnu/h-i686-mingw32/bin/../lib/gcc/nios2-elf/4.1.2/../../../../nios2-elf/lib/mno-hw-mul\libc.a(lib_a-impure.o)
 .rodata        0x0080e460        0xc ../HelloWorld2_bsp/\libucosii_bsp.a(alt_dev.o)
 .rodata        0x0080e46c       0x14 ../HelloWorld2_bsp/\libucosii_bsp.a(alt_main.o)
 .rodata        0x0080e480      0x120 ../HelloWorld2_bsp/\libucosii_bsp.a(os_core.o)
                0x0080e480                OSUnMapTbl
 .rodata        0x0080e5a0       0x14 ../HelloWorld2_bsp/\libucosii_bsp.a(alt_sys_init.o)
 .rodata        0x0080e5b4        0x4 ../HelloWorld2_bsp/\libucosii_bsp.a(os_cpu_c.o)
 *(.rodata1)
                0x0080e5b8                . = ALIGN (0x4)
                0x0080e5b8                PROVIDE (__ram_rodata_end, ABSOLUTE (.))
                0x0080e430                PROVIDE (__flash_rodata_start, LOADADDR (.rodata))

.rwdata         0x0080e5b8     0x1ad0 load address 0x00810088
                0x0080e5b8                PROVIDE (__ram_rwdata_start, ABSOLUTE (.))
                0x0080e5b8                . = ALIGN (0x4)
 *(.got.plt)
 *(.got)
 *(.data1)
 *(.data .data.* .gnu.linkonce.d.*)
 .data          0x0080e5b8        0x0 ../HelloWorld2_bsp//obj/HAL/src/crt0.o
 .data          0x0080e5b8        0x0 obj/default/hello_ucosii.o
 .data          0x0080e5b8        0x0 c:/altera/12.1sp1/nios2eds/bin/gnu/h-i686-mingw32/bin/../lib/gcc/nios2-elf/4.1.2/../../../../nios2-elf/lib/mno-hw-mul\libc.a(lib_a-puts.o)
 .data          0x0080e5b8        0x0 c:/altera/12.1sp1/nios2eds/bin/gnu/h-i686-mingw32/bin/../lib/gcc/nios2-elf/4.1.2/../../../../nios2-elf/lib/mno-hw-mul\libc.a(lib_a-strlen.o)
 .data          0x0080e5b8        0x0 c:/altera/12.1sp1/nios2eds/bin/gnu/h-i686-mingw32/bin/../lib/gcc/nios2-elf/4.1.2/../../../../nios2-elf/lib/mno-hw-mul\libc.a(lib_a-fvwrite.o)
 .data          0x0080e5b8      0x400 c:/altera/12.1sp1/nios2eds/bin/gnu/h-i686-mingw32/bin/../lib/gcc/nios2-elf/4.1.2/../../../../nios2-elf/lib/mno-hw-mul\libc.a(lib_a-impure.o)
 .data          0x0080e9b8      0x408 c:/altera/12.1sp1/nios2eds/bin/gnu/h-i686-mingw32/bin/../lib/gcc/nios2-elf/4.1.2/../../../../nios2-elf/lib/mno-hw-mul\libc.a(lib_a-mallocr.o)
                0x0080e9b8                __malloc_av_
 .data          0x0080edc0        0x0 c:/altera/12.1sp1/nios2eds/bin/gnu/h-i686-mingw32/bin/../lib/gcc/nios2-elf/4.1.2/../../../../nios2-elf/lib/mno-hw-mul\libc.a(lib_a-memchr.o)
 .data          0x0080edc0        0x0 c:/altera/12.1sp1/nios2eds/bin/gnu/h-i686-mingw32/bin/../lib/gcc/nios2-elf/4.1.2/../../../../nios2-elf/lib/mno-hw-mul\libc.a(lib_a-memcpy.o)
 .data          0x0080edc0        0x0 c:/altera/12.1sp1/nios2eds/bin/gnu/h-i686-mingw32/bin/../lib/gcc/nios2-elf/4.1.2/../../../../nios2-elf/lib/mno-hw-mul\libc.a(lib_a-memmove.o)
 .data          0x0080edc0        0x0 c:/altera/12.1sp1/nios2eds/bin/gnu/h-i686-mingw32/bin/../lib/gcc/nios2-elf/4.1.2/../../../../nios2-elf/lib/mno-hw-mul\libc.a(lib_a-reallocr.o)
 .data          0x0080edc0        0x0 c:/altera/12.1sp1/nios2eds/bin/gnu/h-i686-mingw32/bin/../lib/gcc/nios2-elf/4.1.2/../../../../nios2-elf/lib/mno-hw-mul\libc.a(lib_a-sbrkr.o)
 .data          0x0080edc0        0x0 c:/altera/12.1sp1/nios2eds/bin/gnu/h-i686-mingw32/bin/../lib/gcc/nios2-elf/4.1.2/../../../../nios2-elf/lib/mno-hw-mul\libc.a(lib_a-wsetup.o)
 .data          0x0080edc0        0x0 c:/altera/12.1sp1/nios2eds/bin/gnu/h-i686-mingw32/bin/../lib/gcc/nios2-elf/4.1.2/../../../../nios2-elf/lib/mno-hw-mul\libc.a(lib_a-fflush.o)
 .data          0x0080edc0        0x0 c:/altera/12.1sp1/nios2eds/bin/gnu/h-i686-mingw32/bin/../lib/gcc/nios2-elf/4.1.2/../../../../nios2-elf/lib/mno-hw-mul\libc.a(lib_a-findfp.o)
 .data          0x0080edc0        0x0 c:/altera/12.1sp1/nios2eds/bin/gnu/h-i686-mingw32/bin/../lib/gcc/nios2-elf/4.1.2/../../../../nios2-elf/lib/mno-hw-mul\libc.a(lib_a-freer.o)
 .data          0x0080edc0        0x0 c:/altera/12.1sp1/nios2eds/bin/gnu/h-i686-mingw32/bin/../lib/gcc/nios2-elf/4.1.2/../../../../nios2-elf/lib/mno-hw-mul\libc.a(lib_a-fwalk.o)
 .data          0x0080edc0        0x0 c:/altera/12.1sp1/nios2eds/bin/gnu/h-i686-mingw32/bin/../lib/gcc/nios2-elf/4.1.2/../../../../nios2-elf/lib/mno-hw-mul\libc.a(lib_a-int_errno.o)
 .data          0x0080edc0        0x0 c:/altera/12.1sp1/nios2eds/bin/gnu/h-i686-mingw32/bin/../lib/gcc/nios2-elf/4.1.2/../../../../nios2-elf/lib/mno-hw-mul\libc.a(lib_a-makebuf.o)
 .data          0x0080edc0        0x0 c:/altera/12.1sp1/nios2eds/bin/gnu/h-i686-mingw32/bin/../lib/gcc/nios2-elf/4.1.2/../../../../nios2-elf/lib/mno-hw-mul\libc.a(lib_a-memset.o)
 .data          0x0080edc0        0x0 c:/altera/12.1sp1/nios2eds/bin/gnu/h-i686-mingw32/bin/../lib/gcc/nios2-elf/4.1.2/../../../../nios2-elf/lib/mno-hw-mul\libc.a(lib_a-stdio.o)
 .data          0x0080edc0        0x0 c:/altera/12.1sp1/nios2eds/bin/gnu/h-i686-mingw32/bin/../lib/gcc/nios2-elf/4.1.2/../../../../nios2-elf/lib/mno-hw-mul\libc.a(lib_a-writer.o)
 .data          0x0080edc0        0x0 c:/altera/12.1sp1/nios2eds/bin/gnu/h-i686-mingw32/bin/../lib/gcc/nios2-elf/4.1.2/../../../../nios2-elf/lib/mno-hw-mul\libc.a(lib_a-closer.o)
 .data          0x0080edc0        0x0 c:/altera/12.1sp1/nios2eds/bin/gnu/h-i686-mingw32/bin/../lib/gcc/nios2-elf/4.1.2/../../../../nios2-elf/lib/mno-hw-mul\libc.a(lib_a-fclose.o)
 .data          0x0080edc0        0x0 c:/altera/12.1sp1/nios2eds/bin/gnu/h-i686-mingw32/bin/../lib/gcc/nios2-elf/4.1.2/../../../../nios2-elf/lib/mno-hw-mul\libc.a(lib_a-fstatr.o)
 .data          0x0080edc0        0x0 c:/altera/12.1sp1/nios2eds/bin/gnu/h-i686-mingw32/bin/../lib/gcc/nios2-elf/4.1.2/../../../../nios2-elf/lib/mno-hw-mul\libc.a(lib_a-isattyr.o)
 .data          0x0080edc0        0x0 c:/altera/12.1sp1/nios2eds/bin/gnu/h-i686-mingw32/bin/../lib/gcc/nios2-elf/4.1.2/../../../../nios2-elf/lib/mno-hw-mul\libc.a(lib_a-lseekr.o)
 .data          0x0080edc0        0x0 c:/altera/12.1sp1/nios2eds/bin/gnu/h-i686-mingw32/bin/../lib/gcc/nios2-elf/4.1.2/../../../../nios2-elf/lib/mno-hw-mul\libc.a(lib_a-readr.o)
 .data          0x0080edc0        0x0 c:/altera/12.1sp1/nios2eds/bin/gnu/h-i686-mingw32/bin/../lib/gcc/nios2-elf/4.1.2/mno-hw-mul\libgcc.a(lib2-mul.o)
 .data          0x0080edc0        0x0 ../HelloWorld2_bsp/\libucosii_bsp.a(alt_close.o)
 .data          0x0080edc0      0x1a8 ../HelloWorld2_bsp/\libucosii_bsp.a(alt_dev.o)
                0x0080edc0                alt_dev_null
                0x0080ede8                alt_fd_list
 .data          0x0080ef68        0x0 ../HelloWorld2_bsp/\libucosii_bsp.a(alt_errno.o)
 .data          0x0080ef68        0x0 ../HelloWorld2_bsp/\libucosii_bsp.a(alt_fstat.o)
 .data          0x0080ef68        0x0 ../HelloWorld2_bsp/\libucosii_bsp.a(alt_isatty.o)
 .data          0x0080ef68        0x0 ../HelloWorld2_bsp/\libucosii_bsp.a(alt_load.o)
 .data          0x0080ef68        0x0 ../HelloWorld2_bsp/\libucosii_bsp.a(alt_lseek.o)
 .data          0x0080ef68        0x0 ../HelloWorld2_bsp/\libucosii_bsp.a(alt_main.o)
 .data          0x0080ef68        0x0 ../HelloWorld2_bsp/\libucosii_bsp.a(alt_read.o)
 .data          0x0080ef68        0x0 ../HelloWorld2_bsp/\libucosii_bsp.a(alt_release_fd.o)
 .data          0x0080ef68        0x0 ../HelloWorld2_bsp/\libucosii_bsp.a(alt_sbrk.o)
 .data          0x0080ef68        0x0 ../HelloWorld2_bsp/\libucosii_bsp.a(alt_write.o)
 .data          0x0080ef68        0x0 ../HelloWorld2_bsp/\libucosii_bsp.a(alt_env_lock.o)
 .data          0x0080ef68        0x0 ../HelloWorld2_bsp/\libucosii_bsp.a(alt_malloc_lock.o)
 .data          0x0080ef68        0x0 ../HelloWorld2_bsp/\libucosii_bsp.a(os_core.o)
 .data          0x0080ef68        0x0 ../HelloWorld2_bsp/\libucosii_bsp.a(os_dbg.o)
 .data          0x0080ef68        0x0 ../HelloWorld2_bsp/\libucosii_bsp.a(os_flag.o)
 .data          0x0080ef68        0x0 ../HelloWorld2_bsp/\libucosii_bsp.a(os_mem.o)
 .data          0x0080ef68        0x0 ../HelloWorld2_bsp/\libucosii_bsp.a(os_q.o)
 .data          0x0080ef68        0x0 ../HelloWorld2_bsp/\libucosii_bsp.a(os_sem.o)
 .data          0x0080ef68        0x0 ../HelloWorld2_bsp/\libucosii_bsp.a(os_task.o)
 .data          0x0080ef68        0x0 ../HelloWorld2_bsp/\libucosii_bsp.a(os_time.o)
 .data          0x0080ef68     0x106c ../HelloWorld2_bsp/\libucosii_bsp.a(alt_sys_init.o)
 .data          0x0080ffd4        0x0 ../HelloWorld2_bsp/\libucosii_bsp.a(altera_avalon_jtag_uart_fd.o)
 .data          0x0080ffd4        0x0 ../HelloWorld2_bsp/\libucosii_bsp.a(altera_avalon_jtag_uart_init.o)
 .data          0x0080ffd4        0x0 ../HelloWorld2_bsp/\libucosii_bsp.a(altera_avalon_jtag_uart_ioctl.o)
 .data          0x0080ffd4        0x0 ../HelloWorld2_bsp/\libucosii_bsp.a(altera_avalon_jtag_uart_read.o)
 .data          0x0080ffd4        0x0 ../HelloWorld2_bsp/\libucosii_bsp.a(altera_avalon_jtag_uart_write.o)
 .data          0x0080ffd4        0x0 ../HelloWorld2_bsp/\libucosii_bsp.a(altera_avalon_timer_sc.o)
 .data          0x0080ffd4        0x0 ../HelloWorld2_bsp/\libucosii_bsp.a(alt_alarm_start.o)
 .data          0x0080ffd4        0x0 ../HelloWorld2_bsp/\libucosii_bsp.a(alt_dcache_flush_all.o)
 .data          0x0080ffd4        0x0 ../HelloWorld2_bsp/\libucosii_bsp.a(alt_dev_llist_insert.o)
 .data          0x0080ffd4        0x0 ../HelloWorld2_bsp/\libucosii_bsp.a(alt_do_ctors.o)
 .data          0x0080ffd4        0x0 ../HelloWorld2_bsp/\libucosii_bsp.a(alt_do_dtors.o)
 .data          0x0080ffd4        0x0 ../HelloWorld2_bsp/\libucosii_bsp.a(alt_icache_flush_all.o)
 .data          0x0080ffd4        0x0 ../HelloWorld2_bsp/\libucosii_bsp.a(alt_iic.o)
 .data          0x0080ffd4        0x0 ../HelloWorld2_bsp/\libucosii_bsp.a(alt_iic_isr_register.o)
 .data          0x0080ffd4        0x0 ../HelloWorld2_bsp/\libucosii_bsp.a(alt_io_redirect.o)
 .data          0x0080ffd4        0x0 ../HelloWorld2_bsp/\libucosii_bsp.a(alt_irq_entry.o)
 .data          0x0080ffd4        0x0 ../HelloWorld2_bsp/\libucosii_bsp.a(alt_irq_handler.o)
 .data          0x0080ffd4        0x0 ../HelloWorld2_bsp/\libucosii_bsp.a(alt_irq_vars.o)
 .data          0x0080ffd4        0x0 ../HelloWorld2_bsp/\libucosii_bsp.a(alt_open.o)
 .data          0x0080ffd4        0x0 ../HelloWorld2_bsp/\libucosii_bsp.a(alt_tick.o)
 .data          0x0080ffd4        0x0 ../HelloWorld2_bsp/\libucosii_bsp.a(altera_nios2_qsys_irq.o)
 .data          0x0080ffd4        0x0 ../HelloWorld2_bsp/\libucosii_bsp.a(os_cpu_a.o)
 .data          0x0080ffd4        0x0 ../HelloWorld2_bsp/\libucosii_bsp.a(os_cpu_c.o)
 .data          0x0080ffd4        0x0 ../HelloWorld2_bsp/\libucosii_bsp.a(alt_exception_entry.o)
 .data          0x0080ffd4        0x0 ../HelloWorld2_bsp/\libucosii_bsp.a(alt_find_dev.o)
 .data          0x0080ffd4        0x0 ../HelloWorld2_bsp/\libucosii_bsp.a(alt_find_file.o)
 .data          0x0080ffd4        0x0 ../HelloWorld2_bsp/\libucosii_bsp.a(alt_get_fd.o)
 .data          0x0080ffd4        0x0 c:/altera/12.1sp1/nios2eds/bin/gnu/h-i686-mingw32/bin/../lib/gcc/nios2-elf/4.1.2/../../../../nios2-elf/lib/mno-hw-mul\libc.a(lib_a-atexit.o)
 .data          0x0080ffd4        0x0 c:/altera/12.1sp1/nios2eds/bin/gnu/h-i686-mingw32/bin/../lib/gcc/nios2-elf/4.1.2/../../../../nios2-elf/lib/mno-hw-mul\libc.a(lib_a-exit.o)
 .data          0x0080ffd4        0x0 c:/altera/12.1sp1/nios2eds/bin/gnu/h-i686-mingw32/bin/../lib/gcc/nios2-elf/4.1.2/../../../../nios2-elf/lib/mno-hw-mul\libc.a(lib_a-memcmp.o)
 .data          0x0080ffd4        0x0 c:/altera/12.1sp1/nios2eds/bin/gnu/h-i686-mingw32/bin/../lib/gcc/nios2-elf/4.1.2/../../../../nios2-elf/lib/mno-hw-mul\libc.a(lib_a-__atexit.o)
 .data          0x0080ffd4        0x0 c:/altera/12.1sp1/nios2eds/bin/gnu/h-i686-mingw32/bin/../lib/gcc/nios2-elf/4.1.2/../../../../nios2-elf/lib/mno-hw-mul\libc.a(lib_a-__call_atexit.o)
 .data          0x0080ffd4        0x0 c:/altera/12.1sp1/nios2eds/bin/gnu/h-i686-mingw32/bin/../lib/gcc/nios2-elf/4.1.2/mno-hw-mul\libgcc.a(lib2-divmod.o)
 .data          0x0080ffd4        0x0 ../HelloWorld2_bsp/\libucosii_bsp.a(alt_exit.o)
                0x00817fd4                _gp = ABSOLUTE ((. + 0x8000))
                0x00817fd4                PROVIDE (gp, _gp)
 *(.rwdata .rwdata.*)
 *(.sdata .sdata.* .gnu.linkonce.s.*)
 .sdata         0x0080ffd4        0x8 c:/altera/12.1sp1/nios2eds/bin/gnu/h-i686-mingw32/bin/../lib/gcc/nios2-elf/4.1.2/../../../../nios2-elf/lib/mno-hw-mul\libc.a(lib_a-impure.o)
                0x0080ffd4                _impure_ptr
                0x0080ffd8                _global_impure_ptr
 .sdata         0x0080ffdc        0x8 c:/altera/12.1sp1/nios2eds/bin/gnu/h-i686-mingw32/bin/../lib/gcc/nios2-elf/4.1.2/../../../../nios2-elf/lib/mno-hw-mul\libc.a(lib_a-mallocr.o)
                0x0080ffdc                __malloc_trim_threshold
                0x0080ffe0                __malloc_sbrk_base
 .sdata         0x0080ffe4       0x14 ../HelloWorld2_bsp/\libucosii_bsp.a(alt_dev.o)
                0x0080ffe4                alt_fs_list
                0x0080ffec                alt_dev_list
                0x0080fff4                alt_max_fd
 .sdata         0x0080fff8        0x4 ../HelloWorld2_bsp/\libucosii_bsp.a(alt_errno.o)
                0x0080fff8                alt_errno
 .sdata         0x0080fffc        0x4 ../HelloWorld2_bsp/\libucosii_bsp.a(alt_sbrk.o)
 .sdata         0x00810000        0x4 ../HelloWorld2_bsp/\libucosii_bsp.a(alt_env_lock.o)
 .sdata         0x00810004        0x4 ../HelloWorld2_bsp/\libucosii_bsp.a(alt_malloc_lock.o)
 .sdata         0x00810008       0x74 ../HelloWorld2_bsp/\libucosii_bsp.a(os_dbg.o)
                0x00810008                OSDebugEn
                0x0081000c                OSEndiannessTest
                0x00810010                OSEventEn
                0x00810012                OSEventMax
                0x00810014                OSEventNameSize
                0x00810016                OSEventSize
                0x00810018                OSEventTblSize
                0x0081001a                OSEventMultiEn
                0x0081001c                OSFlagEn
                0x0081001e                OSFlagGrpSize
                0x00810020                OSFlagNodeSize
                0x00810022                OSFlagWidth
                0x00810024                OSFlagMax
                0x00810026                OSFlagNameSize
                0x00810028                OSLowestPrio
                0x0081002a                OSMboxEn
                0x0081002c                OSMemEn
                0x0081002e                OSMemMax
                0x00810030                OSMemNameSize
                0x00810032                OSMemSize
                0x00810034                OSMemTblSize
                0x00810036                OSMutexEn
                0x00810038                OSPtrSize
                0x0081003a                OSQEn
                0x0081003c                OSQMax
                0x0081003e                OSQSize
                0x00810040                OSRdyTblSize
                0x00810042                OSSemEn
                0x00810044                OSStkWidth
                0x00810046                OSTaskCreateEn
                0x00810048                OSTaskCreateExtEn
                0x0081004a                OSTaskDelEn
                0x0081004c                OSTaskIdleStkSize
                0x0081004e                OSTaskProfileEn
                0x00810050                OSTaskMax
                0x00810052                OSTaskNameSize
                0x00810054                OSTaskStatEn
                0x00810056                OSTaskStatStkSize
                0x00810058                OSTaskStatStkChkEn
                0x0081005a                OSTaskSwHookEn
                0x0081005c                OSTCBPrioTblMax
                0x0081005e                OSTCBSize
                0x00810060                OSTicksPerSec
                0x00810062                OSTimeTickHookEn
                0x00810064                OSVersionNbr
                0x00810066                OSTmrEn
                0x00810068                OSTmrCfgMax
                0x0081006a                OSTmrCfgNameSize
                0x0081006c                OSTmrCfgWheelSize
                0x0081006e                OSTmrCfgTicksPerSec
                0x00810070                OSTmrSize
                0x00810072                OSTmrTblSize
                0x00810074                OSTmrWheelSize
                0x00810076                OSTmrWheelTblSize
                0x00810078                OSDataSize
 .sdata         0x0081007c        0x4 ../HelloWorld2_bsp/\libucosii_bsp.a(alt_irq_vars.o)
                0x0081007c                alt_priority_mask
 .sdata         0x00810080        0x8 ../HelloWorld2_bsp/\libucosii_bsp.a(alt_tick.o)
                0x00810080                alt_alarm_list
 *(.sdata2 .sdata2.* .gnu.linkonce.s2.*)
                0x00810088                . = ALIGN (0x4)
                0x00810088                _edata = ABSOLUTE (.)
                0x00810088                PROVIDE (edata, ABSOLUTE (.))
                0x00810088                PROVIDE (__ram_rwdata_end, ABSOLUTE (.))
                0x00810088                PROVIDE (__flash_rwdata_start, LOADADDR (.rwdata))

.bss            0x00811b58     0x7568
                0x00811b58                __bss_start = ABSOLUTE (.)
                0x00811b58                PROVIDE (__sbss_start, ABSOLUTE (.))
                0x00811b58                PROVIDE (___sbss_start, ABSOLUTE (.))
 *(.dynsbss)
 *(.sbss .sbss.* .gnu.linkonce.sb.*)
 .sbss          0x00811b58        0xc c:/altera/12.1sp1/nios2eds/bin/gnu/h-i686-mingw32/bin/../lib/gcc/nios2-elf/4.1.2/../../../../nios2-elf/lib/mno-hw-mul\libc.a(lib_a-mallocr.o)
                0x00811b58                __malloc_top_pad
                0x00811b5c                __malloc_max_sbrked_mem
                0x00811b60                __malloc_max_total_mem
 .sbss          0x00811b64        0x4 c:/altera/12.1sp1/nios2eds/bin/gnu/h-i686-mingw32/bin/../lib/gcc/nios2-elf/4.1.2/../../../../nios2-elf/lib/mno-hw-mul\libc.a(lib_a-int_errno.o)
                0x00811b64                errno
 .sbss          0x00811b68        0x4 ../HelloWorld2_bsp/\libucosii_bsp.a(alt_dev.o)
                0x00811b68                alt_fd_list_lock
 .sbss          0x00811b6c        0xc ../HelloWorld2_bsp/\libucosii_bsp.a(alt_main.o)
                0x00811b6c                alt_argc
                0x00811b70                alt_argv
                0x00811b74                alt_envp
 .sbss          0x00811b78        0x8 ../HelloWorld2_bsp/\libucosii_bsp.a(alt_env_lock.o)
                0x00811b7c                alt_envsem
 .sbss          0x00811b80        0x8 ../HelloWorld2_bsp/\libucosii_bsp.a(alt_malloc_lock.o)
                0x00811b84                alt_heapsem
 .sbss          0x00811b88       0x50 ../HelloWorld2_bsp/\libucosii_bsp.a(os_core.o)
                0x00811b88                OSLockNesting
                0x00811b89                OSRunning
                0x00811b8c                OSIdleCtr
                0x00811b90                OSPrioHighRdy
                0x00811b91                OSPrioCur
                0x00811b94                OSTCBList
                0x00811b98                OSTickStepState
                0x00811b9c                OSCtxSwCtr
                0x00811ba0                OSIdleCtrMax
                0x00811ba4                OSTCBFreeList
                0x00811ba8                OSCPUUsage
                0x00811ba9                OSTaskCtr
                0x00811bac                OSMemFreeList
                0x00811bb0                OSTCBHighRdy
                0x00811bb4                OSQFreeList
                0x00811bb8                OSRdyGrp
                0x00811bb9                OSRdyTbl
                0x00811bbc                OSEventFreeList
                0x00811bc0                OSIntNesting
                0x00811bc4                OSTCBCur
                0x00811bc8                OSTime
                0x00811bcc                OSFlagFreeList
                0x00811bd0                OSStatRdy
                0x00811bd4                OSIdleCtrRun
 .sbss          0x00811bd8        0x4 ../HelloWorld2_bsp/\libucosii_bsp.a(alt_irq_vars.o)
                0x00811bd8                alt_irq_active
 .sbss          0x00811bdc        0x8 ../HelloWorld2_bsp/\libucosii_bsp.a(alt_tick.o)
                0x00811bdc                _alt_tick_rate
                0x00811be0                _alt_nticks
 *(.sbss2 .sbss2.* .gnu.linkonce.sb2.*)
 *(.scommon)
                0x00811be4                PROVIDE (__sbss_end, ABSOLUTE (.))
                0x00811be4                PROVIDE (___sbss_end, ABSOLUTE (.))
 *(.dynbss)
 *(.bss .bss.* .gnu.linkonce.b.*)
 .bss           0x00811be4        0x0 ../HelloWorld2_bsp//obj/HAL/src/crt0.o
 .bss           0x00811be4        0x0 obj/default/hello_ucosii.o
 .bss           0x00811be4        0x0 c:/altera/12.1sp1/nios2eds/bin/gnu/h-i686-mingw32/bin/../lib/gcc/nios2-elf/4.1.2/../../../../nios2-elf/lib/mno-hw-mul\libc.a(lib_a-puts.o)
 .bss           0x00811be4        0x0 c:/altera/12.1sp1/nios2eds/bin/gnu/h-i686-mingw32/bin/../lib/gcc/nios2-elf/4.1.2/../../../../nios2-elf/lib/mno-hw-mul\libc.a(lib_a-strlen.o)
 .bss           0x00811be4        0x0 c:/altera/12.1sp1/nios2eds/bin/gnu/h-i686-mingw32/bin/../lib/gcc/nios2-elf/4.1.2/../../../../nios2-elf/lib/mno-hw-mul\libc.a(lib_a-fvwrite.o)
 .bss           0x00811be4        0x0 c:/altera/12.1sp1/nios2eds/bin/gnu/h-i686-mingw32/bin/../lib/gcc/nios2-elf/4.1.2/../../../../nios2-elf/lib/mno-hw-mul\libc.a(lib_a-impure.o)
 .bss           0x00811be4       0x28 c:/altera/12.1sp1/nios2eds/bin/gnu/h-i686-mingw32/bin/../lib/gcc/nios2-elf/4.1.2/../../../../nios2-elf/lib/mno-hw-mul\libc.a(lib_a-mallocr.o)
                0x00811be4                __malloc_current_mallinfo
 .bss           0x00811c0c        0x0 c:/altera/12.1sp1/nios2eds/bin/gnu/h-i686-mingw32/bin/../lib/gcc/nios2-elf/4.1.2/../../../../nios2-elf/lib/mno-hw-mul\libc.a(lib_a-memchr.o)
 .bss           0x00811c0c        0x0 c:/altera/12.1sp1/nios2eds/bin/gnu/h-i686-mingw32/bin/../lib/gcc/nios2-elf/4.1.2/../../../../nios2-elf/lib/mno-hw-mul\libc.a(lib_a-memcpy.o)
 .bss           0x00811c0c        0x0 c:/altera/12.1sp1/nios2eds/bin/gnu/h-i686-mingw32/bin/../lib/gcc/nios2-elf/4.1.2/../../../../nios2-elf/lib/mno-hw-mul\libc.a(lib_a-memmove.o)
 .bss           0x00811c0c        0x0 c:/altera/12.1sp1/nios2eds/bin/gnu/h-i686-mingw32/bin/../lib/gcc/nios2-elf/4.1.2/../../../../nios2-elf/lib/mno-hw-mul\libc.a(lib_a-reallocr.o)
 .bss           0x00811c0c        0x0 c:/altera/12.1sp1/nios2eds/bin/gnu/h-i686-mingw32/bin/../lib/gcc/nios2-elf/4.1.2/../../../../nios2-elf/lib/mno-hw-mul\libc.a(lib_a-sbrkr.o)
 .bss           0x00811c0c        0x0 c:/altera/12.1sp1/nios2eds/bin/gnu/h-i686-mingw32/bin/../lib/gcc/nios2-elf/4.1.2/../../../../nios2-elf/lib/mno-hw-mul\libc.a(lib_a-wsetup.o)
 .bss           0x00811c0c        0x0 c:/altera/12.1sp1/nios2eds/bin/gnu/h-i686-mingw32/bin/../lib/gcc/nios2-elf/4.1.2/../../../../nios2-elf/lib/mno-hw-mul\libc.a(lib_a-fflush.o)
 .bss           0x00811c0c        0x0 c:/altera/12.1sp1/nios2eds/bin/gnu/h-i686-mingw32/bin/../lib/gcc/nios2-elf/4.1.2/../../../../nios2-elf/lib/mno-hw-mul\libc.a(lib_a-findfp.o)
 .bss           0x00811c0c        0x0 c:/altera/12.1sp1/nios2eds/bin/gnu/h-i686-mingw32/bin/../lib/gcc/nios2-elf/4.1.2/../../../../nios2-elf/lib/mno-hw-mul\libc.a(lib_a-freer.o)
 .bss           0x00811c0c        0x0 c:/altera/12.1sp1/nios2eds/bin/gnu/h-i686-mingw32/bin/../lib/gcc/nios2-elf/4.1.2/../../../../nios2-elf/lib/mno-hw-mul\libc.a(lib_a-fwalk.o)
 .bss           0x00811c0c        0x0 c:/altera/12.1sp1/nios2eds/bin/gnu/h-i686-mingw32/bin/../lib/gcc/nios2-elf/4.1.2/../../../../nios2-elf/lib/mno-hw-mul\libc.a(lib_a-int_errno.o)
 .bss           0x00811c0c        0x0 c:/altera/12.1sp1/nios2eds/bin/gnu/h-i686-mingw32/bin/../lib/gcc/nios2-elf/4.1.2/../../../../nios2-elf/lib/mno-hw-mul\libc.a(lib_a-makebuf.o)
 .bss           0x00811c0c        0x0 c:/altera/12.1sp1/nios2eds/bin/gnu/h-i686-mingw32/bin/../lib/gcc/nios2-elf/4.1.2/../../../../nios2-elf/lib/mno-hw-mul\libc.a(lib_a-memset.o)
 .bss           0x00811c0c        0x0 c:/altera/12.1sp1/nios2eds/bin/gnu/h-i686-mingw32/bin/../lib/gcc/nios2-elf/4.1.2/../../../../nios2-elf/lib/mno-hw-mul\libc.a(lib_a-stdio.o)
 .bss           0x00811c0c        0x0 c:/altera/12.1sp1/nios2eds/bin/gnu/h-i686-mingw32/bin/../lib/gcc/nios2-elf/4.1.2/../../../../nios2-elf/lib/mno-hw-mul\libc.a(lib_a-writer.o)
 .bss           0x00811c0c        0x0 c:/altera/12.1sp1/nios2eds/bin/gnu/h-i686-mingw32/bin/../lib/gcc/nios2-elf/4.1.2/../../../../nios2-elf/lib/mno-hw-mul\libc.a(lib_a-closer.o)
 .bss           0x00811c0c        0x0 c:/altera/12.1sp1/nios2eds/bin/gnu/h-i686-mingw32/bin/../lib/gcc/nios2-elf/4.1.2/../../../../nios2-elf/lib/mno-hw-mul\libc.a(lib_a-fclose.o)
 .bss           0x00811c0c        0x0 c:/altera/12.1sp1/nios2eds/bin/gnu/h-i686-mingw32/bin/../lib/gcc/nios2-elf/4.1.2/../../../../nios2-elf/lib/mno-hw-mul\libc.a(lib_a-fstatr.o)
 .bss           0x00811c0c        0x0 c:/altera/12.1sp1/nios2eds/bin/gnu/h-i686-mingw32/bin/../lib/gcc/nios2-elf/4.1.2/../../../../nios2-elf/lib/mno-hw-mul\libc.a(lib_a-isattyr.o)
 .bss           0x00811c0c        0x0 c:/altera/12.1sp1/nios2eds/bin/gnu/h-i686-mingw32/bin/../lib/gcc/nios2-elf/4.1.2/../../../../nios2-elf/lib/mno-hw-mul\libc.a(lib_a-lseekr.o)
 .bss           0x00811c0c        0x0 c:/altera/12.1sp1/nios2eds/bin/gnu/h-i686-mingw32/bin/../lib/gcc/nios2-elf/4.1.2/../../../../nios2-elf/lib/mno-hw-mul\libc.a(lib_a-readr.o)
 .bss           0x00811c0c        0x0 c:/altera/12.1sp1/nios2eds/bin/gnu/h-i686-mingw32/bin/../lib/gcc/nios2-elf/4.1.2/mno-hw-mul\libgcc.a(lib2-mul.o)
 .bss           0x00811c0c        0x0 ../HelloWorld2_bsp/\libucosii_bsp.a(alt_close.o)
 .bss           0x00811c0c        0x0 ../HelloWorld2_bsp/\libucosii_bsp.a(alt_dev.o)
 .bss           0x00811c0c        0x0 ../HelloWorld2_bsp/\libucosii_bsp.a(alt_errno.o)
 .bss           0x00811c0c        0x0 ../HelloWorld2_bsp/\libucosii_bsp.a(alt_fstat.o)
 .bss           0x00811c0c        0x0 ../HelloWorld2_bsp/\libucosii_bsp.a(alt_isatty.o)
 .bss           0x00811c0c        0x0 ../HelloWorld2_bsp/\libucosii_bsp.a(alt_load.o)
 .bss           0x00811c0c        0x0 ../HelloWorld2_bsp/\libucosii_bsp.a(alt_lseek.o)
 .bss           0x00811c0c        0x0 ../HelloWorld2_bsp/\libucosii_bsp.a(alt_main.o)
 .bss           0x00811c0c        0x0 ../HelloWorld2_bsp/\libucosii_bsp.a(alt_read.o)
 .bss           0x00811c0c        0x0 ../HelloWorld2_bsp/\libucosii_bsp.a(alt_release_fd.o)
 .bss           0x00811c0c        0x0 ../HelloWorld2_bsp/\libucosii_bsp.a(alt_sbrk.o)
 .bss           0x00811c0c        0x0 ../HelloWorld2_bsp/\libucosii_bsp.a(alt_write.o)
 .bss           0x00811c0c        0x0 ../HelloWorld2_bsp/\libucosii_bsp.a(alt_env_lock.o)
 .bss           0x00811c0c        0x0 ../HelloWorld2_bsp/\libucosii_bsp.a(alt_malloc_lock.o)
 .bss           0x00811c0c        0x0 ../HelloWorld2_bsp/\libucosii_bsp.a(os_core.o)
 .bss           0x00811c0c        0x0 ../HelloWorld2_bsp/\libucosii_bsp.a(os_dbg.o)
 .bss           0x00811c0c        0x0 ../HelloWorld2_bsp/\libucosii_bsp.a(os_flag.o)
 .bss           0x00811c0c        0x0 ../HelloWorld2_bsp/\libucosii_bsp.a(os_mem.o)
 .bss           0x00811c0c        0x0 ../HelloWorld2_bsp/\libucosii_bsp.a(os_q.o)
 .bss           0x00811c0c        0x0 ../HelloWorld2_bsp/\libucosii_bsp.a(os_sem.o)
 .bss           0x00811c0c        0x0 ../HelloWorld2_bsp/\libucosii_bsp.a(os_task.o)
 .bss           0x00811c0c        0x0 ../HelloWorld2_bsp/\libucosii_bsp.a(os_time.o)
 .bss           0x00811c0c        0x0 ../HelloWorld2_bsp/\libucosii_bsp.a(alt_sys_init.o)
 .bss           0x00811c0c        0x0 ../HelloWorld2_bsp/\libucosii_bsp.a(altera_avalon_jtag_uart_fd.o)
 .bss           0x00811c0c        0x0 ../HelloWorld2_bsp/\libucosii_bsp.a(altera_avalon_jtag_uart_init.o)
 .bss           0x00811c0c        0x0 ../HelloWorld2_bsp/\libucosii_bsp.a(altera_avalon_jtag_uart_ioctl.o)
 .bss           0x00811c0c        0x0 ../HelloWorld2_bsp/\libucosii_bsp.a(altera_avalon_jtag_uart_read.o)
 .bss           0x00811c0c        0x0 ../HelloWorld2_bsp/\libucosii_bsp.a(altera_avalon_jtag_uart_write.o)
 .bss           0x00811c0c        0x0 ../HelloWorld2_bsp/\libucosii_bsp.a(altera_avalon_timer_sc.o)
 .bss           0x00811c0c        0x0 ../HelloWorld2_bsp/\libucosii_bsp.a(alt_alarm_start.o)
 .bss           0x00811c0c        0x0 ../HelloWorld2_bsp/\libucosii_bsp.a(alt_dcache_flush_all.o)
 .bss           0x00811c0c        0x0 ../HelloWorld2_bsp/\libucosii_bsp.a(alt_dev_llist_insert.o)
 .bss           0x00811c0c        0x0 ../HelloWorld2_bsp/\libucosii_bsp.a(alt_do_ctors.o)
 .bss           0x00811c0c        0x0 ../HelloWorld2_bsp/\libucosii_bsp.a(alt_do_dtors.o)
 .bss           0x00811c0c        0x0 ../HelloWorld2_bsp/\libucosii_bsp.a(alt_icache_flush_all.o)
 .bss           0x00811c0c        0x0 ../HelloWorld2_bsp/\libucosii_bsp.a(alt_iic.o)
 .bss           0x00811c0c        0x0 ../HelloWorld2_bsp/\libucosii_bsp.a(alt_iic_isr_register.o)
 .bss           0x00811c0c        0x0 ../HelloWorld2_bsp/\libucosii_bsp.a(alt_io_redirect.o)
 .bss           0x00811c0c        0x0 ../HelloWorld2_bsp/\libucosii_bsp.a(alt_irq_entry.o)
 .bss           0x00811c0c        0x0 ../HelloWorld2_bsp/\libucosii_bsp.a(alt_irq_handler.o)
 .bss           0x00811c0c        0x0 ../HelloWorld2_bsp/\libucosii_bsp.a(alt_irq_vars.o)
 .bss           0x00811c0c        0x0 ../HelloWorld2_bsp/\libucosii_bsp.a(alt_open.o)
 .bss           0x00811c0c        0x0 ../HelloWorld2_bsp/\libucosii_bsp.a(alt_tick.o)
 .bss           0x00811c0c        0x0 ../HelloWorld2_bsp/\libucosii_bsp.a(altera_nios2_qsys_irq.o)
 .bss           0x00811c0c        0x0 ../HelloWorld2_bsp/\libucosii_bsp.a(os_cpu_a.o)
 .bss           0x00811c0c        0x0 ../HelloWorld2_bsp/\libucosii_bsp.a(os_cpu_c.o)
 .bss           0x00811c0c        0x0 ../HelloWorld2_bsp/\libucosii_bsp.a(alt_exception_entry.o)
 .bss           0x00811c0c        0x0 ../HelloWorld2_bsp/\libucosii_bsp.a(alt_find_dev.o)
 .bss           0x00811c0c        0x0 ../HelloWorld2_bsp/\libucosii_bsp.a(alt_find_file.o)
 .bss           0x00811c0c        0x0 ../HelloWorld2_bsp/\libucosii_bsp.a(alt_get_fd.o)
 .bss           0x00811c0c        0x0 c:/altera/12.1sp1/nios2eds/bin/gnu/h-i686-mingw32/bin/../lib/gcc/nios2-elf/4.1.2/../../../../nios2-elf/lib/mno-hw-mul\libc.a(lib_a-atexit.o)
 .bss           0x00811c0c        0x0 c:/altera/12.1sp1/nios2eds/bin/gnu/h-i686-mingw32/bin/../lib/gcc/nios2-elf/4.1.2/../../../../nios2-elf/lib/mno-hw-mul\libc.a(lib_a-exit.o)
 .bss           0x00811c0c        0x0 c:/altera/12.1sp1/nios2eds/bin/gnu/h-i686-mingw32/bin/../lib/gcc/nios2-elf/4.1.2/../../../../nios2-elf/lib/mno-hw-mul\libc.a(lib_a-memcmp.o)
 .bss           0x00811c0c        0x0 c:/altera/12.1sp1/nios2eds/bin/gnu/h-i686-mingw32/bin/../lib/gcc/nios2-elf/4.1.2/../../../../nios2-elf/lib/mno-hw-mul\libc.a(lib_a-__atexit.o)
 .bss           0x00811c0c        0x0 c:/altera/12.1sp1/nios2eds/bin/gnu/h-i686-mingw32/bin/../lib/gcc/nios2-elf/4.1.2/../../../../nios2-elf/lib/mno-hw-mul\libc.a(lib_a-__call_atexit.o)
 .bss           0x00811c0c        0x0 c:/altera/12.1sp1/nios2eds/bin/gnu/h-i686-mingw32/bin/../lib/gcc/nios2-elf/4.1.2/mno-hw-mul\libgcc.a(lib2-divmod.o)
 .bss           0x00811c0c        0x0 ../HelloWorld2_bsp/\libucosii_bsp.a(alt_exit.o)
 *(COMMON)
 COMMON         0x00811c0c     0x4000 obj/default/hello_ucosii.o
                0x00811c0c                task1_stk
                0x00813c0c                task2_stk
 COMMON         0x00815c0c     0x3224 ../HelloWorld2_bsp/\libucosii_bsp.a(os_core.o)
                0x00815c0c                OSFlagTbl
                0x00815f7c                OSMemTbl
                0x00816bac                OSTaskStatStk
                0x008173ac                OSQTbl
                0x0081758c                OSTaskIdleStk
                0x00817d8c                OSEventTbl
                0x008188cc                OSTCBTbl
                0x00818ddc                OSTCBPrioTbl
 COMMON         0x00818e30      0x100 ../HelloWorld2_bsp/\libucosii_bsp.a(alt_irq_handler.o)
                0x00818e30                alt_irq
 COMMON         0x00818f30      0x190 c:/altera/12.1sp1/nios2eds/bin/gnu/h-i686-mingw32/bin/../lib/gcc/nios2-elf/4.1.2/../../../../nios2-elf/lib/mno-hw-mul\libc.a(lib_a-atexit.o)
                0x00818f30                _atexit0
                0x008190c0                . = ALIGN (0x4)
                0x008190c0                __bss_end = ABSOLUTE (.)

.sdram_0        0x008190c0        0x0
                0x008190c0                PROVIDE (_alt_partition_sdram_0_start, ABSOLUTE (.))
 *(.sdram_0. sdram_0.*)
                0x008190c0                . = ALIGN (0x4)
                0x008190c0                PROVIDE (_alt_partition_sdram_0_end, ABSOLUTE (.))
                0x008190c0                _end = ABSOLUTE (.)
                0x008190c0                end = ABSOLUTE (.)
                0x008190c0                __alt_stack_base = ABSOLUTE (.)
                0x008190c0                PROVIDE (_alt_partition_sdram_0_load_addr, LOADADDR (.sdram_0))

.onchip_memory2_0
                0x010041bc        0x0 load address 0x008190c0
                0x010041bc                PROVIDE (_alt_partition_onchip_memory2_0_start, ABSOLUTE (.))
 *(.onchip_memory2_0. onchip_memory2_0.*)
                0x010041bc                . = ALIGN (0x4)
                0x010041bc                PROVIDE (_alt_partition_onchip_memory2_0_end, ABSOLUTE (.))
                0x008190c0                PROVIDE (_alt_partition_onchip_memory2_0_load_addr, LOADADDR (.onchip_memory2_0))

.stab
 *(.stab)

.stabstr
 *(.stabstr)

.stab.excl
 *(.stab.excl)

.stab.exclstr
 *(.stab.exclstr)

.stab.index
 *(.stab.index)

.stab.indexstr
 *(.stab.indexstr)

.comment        0x00000000       0x26
 *(.comment)
 .comment       0x00000000       0x26 obj/default/hello_ucosii.o
                                 0x27 (size before relaxing)
 .comment       0x00000000       0x27 c:/altera/12.1sp1/nios2eds/bin/gnu/h-i686-mingw32/bin/../lib/gcc/nios2-elf/4.1.2/../../../../nios2-elf/lib/mno-hw-mul\libc.a(lib_a-puts.o)
 .comment       0x00000000       0x27 c:/altera/12.1sp1/nios2eds/bin/gnu/h-i686-mingw32/bin/../lib/gcc/nios2-elf/4.1.2/../../../../nios2-elf/lib/mno-hw-mul\libc.a(lib_a-strlen.o)
 .comment       0x00000000       0x27 c:/altera/12.1sp1/nios2eds/bin/gnu/h-i686-mingw32/bin/../lib/gcc/nios2-elf/4.1.2/../../../../nios2-elf/lib/mno-hw-mul\libc.a(lib_a-fvwrite.o)
 .comment       0x00000000       0x27 c:/altera/12.1sp1/nios2eds/bin/gnu/h-i686-mingw32/bin/../lib/gcc/nios2-elf/4.1.2/../../../../nios2-elf/lib/mno-hw-mul\libc.a(lib_a-impure.o)
 .comment       0x00000000       0x27 c:/altera/12.1sp1/nios2eds/bin/gnu/h-i686-mingw32/bin/../lib/gcc/nios2-elf/4.1.2/../../../../nios2-elf/lib/mno-hw-mul\libc.a(lib_a-mallocr.o)
 .comment       0x00000000       0x27 c:/altera/12.1sp1/nios2eds/bin/gnu/h-i686-mingw32/bin/../lib/gcc/nios2-elf/4.1.2/../../../../nios2-elf/lib/mno-hw-mul\libc.a(lib_a-memchr.o)
 .comment       0x00000000       0x27 c:/altera/12.1sp1/nios2eds/bin/gnu/h-i686-mingw32/bin/../lib/gcc/nios2-elf/4.1.2/../../../../nios2-elf/lib/mno-hw-mul\libc.a(lib_a-memcpy.o)
 .comment       0x00000000       0x27 c:/altera/12.1sp1/nios2eds/bin/gnu/h-i686-mingw32/bin/../lib/gcc/nios2-elf/4.1.2/../../../../nios2-elf/lib/mno-hw-mul\libc.a(lib_a-memmove.o)
 .comment       0x00000000       0x27 c:/altera/12.1sp1/nios2eds/bin/gnu/h-i686-mingw32/bin/../lib/gcc/nios2-elf/4.1.2/../../../../nios2-elf/lib/mno-hw-mul\libc.a(lib_a-reallocr.o)
 .comment       0x00000000       0x27 c:/altera/12.1sp1/nios2eds/bin/gnu/h-i686-mingw32/bin/../lib/gcc/nios2-elf/4.1.2/../../../../nios2-elf/lib/mno-hw-mul\libc.a(lib_a-sbrkr.o)
 .comment       0x00000000       0x27 c:/altera/12.1sp1/nios2eds/bin/gnu/h-i686-mingw32/bin/../lib/gcc/nios2-elf/4.1.2/../../../../nios2-elf/lib/mno-hw-mul\libc.a(lib_a-wsetup.o)
 .comment       0x00000000       0x27 c:/altera/12.1sp1/nios2eds/bin/gnu/h-i686-mingw32/bin/../lib/gcc/nios2-elf/4.1.2/../../../../nios2-elf/lib/mno-hw-mul\libc.a(lib_a-fflush.o)
 .comment       0x00000000       0x27 c:/altera/12.1sp1/nios2eds/bin/gnu/h-i686-mingw32/bin/../lib/gcc/nios2-elf/4.1.2/../../../../nios2-elf/lib/mno-hw-mul\libc.a(lib_a-findfp.o)
 .comment       0x00000000       0x27 c:/altera/12.1sp1/nios2eds/bin/gnu/h-i686-mingw32/bin/../lib/gcc/nios2-elf/4.1.2/../../../../nios2-elf/lib/mno-hw-mul\libc.a(lib_a-freer.o)
 .comment       0x00000000       0x27 c:/altera/12.1sp1/nios2eds/bin/gnu/h-i686-mingw32/bin/../lib/gcc/nios2-elf/4.1.2/../../../../nios2-elf/lib/mno-hw-mul\libc.a(lib_a-fwalk.o)
 .comment       0x00000000       0x27 c:/altera/12.1sp1/nios2eds/bin/gnu/h-i686-mingw32/bin/../lib/gcc/nios2-elf/4.1.2/../../../../nios2-elf/lib/mno-hw-mul\libc.a(lib_a-int_errno.o)
 .comment       0x00000000       0x27 c:/altera/12.1sp1/nios2eds/bin/gnu/h-i686-mingw32/bin/../lib/gcc/nios2-elf/4.1.2/../../../../nios2-elf/lib/mno-hw-mul\libc.a(lib_a-makebuf.o)
 .comment       0x00000000       0x27 c:/altera/12.1sp1/nios2eds/bin/gnu/h-i686-mingw32/bin/../lib/gcc/nios2-elf/4.1.2/../../../../nios2-elf/lib/mno-hw-mul\libc.a(lib_a-memset.o)
 .comment       0x00000000       0x27 c:/altera/12.1sp1/nios2eds/bin/gnu/h-i686-mingw32/bin/../lib/gcc/nios2-elf/4.1.2/../../../../nios2-elf/lib/mno-hw-mul\libc.a(lib_a-stdio.o)
 .comment       0x00000000       0x27 c:/altera/12.1sp1/nios2eds/bin/gnu/h-i686-mingw32/bin/../lib/gcc/nios2-elf/4.1.2/../../../../nios2-elf/lib/mno-hw-mul\libc.a(lib_a-writer.o)
 .comment       0x00000000       0x27 c:/altera/12.1sp1/nios2eds/bin/gnu/h-i686-mingw32/bin/../lib/gcc/nios2-elf/4.1.2/../../../../nios2-elf/lib/mno-hw-mul\libc.a(lib_a-closer.o)
 .comment       0x00000000       0x27 c:/altera/12.1sp1/nios2eds/bin/gnu/h-i686-mingw32/bin/../lib/gcc/nios2-elf/4.1.2/../../../../nios2-elf/lib/mno-hw-mul\libc.a(lib_a-fclose.o)
 .comment       0x00000000       0x27 c:/altera/12.1sp1/nios2eds/bin/gnu/h-i686-mingw32/bin/../lib/gcc/nios2-elf/4.1.2/../../../../nios2-elf/lib/mno-hw-mul\libc.a(lib_a-fstatr.o)
 .comment       0x00000000       0x27 c:/altera/12.1sp1/nios2eds/bin/gnu/h-i686-mingw32/bin/../lib/gcc/nios2-elf/4.1.2/../../../../nios2-elf/lib/mno-hw-mul\libc.a(lib_a-isattyr.o)
 .comment       0x00000000       0x27 c:/altera/12.1sp1/nios2eds/bin/gnu/h-i686-mingw32/bin/../lib/gcc/nios2-elf/4.1.2/../../../../nios2-elf/lib/mno-hw-mul\libc.a(lib_a-lseekr.o)
 .comment       0x00000000       0x27 c:/altera/12.1sp1/nios2eds/bin/gnu/h-i686-mingw32/bin/../lib/gcc/nios2-elf/4.1.2/../../../../nios2-elf/lib/mno-hw-mul\libc.a(lib_a-readr.o)
 .comment       0x00000000       0x27 c:/altera/12.1sp1/nios2eds/bin/gnu/h-i686-mingw32/bin/../lib/gcc/nios2-elf/4.1.2/mno-hw-mul\libgcc.a(lib2-mul.o)
 .comment       0x00000000       0x27 ../HelloWorld2_bsp/\libucosii_bsp.a(alt_close.o)
 .comment       0x00000000       0x27 ../HelloWorld2_bsp/\libucosii_bsp.a(alt_dev.o)
 .comment       0x00000000       0x27 ../HelloWorld2_bsp/\libucosii_bsp.a(alt_errno.o)
 .comment       0x00000000       0x27 ../HelloWorld2_bsp/\libucosii_bsp.a(alt_fstat.o)
 .comment       0x00000000       0x27 ../HelloWorld2_bsp/\libucosii_bsp.a(alt_isatty.o)
 .comment       0x00000000       0x27 ../HelloWorld2_bsp/\libucosii_bsp.a(alt_load.o)
 .comment       0x00000000       0x27 ../HelloWorld2_bsp/\libucosii_bsp.a(alt_lseek.o)
 .comment       0x00000000       0x27 ../HelloWorld2_bsp/\libucosii_bsp.a(alt_main.o)
 .comment       0x00000000       0x27 ../HelloWorld2_bsp/\libucosii_bsp.a(alt_read.o)
 .comment       0x00000000       0x27 ../HelloWorld2_bsp/\libucosii_bsp.a(alt_release_fd.o)
 .comment       0x00000000       0x27 ../HelloWorld2_bsp/\libucosii_bsp.a(alt_sbrk.o)
 .comment       0x00000000       0x27 ../HelloWorld2_bsp/\libucosii_bsp.a(alt_write.o)
 .comment       0x00000000       0x27 ../HelloWorld2_bsp/\libucosii_bsp.a(alt_env_lock.o)
 .comment       0x00000000       0x27 ../HelloWorld2_bsp/\libucosii_bsp.a(alt_malloc_lock.o)
 .comment       0x00000000       0x27 ../HelloWorld2_bsp/\libucosii_bsp.a(os_core.o)
 .comment       0x00000000       0x27 ../HelloWorld2_bsp/\libucosii_bsp.a(os_dbg.o)
 .comment       0x00000000       0x27 ../HelloWorld2_bsp/\libucosii_bsp.a(os_flag.o)
 .comment       0x00000000       0x27 ../HelloWorld2_bsp/\libucosii_bsp.a(os_mem.o)
 .comment       0x00000000       0x27 ../HelloWorld2_bsp/\libucosii_bsp.a(os_q.o)
 .comment       0x00000000       0x27 ../HelloWorld2_bsp/\libucosii_bsp.a(os_sem.o)
 .comment       0x00000000       0x27 ../HelloWorld2_bsp/\libucosii_bsp.a(os_task.o)
 .comment       0x00000000       0x27 ../HelloWorld2_bsp/\libucosii_bsp.a(os_time.o)
 .comment       0x00000000       0x27 ../HelloWorld2_bsp/\libucosii_bsp.a(alt_sys_init.o)
 .comment       0x00000000       0x27 ../HelloWorld2_bsp/\libucosii_bsp.a(altera_avalon_jtag_uart_fd.o)
 .comment       0x00000000       0x27 ../HelloWorld2_bsp/\libucosii_bsp.a(altera_avalon_jtag_uart_init.o)
 .comment       0x00000000       0x27 ../HelloWorld2_bsp/\libucosii_bsp.a(altera_avalon_jtag_uart_ioctl.o)
 .comment       0x00000000       0x27 ../HelloWorld2_bsp/\libucosii_bsp.a(altera_avalon_jtag_uart_read.o)
 .comment       0x00000000       0x27 ../HelloWorld2_bsp/\libucosii_bsp.a(altera_avalon_jtag_uart_write.o)
 .comment       0x00000000       0x27 ../HelloWorld2_bsp/\libucosii_bsp.a(altera_avalon_timer_sc.o)
 .comment       0x00000000       0x27 ../HelloWorld2_bsp/\libucosii_bsp.a(alt_alarm_start.o)
 .comment       0x00000000       0x27 ../HelloWorld2_bsp/\libucosii_bsp.a(alt_dcache_flush_all.o)
 .comment       0x00000000       0x27 ../HelloWorld2_bsp/\libucosii_bsp.a(alt_dev_llist_insert.o)
 .comment       0x00000000       0x27 ../HelloWorld2_bsp/\libucosii_bsp.a(alt_do_ctors.o)
 .comment       0x00000000       0x27 ../HelloWorld2_bsp/\libucosii_bsp.a(alt_do_dtors.o)
 .comment       0x00000000       0x27 ../HelloWorld2_bsp/\libucosii_bsp.a(alt_icache_flush_all.o)
 .comment       0x00000000       0x27 ../HelloWorld2_bsp/\libucosii_bsp.a(alt_iic.o)
 .comment       0x00000000       0x27 ../HelloWorld2_bsp/\libucosii_bsp.a(alt_iic_isr_register.o)
 .comment       0x00000000       0x27 ../HelloWorld2_bsp/\libucosii_bsp.a(alt_io_redirect.o)
 .comment       0x00000000       0x27 ../HelloWorld2_bsp/\libucosii_bsp.a(alt_irq_handler.o)
 .comment       0x00000000       0x27 ../HelloWorld2_bsp/\libucosii_bsp.a(alt_irq_vars.o)
 .comment       0x00000000       0x27 ../HelloWorld2_bsp/\libucosii_bsp.a(alt_open.o)
 .comment       0x00000000       0x27 ../HelloWorld2_bsp/\libucosii_bsp.a(alt_tick.o)
 .comment       0x00000000       0x27 ../HelloWorld2_bsp/\libucosii_bsp.a(altera_nios2_qsys_irq.o)
 .comment       0x00000000       0x27 ../HelloWorld2_bsp/\libucosii_bsp.a(os_cpu_c.o)
 .comment       0x00000000       0x27 ../HelloWorld2_bsp/\libucosii_bsp.a(alt_find_dev.o)
 .comment       0x00000000       0x27 ../HelloWorld2_bsp/\libucosii_bsp.a(alt_find_file.o)
 .comment       0x00000000       0x27 ../HelloWorld2_bsp/\libucosii_bsp.a(alt_get_fd.o)
 .comment       0x00000000       0x27 c:/altera/12.1sp1/nios2eds/bin/gnu/h-i686-mingw32/bin/../lib/gcc/nios2-elf/4.1.2/../../../../nios2-elf/lib/mno-hw-mul\libc.a(lib_a-atexit.o)
 .comment       0x00000000       0x27 c:/altera/12.1sp1/nios2eds/bin/gnu/h-i686-mingw32/bin/../lib/gcc/nios2-elf/4.1.2/../../../../nios2-elf/lib/mno-hw-mul\libc.a(lib_a-exit.o)
 .comment       0x00000000       0x27 c:/altera/12.1sp1/nios2eds/bin/gnu/h-i686-mingw32/bin/../lib/gcc/nios2-elf/4.1.2/../../../../nios2-elf/lib/mno-hw-mul\libc.a(lib_a-memcmp.o)
 .comment       0x00000000       0x27 c:/altera/12.1sp1/nios2eds/bin/gnu/h-i686-mingw32/bin/../lib/gcc/nios2-elf/4.1.2/../../../../nios2-elf/lib/mno-hw-mul\libc.a(lib_a-__atexit.o)
 .comment       0x00000000       0x27 c:/altera/12.1sp1/nios2eds/bin/gnu/h-i686-mingw32/bin/../lib/gcc/nios2-elf/4.1.2/../../../../nios2-elf/lib/mno-hw-mul\libc.a(lib_a-__call_atexit.o)
 .comment       0x00000000       0x27 c:/altera/12.1sp1/nios2eds/bin/gnu/h-i686-mingw32/bin/../lib/gcc/nios2-elf/4.1.2/mno-hw-mul\libgcc.a(lib2-divmod.o)
 .comment       0x00000000       0x27 ../HelloWorld2_bsp/\libucosii_bsp.a(alt_exit.o)

.debug
 *(.debug)

.line
 *(.line)

.debug_srcinfo
 *(.debug_srcinfo)

.debug_sfnames
 *(.debug_sfnames)

.debug_aranges  0x00000000      0xa78
 *(.debug_aranges)
 .debug_aranges
                0x00000000       0x28 ../HelloWorld2_bsp//obj/HAL/src/crt0.o
 .debug_aranges
                0x00000028       0x20 obj/default/hello_ucosii.o
 .debug_aranges
                0x00000048       0x20 c:/altera/12.1sp1/nios2eds/bin/gnu/h-i686-mingw32/bin/../lib/gcc/nios2-elf/4.1.2/../../../../nios2-elf/lib/mno-hw-mul\libc.a(lib_a-puts.o)
 .debug_aranges
                0x00000068       0x20 c:/altera/12.1sp1/nios2eds/bin/gnu/h-i686-mingw32/bin/../lib/gcc/nios2-elf/4.1.2/../../../../nios2-elf/lib/mno-hw-mul\libc.a(lib_a-strlen.o)
 .debug_aranges
                0x00000088       0x20 c:/altera/12.1sp1/nios2eds/bin/gnu/h-i686-mingw32/bin/../lib/gcc/nios2-elf/4.1.2/../../../../nios2-elf/lib/mno-hw-mul\libc.a(lib_a-fvwrite.o)
 .debug_aranges
                0x000000a8       0x20 c:/altera/12.1sp1/nios2eds/bin/gnu/h-i686-mingw32/bin/../lib/gcc/nios2-elf/4.1.2/../../../../nios2-elf/lib/mno-hw-mul\libc.a(lib_a-mallocr.o)
 .debug_aranges
                0x000000c8       0x20 c:/altera/12.1sp1/nios2eds/bin/gnu/h-i686-mingw32/bin/../lib/gcc/nios2-elf/4.1.2/../../../../nios2-elf/lib/mno-hw-mul\libc.a(lib_a-memchr.o)
 .debug_aranges
                0x000000e8       0x20 c:/altera/12.1sp1/nios2eds/bin/gnu/h-i686-mingw32/bin/../lib/gcc/nios2-elf/4.1.2/../../../../nios2-elf/lib/mno-hw-mul\libc.a(lib_a-memcpy.o)
 .debug_aranges
                0x00000108       0x20 c:/altera/12.1sp1/nios2eds/bin/gnu/h-i686-mingw32/bin/../lib/gcc/nios2-elf/4.1.2/../../../../nios2-elf/lib/mno-hw-mul\libc.a(lib_a-memmove.o)
 .debug_aranges
                0x00000128       0x20 c:/altera/12.1sp1/nios2eds/bin/gnu/h-i686-mingw32/bin/../lib/gcc/nios2-elf/4.1.2/../../../../nios2-elf/lib/mno-hw-mul\libc.a(lib_a-reallocr.o)
 .debug_aranges
                0x00000148       0x20 c:/altera/12.1sp1/nios2eds/bin/gnu/h-i686-mingw32/bin/../lib/gcc/nios2-elf/4.1.2/../../../../nios2-elf/lib/mno-hw-mul\libc.a(lib_a-sbrkr.o)
 .debug_aranges
                0x00000168       0x20 c:/altera/12.1sp1/nios2eds/bin/gnu/h-i686-mingw32/bin/../lib/gcc/nios2-elf/4.1.2/../../../../nios2-elf/lib/mno-hw-mul\libc.a(lib_a-wsetup.o)
 .debug_aranges
                0x00000188       0x20 c:/altera/12.1sp1/nios2eds/bin/gnu/h-i686-mingw32/bin/../lib/gcc/nios2-elf/4.1.2/../../../../nios2-elf/lib/mno-hw-mul\libc.a(lib_a-fflush.o)
 .debug_aranges
                0x000001a8       0x20 c:/altera/12.1sp1/nios2eds/bin/gnu/h-i686-mingw32/bin/../lib/gcc/nios2-elf/4.1.2/../../../../nios2-elf/lib/mno-hw-mul\libc.a(lib_a-findfp.o)
 .debug_aranges
                0x000001c8       0x20 c:/altera/12.1sp1/nios2eds/bin/gnu/h-i686-mingw32/bin/../lib/gcc/nios2-elf/4.1.2/../../../../nios2-elf/lib/mno-hw-mul\libc.a(lib_a-freer.o)
 .debug_aranges
                0x000001e8       0x20 c:/altera/12.1sp1/nios2eds/bin/gnu/h-i686-mingw32/bin/../lib/gcc/nios2-elf/4.1.2/../../../../nios2-elf/lib/mno-hw-mul\libc.a(lib_a-fwalk.o)
 .debug_aranges
                0x00000208       0x20 c:/altera/12.1sp1/nios2eds/bin/gnu/h-i686-mingw32/bin/../lib/gcc/nios2-elf/4.1.2/../../../../nios2-elf/lib/mno-hw-mul\libc.a(lib_a-makebuf.o)
 .debug_aranges
                0x00000228       0x20 c:/altera/12.1sp1/nios2eds/bin/gnu/h-i686-mingw32/bin/../lib/gcc/nios2-elf/4.1.2/../../../../nios2-elf/lib/mno-hw-mul\libc.a(lib_a-memset.o)
 .debug_aranges
                0x00000248       0x20 c:/altera/12.1sp1/nios2eds/bin/gnu/h-i686-mingw32/bin/../lib/gcc/nios2-elf/4.1.2/../../../../nios2-elf/lib/mno-hw-mul\libc.a(lib_a-stdio.o)
 .debug_aranges
                0x00000268       0x20 c:/altera/12.1sp1/nios2eds/bin/gnu/h-i686-mingw32/bin/../lib/gcc/nios2-elf/4.1.2/../../../../nios2-elf/lib/mno-hw-mul\libc.a(lib_a-writer.o)
 .debug_aranges
                0x00000288       0x20 c:/altera/12.1sp1/nios2eds/bin/gnu/h-i686-mingw32/bin/../lib/gcc/nios2-elf/4.1.2/../../../../nios2-elf/lib/mno-hw-mul\libc.a(lib_a-closer.o)
 .debug_aranges
                0x000002a8       0x20 c:/altera/12.1sp1/nios2eds/bin/gnu/h-i686-mingw32/bin/../lib/gcc/nios2-elf/4.1.2/../../../../nios2-elf/lib/mno-hw-mul\libc.a(lib_a-fclose.o)
 .debug_aranges
                0x000002c8       0x20 c:/altera/12.1sp1/nios2eds/bin/gnu/h-i686-mingw32/bin/../lib/gcc/nios2-elf/4.1.2/../../../../nios2-elf/lib/mno-hw-mul\libc.a(lib_a-fstatr.o)
 .debug_aranges
                0x000002e8       0x20 c:/altera/12.1sp1/nios2eds/bin/gnu/h-i686-mingw32/bin/../lib/gcc/nios2-elf/4.1.2/../../../../nios2-elf/lib/mno-hw-mul\libc.a(lib_a-isattyr.o)
 .debug_aranges
                0x00000308       0x20 c:/altera/12.1sp1/nios2eds/bin/gnu/h-i686-mingw32/bin/../lib/gcc/nios2-elf/4.1.2/../../../../nios2-elf/lib/mno-hw-mul\libc.a(lib_a-lseekr.o)
 .debug_aranges
                0x00000328       0x20 c:/altera/12.1sp1/nios2eds/bin/gnu/h-i686-mingw32/bin/../lib/gcc/nios2-elf/4.1.2/../../../../nios2-elf/lib/mno-hw-mul\libc.a(lib_a-readr.o)
 .debug_aranges
                0x00000348       0x20 c:/altera/12.1sp1/nios2eds/bin/gnu/h-i686-mingw32/bin/../lib/gcc/nios2-elf/4.1.2/mno-hw-mul\libgcc.a(lib2-mul.o)
 .debug_aranges
                0x00000368       0x20 ../HelloWorld2_bsp/\libucosii_bsp.a(alt_close.o)
 .debug_aranges
                0x00000388       0x20 ../HelloWorld2_bsp/\libucosii_bsp.a(alt_dev.o)
 .debug_aranges
                0x000003a8       0x20 ../HelloWorld2_bsp/\libucosii_bsp.a(alt_fstat.o)
 .debug_aranges
                0x000003c8       0x20 ../HelloWorld2_bsp/\libucosii_bsp.a(alt_isatty.o)
 .debug_aranges
                0x000003e8       0x20 ../HelloWorld2_bsp/\libucosii_bsp.a(alt_load.o)
 .debug_aranges
                0x00000408       0x20 ../HelloWorld2_bsp/\libucosii_bsp.a(alt_lseek.o)
 .debug_aranges
                0x00000428       0x20 ../HelloWorld2_bsp/\libucosii_bsp.a(alt_main.o)
 .debug_aranges
                0x00000448       0x20 ../HelloWorld2_bsp/\libucosii_bsp.a(alt_read.o)
 .debug_aranges
                0x00000468       0x20 ../HelloWorld2_bsp/\libucosii_bsp.a(alt_release_fd.o)
 .debug_aranges
                0x00000488       0x20 ../HelloWorld2_bsp/\libucosii_bsp.a(alt_sbrk.o)
 .debug_aranges
                0x000004a8       0x20 ../HelloWorld2_bsp/\libucosii_bsp.a(alt_write.o)
 .debug_aranges
                0x000004c8       0x20 ../HelloWorld2_bsp/\libucosii_bsp.a(alt_env_lock.o)
 .debug_aranges
                0x000004e8       0x20 ../HelloWorld2_bsp/\libucosii_bsp.a(alt_malloc_lock.o)
 .debug_aranges
                0x00000508       0x20 ../HelloWorld2_bsp/\libucosii_bsp.a(os_core.o)
 .debug_aranges
                0x00000528       0x20 ../HelloWorld2_bsp/\libucosii_bsp.a(os_dbg.o)
 .debug_aranges
                0x00000548       0x20 ../HelloWorld2_bsp/\libucosii_bsp.a(os_flag.o)
 .debug_aranges
                0x00000568       0x20 ../HelloWorld2_bsp/\libucosii_bsp.a(os_mem.o)
 .debug_aranges
                0x00000588       0x20 ../HelloWorld2_bsp/\libucosii_bsp.a(os_q.o)
 .debug_aranges
                0x000005a8       0x20 ../HelloWorld2_bsp/\libucosii_bsp.a(os_sem.o)
 .debug_aranges
                0x000005c8       0x20 ../HelloWorld2_bsp/\libucosii_bsp.a(os_task.o)
 .debug_aranges
                0x000005e8       0x20 ../HelloWorld2_bsp/\libucosii_bsp.a(os_time.o)
 .debug_aranges
                0x00000608       0x20 ../HelloWorld2_bsp/\libucosii_bsp.a(alt_sys_init.o)
 .debug_aranges
                0x00000628       0x20 ../HelloWorld2_bsp/\libucosii_bsp.a(altera_avalon_jtag_uart_fd.o)
 .debug_aranges
                0x00000648       0x20 ../HelloWorld2_bsp/\libucosii_bsp.a(altera_avalon_jtag_uart_init.o)
 .debug_aranges
                0x00000668       0x20 ../HelloWorld2_bsp/\libucosii_bsp.a(altera_avalon_jtag_uart_ioctl.o)
 .debug_aranges
                0x00000688       0x20 ../HelloWorld2_bsp/\libucosii_bsp.a(altera_avalon_jtag_uart_read.o)
 .debug_aranges
                0x000006a8       0x20 ../HelloWorld2_bsp/\libucosii_bsp.a(altera_avalon_jtag_uart_write.o)
 .debug_aranges
                0x000006c8       0x20 ../HelloWorld2_bsp/\libucosii_bsp.a(altera_avalon_timer_sc.o)
 .debug_aranges
                0x000006e8       0x20 ../HelloWorld2_bsp/\libucosii_bsp.a(alt_alarm_start.o)
 .debug_aranges
                0x00000708       0x20 ../HelloWorld2_bsp/\libucosii_bsp.a(alt_dcache_flush_all.o)
 .debug_aranges
                0x00000728       0x20 ../HelloWorld2_bsp/\libucosii_bsp.a(alt_dev_llist_insert.o)
 .debug_aranges
                0x00000748       0x20 ../HelloWorld2_bsp/\libucosii_bsp.a(alt_do_ctors.o)
 .debug_aranges
                0x00000768       0x20 ../HelloWorld2_bsp/\libucosii_bsp.a(alt_do_dtors.o)
 .debug_aranges
                0x00000788       0x20 ../HelloWorld2_bsp/\libucosii_bsp.a(alt_icache_flush_all.o)
 .debug_aranges
                0x000007a8       0x20 ../HelloWorld2_bsp/\libucosii_bsp.a(alt_iic.o)
 .debug_aranges
                0x000007c8       0x20 ../HelloWorld2_bsp/\libucosii_bsp.a(alt_iic_isr_register.o)
 .debug_aranges
                0x000007e8       0x20 ../HelloWorld2_bsp/\libucosii_bsp.a(alt_io_redirect.o)
 .debug_aranges
                0x00000808       0x30 ../HelloWorld2_bsp/\libucosii_bsp.a(alt_irq_entry.o)
 .debug_aranges
                0x00000838       0x28 ../HelloWorld2_bsp/\libucosii_bsp.a(alt_irq_handler.o)
 .debug_aranges
                0x00000860       0x20 ../HelloWorld2_bsp/\libucosii_bsp.a(alt_open.o)
 .debug_aranges
                0x00000880       0x20 ../HelloWorld2_bsp/\libucosii_bsp.a(alt_tick.o)
 .debug_aranges
                0x000008a0       0x20 ../HelloWorld2_bsp/\libucosii_bsp.a(altera_nios2_qsys_irq.o)
 .debug_aranges
                0x000008c0       0x20 ../HelloWorld2_bsp/\libucosii_bsp.a(os_cpu_a.o)
 .debug_aranges
                0x000008e0       0x20 ../HelloWorld2_bsp/\libucosii_bsp.a(os_cpu_c.o)
 .debug_aranges
                0x00000900       0x38 ../HelloWorld2_bsp/\libucosii_bsp.a(alt_exception_entry.o)
 .debug_aranges
                0x00000938       0x20 ../HelloWorld2_bsp/\libucosii_bsp.a(alt_find_dev.o)
 .debug_aranges
                0x00000958       0x20 ../HelloWorld2_bsp/\libucosii_bsp.a(alt_find_file.o)
 .debug_aranges
                0x00000978       0x20 ../HelloWorld2_bsp/\libucosii_bsp.a(alt_get_fd.o)
 .debug_aranges
                0x00000998       0x20 c:/altera/12.1sp1/nios2eds/bin/gnu/h-i686-mingw32/bin/../lib/gcc/nios2-elf/4.1.2/../../../../nios2-elf/lib/mno-hw-mul\libc.a(lib_a-atexit.o)
 .debug_aranges
                0x000009b8       0x20 c:/altera/12.1sp1/nios2eds/bin/gnu/h-i686-mingw32/bin/../lib/gcc/nios2-elf/4.1.2/../../../../nios2-elf/lib/mno-hw-mul\libc.a(lib_a-exit.o)
 .debug_aranges
                0x000009d8       0x20 c:/altera/12.1sp1/nios2eds/bin/gnu/h-i686-mingw32/bin/../lib/gcc/nios2-elf/4.1.2/../../../../nios2-elf/lib/mno-hw-mul\libc.a(lib_a-memcmp.o)
 .debug_aranges
                0x000009f8       0x20 c:/altera/12.1sp1/nios2eds/bin/gnu/h-i686-mingw32/bin/../lib/gcc/nios2-elf/4.1.2/../../../../nios2-elf/lib/mno-hw-mul\libc.a(lib_a-__atexit.o)
 .debug_aranges
                0x00000a18       0x20 c:/altera/12.1sp1/nios2eds/bin/gnu/h-i686-mingw32/bin/../lib/gcc/nios2-elf/4.1.2/../../../../nios2-elf/lib/mno-hw-mul\libc.a(lib_a-__call_atexit.o)
 .debug_aranges
                0x00000a38       0x20 c:/altera/12.1sp1/nios2eds/bin/gnu/h-i686-mingw32/bin/../lib/gcc/nios2-elf/4.1.2/mno-hw-mul\libgcc.a(lib2-divmod.o)
 .debug_aranges
                0x00000a58       0x20 ../HelloWorld2_bsp/\libucosii_bsp.a(alt_exit.o)

.debug_pubnames
                0x00000000     0x1a77
 *(.debug_pubnames)
 .debug_pubnames
                0x00000000       0x4b obj/default/hello_ucosii.o
 .debug_pubnames
                0x0000004b       0x27 c:/altera/12.1sp1/nios2eds/bin/gnu/h-i686-mingw32/bin/../lib/gcc/nios2-elf/4.1.2/../../../../nios2-elf/lib/mno-hw-mul\libc.a(lib_a-puts.o)
 .debug_pubnames
                0x00000072       0x1d c:/altera/12.1sp1/nios2eds/bin/gnu/h-i686-mingw32/bin/../lib/gcc/nios2-elf/4.1.2/../../../../nios2-elf/lib/mno-hw-mul\libc.a(lib_a-strlen.o)
 .debug_pubnames
                0x0000008f       0x23 c:/altera/12.1sp1/nios2eds/bin/gnu/h-i686-mingw32/bin/../lib/gcc/nios2-elf/4.1.2/../../../../nios2-elf/lib/mno-hw-mul\libc.a(lib_a-fvwrite.o)
 .debug_pubnames
                0x000000b2       0x39 c:/altera/12.1sp1/nios2eds/bin/gnu/h-i686-mingw32/bin/../lib/gcc/nios2-elf/4.1.2/../../../../nios2-elf/lib/mno-hw-mul\libc.a(lib_a-impure.o)
 .debug_pubnames
                0x000000eb       0xce c:/altera/12.1sp1/nios2eds/bin/gnu/h-i686-mingw32/bin/../lib/gcc/nios2-elf/4.1.2/../../../../nios2-elf/lib/mno-hw-mul\libc.a(lib_a-mallocr.o)
 .debug_pubnames
                0x000001b9       0x1d c:/altera/12.1sp1/nios2eds/bin/gnu/h-i686-mingw32/bin/../lib/gcc/nios2-elf/4.1.2/../../../../nios2-elf/lib/mno-hw-mul\libc.a(lib_a-memchr.o)
 .debug_pubnames
                0x000001d6       0x1d c:/altera/12.1sp1/nios2eds/bin/gnu/h-i686-mingw32/bin/../lib/gcc/nios2-elf/4.1.2/../../../../nios2-elf/lib/mno-hw-mul\libc.a(lib_a-memcpy.o)
 .debug_pubnames
                0x000001f3       0x1e c:/altera/12.1sp1/nios2eds/bin/gnu/h-i686-mingw32/bin/../lib/gcc/nios2-elf/4.1.2/../../../../nios2-elf/lib/mno-hw-mul\libc.a(lib_a-memmove.o)
 .debug_pubnames
                0x00000211       0x21 c:/altera/12.1sp1/nios2eds/bin/gnu/h-i686-mingw32/bin/../lib/gcc/nios2-elf/4.1.2/../../../../nios2-elf/lib/mno-hw-mul\libc.a(lib_a-reallocr.o)
 .debug_pubnames
                0x00000232       0x1e c:/altera/12.1sp1/nios2eds/bin/gnu/h-i686-mingw32/bin/../lib/gcc/nios2-elf/4.1.2/../../../../nios2-elf/lib/mno-hw-mul\libc.a(lib_a-sbrkr.o)
 .debug_pubnames
                0x00000250       0x22 c:/altera/12.1sp1/nios2eds/bin/gnu/h-i686-mingw32/bin/../lib/gcc/nios2-elf/4.1.2/../../../../nios2-elf/lib/mno-hw-mul\libc.a(lib_a-wsetup.o)
 .debug_pubnames
                0x00000272       0x2b c:/altera/12.1sp1/nios2eds/bin/gnu/h-i686-mingw32/bin/../lib/gcc/nios2-elf/4.1.2/../../../../nios2-elf/lib/mno-hw-mul\libc.a(lib_a-fflush.o)
 .debug_pubnames
                0x0000029d       0xdb c:/altera/12.1sp1/nios2eds/bin/gnu/h-i686-mingw32/bin/../lib/gcc/nios2-elf/4.1.2/../../../../nios2-elf/lib/mno-hw-mul\libc.a(lib_a-findfp.o)
 .debug_pubnames
                0x00000378       0x31 c:/altera/12.1sp1/nios2eds/bin/gnu/h-i686-mingw32/bin/../lib/gcc/nios2-elf/4.1.2/../../../../nios2-elf/lib/mno-hw-mul\libc.a(lib_a-freer.o)
 .debug_pubnames
                0x000003a9       0x2e c:/altera/12.1sp1/nios2eds/bin/gnu/h-i686-mingw32/bin/../lib/gcc/nios2-elf/4.1.2/../../../../nios2-elf/lib/mno-hw-mul\libc.a(lib_a-fwalk.o)
 .debug_pubnames
                0x000003d7       0x1c c:/altera/12.1sp1/nios2eds/bin/gnu/h-i686-mingw32/bin/../lib/gcc/nios2-elf/4.1.2/../../../../nios2-elf/lib/mno-hw-mul\libc.a(lib_a-int_errno.o)
 .debug_pubnames
                0x000003f3       0x23 c:/altera/12.1sp1/nios2eds/bin/gnu/h-i686-mingw32/bin/../lib/gcc/nios2-elf/4.1.2/../../../../nios2-elf/lib/mno-hw-mul\libc.a(lib_a-makebuf.o)
 .debug_pubnames
                0x00000416       0x1d c:/altera/12.1sp1/nios2eds/bin/gnu/h-i686-mingw32/bin/../lib/gcc/nios2-elf/4.1.2/../../../../nios2-elf/lib/mno-hw-mul\libc.a(lib_a-memset.o)
 .debug_pubnames
                0x00000433       0x44 c:/altera/12.1sp1/nios2eds/bin/gnu/h-i686-mingw32/bin/../lib/gcc/nios2-elf/4.1.2/../../../../nios2-elf/lib/mno-hw-mul\libc.a(lib_a-stdio.o)
 .debug_pubnames
                0x00000477       0x1f c:/altera/12.1sp1/nios2eds/bin/gnu/h-i686-mingw32/bin/../lib/gcc/nios2-elf/4.1.2/../../../../nios2-elf/lib/mno-hw-mul\libc.a(lib_a-writer.o)
 .debug_pubnames
                0x00000496       0x1f c:/altera/12.1sp1/nios2eds/bin/gnu/h-i686-mingw32/bin/../lib/gcc/nios2-elf/4.1.2/../../../../nios2-elf/lib/mno-hw-mul\libc.a(lib_a-closer.o)
 .debug_pubnames
                0x000004b5       0x2b c:/altera/12.1sp1/nios2eds/bin/gnu/h-i686-mingw32/bin/../lib/gcc/nios2-elf/4.1.2/../../../../nios2-elf/lib/mno-hw-mul\libc.a(lib_a-fclose.o)
 .debug_pubnames
                0x000004e0       0x1f c:/altera/12.1sp1/nios2eds/bin/gnu/h-i686-mingw32/bin/../lib/gcc/nios2-elf/4.1.2/../../../../nios2-elf/lib/mno-hw-mul\libc.a(lib_a-fstatr.o)
 .debug_pubnames
                0x000004ff       0x20 c:/altera/12.1sp1/nios2eds/bin/gnu/h-i686-mingw32/bin/../lib/gcc/nios2-elf/4.1.2/../../../../nios2-elf/lib/mno-hw-mul\libc.a(lib_a-isattyr.o)
 .debug_pubnames
                0x0000051f       0x1f c:/altera/12.1sp1/nios2eds/bin/gnu/h-i686-mingw32/bin/../lib/gcc/nios2-elf/4.1.2/../../../../nios2-elf/lib/mno-hw-mul\libc.a(lib_a-lseekr.o)
 .debug_pubnames
                0x0000053e       0x1e c:/altera/12.1sp1/nios2eds/bin/gnu/h-i686-mingw32/bin/../lib/gcc/nios2-elf/4.1.2/../../../../nios2-elf/lib/mno-hw-mul\libc.a(lib_a-readr.o)
 .debug_pubnames
                0x0000055c       0x1f c:/altera/12.1sp1/nios2eds/bin/gnu/h-i686-mingw32/bin/../lib/gcc/nios2-elf/4.1.2/mno-hw-mul\libgcc.a(lib2-mul.o)
 .debug_pubnames
                0x0000057b       0x1c ../HelloWorld2_bsp/\libucosii_bsp.a(alt_close.o)
 .debug_pubnames
                0x00000597       0x78 ../HelloWorld2_bsp/\libucosii_bsp.a(alt_dev.o)
 .debug_pubnames
                0x0000060f       0x20 ../HelloWorld2_bsp/\libucosii_bsp.a(alt_errno.o)
 .debug_pubnames
                0x0000062f       0x1c ../HelloWorld2_bsp/\libucosii_bsp.a(alt_fstat.o)
 .debug_pubnames
                0x0000064b       0x1d ../HelloWorld2_bsp/\libucosii_bsp.a(alt_isatty.o)
 .debug_pubnames
                0x00000668       0x1f ../HelloWorld2_bsp/\libucosii_bsp.a(alt_load.o)
 .debug_pubnames
                0x00000687       0x1c ../HelloWorld2_bsp/\libucosii_bsp.a(alt_lseek.o)
 .debug_pubnames
                0x000006a3       0x46 ../HelloWorld2_bsp/\libucosii_bsp.a(alt_main.o)
 .debug_pubnames
                0x000006e9       0x1b ../HelloWorld2_bsp/\libucosii_bsp.a(alt_read.o)
 .debug_pubnames
                0x00000704       0x25 ../HelloWorld2_bsp/\libucosii_bsp.a(alt_release_fd.o)
 .debug_pubnames
                0x00000729       0x1b ../HelloWorld2_bsp/\libucosii_bsp.a(alt_sbrk.o)
 .debug_pubnames
                0x00000744       0x1c ../HelloWorld2_bsp/\libucosii_bsp.a(alt_write.o)
 .debug_pubnames
                0x00000760       0x41 ../HelloWorld2_bsp/\libucosii_bsp.a(alt_env_lock.o)
 .debug_pubnames
                0x000007a1       0x48 ../HelloWorld2_bsp/\libucosii_bsp.a(alt_malloc_lock.o)
 .debug_pubnames
                0x000007e9      0x3f8 ../HelloWorld2_bsp/\libucosii_bsp.a(os_core.o)
 .debug_pubnames
                0x00000be1      0x3c5 ../HelloWorld2_bsp/\libucosii_bsp.a(os_dbg.o)
 .debug_pubnames
                0x00000fa6       0xd0 ../HelloWorld2_bsp/\libucosii_bsp.a(os_flag.o)
 .debug_pubnames
                0x00001076       0x7c ../HelloWorld2_bsp/\libucosii_bsp.a(os_mem.o)
 .debug_pubnames
                0x000010f2       0xa9 ../HelloWorld2_bsp/\libucosii_bsp.a(os_q.o)
 .debug_pubnames
                0x0000119b       0x8a ../HelloWorld2_bsp/\libucosii_bsp.a(os_sem.o)
 .debug_pubnames
                0x00001225       0xe5 ../HelloWorld2_bsp/\libucosii_bsp.a(os_task.o)
 .debug_pubnames
                0x0000130a       0x62 ../HelloWorld2_bsp/\libucosii_bsp.a(os_time.o)
 .debug_pubnames
                0x0000136c       0x34 ../HelloWorld2_bsp/\libucosii_bsp.a(alt_sys_init.o)
 .debug_pubnames
                0x000013a0       0xa5 ../HelloWorld2_bsp/\libucosii_bsp.a(altera_avalon_jtag_uart_fd.o)
 .debug_pubnames
                0x00001445       0x55 ../HelloWorld2_bsp/\libucosii_bsp.a(altera_avalon_jtag_uart_init.o)
 .debug_pubnames
                0x0000149a       0x34 ../HelloWorld2_bsp/\libucosii_bsp.a(altera_avalon_jtag_uart_ioctl.o)
 .debug_pubnames
                0x000014ce       0x33 ../HelloWorld2_bsp/\libucosii_bsp.a(altera_avalon_jtag_uart_read.o)
 .debug_pubnames
                0x00001501       0x34 ../HelloWorld2_bsp/\libucosii_bsp.a(altera_avalon_jtag_uart_write.o)
 .debug_pubnames
                0x00001535       0x2f ../HelloWorld2_bsp/\libucosii_bsp.a(altera_avalon_timer_sc.o)
 .debug_pubnames
                0x00001564       0x26 ../HelloWorld2_bsp/\libucosii_bsp.a(alt_alarm_start.o)
 .debug_pubnames
                0x0000158a       0x2b ../HelloWorld2_bsp/\libucosii_bsp.a(alt_dcache_flush_all.o)
 .debug_pubnames
                0x000015b5       0x2b ../HelloWorld2_bsp/\libucosii_bsp.a(alt_dev_llist_insert.o)
 .debug_pubnames
                0x000015e0       0x20 ../HelloWorld2_bsp/\libucosii_bsp.a(alt_do_ctors.o)
 .debug_pubnames
                0x00001600       0x20 ../HelloWorld2_bsp/\libucosii_bsp.a(alt_do_dtors.o)
 .debug_pubnames
                0x00001620       0x2b ../HelloWorld2_bsp/\libucosii_bsp.a(alt_icache_flush_all.o)
 .debug_pubnames
                0x0000164b       0x6e ../HelloWorld2_bsp/\libucosii_bsp.a(alt_iic.o)
 .debug_pubnames
                0x000016b9       0x2b ../HelloWorld2_bsp/\libucosii_bsp.a(alt_iic_isr_register.o)
 .debug_pubnames
                0x000016e4       0x26 ../HelloWorld2_bsp/\libucosii_bsp.a(alt_io_redirect.o)
 .debug_pubnames
                0x0000170a       0x32 ../HelloWorld2_bsp/\libucosii_bsp.a(alt_irq_handler.o)
 .debug_pubnames
                0x0000173c       0x3b ../HelloWorld2_bsp/\libucosii_bsp.a(alt_irq_vars.o)
 .debug_pubnames